[0.000000] (-) TimerEvent: {}
[0.010232] (-) JobUnselected: {'identifier': 'bandwidth_manager'}
[0.010559] (stack_msgs) JobQueued: {'identifier': 'stack_msgs', 'dependencies': OrderedDict()}
[0.011048] (health_monitor) JobQueued: {'identifier': 'health_monitor', 'dependencies': OrderedDict([('stack_msgs', '/ws/install/stack_msgs')])}
[0.011733] (stack_msgs) JobStarted: {'identifier': 'stack_msgs'}
[0.043985] (stack_msgs) JobProgress: {'identifier': 'stack_msgs', 'progress': 'cmake'}
[0.045482] (stack_msgs) JobProgress: {'identifier': 'stack_msgs', 'progress': 'build'}
[0.046944] (stack_msgs) Command: {'cmd': ['/usr/bin/cmake', '--build', '/ws/build/stack_msgs', '--', '-j6', '-l6'], 'cwd': '/ws/build/stack_msgs', 'env': OrderedDict([('HOSTNAME', 'RedJetson'), ('SHLVL', '1'), ('LD_LIBRARY_PATH', '/opt/ros/humble/lib/aarch64-linux-gnu:/opt/ros/humble/lib:/usr/local/cuda/lib64:'), ('HOME', '/root'), ('OLDPWD', '/ws'), ('ROS_PYTHON_VERSION', '3'), ('LC_CTYPE', 'C.UTF-8'), ('ROS_DISTRO', 'humble'), ('_', '/usr/bin/colcon'), ('ROS_VERSION', '2'), ('NVIDIA_DRIVER_CAPABILITIES', 'all'), ('ROS_LOCALHOST_ONLY', '0'), ('PATH', '/opt/ros/humble/bin:/usr/local/cuda/bin:/usr/local/sbin:/usr/local/bin:/usr/sbin:/usr/bin:/sbin:/bin'), ('FASTRTPS_DEFAULT_PROFILES_FILE', '/ws/fastdds/jetson_fastdds.xml'), ('RMW_IMPLEMENTATION', 'rmw_fastrtps_cpp'), ('ROS_DOMAIN_ID', '42'), ('AMENT_PREFIX_PATH', '/opt/ros/humble'), ('DEBIAN_FRONTEND', 'noninteractive'), ('PWD', '/ws/build/stack_msgs'), ('CUDA_HOME', '/usr/local/cuda'), ('PYTHONPATH', '/opt/ros/humble/lib/python3.10/site-packages:/opt/ros/humble/local/lib/python3.10/dist-packages'), ('NVIDIA_VISIBLE_DEVICES', 'all'), ('COLCON', '1'), ('CMAKE_PREFIX_PATH', '/opt/ros/humble')]), 'shell': False}
[0.102813] (-) TimerEvent: {}
[0.206810] (-) TimerEvent: {}
[0.275572] (stack_msgs) StdoutLine: {'line': b'[  2%] Building C object CMakeFiles/stack_msgs__rosidl_generator_c.dir/rosidl_generator_c/stack_msgs/msg/detail/network_health__functions.c.o\n'}
[0.281422] (stack_msgs) StdoutLine: {'line': b'[  5%] Building C object CMakeFiles/stack_msgs__rosidl_generator_c.dir/rosidl_generator_c/stack_msgs/msg/detail/system_metrics__functions.c.o\n'}
[0.291199] (stack_msgs) StdoutLine: {'line': b'[  7%] Built target stack_msgs__cpp\n'}
[0.307047] (-) TimerEvent: {}
[0.359878] (stack_msgs) StdoutLine: {'line': b'[ 12%] Generating C++ type support dispatch for ROS interfaces\n'}
[0.380028] (stack_msgs) StdoutLine: {'line': b'[ 12%] Generating C++ type support for eProsima Fast-RTPS\n'}
[0.407206] (-) TimerEvent: {}
[0.423265] (stack_msgs) StdoutLine: {'line': b'[ 12%] Built target ament_cmake_python_copy_stack_msgs\n'}
[0.443198] (stack_msgs) StdoutLine: {'line': b'[ 15%] Generating C++ introspection for ROS interfaces\n'}
[0.507365] (-) TimerEvent: {}
[0.614850] (-) TimerEvent: {}
[0.715253] (-) TimerEvent: {}
[0.815564] (-) TimerEvent: {}
[0.922801] (-) TimerEvent: {}
[1.026874] (-) TimerEvent: {}
[1.139791] (-) TimerEvent: {}
[1.238861] (stack_msgs) StdoutLine: {'line': b'[ 30%] Linking C shared library libstack_msgs__rosidl_generator_c.so\n'}
[1.242524] (-) TimerEvent: {}
[1.350800] (-) TimerEvent: {}
[1.454789] (-) TimerEvent: {}
[1.478837] (stack_msgs) StdoutLine: {'line': b'[ 30%] Built target stack_msgs__rosidl_generator_c\n'}
[1.554950] (-) TimerEvent: {}
[1.583349] (stack_msgs) StdoutLine: {'line': b'[ 30%] Generating C type support for eProsima Fast-RTPS\n'}
[1.602780] (stack_msgs) StdoutLine: {'line': b'[ 30%] Generating C introspection for ROS interfaces\n'}
[1.662826] (-) TimerEvent: {}
[1.766833] (-) TimerEvent: {}
[1.870859] (-) TimerEvent: {}
[1.974817] (-) TimerEvent: {}
[2.026810] (stack_msgs) StdoutLine: {'line': b'running egg_info\n'}
[2.047139] (stack_msgs) StdoutLine: {'line': b'writing stack_msgs.egg-info/PKG-INFO\n'}
[2.054794] (stack_msgs) StdoutLine: {'line': b'writing dependency_links to stack_msgs.egg-info/dependency_links.txt\n'}
[2.063107] (stack_msgs) StdoutLine: {'line': b'writing top-level names to stack_msgs.egg-info/top_level.txt\n'}
[2.064108] (stack_msgs) StdoutLine: {'line': b"reading manifest file 'stack_msgs.egg-info/SOURCES.txt'\n"}
[2.078799] (stack_msgs) StdoutLine: {'line': b"writing manifest file 'stack_msgs.egg-info/SOURCES.txt'\n"}
[2.079228] (-) TimerEvent: {}
[2.179471] (-) TimerEvent: {}
[2.286793] (-) TimerEvent: {}
[2.387161] (-) TimerEvent: {}
[2.459182] (stack_msgs) StdoutLine: {'line': b'[ 35%] Built target ament_cmake_python_build_stack_msgs_egg\n'}
[2.487322] (-) TimerEvent: {}
[2.513464] (stack_msgs) StdoutLine: {'line': b'[ 35%] Generating C type support dispatch for ROS interfaces\n'}
[2.587482] (-) TimerEvent: {}
[2.687855] (-) TimerEvent: {}
[2.719482] (stack_msgs) StdoutLine: {'line': b'[ 38%] Building CXX object CMakeFiles/stack_msgs__rosidl_typesupport_introspection_cpp.dir/rosidl_typesupport_introspection_cpp/stack_msgs/msg/detail/network_health__type_support.cpp.o\n'}
[2.790817] (-) TimerEvent: {}
[2.894868] (-) TimerEvent: {}
[2.995551] (-) TimerEvent: {}
[3.101501] (-) TimerEvent: {}
[3.206855] (-) TimerEvent: {}
[3.318827] (-) TimerEvent: {}
[3.419230] (-) TimerEvent: {}
[3.523298] (-) TimerEvent: {}
[3.626789] (-) TimerEvent: {}
[3.730848] (-) TimerEvent: {}
[3.838817] (-) TimerEvent: {}
[3.939191] (-) TimerEvent: {}
[4.007557] (stack_msgs) StdoutLine: {'line': b'Consolidate compiler generated dependencies of target stack_msgs__rosidl_typesupport_cpp\n'}
[4.050859] (-) TimerEvent: {}
[4.115200] (stack_msgs) StdoutLine: {'line': b'[ 51%] Building CXX object CMakeFiles/stack_msgs__rosidl_typesupport_cpp.dir/rosidl_typesupport_cpp/stack_msgs/msg/system_metrics__type_support.cpp.o\n'}
[4.151021] (-) TimerEvent: {}
[4.263657] (-) TimerEvent: {}
[4.287238] (stack_msgs) StdoutLine: {'line': b'[ 51%] Building CXX object CMakeFiles/stack_msgs__rosidl_typesupport_fastrtps_cpp.dir/rosidl_typesupport_fastrtps_cpp/stack_msgs/msg/detail/dds_fastrtps/network_health__type_support.cpp.o\n'}
[4.374873] (-) TimerEvent: {}
[4.475253] (-) TimerEvent: {}
[4.575666] (-) TimerEvent: {}
[4.663923] (stack_msgs) StdoutLine: {'line': b'[ 53%] Building CXX object CMakeFiles/stack_msgs__rosidl_typesupport_c.dir/rosidl_typesupport_c/stack_msgs/msg/network_health__type_support.cpp.o\n'}
[4.675846] (-) TimerEvent: {}
[4.706818] (stack_msgs) StdoutLine: {'line': b'[ 53%] Building CXX object CMakeFiles/stack_msgs__rosidl_typesupport_introspection_cpp.dir/rosidl_typesupport_introspection_cpp/stack_msgs/msg/detail/system_metrics__type_support.cpp.o\n'}
[4.778809] (-) TimerEvent: {}
[4.879273] (-) TimerEvent: {}
[4.937206] (stack_msgs) StdoutLine: {'line': b'[ 56%] Building CXX object CMakeFiles/stack_msgs__rosidl_typesupport_c.dir/rosidl_typesupport_c/stack_msgs/msg/system_metrics__type_support.cpp.o\n'}
[4.979452] (-) TimerEvent: {}
[5.079880] (-) TimerEvent: {}
[5.180319] (-) TimerEvent: {}
[5.204602] (stack_msgs) StdoutLine: {'line': b'[ 58%] Linking CXX shared library libstack_msgs__rosidl_typesupport_c.so\n'}
[5.280548] (-) TimerEvent: {}
[5.381037] (-) TimerEvent: {}
[5.387062] (stack_msgs) StdoutLine: {'line': b'[ 58%] Building CXX object CMakeFiles/stack_msgs__rosidl_typesupport_fastrtps_c.dir/rosidl_typesupport_fastrtps_c/stack_msgs/msg/detail/network_health__type_support_c.cpp.o\n'}
[5.481332] (-) TimerEvent: {}
[5.583070] (-) TimerEvent: {}
[5.606232] (stack_msgs) StdoutLine: {'line': b'[ 66%] Built target stack_msgs__rosidl_typesupport_c\n'}
[5.672679] (stack_msgs) StdoutLine: {'line': b'[ 66%] Building CXX object CMakeFiles/stack_msgs__rosidl_typesupport_fastrtps_c.dir/rosidl_typesupport_fastrtps_c/stack_msgs/msg/detail/system_metrics__type_support_c.cpp.o\n'}
[5.692024] (-) TimerEvent: {}
[5.692869] (stack_msgs) StdoutLine: {'line': b'Consolidate compiler generated dependencies of target stack_msgs__rosidl_typesupport_introspection_c\n'}
[5.794838] (-) TimerEvent: {}
[5.838941] (stack_msgs) StdoutLine: {'line': b'[ 66%] Building C object CMakeFiles/stack_msgs__rosidl_typesupport_introspection_c.dir/rosidl_typesupport_introspection_c/stack_msgs/msg/detail/network_health__type_support.c.o\n'}
[5.898873] (-) TimerEvent: {}
[6.014856] (-) TimerEvent: {}
[6.115289] (-) TimerEvent: {}
[6.145062] (stack_msgs) StdoutLine: {'line': b'[ 69%] Linking CXX shared library libstack_msgs__rosidl_typesupport_introspection_cpp.so\n'}
[6.218993] (-) TimerEvent: {}
[6.231289] (stack_msgs) StdoutLine: {'line': b'[ 69%] Building C object CMakeFiles/stack_msgs__rosidl_typesupport_introspection_c.dir/rosidl_typesupport_introspection_c/stack_msgs/msg/detail/system_metrics__type_support.c.o\n'}
[6.322857] (-) TimerEvent: {}
[6.426837] (-) TimerEvent: {}
[6.527288] (-) TimerEvent: {}
[6.537418] (stack_msgs) StdoutLine: {'line': b'[ 69%] Built target stack_msgs__rosidl_typesupport_introspection_cpp\n'}
[6.563508] (stack_msgs) StdoutLine: {'line': b'[ 69%] Linking C shared library libstack_msgs__rosidl_typesupport_introspection_c.so\n'}
[6.599873] (stack_msgs) StdoutLine: {'line': b'[ 69%] Building CXX object CMakeFiles/stack_msgs__rosidl_typesupport_fastrtps_cpp.dir/rosidl_typesupport_fastrtps_cpp/stack_msgs/msg/detail/dds_fastrtps/system_metrics__type_support.cpp.o\n'}
[6.627489] (-) TimerEvent: {}
[6.723288] (stack_msgs) StdoutLine: {'line': b'[ 69%] Built target stack_msgs__rosidl_typesupport_introspection_c\n'}
[6.729865] (-) TimerEvent: {}
[6.802756] (stack_msgs) StdoutLine: {'line': b'[ 69%] Linking CXX shared library libstack_msgs__rosidl_typesupport_cpp.so\n'}
[6.830092] (-) TimerEvent: {}
[6.930548] (-) TimerEvent: {}
[7.034884] (-) TimerEvent: {}
[7.051279] (stack_msgs) StdoutLine: {'line': b'[ 69%] Built target stack_msgs__rosidl_typesupport_cpp\n'}
[7.142879] (-) TimerEvent: {}
[7.243314] (-) TimerEvent: {}
[7.343751] (-) TimerEvent: {}
[7.444239] (-) TimerEvent: {}
[7.544695] (-) TimerEvent: {}
[7.646838] (-) TimerEvent: {}
[7.705321] (stack_msgs) StdoutLine: {'line': b'[ 74%] Linking CXX shared library libstack_msgs__rosidl_typesupport_fastrtps_c.so\n'}
[7.747011] (-) TimerEvent: {}
[7.847399] (-) TimerEvent: {}
[7.860987] (stack_msgs) StdoutLine: {'line': b'[ 76%] Built target stack_msgs__rosidl_typesupport_fastrtps_c\n'}
[7.936245] (stack_msgs) StdoutLine: {'line': b'[ 76%] Linking CXX shared library libstack_msgs__rosidl_typesupport_fastrtps_cpp.so\n'}
[7.947567] (-) TimerEvent: {}
[8.047931] (-) TimerEvent: {}
[8.086945] (stack_msgs) StdoutLine: {'line': b'[ 76%] Built target stack_msgs__rosidl_typesupport_fastrtps_cpp\n'}
[8.132366] (stack_msgs) StdoutLine: {'line': b'[ 76%] Built target stack_msgs\n'}
[8.148075] (-) TimerEvent: {}
[8.178523] (stack_msgs) StdoutLine: {'line': b'[ 76%] Generating Python code for ROS interfaces\n'}
[8.248363] (-) TimerEvent: {}
[8.348736] (-) TimerEvent: {}
[8.449073] (-) TimerEvent: {}
[8.549429] (-) TimerEvent: {}
[8.649764] (-) TimerEvent: {}
[8.750089] (-) TimerEvent: {}
[8.850435] (-) TimerEvent: {}
[8.950765] (-) TimerEvent: {}
[9.051098] (-) TimerEvent: {}
[9.151444] (-) TimerEvent: {}
[9.251784] (-) TimerEvent: {}
[9.352143] (-) TimerEvent: {}
[9.452512] (-) TimerEvent: {}
[9.552895] (-) TimerEvent: {}
[9.653349] (-) TimerEvent: {}
[9.750918] (stack_msgs) StdoutLine: {'line': b'[ 84%] Built target stack_msgs__py\n'}
[9.753467] (-) TimerEvent: {}
[9.777812] (stack_msgs) StdoutLine: {'line': b'Consolidate compiler generated dependencies of target stack_msgs__rosidl_generator_py\n'}
[9.805637] (stack_msgs) StdoutLine: {'line': b'[ 84%] Building C object CMakeFiles/stack_msgs__rosidl_generator_py.dir/rosidl_generator_py/stack_msgs/msg/_network_health_s.c.o\n'}
[9.806063] (stack_msgs) StdoutLine: {'line': b'[ 84%] Building C object CMakeFiles/stack_msgs__rosidl_generator_py.dir/rosidl_generator_py/stack_msgs/msg/_system_metrics_s.c.o\n'}
[9.854836] (-) TimerEvent: {}
[9.958812] (-) TimerEvent: {}
[10.059209] (-) TimerEvent: {}
[10.159616] (-) TimerEvent: {}
[10.195722] (stack_msgs) StdoutLine: {'line': b'[ 92%] Linking C shared library rosidl_generator_py/stack_msgs/libstack_msgs__rosidl_generator_py.so\n'}
[10.262839] (-) TimerEvent: {}
[10.319365] (stack_msgs) StdoutLine: {'line': b'[ 97%] Built target stack_msgs__rosidl_generator_py\n'}
[10.350282] (stack_msgs) StdoutLine: {'line': b'Consolidate compiler generated dependencies of target stack_msgs__rosidl_typesupport_c__pyext\n'}
[10.350736] (stack_msgs) StdoutLine: {'line': b'Consolidate compiler generated dependencies of target stack_msgs__rosidl_typesupport_fastrtps_c__pyext\n'}
[10.363018] (-) TimerEvent: {}
[10.376082] (stack_msgs) StdoutLine: {'line': b'Consolidate compiler generated dependencies of target stack_msgs__rosidl_typesupport_introspection_c__pyext\n'}
[10.379393] (stack_msgs) StdoutLine: {'line': b'[100%] Linking C shared library rosidl_generator_py/stack_msgs/stack_msgs_s__rosidl_typesupport_fastrtps_c.cpython-310-aarch64-linux-gnu.so\n'}
[10.398064] (stack_msgs) StdoutLine: {'line': b'[100%] Linking C shared library rosidl_generator_py/stack_msgs/stack_msgs_s__rosidl_typesupport_c.cpython-310-aarch64-linux-gnu.so\n'}
[10.407583] (stack_msgs) StdoutLine: {'line': b'[100%] Built target stack_msgs__rosidl_typesupport_introspection_c__pyext\n'}
[10.465598] (-) TimerEvent: {}
[10.483699] (stack_msgs) StdoutLine: {'line': b'Built target stack_msgs__rosidl_typesupport_fastrtps_c__pyext\n'}
[10.489213] (stack_msgs) StdoutLine: {'line': b'Built target stack_msgs__rosidl_typesupport_c__pyext\n'}
[10.518985] (stack_msgs) CommandEnded: {'returncode': 0}
[10.519797] (stack_msgs) JobProgress: {'identifier': 'stack_msgs', 'progress': 'install'}
[10.533121] (stack_msgs) Command: {'cmd': ['/usr/bin/cmake', '--install', '/ws/build/stack_msgs'], 'cwd': '/ws/build/stack_msgs', 'env': OrderedDict([('HOSTNAME', 'RedJetson'), ('SHLVL', '1'), ('LD_LIBRARY_PATH', '/opt/ros/humble/lib/aarch64-linux-gnu:/opt/ros/humble/lib:/usr/local/cuda/lib64:'), ('HOME', '/root'), ('OLDPWD', '/ws'), ('ROS_PYTHON_VERSION', '3'), ('LC_CTYPE', 'C.UTF-8'), ('ROS_DISTRO', 'humble'), ('_', '/usr/bin/colcon'), ('ROS_VERSION', '2'), ('NVIDIA_DRIVER_CAPABILITIES', 'all'), ('ROS_LOCALHOST_ONLY', '0'), ('PATH', '/opt/ros/humble/bin:/usr/local/cuda/bin:/usr/local/sbin:/usr/local/bin:/usr/sbin:/usr/bin:/sbin:/bin'), ('FASTRTPS_DEFAULT_PROFILES_FILE', '/ws/fastdds/jetson_fastdds.xml'), ('RMW_IMPLEMENTATION', 'rmw_fastrtps_cpp'), ('ROS_DOMAIN_ID', '42'), ('AMENT_PREFIX_PATH', '/opt/ros/humble'), ('DEBIAN_FRONTEND', 'noninteractive'), ('PWD', '/ws/build/stack_msgs'), ('CUDA_HOME', '/usr/local/cuda'), ('PYTHONPATH', '/opt/ros/humble/lib/python3.10/site-packages:/opt/ros/humble/local/lib/python3.10/dist-packages'), ('NVIDIA_VISIBLE_DEVICES', 'all'), ('COLCON', '1'), ('CMAKE_PREFIX_PATH', '/opt/ros/humble')]), 'shell': False}
[10.549977] (stack_msgs) StdoutLine: {'line': b'-- Install configuration: "Release"\n'}
[10.550553] (stack_msgs) StdoutLine: {'line': b'-- Up-to-date: /ws/install/stack_msgs/share/ament_index/resource_index/rosidl_interfaces/stack_msgs\n'}
[10.550733] (stack_msgs) StdoutLine: {'line': b'-- Up-to-date: /ws/install/stack_msgs/include/stack_msgs/stack_msgs\n'}
[10.550870] (stack_msgs) StdoutLine: {'line': b'-- Up-to-date: /ws/install/stack_msgs/include/stack_msgs/stack_msgs/msg\n'}
[10.550997] (stack_msgs) StdoutLine: {'line': b'-- Up-to-date: /ws/install/stack_msgs/include/stack_msgs/stack_msgs/msg/detail\n'}
[10.551287] (stack_msgs) StdoutLine: {'line': b'-- Up-to-date: /ws/install/stack_msgs/include/stack_msgs/stack_msgs/msg/detail/network_health__struct.h\n'}
[10.551419] (stack_msgs) StdoutLine: {'line': b'-- Up-to-date: /ws/install/stack_msgs/include/stack_msgs/stack_msgs/msg/detail/system_metrics__functions.c\n'}
[10.551541] (stack_msgs) StdoutLine: {'line': b'-- Up-to-date: /ws/install/stack_msgs/include/stack_msgs/stack_msgs/msg/detail/system_metrics__functions.h\n'}
[10.551950] (stack_msgs) StdoutLine: {'line': b'-- Up-to-date: /ws/install/stack_msgs/include/stack_msgs/stack_msgs/msg/detail/network_health__functions.h\n'}
[10.552206] (stack_msgs) StdoutLine: {'line': b'-- Up-to-date: /ws/install/stack_msgs/include/stack_msgs/stack_msgs/msg/detail/network_health__type_support.h\n'}
[10.552338] (stack_msgs) StdoutLine: {'line': b'-- Up-to-date: /ws/install/stack_msgs/include/stack_msgs/stack_msgs/msg/detail/system_metrics__type_support.h\n'}
[10.552594] (stack_msgs) StdoutLine: {'line': b'-- Up-to-date: /ws/install/stack_msgs/include/stack_msgs/stack_msgs/msg/detail/network_health__functions.c\n'}
[10.552850] (stack_msgs) StdoutLine: {'line': b'-- Up-to-date: /ws/install/stack_msgs/include/stack_msgs/stack_msgs/msg/detail/system_metrics__struct.h\n'}
[10.553106] (stack_msgs) StdoutLine: {'line': b'-- Up-to-date: /ws/install/stack_msgs/include/stack_msgs/stack_msgs/msg/network_health.h\n'}
[10.553226] (stack_msgs) StdoutLine: {'line': b'-- Up-to-date: /ws/install/stack_msgs/include/stack_msgs/stack_msgs/msg/system_metrics.h\n'}
[10.553340] (stack_msgs) StdoutLine: {'line': b'-- Up-to-date: /ws/install/stack_msgs/include/stack_msgs/stack_msgs/msg/rosidl_generator_c__visibility_control.h\n'}
[10.553632] (stack_msgs) StdoutLine: {'line': b'-- Up-to-date: /ws/install/stack_msgs/share/stack_msgs/environment/library_path.sh\n'}
[10.553778] (stack_msgs) StdoutLine: {'line': b'-- Up-to-date: /ws/install/stack_msgs/share/stack_msgs/environment/library_path.dsv\n'}
[10.554039] (stack_msgs) StdoutLine: {'line': b'-- Up-to-date: /ws/install/stack_msgs/lib/libstack_msgs__rosidl_generator_c.so\n'}
[10.554280] (stack_msgs) StdoutLine: {'line': b'-- Up-to-date: /ws/install/stack_msgs/include/stack_msgs/stack_msgs\n'}
[10.554532] (stack_msgs) StdoutLine: {'line': b'-- Up-to-date: /ws/install/stack_msgs/include/stack_msgs/stack_msgs/msg\n'}
[10.555056] (stack_msgs) StdoutLine: {'line': b'-- Up-to-date: /ws/install/stack_msgs/include/stack_msgs/stack_msgs/msg/detail\n'}
[10.555426] (stack_msgs) StdoutLine: {'line': b'-- Up-to-date: /ws/install/stack_msgs/include/stack_msgs/stack_msgs/msg/detail/system_metrics__rosidl_typesupport_fastrtps_c.h\n'}
[10.555634] (stack_msgs) StdoutLine: {'line': b'-- Up-to-date: /ws/install/stack_msgs/include/stack_msgs/stack_msgs/msg/detail/network_health__rosidl_typesupport_fastrtps_c.h\n'}
[10.555866] (stack_msgs) StdoutLine: {'line': b'-- Up-to-date: /ws/install/stack_msgs/include/stack_msgs/stack_msgs/msg/rosidl_typesupport_fastrtps_c__visibility_control.h\n'}
[10.555985] (stack_msgs) StdoutLine: {'line': b'-- Up-to-date: /ws/install/stack_msgs/lib/libstack_msgs__rosidl_typesupport_fastrtps_c.so\n'}
[10.556231] (stack_msgs) StdoutLine: {'line': b'-- Up-to-date: /ws/install/stack_msgs/include/stack_msgs/stack_msgs\n'}
[10.556353] (stack_msgs) StdoutLine: {'line': b'-- Up-to-date: /ws/install/stack_msgs/include/stack_msgs/stack_msgs/msg\n'}
[10.556469] (stack_msgs) StdoutLine: {'line': b'-- Up-to-date: /ws/install/stack_msgs/include/stack_msgs/stack_msgs/msg/detail\n'}
[10.556581] (stack_msgs) StdoutLine: {'line': b'-- Up-to-date: /ws/install/stack_msgs/include/stack_msgs/stack_msgs/msg/detail/network_health__type_support.c\n'}
[10.556843] (stack_msgs) StdoutLine: {'line': b'-- Up-to-date: /ws/install/stack_msgs/include/stack_msgs/stack_msgs/msg/detail/system_metrics__type_support.c\n'}
[10.556962] (stack_msgs) StdoutLine: {'line': b'-- Up-to-date: /ws/install/stack_msgs/include/stack_msgs/stack_msgs/msg/detail/system_metrics__rosidl_typesupport_introspection_c.h\n'}
[10.557078] (stack_msgs) StdoutLine: {'line': b'-- Up-to-date: /ws/install/stack_msgs/include/stack_msgs/stack_msgs/msg/detail/network_health__rosidl_typesupport_introspection_c.h\n'}
[10.557329] (stack_msgs) StdoutLine: {'line': b'-- Up-to-date: /ws/install/stack_msgs/include/stack_msgs/stack_msgs/msg/rosidl_typesupport_introspection_c__visibility_control.h\n'}
[10.557589] (stack_msgs) StdoutLine: {'line': b'-- Up-to-date: /ws/install/stack_msgs/lib/libstack_msgs__rosidl_typesupport_introspection_c.so\n'}
[10.557851] (stack_msgs) StdoutLine: {'line': b'-- Up-to-date: /ws/install/stack_msgs/lib/libstack_msgs__rosidl_typesupport_c.so\n'}
[10.558102] (stack_msgs) StdoutLine: {'line': b'-- Up-to-date: /ws/install/stack_msgs/include/stack_msgs/stack_msgs\n'}
[10.558346] (stack_msgs) StdoutLine: {'line': b'-- Up-to-date: /ws/install/stack_msgs/include/stack_msgs/stack_msgs/msg\n'}
[10.558600] (stack_msgs) StdoutLine: {'line': b'-- Up-to-date: /ws/install/stack_msgs/include/stack_msgs/stack_msgs/msg/rosidl_generator_cpp__visibility_control.hpp\n'}
[10.558891] (stack_msgs) StdoutLine: {'line': b'-- Up-to-date: /ws/install/stack_msgs/include/stack_msgs/stack_msgs/msg/detail\n'}
[10.559032] (stack_msgs) StdoutLine: {'line': b'-- Up-to-date: /ws/install/stack_msgs/include/stack_msgs/stack_msgs/msg/detail/system_metrics__builder.hpp\n'}
[10.559289] (stack_msgs) StdoutLine: {'line': b'-- Up-to-date: /ws/install/stack_msgs/include/stack_msgs/stack_msgs/msg/detail/network_health__type_support.hpp\n'}
[10.559536] (stack_msgs) StdoutLine: {'line': b'-- Up-to-date: /ws/install/stack_msgs/include/stack_msgs/stack_msgs/msg/detail/network_health__struct.hpp\n'}
[10.559835] (stack_msgs) StdoutLine: {'line': b'-- Up-to-date: /ws/install/stack_msgs/include/stack_msgs/stack_msgs/msg/detail/network_health__traits.hpp\n'}
[10.559984] (stack_msgs) StdoutLine: {'line': b'-- Up-to-date: /ws/install/stack_msgs/include/stack_msgs/stack_msgs/msg/detail/system_metrics__struct.hpp\n'}
[10.560368] (stack_msgs) StdoutLine: {'line': b'-- Up-to-date: /ws/install/stack_msgs/include/stack_msgs/stack_msgs/msg/detail/system_metrics__type_support.hpp\n'}
[10.560638] (stack_msgs) StdoutLine: {'line': b'-- Up-to-date: /ws/install/stack_msgs/include/stack_msgs/stack_msgs/msg/detail/network_health__builder.hpp\n'}
[10.560889] (stack_msgs) StdoutLine: {'line': b'-- Up-to-date: /ws/install/stack_msgs/include/stack_msgs/stack_msgs/msg/detail/system_metrics__traits.hpp\n'}
[10.561123] (stack_msgs) StdoutLine: {'line': b'-- Up-to-date: /ws/install/stack_msgs/include/stack_msgs/stack_msgs/msg/system_metrics.hpp\n'}
[10.561394] (stack_msgs) StdoutLine: {'line': b'-- Up-to-date: /ws/install/stack_msgs/include/stack_msgs/stack_msgs/msg/network_health.hpp\n'}
[10.561655] (stack_msgs) StdoutLine: {'line': b'-- Up-to-date: /ws/install/stack_msgs/include/stack_msgs/stack_msgs\n'}
[10.561922] (stack_msgs) StdoutLine: {'line': b'-- Up-to-date: /ws/install/stack_msgs/include/stack_msgs/stack_msgs/msg\n'}
[10.562161] (stack_msgs) StdoutLine: {'line': b'-- Up-to-date: /ws/install/stack_msgs/include/stack_msgs/stack_msgs/msg/rosidl_typesupport_fastrtps_cpp__visibility_control.h\n'}
[10.562395] (stack_msgs) StdoutLine: {'line': b'-- Up-to-date: /ws/install/stack_msgs/include/stack_msgs/stack_msgs/msg/detail\n'}
[10.562664] (stack_msgs) StdoutLine: {'line': b'-- Up-to-date: /ws/install/stack_msgs/include/stack_msgs/stack_msgs/msg/detail/dds_fastrtps\n'}
[10.562954] (stack_msgs) StdoutLine: {'line': b'-- Up-to-date: /ws/install/stack_msgs/include/stack_msgs/stack_msgs/msg/detail/network_health__rosidl_typesupport_fastrtps_cpp.hpp\n'}
[10.563197] (stack_msgs) StdoutLine: {'line': b'-- Up-to-date: /ws/install/stack_msgs/include/stack_msgs/stack_msgs/msg/detail/system_metrics__rosidl_typesupport_fastrtps_cpp.hpp\n'}
[10.563619] (stack_msgs) StdoutLine: {'line': b'-- Up-to-date: /ws/install/stack_msgs/lib/libstack_msgs__rosidl_typesupport_fastrtps_cpp.so\n'}
[10.564076] (stack_msgs) StdoutLine: {'line': b'-- Up-to-date: /ws/install/stack_msgs/include/stack_msgs/stack_msgs\n'}
[10.564307] (stack_msgs) StdoutLine: {'line': b'-- Up-to-date: /ws/install/stack_msgs/include/stack_msgs/stack_msgs/msg\n'}
[10.564569] (stack_msgs) StdoutLine: {'line': b'-- Up-to-date: /ws/install/stack_msgs/include/stack_msgs/stack_msgs/msg/detail\n'}
[10.564830] (stack_msgs) StdoutLine: {'line': b'-- Up-to-date: /ws/install/stack_msgs/include/stack_msgs/stack_msgs/msg/detail/network_health__type_support.cpp\n'}
[10.565055] (stack_msgs) StdoutLine: {'line': b'-- Up-to-date: /ws/install/stack_msgs/include/stack_msgs/stack_msgs/msg/detail/system_metrics__rosidl_typesupport_introspection_cpp.hpp\n'}
[10.565293] (stack_msgs) StdoutLine: {'line': b'-- Up-to-date: /ws/install/stack_msgs/include/stack_msgs/stack_msgs/msg/detail/system_metrics__type_support.cpp\n'}
[10.565545] (stack_msgs) StdoutLine: {'line': b'-- Up-to-date: /ws/install/stack_msgs/include/stack_msgs/stack_msgs/msg/detail/network_health__rosidl_typesupport_introspection_cpp.hpp\n'}
[10.565696] (-) TimerEvent: {}
[10.565953] (stack_msgs) StdoutLine: {'line': b'-- Up-to-date: /ws/install/stack_msgs/lib/libstack_msgs__rosidl_typesupport_introspection_cpp.so\n'}
[10.566564] (stack_msgs) StdoutLine: {'line': b'-- Up-to-date: /ws/install/stack_msgs/lib/libstack_msgs__rosidl_typesupport_cpp.so\n'}
[10.567140] (stack_msgs) StdoutLine: {'line': b'-- Up-to-date: /ws/install/stack_msgs/share/stack_msgs/environment/pythonpath.sh\n'}
[10.567409] (stack_msgs) StdoutLine: {'line': b'-- Up-to-date: /ws/install/stack_msgs/share/stack_msgs/environment/pythonpath.dsv\n'}
[10.567940] (stack_msgs) StdoutLine: {'line': b'-- Up-to-date: /ws/install/stack_msgs/local/lib/python3.10/dist-packages/stack_msgs-0.0.1-py3.10.egg-info\n'}
[10.568128] (stack_msgs) StdoutLine: {'line': b'-- Up-to-date: /ws/install/stack_msgs/local/lib/python3.10/dist-packages/stack_msgs-0.0.1-py3.10.egg-info/PKG-INFO\n'}
[10.568914] (stack_msgs) StdoutLine: {'line': b'-- Up-to-date: /ws/install/stack_msgs/local/lib/python3.10/dist-packages/stack_msgs-0.0.1-py3.10.egg-info/top_level.txt\n'}
[10.569087] (stack_msgs) StdoutLine: {'line': b'-- Up-to-date: /ws/install/stack_msgs/local/lib/python3.10/dist-packages/stack_msgs-0.0.1-py3.10.egg-info/dependency_links.txt\n'}
[10.569217] (stack_msgs) StdoutLine: {'line': b'-- Up-to-date: /ws/install/stack_msgs/local/lib/python3.10/dist-packages/stack_msgs-0.0.1-py3.10.egg-info/SOURCES.txt\n'}
[10.570101] (stack_msgs) StdoutLine: {'line': b'-- Up-to-date: /ws/install/stack_msgs/local/lib/python3.10/dist-packages/stack_msgs\n'}
[10.570928] (stack_msgs) StdoutLine: {'line': b'-- Up-to-date: /ws/install/stack_msgs/local/lib/python3.10/dist-packages/stack_msgs/_stack_msgs_s.ep.rosidl_typesupport_c.c\n'}
[10.571518] (stack_msgs) StdoutLine: {'line': b'-- Up-to-date: /ws/install/stack_msgs/local/lib/python3.10/dist-packages/stack_msgs/_stack_msgs_s.ep.rosidl_typesupport_fastrtps_c.c\n'}
[10.571684] (stack_msgs) StdoutLine: {'line': b'-- Up-to-date: /ws/install/stack_msgs/local/lib/python3.10/dist-packages/stack_msgs/msg\n'}
[10.571818] (stack_msgs) StdoutLine: {'line': b'-- Up-to-date: /ws/install/stack_msgs/local/lib/python3.10/dist-packages/stack_msgs/msg/_system_metrics_s.c\n'}
[10.571942] (stack_msgs) StdoutLine: {'line': b'-- Up-to-date: /ws/install/stack_msgs/local/lib/python3.10/dist-packages/stack_msgs/msg/_network_health.py\n'}
[10.572059] (stack_msgs) StdoutLine: {'line': b'-- Up-to-date: /ws/install/stack_msgs/local/lib/python3.10/dist-packages/stack_msgs/msg/_network_health_s.c\n'}
[10.572176] (stack_msgs) StdoutLine: {'line': b'-- Up-to-date: /ws/install/stack_msgs/local/lib/python3.10/dist-packages/stack_msgs/msg/_system_metrics.py\n'}
[10.572289] (stack_msgs) StdoutLine: {'line': b'-- Up-to-date: /ws/install/stack_msgs/local/lib/python3.10/dist-packages/stack_msgs/msg/__init__.py\n'}
[10.572400] (stack_msgs) StdoutLine: {'line': b'-- Up-to-date: /ws/install/stack_msgs/local/lib/python3.10/dist-packages/stack_msgs/stack_msgs_s__rosidl_typesupport_introspection_c.cpython-310-aarch64-linux-gnu.so\n'}
[10.572511] (stack_msgs) StdoutLine: {'line': b'-- Up-to-date: /ws/install/stack_msgs/local/lib/python3.10/dist-packages/stack_msgs/stack_msgs_s__rosidl_typesupport_fastrtps_c.cpython-310-aarch64-linux-gnu.so\n'}
[10.572624] (stack_msgs) StdoutLine: {'line': b'-- Up-to-date: /ws/install/stack_msgs/local/lib/python3.10/dist-packages/stack_msgs/stack_msgs_s__rosidl_typesupport_c.cpython-310-aarch64-linux-gnu.so\n'}
[10.572735] (stack_msgs) StdoutLine: {'line': b'-- Up-to-date: /ws/install/stack_msgs/local/lib/python3.10/dist-packages/stack_msgs/_stack_msgs_s.ep.rosidl_typesupport_introspection_c.c\n'}
[10.572846] (stack_msgs) StdoutLine: {'line': b'-- Up-to-date: /ws/install/stack_msgs/local/lib/python3.10/dist-packages/stack_msgs/__init__.py\n'}
[10.572956] (stack_msgs) StdoutLine: {'line': b'-- Up-to-date: /ws/install/stack_msgs/local/lib/python3.10/dist-packages/stack_msgs/libstack_msgs__rosidl_generator_py.so\n'}
[10.633534] (stack_msgs) StdoutLine: {'line': b"Listing '/ws/install/stack_msgs/local/lib/python3.10/dist-packages/stack_msgs'...\n"}
[10.633888] (stack_msgs) StdoutLine: {'line': b"Listing '/ws/install/stack_msgs/local/lib/python3.10/dist-packages/stack_msgs/msg'...\n"}
[10.645000] (stack_msgs) StdoutLine: {'line': b'-- Up-to-date: /ws/install/stack_msgs/local/lib/python3.10/dist-packages/stack_msgs/stack_msgs_s__rosidl_typesupport_fastrtps_c.cpython-310-aarch64-linux-gnu.so\n'}
[10.645378] (stack_msgs) StdoutLine: {'line': b'-- Up-to-date: /ws/install/stack_msgs/local/lib/python3.10/dist-packages/stack_msgs/stack_msgs_s__rosidl_typesupport_introspection_c.cpython-310-aarch64-linux-gnu.so\n'}
[10.645702] (stack_msgs) StdoutLine: {'line': b'-- Up-to-date: /ws/install/stack_msgs/local/lib/python3.10/dist-packages/stack_msgs/stack_msgs_s__rosidl_typesupport_c.cpython-310-aarch64-linux-gnu.so\n'}
[10.646696] (stack_msgs) StdoutLine: {'line': b'-- Up-to-date: /ws/install/stack_msgs/lib/libstack_msgs__rosidl_generator_py.so\n'}
[10.646851] (stack_msgs) StdoutLine: {'line': b'-- Up-to-date: /ws/install/stack_msgs/share/stack_msgs/msg/NetworkHealth.idl\n'}
[10.647129] (stack_msgs) StdoutLine: {'line': b'-- Up-to-date: /ws/install/stack_msgs/share/stack_msgs/msg/SystemMetrics.idl\n'}
[10.647859] (stack_msgs) StdoutLine: {'line': b'-- Up-to-date: /ws/install/stack_msgs/share/stack_msgs/msg/NetworkHealth.msg\n'}
[10.648156] (stack_msgs) StdoutLine: {'line': b'-- Up-to-date: /ws/install/stack_msgs/share/stack_msgs/msg/SystemMetrics.msg\n'}
[10.648529] (stack_msgs) StdoutLine: {'line': b'-- Up-to-date: /ws/install/stack_msgs/share/ament_index/resource_index/package_run_dependencies/stack_msgs\n'}
[10.648829] (stack_msgs) StdoutLine: {'line': b'-- Up-to-date: /ws/install/stack_msgs/share/ament_index/resource_index/parent_prefix_path/stack_msgs\n'}
[10.649257] (stack_msgs) StdoutLine: {'line': b'-- Up-to-date: /ws/install/stack_msgs/share/stack_msgs/environment/ament_prefix_path.sh\n'}
[10.650090] (stack_msgs) StdoutLine: {'line': b'-- Up-to-date: /ws/install/stack_msgs/share/stack_msgs/environment/ament_prefix_path.dsv\n'}
[10.650219] (stack_msgs) StdoutLine: {'line': b'-- Up-to-date: /ws/install/stack_msgs/share/stack_msgs/environment/path.sh\n'}
[10.650348] (stack_msgs) StdoutLine: {'line': b'-- Up-to-date: /ws/install/stack_msgs/share/stack_msgs/environment/path.dsv\n'}
[10.650476] (stack_msgs) StdoutLine: {'line': b'-- Up-to-date: /ws/install/stack_msgs/share/stack_msgs/local_setup.bash\n'}
[10.650602] (stack_msgs) StdoutLine: {'line': b'-- Up-to-date: /ws/install/stack_msgs/share/stack_msgs/local_setup.sh\n'}
[10.650765] (stack_msgs) StdoutLine: {'line': b'-- Up-to-date: /ws/install/stack_msgs/share/stack_msgs/local_setup.zsh\n'}
[10.650894] (stack_msgs) StdoutLine: {'line': b'-- Up-to-date: /ws/install/stack_msgs/share/stack_msgs/local_setup.dsv\n'}
[10.651066] (stack_msgs) StdoutLine: {'line': b'-- Up-to-date: /ws/install/stack_msgs/share/stack_msgs/package.dsv\n'}
[10.651193] (stack_msgs) StdoutLine: {'line': b'-- Up-to-date: /ws/install/stack_msgs/share/ament_index/resource_index/packages/stack_msgs\n'}
[10.651317] (stack_msgs) StdoutLine: {'line': b'-- Up-to-date: /ws/install/stack_msgs/share/stack_msgs/cmake/export_stack_msgs__rosidl_generator_cExport.cmake\n'}
[10.651442] (stack_msgs) StdoutLine: {'line': b'-- Up-to-date: /ws/install/stack_msgs/share/stack_msgs/cmake/export_stack_msgs__rosidl_generator_cExport-release.cmake\n'}
[10.651568] (stack_msgs) StdoutLine: {'line': b'-- Up-to-date: /ws/install/stack_msgs/share/stack_msgs/cmake/export_stack_msgs__rosidl_typesupport_fastrtps_cExport.cmake\n'}
[10.651694] (stack_msgs) StdoutLine: {'line': b'-- Up-to-date: /ws/install/stack_msgs/share/stack_msgs/cmake/export_stack_msgs__rosidl_typesupport_fastrtps_cExport-release.cmake\n'}
[10.651821] (stack_msgs) StdoutLine: {'line': b'-- Up-to-date: /ws/install/stack_msgs/share/stack_msgs/cmake/stack_msgs__rosidl_typesupport_introspection_cExport.cmake\n'}
[10.651946] (stack_msgs) StdoutLine: {'line': b'-- Up-to-date: /ws/install/stack_msgs/share/stack_msgs/cmake/stack_msgs__rosidl_typesupport_introspection_cExport-release.cmake\n'}
[10.652069] (stack_msgs) StdoutLine: {'line': b'-- Up-to-date: /ws/install/stack_msgs/share/stack_msgs/cmake/stack_msgs__rosidl_typesupport_cExport.cmake\n'}
[10.652214] (stack_msgs) StdoutLine: {'line': b'-- Up-to-date: /ws/install/stack_msgs/share/stack_msgs/cmake/stack_msgs__rosidl_typesupport_cExport-release.cmake\n'}
[10.652337] (stack_msgs) StdoutLine: {'line': b'-- Up-to-date: /ws/install/stack_msgs/share/stack_msgs/cmake/export_stack_msgs__rosidl_generator_cppExport.cmake\n'}
[10.652459] (stack_msgs) StdoutLine: {'line': b'-- Up-to-date: /ws/install/stack_msgs/share/stack_msgs/cmake/export_stack_msgs__rosidl_typesupport_fastrtps_cppExport.cmake\n'}
[10.652583] (stack_msgs) StdoutLine: {'line': b'-- Up-to-date: /ws/install/stack_msgs/share/stack_msgs/cmake/export_stack_msgs__rosidl_typesupport_fastrtps_cppExport-release.cmake\n'}
[10.652709] (stack_msgs) StdoutLine: {'line': b'-- Up-to-date: /ws/install/stack_msgs/share/stack_msgs/cmake/stack_msgs__rosidl_typesupport_introspection_cppExport.cmake\n'}
[10.652833] (stack_msgs) StdoutLine: {'line': b'-- Up-to-date: /ws/install/stack_msgs/share/stack_msgs/cmake/stack_msgs__rosidl_typesupport_introspection_cppExport-release.cmake\n'}
[10.652955] (stack_msgs) StdoutLine: {'line': b'-- Up-to-date: /ws/install/stack_msgs/share/stack_msgs/cmake/stack_msgs__rosidl_typesupport_cppExport.cmake\n'}
[10.653093] (stack_msgs) StdoutLine: {'line': b'-- Up-to-date: /ws/install/stack_msgs/share/stack_msgs/cmake/stack_msgs__rosidl_typesupport_cppExport-release.cmake\n'}
[10.653978] (stack_msgs) StdoutLine: {'line': b'-- Up-to-date: /ws/install/stack_msgs/share/stack_msgs/cmake/export_stack_msgs__rosidl_generator_pyExport.cmake\n'}
[10.654967] (stack_msgs) StdoutLine: {'line': b'-- Up-to-date: /ws/install/stack_msgs/share/stack_msgs/cmake/export_stack_msgs__rosidl_generator_pyExport-release.cmake\n'}
[10.655532] (stack_msgs) StdoutLine: {'line': b'-- Up-to-date: /ws/install/stack_msgs/share/stack_msgs/cmake/rosidl_cmake-extras.cmake\n'}
[10.655716] (stack_msgs) StdoutLine: {'line': b'-- Up-to-date: /ws/install/stack_msgs/share/stack_msgs/cmake/ament_cmake_export_dependencies-extras.cmake\n'}
[10.656094] (stack_msgs) StdoutLine: {'line': b'-- Up-to-date: /ws/install/stack_msgs/share/stack_msgs/cmake/ament_cmake_export_include_directories-extras.cmake\n'}
[10.656446] (stack_msgs) StdoutLine: {'line': b'-- Up-to-date: /ws/install/stack_msgs/share/stack_msgs/cmake/ament_cmake_export_libraries-extras.cmake\n'}
[10.656924] (stack_msgs) StdoutLine: {'line': b'-- Up-to-date: /ws/install/stack_msgs/share/stack_msgs/cmake/ament_cmake_export_targets-extras.cmake\n'}
[10.657202] (stack_msgs) StdoutLine: {'line': b'-- Up-to-date: /ws/install/stack_msgs/share/stack_msgs/cmake/rosidl_cmake_export_typesupport_targets-extras.cmake\n'}
[10.657939] (stack_msgs) StdoutLine: {'line': b'-- Up-to-date: /ws/install/stack_msgs/share/stack_msgs/cmake/rosidl_cmake_export_typesupport_libraries-extras.cmake\n'}
[10.658172] (stack_msgs) StdoutLine: {'line': b'-- Up-to-date: /ws/install/stack_msgs/share/stack_msgs/cmake/stack_msgsConfig.cmake\n'}
[10.658448] (stack_msgs) StdoutLine: {'line': b'-- Up-to-date: /ws/install/stack_msgs/share/stack_msgs/cmake/stack_msgsConfig-version.cmake\n'}
[10.658846] (stack_msgs) StdoutLine: {'line': b'-- Up-to-date: /ws/install/stack_msgs/share/stack_msgs/package.xml\n'}
[10.659206] (stack_msgs) CommandEnded: {'returncode': 0}
[10.666293] (-) TimerEvent: {}
[10.722984] (stack_msgs) JobEnded: {'identifier': 'stack_msgs', 'rc': 0}
[10.725393] (health_monitor) JobStarted: {'identifier': 'health_monitor'}
[10.766488] (-) TimerEvent: {}
[10.866779] (-) TimerEvent: {}
[10.967131] (-) TimerEvent: {}
[11.067484] (-) TimerEvent: {}
[11.167883] (-) TimerEvent: {}
[11.268238] (-) TimerEvent: {}
[11.368591] (-) TimerEvent: {}
[11.468966] (-) TimerEvent: {}
[11.569314] (-) TimerEvent: {}
[11.669665] (-) TimerEvent: {}
[11.769997] (-) TimerEvent: {}
[11.830042] (health_monitor) Command: {'cmd': ['/usr/bin/python3', '-W', 'ignore:setup.py install is deprecated', '-W', 'ignore:easy_install command is deprecated', 'setup.py', 'egg_info', '--egg-base', '../../build/health_monitor', 'build', '--build-base', '/ws/build/health_monitor/build', 'install', '--record', '/ws/build/health_monitor/install.log', '--single-version-externally-managed', 'install_data'], 'cwd': '/ws/src/health_monitor', 'env': {'HOSTNAME': 'RedJetson', 'SHLVL': '1', 'LD_LIBRARY_PATH': '/ws/install/stack_msgs/lib:/opt/ros/humble/lib/aarch64-linux-gnu:/opt/ros/humble/lib:/usr/local/cuda/lib64', 'HOME': '/root', 'OLDPWD': '/ws', 'ROS_PYTHON_VERSION': '3', 'LC_CTYPE': 'C.UTF-8', 'ROS_DISTRO': 'humble', '_': '/usr/bin/colcon', 'ROS_VERSION': '2', 'NVIDIA_DRIVER_CAPABILITIES': 'all', 'ROS_LOCALHOST_ONLY': '0', 'PATH': '/opt/ros/humble/bin:/usr/local/cuda/bin:/usr/local/sbin:/usr/local/bin:/usr/sbin:/usr/bin:/sbin:/bin', 'FASTRTPS_DEFAULT_PROFILES_FILE': '/ws/fastdds/jetson_fastdds.xml', 'RMW_IMPLEMENTATION': 'rmw_fastrtps_cpp', 'ROS_DOMAIN_ID': '42', 'AMENT_PREFIX_PATH': '/ws/install/stack_msgs:/opt/ros/humble', 'DEBIAN_FRONTEND': 'noninteractive', 'PWD': '/ws/build/health_monitor', 'CUDA_HOME': '/usr/local/cuda', 'PYTHONPATH': '/ws/build/health_monitor/prefix_override:/usr/lib/python3/dist-packages/colcon_core/task/python/colcon_distutils_commands:/ws/install/health_monitor/lib/python3.10/site-packages:/ws/install/stack_msgs/local/lib/python3.10/dist-packages:/opt/ros/humble/lib/python3.10/site-packages:/opt/ros/humble/local/lib/python3.10/dist-packages', 'NVIDIA_VISIBLE_DEVICES': 'all', 'COLCON': '1', 'CMAKE_PREFIX_PATH': '/ws/install/stack_msgs'}, 'shell': False}
[11.870135] (-) TimerEvent: {}
[11.970488] (-) TimerEvent: {}
[12.070823] (-) TimerEvent: {}
[12.171162] (-) TimerEvent: {}
[12.235299] (health_monitor) StdoutLine: {'line': b'running egg_info\n'}
[12.237187] (health_monitor) StdoutLine: {'line': b'creating ../../build/health_monitor/health_monitor.egg-info\n'}
[12.237880] (health_monitor) StdoutLine: {'line': b'writing ../../build/health_monitor/health_monitor.egg-info/PKG-INFO\n'}
[12.238786] (health_monitor) StdoutLine: {'line': b'writing dependency_links to ../../build/health_monitor/health_monitor.egg-info/dependency_links.txt\n'}
[12.239309] (health_monitor) StdoutLine: {'line': b'writing entry points to ../../build/health_monitor/health_monitor.egg-info/entry_points.txt\n'}
[12.239737] (health_monitor) StdoutLine: {'line': b'writing requirements to ../../build/health_monitor/health_monitor.egg-info/requires.txt\n'}
[12.240074] (health_monitor) StdoutLine: {'line': b'writing top-level names to ../../build/health_monitor/health_monitor.egg-info/top_level.txt\n'}
[12.240619] (health_monitor) StdoutLine: {'line': b"writing manifest file '../../build/health_monitor/health_monitor.egg-info/SOURCES.txt'\n"}
[12.245027] (health_monitor) StdoutLine: {'line': b"reading manifest file '../../build/health_monitor/health_monitor.egg-info/SOURCES.txt'\n"}
[12.245718] (health_monitor) StdoutLine: {'line': b"adding license file 'LICENSE'\n"}
[12.247249] (health_monitor) StdoutLine: {'line': b"writing manifest file '../../build/health_monitor/health_monitor.egg-info/SOURCES.txt'\n"}
[12.247852] (health_monitor) StdoutLine: {'line': b'running build\n'}
[12.248233] (health_monitor) StdoutLine: {'line': b'running build_py\n'}
[12.249424] (health_monitor) StdoutLine: {'line': b'creating /ws/build/health_monitor/build\n'}
[12.249928] (health_monitor) StdoutLine: {'line': b'creating /ws/build/health_monitor/build/lib\n'}
[12.250367] (health_monitor) StdoutLine: {'line': b'creating /ws/build/health_monitor/build/lib/health_monitor\n'}
[12.250772] (health_monitor) StdoutLine: {'line': b'copying health_monitor/system_metrics_node.py -> /ws/build/health_monitor/build/lib/health_monitor\n'}
[12.251406] (health_monitor) StdoutLine: {'line': b'copying health_monitor/network_monitor_node.py -> /ws/build/health_monitor/build/lib/health_monitor\n'}
[12.251968] (health_monitor) StdoutLine: {'line': b'copying health_monitor/__init__.py -> /ws/build/health_monitor/build/lib/health_monitor\n'}
[12.252433] (health_monitor) StdoutLine: {'line': b'copying health_monitor/watchdog_node.py -> /ws/build/health_monitor/build/lib/health_monitor\n'}
[12.253214] (health_monitor) StdoutLine: {'line': b'running install\n'}
[12.254274] (health_monitor) StdoutLine: {'line': b'running install_lib\n'}
[12.256410] (health_monitor) StdoutLine: {'line': b'creating /ws/install/health_monitor/lib/python3.10/site-packages/health_monitor\n'}
[12.256912] (health_monitor) StdoutLine: {'line': b'copying /ws/build/health_monitor/build/lib/health_monitor/system_metrics_node.py -> /ws/install/health_monitor/lib/python3.10/site-packages/health_monitor\n'}
[12.257452] (health_monitor) StdoutLine: {'line': b'copying /ws/build/health_monitor/build/lib/health_monitor/network_monitor_node.py -> /ws/install/health_monitor/lib/python3.10/site-packages/health_monitor\n'}
[12.257905] (health_monitor) StdoutLine: {'line': b'copying /ws/build/health_monitor/build/lib/health_monitor/__init__.py -> /ws/install/health_monitor/lib/python3.10/site-packages/health_monitor\n'}
[12.258308] (health_monitor) StdoutLine: {'line': b'copying /ws/build/health_monitor/build/lib/health_monitor/watchdog_node.py -> /ws/install/health_monitor/lib/python3.10/site-packages/health_monitor\n'}
[12.260114] (health_monitor) StdoutLine: {'line': b'byte-compiling /ws/install/health_monitor/lib/python3.10/site-packages/health_monitor/system_metrics_node.py to system_metrics_node.cpython-310.pyc\n'}
[12.263252] (health_monitor) StdoutLine: {'line': b'byte-compiling /ws/install/health_monitor/lib/python3.10/site-packages/health_monitor/network_monitor_node.py to network_monitor_node.cpython-310.pyc\n'}
[12.266232] (health_monitor) StdoutLine: {'line': b'byte-compiling /ws/install/health_monitor/lib/python3.10/site-packages/health_monitor/__init__.py to __init__.cpython-310.pyc\n'}
[12.266957] (health_monitor) StdoutLine: {'line': b'byte-compiling /ws/install/health_monitor/lib/python3.10/site-packages/health_monitor/watchdog_node.py to watchdog_node.cpython-310.pyc\n'}
[12.269548] (health_monitor) StdoutLine: {'line': b'running install_data\n'}
[12.270024] (health_monitor) StdoutLine: {'line': b'creating /ws/install/health_monitor/share/ament_index\n'}
[12.270352] (health_monitor) StdoutLine: {'line': b'creating /ws/install/health_monitor/share/ament_index/resource_index\n'}
[12.270791] (health_monitor) StdoutLine: {'line': b'creating /ws/install/health_monitor/share/ament_index/resource_index/packages\n'}
[12.271076] (health_monitor) StdoutLine: {'line': b'copying resource/health_monitor -> /ws/install/health_monitor/share/ament_index/resource_index/packages\n'}
[12.271464] (-) TimerEvent: {}
[12.271509] (health_monitor) StdoutLine: {'line': b'copying package.xml -> /ws/install/health_monitor/share/health_monitor\n'}
[12.271641] (health_monitor) StdoutLine: {'line': b'creating /ws/install/health_monitor/share/health_monitor/config\n'}
[12.271760] (health_monitor) StdoutLine: {'line': b'running install_egg_info\n'}
[12.276339] (health_monitor) StdoutLine: {'line': b'Copying ../../build/health_monitor/health_monitor.egg-info to /ws/install/health_monitor/lib/python3.10/site-packages/health_monitor-0.1.0-py3.10.egg-info\n'}
[12.279274] (health_monitor) StdoutLine: {'line': b'running install_scripts\n'}
[12.323683] (health_monitor) StdoutLine: {'line': b'Installing network_monitor script to /ws/install/health_monitor/lib/health_monitor\n'}
[12.324403] (health_monitor) StdoutLine: {'line': b'Installing system_metrics script to /ws/install/health_monitor/lib/health_monitor\n'}
[12.324825] (health_monitor) StdoutLine: {'line': b'Installing watchdog script to /ws/install/health_monitor/lib/health_monitor\n'}
[12.325787] (health_monitor) StdoutLine: {'line': b"writing list of installed files to '/ws/build/health_monitor/install.log'\n"}
[12.371610] (-) TimerEvent: {}
[12.398942] (health_monitor) CommandEnded: {'returncode': 0}
[12.412262] (health_monitor) JobEnded: {'identifier': 'health_monitor', 'rc': 0}
[12.414007] (-) EventReactorShutdown: {}
