[0.000000] (-) TimerEvent: {}
[0.000385] (-) JobUnselected: {'identifier': 'bandwidth_manager'}
[0.000911] (stack_msgs) JobQueued: {'identifier': 'stack_msgs', 'dependencies': OrderedDict()}
[0.001200] (health_monitor) JobQueued: {'identifier': 'health_monitor', 'dependencies': OrderedDict([('stack_msgs', '/ws/install/stack_msgs')])}
[0.001450] (stack_msgs) JobStarted: {'identifier': 'stack_msgs'}
[0.018402] (stack_msgs) JobProgress: {'identifier': 'stack_msgs', 'progress': 'cmake'}
[0.019696] (stack_msgs) JobProgress: {'identifier': 'stack_msgs', 'progress': 'build'}
[0.020987] (stack_msgs) Command: {'cmd': ['/usr/bin/cmake', '--build', '/ws/build/stack_msgs', '--', '-j6', '-l6'], 'cwd': '/ws/build/stack_msgs', 'env': OrderedDict([('HOSTNAME', 'RedJetson'), ('SHLVL', '1'), ('LD_LIBRARY_PATH', '/opt/ros/humble/lib/aarch64-linux-gnu:/opt/ros/humble/lib:/usr/local/cuda/lib64:'), ('HOME', '/root'), ('OLDPWD', '/ws'), ('ROS_PYTHON_VERSION', '3'), ('LC_CTYPE', 'C.UTF-8'), ('ROS_DISTRO', 'humble'), ('_', '/usr/bin/colcon'), ('ROS_VERSION', '2'), ('NVIDIA_DRIVER_CAPABILITIES', 'all'), ('ROS_LOCALHOST_ONLY', '0'), ('PATH', '/opt/ros/humble/bin:/usr/local/cuda/bin:/usr/local/sbin:/usr/local/bin:/usr/sbin:/usr/bin:/sbin:/bin'), ('FASTRTPS_DEFAULT_PROFILES_FILE', '/ws/fastdds/jetson_fastdds.xml'), ('RMW_IMPLEMENTATION', 'rmw_fastrtps_cpp'), ('ROS_DOMAIN_ID', '42'), ('AMENT_PREFIX_PATH', '/opt/ros/humble'), ('DEBIAN_FRONTEND', 'noninteractive'), ('PWD', '/ws/build/stack_msgs'), ('CUDA_HOME', '/usr/local/cuda'), ('PYTHONPATH', '/opt/ros/humble/lib/python3.10/site-packages:/opt/ros/humble/local/lib/python3.10/dist-packages'), ('NVIDIA_VISIBLE_DEVICES', 'all'), ('COLCON', '1'), ('CMAKE_PREFIX_PATH', '/opt/ros/humble')]), 'shell': False}
[0.097123] (-) TimerEvent: {}
[0.124647] (stack_msgs) StdoutLine: {'line': b'[  2%] Built target stack_msgs__cpp\n'}
[0.129458] (stack_msgs) StdoutLine: {'line': b'[ 12%] Built target stack_msgs__rosidl_generator_c\n'}
[0.145900] (stack_msgs) StdoutLine: {'line': b'[ 12%] Built target ament_cmake_python_copy_stack_msgs\n'}
[0.174009] (stack_msgs) StdoutLine: {'line': b'[ 30%] Built target stack_msgs__rosidl_typesupport_fastrtps_cpp\n'}
[0.174411] (stack_msgs) StdoutLine: {'line': b'[ 33%] Built target stack_msgs__rosidl_typesupport_cpp\n'}
[0.183726] (stack_msgs) StdoutLine: {'line': b'[ 43%] Built target stack_msgs__rosidl_typesupport_introspection_cpp\n'}
[0.189676] (stack_msgs) StdoutLine: {'line': b'[ 53%] Built target stack_msgs__rosidl_typesupport_introspection_c\n'}
[0.191808] (stack_msgs) StdoutLine: {'line': b'[ 74%] Built target stack_msgs__rosidl_typesupport_c\n'}
[0.192091] (stack_msgs) StdoutLine: {'line': b'[ 74%] Built target stack_msgs__rosidl_typesupport_fastrtps_c\n'}
[0.197237] (-) TimerEvent: {}
[0.236646] (stack_msgs) StdoutLine: {'line': b'[ 74%] Built target stack_msgs\n'}
[0.278129] (stack_msgs) StdoutLine: {'line': b'[ 76%] Built target stack_msgs__py\n'}
[0.297402] (-) TimerEvent: {}
[0.326899] (stack_msgs) StdoutLine: {'line': b'[ 84%] Built target stack_msgs__rosidl_generator_py\n'}
[0.373696] (stack_msgs) StdoutLine: {'line': b'[ 94%] Built target stack_msgs__rosidl_typesupport_c__pyext\n'}
[0.374118] (stack_msgs) StdoutLine: {'line': b'[ 94%] Built target stack_msgs__rosidl_typesupport_fastrtps_c__pyext\n'}
[0.377429] (stack_msgs) StdoutLine: {'line': b'[100%] Built target stack_msgs__rosidl_typesupport_introspection_c__pyext\n'}
[0.397499] (-) TimerEvent: {}
[0.497786] (-) TimerEvent: {}
[0.566195] (stack_msgs) StdoutLine: {'line': b'running egg_info\n'}
[0.567508] (stack_msgs) StdoutLine: {'line': b'writing stack_msgs.egg-info/PKG-INFO\n'}
[0.568065] (stack_msgs) StdoutLine: {'line': b'writing dependency_links to stack_msgs.egg-info/dependency_links.txt\n'}
[0.568555] (stack_msgs) StdoutLine: {'line': b'writing top-level names to stack_msgs.egg-info/top_level.txt\n'}
[0.573218] (stack_msgs) StdoutLine: {'line': b"reading manifest file 'stack_msgs.egg-info/SOURCES.txt'\n"}
[0.574326] (stack_msgs) StdoutLine: {'line': b"writing manifest file 'stack_msgs.egg-info/SOURCES.txt'\n"}
[0.597916] (-) TimerEvent: {}
[0.641032] (stack_msgs) StdoutLine: {'line': b'[100%] Built target ament_cmake_python_build_stack_msgs_egg\n'}
[0.667808] (stack_msgs) CommandEnded: {'returncode': 0}
[0.669778] (stack_msgs) JobProgress: {'identifier': 'stack_msgs', 'progress': 'install'}
[0.691040] (stack_msgs) Command: {'cmd': ['/usr/bin/cmake', '--install', '/ws/build/stack_msgs'], 'cwd': '/ws/build/stack_msgs', 'env': OrderedDict([('HOSTNAME', 'RedJetson'), ('SHLVL', '1'), ('LD_LIBRARY_PATH', '/opt/ros/humble/lib/aarch64-linux-gnu:/opt/ros/humble/lib:/usr/local/cuda/lib64:'), ('HOME', '/root'), ('OLDPWD', '/ws'), ('ROS_PYTHON_VERSION', '3'), ('LC_CTYPE', 'C.UTF-8'), ('ROS_DISTRO', 'humble'), ('_', '/usr/bin/colcon'), ('ROS_VERSION', '2'), ('NVIDIA_DRIVER_CAPABILITIES', 'all'), ('ROS_LOCALHOST_ONLY', '0'), ('PATH', '/opt/ros/humble/bin:/usr/local/cuda/bin:/usr/local/sbin:/usr/local/bin:/usr/sbin:/usr/bin:/sbin:/bin'), ('FASTRTPS_DEFAULT_PROFILES_FILE', '/ws/fastdds/jetson_fastdds.xml'), ('RMW_IMPLEMENTATION', 'rmw_fastrtps_cpp'), ('ROS_DOMAIN_ID', '42'), ('AMENT_PREFIX_PATH', '/opt/ros/humble'), ('DEBIAN_FRONTEND', 'noninteractive'), ('PWD', '/ws/build/stack_msgs'), ('CUDA_HOME', '/usr/local/cuda'), ('PYTHONPATH', '/opt/ros/humble/lib/python3.10/site-packages:/opt/ros/humble/local/lib/python3.10/dist-packages'), ('NVIDIA_VISIBLE_DEVICES', 'all'), ('COLCON', '1'), ('CMAKE_PREFIX_PATH', '/opt/ros/humble')]), 'shell': False}
[0.697987] (-) TimerEvent: {}
[0.712215] (stack_msgs) StdoutLine: {'line': b'-- Install configuration: "Release"\n'}
[0.713160] (stack_msgs) StdoutLine: {'line': b'-- Up-to-date: /ws/install/stack_msgs/share/ament_index/resource_index/rosidl_interfaces/stack_msgs\n'}
[0.713481] (stack_msgs) StdoutLine: {'line': b'-- Up-to-date: /ws/install/stack_msgs/include/stack_msgs/stack_msgs\n'}
[0.713618] (stack_msgs) StdoutLine: {'line': b'-- Up-to-date: /ws/install/stack_msgs/include/stack_msgs/stack_msgs/msg\n'}
[0.713835] (stack_msgs) StdoutLine: {'line': b'-- Up-to-date: /ws/install/stack_msgs/include/stack_msgs/stack_msgs/msg/detail\n'}
[0.714292] (stack_msgs) StdoutLine: {'line': b'-- Up-to-date: /ws/install/stack_msgs/include/stack_msgs/stack_msgs/msg/detail/network_health__struct.h\n'}
[0.714420] (stack_msgs) StdoutLine: {'line': b'-- Up-to-date: /ws/install/stack_msgs/include/stack_msgs/stack_msgs/msg/detail/system_metrics__functions.c\n'}
[0.714632] (stack_msgs) StdoutLine: {'line': b'-- Up-to-date: /ws/install/stack_msgs/include/stack_msgs/stack_msgs/msg/detail/system_metrics__functions.h\n'}
[0.714757] (stack_msgs) StdoutLine: {'line': b'-- Up-to-date: /ws/install/stack_msgs/include/stack_msgs/stack_msgs/msg/detail/network_health__functions.h\n'}
[0.715312] (stack_msgs) StdoutLine: {'line': b'-- Up-to-date: /ws/install/stack_msgs/include/stack_msgs/stack_msgs/msg/detail/network_health__type_support.h\n'}
[0.715517] (stack_msgs) StdoutLine: {'line': b'-- Up-to-date: /ws/install/stack_msgs/include/stack_msgs/stack_msgs/msg/detail/system_metrics__type_support.h\n'}
[0.715645] (stack_msgs) StdoutLine: {'line': b'-- Up-to-date: /ws/install/stack_msgs/include/stack_msgs/stack_msgs/msg/detail/network_health__functions.c\n'}
[0.715764] (stack_msgs) StdoutLine: {'line': b'-- Up-to-date: /ws/install/stack_msgs/include/stack_msgs/stack_msgs/msg/detail/system_metrics__struct.h\n'}
[0.715968] (stack_msgs) StdoutLine: {'line': b'-- Up-to-date: /ws/install/stack_msgs/include/stack_msgs/stack_msgs/msg/network_health.h\n'}
[0.716091] (stack_msgs) StdoutLine: {'line': b'-- Up-to-date: /ws/install/stack_msgs/include/stack_msgs/stack_msgs/msg/system_metrics.h\n'}
[0.717231] (stack_msgs) StdoutLine: {'line': b'-- Up-to-date: /ws/install/stack_msgs/include/stack_msgs/stack_msgs/msg/rosidl_generator_c__visibility_control.h\n'}
[0.717367] (stack_msgs) StdoutLine: {'line': b'-- Up-to-date: /ws/install/stack_msgs/share/stack_msgs/environment/library_path.sh\n'}
[0.717578] (stack_msgs) StdoutLine: {'line': b'-- Up-to-date: /ws/install/stack_msgs/share/stack_msgs/environment/library_path.dsv\n'}
[0.717701] (stack_msgs) StdoutLine: {'line': b'-- Up-to-date: /ws/install/stack_msgs/lib/libstack_msgs__rosidl_generator_c.so\n'}
[0.718216] (stack_msgs) StdoutLine: {'line': b'-- Up-to-date: /ws/install/stack_msgs/include/stack_msgs/stack_msgs\n'}
[0.718428] (stack_msgs) StdoutLine: {'line': b'-- Up-to-date: /ws/install/stack_msgs/include/stack_msgs/stack_msgs/msg\n'}
[0.718553] (stack_msgs) StdoutLine: {'line': b'-- Up-to-date: /ws/install/stack_msgs/include/stack_msgs/stack_msgs/msg/detail\n'}
[0.718671] (stack_msgs) StdoutLine: {'line': b'-- Up-to-date: /ws/install/stack_msgs/include/stack_msgs/stack_msgs/msg/detail/system_metrics__rosidl_typesupport_fastrtps_c.h\n'}
[0.718895] (stack_msgs) StdoutLine: {'line': b'-- Up-to-date: /ws/install/stack_msgs/include/stack_msgs/stack_msgs/msg/detail/network_health__rosidl_typesupport_fastrtps_c.h\n'}
[0.719098] (stack_msgs) StdoutLine: {'line': b'-- Up-to-date: /ws/install/stack_msgs/include/stack_msgs/stack_msgs/msg/rosidl_typesupport_fastrtps_c__visibility_control.h\n'}
[0.719451] (stack_msgs) StdoutLine: {'line': b'-- Up-to-date: /ws/install/stack_msgs/lib/libstack_msgs__rosidl_typesupport_fastrtps_c.so\n'}
[0.719575] (stack_msgs) StdoutLine: {'line': b'-- Up-to-date: /ws/install/stack_msgs/include/stack_msgs/stack_msgs\n'}
[0.719694] (stack_msgs) StdoutLine: {'line': b'-- Up-to-date: /ws/install/stack_msgs/include/stack_msgs/stack_msgs/msg\n'}
[0.719900] (stack_msgs) StdoutLine: {'line': b'-- Up-to-date: /ws/install/stack_msgs/include/stack_msgs/stack_msgs/msg/detail\n'}
[0.720099] (stack_msgs) StdoutLine: {'line': b'-- Up-to-date: /ws/install/stack_msgs/include/stack_msgs/stack_msgs/msg/detail/network_health__type_support.c\n'}
[0.720291] (stack_msgs) StdoutLine: {'line': b'-- Up-to-date: /ws/install/stack_msgs/include/stack_msgs/stack_msgs/msg/detail/system_metrics__type_support.c\n'}
[0.720447] (stack_msgs) StdoutLine: {'line': b'-- Up-to-date: /ws/install/stack_msgs/include/stack_msgs/stack_msgs/msg/detail/system_metrics__rosidl_typesupport_introspection_c.h\n'}
[0.720600] (stack_msgs) StdoutLine: {'line': b'-- Up-to-date: /ws/install/stack_msgs/include/stack_msgs/stack_msgs/msg/detail/network_health__rosidl_typesupport_introspection_c.h\n'}
[0.720716] (stack_msgs) StdoutLine: {'line': b'-- Up-to-date: /ws/install/stack_msgs/include/stack_msgs/stack_msgs/msg/rosidl_typesupport_introspection_c__visibility_control.h\n'}
[0.720829] (stack_msgs) StdoutLine: {'line': b'-- Up-to-date: /ws/install/stack_msgs/lib/libstack_msgs__rosidl_typesupport_introspection_c.so\n'}
[0.721232] (stack_msgs) StdoutLine: {'line': b'-- Up-to-date: /ws/install/stack_msgs/lib/libstack_msgs__rosidl_typesupport_c.so\n'}
[0.721710] (stack_msgs) StdoutLine: {'line': b'-- Up-to-date: /ws/install/stack_msgs/include/stack_msgs/stack_msgs\n'}
[0.721823] (stack_msgs) StdoutLine: {'line': b'-- Up-to-date: /ws/install/stack_msgs/include/stack_msgs/stack_msgs/msg\n'}
[0.721933] (stack_msgs) StdoutLine: {'line': b'-- Up-to-date: /ws/install/stack_msgs/include/stack_msgs/stack_msgs/msg/rosidl_generator_cpp__visibility_control.hpp\n'}
[0.722040] (stack_msgs) StdoutLine: {'line': b'-- Up-to-date: /ws/install/stack_msgs/include/stack_msgs/stack_msgs/msg/detail\n'}
[0.722145] (stack_msgs) StdoutLine: {'line': b'-- Up-to-date: /ws/install/stack_msgs/include/stack_msgs/stack_msgs/msg/detail/system_metrics__builder.hpp\n'}
[0.722254] (stack_msgs) StdoutLine: {'line': b'-- Up-to-date: /ws/install/stack_msgs/include/stack_msgs/stack_msgs/msg/detail/network_health__type_support.hpp\n'}
[0.722364] (stack_msgs) StdoutLine: {'line': b'-- Up-to-date: /ws/install/stack_msgs/include/stack_msgs/stack_msgs/msg/detail/network_health__struct.hpp\n'}
[0.722475] (stack_msgs) StdoutLine: {'line': b'-- Up-to-date: /ws/install/stack_msgs/include/stack_msgs/stack_msgs/msg/detail/network_health__traits.hpp\n'}
[0.722585] (stack_msgs) StdoutLine: {'line': b'-- Up-to-date: /ws/install/stack_msgs/include/stack_msgs/stack_msgs/msg/detail/system_metrics__struct.hpp\n'}
[0.722693] (stack_msgs) StdoutLine: {'line': b'-- Up-to-date: /ws/install/stack_msgs/include/stack_msgs/stack_msgs/msg/detail/system_metrics__type_support.hpp\n'}
[0.722819] (stack_msgs) StdoutLine: {'line': b'-- Up-to-date: /ws/install/stack_msgs/include/stack_msgs/stack_msgs/msg/detail/network_health__builder.hpp\n'}
[0.722928] (stack_msgs) StdoutLine: {'line': b'-- Up-to-date: /ws/install/stack_msgs/include/stack_msgs/stack_msgs/msg/detail/system_metrics__traits.hpp\n'}
[0.723037] (stack_msgs) StdoutLine: {'line': b'-- Up-to-date: /ws/install/stack_msgs/include/stack_msgs/stack_msgs/msg/system_metrics.hpp\n'}
[0.723145] (stack_msgs) StdoutLine: {'line': b'-- Up-to-date: /ws/install/stack_msgs/include/stack_msgs/stack_msgs/msg/network_health.hpp\n'}
[0.723253] (stack_msgs) StdoutLine: {'line': b'-- Up-to-date: /ws/install/stack_msgs/include/stack_msgs/stack_msgs\n'}
[0.723362] (stack_msgs) StdoutLine: {'line': b'-- Up-to-date: /ws/install/stack_msgs/include/stack_msgs/stack_msgs/msg\n'}
[0.723470] (stack_msgs) StdoutLine: {'line': b'-- Up-to-date: /ws/install/stack_msgs/include/stack_msgs/stack_msgs/msg/rosidl_typesupport_fastrtps_cpp__visibility_control.h\n'}
[0.723579] (stack_msgs) StdoutLine: {'line': b'-- Up-to-date: /ws/install/stack_msgs/include/stack_msgs/stack_msgs/msg/detail\n'}
[0.723690] (stack_msgs) StdoutLine: {'line': b'-- Up-to-date: /ws/install/stack_msgs/include/stack_msgs/stack_msgs/msg/detail/dds_fastrtps\n'}
[0.723808] (stack_msgs) StdoutLine: {'line': b'-- Up-to-date: /ws/install/stack_msgs/include/stack_msgs/stack_msgs/msg/detail/network_health__rosidl_typesupport_fastrtps_cpp.hpp\n'}
[0.723920] (stack_msgs) StdoutLine: {'line': b'-- Up-to-date: /ws/install/stack_msgs/include/stack_msgs/stack_msgs/msg/detail/system_metrics__rosidl_typesupport_fastrtps_cpp.hpp\n'}
[0.724029] (stack_msgs) StdoutLine: {'line': b'-- Up-to-date: /ws/install/stack_msgs/lib/libstack_msgs__rosidl_typesupport_fastrtps_cpp.so\n'}
[0.724136] (stack_msgs) StdoutLine: {'line': b'-- Up-to-date: /ws/install/stack_msgs/include/stack_msgs/stack_msgs\n'}
[0.724242] (stack_msgs) StdoutLine: {'line': b'-- Up-to-date: /ws/install/stack_msgs/include/stack_msgs/stack_msgs/msg\n'}
[0.724349] (stack_msgs) StdoutLine: {'line': b'-- Up-to-date: /ws/install/stack_msgs/include/stack_msgs/stack_msgs/msg/detail\n'}
[0.724526] (stack_msgs) StdoutLine: {'line': b'-- Up-to-date: /ws/install/stack_msgs/include/stack_msgs/stack_msgs/msg/detail/network_health__type_support.cpp\n'}
[0.724653] (stack_msgs) StdoutLine: {'line': b'-- Up-to-date: /ws/install/stack_msgs/include/stack_msgs/stack_msgs/msg/detail/system_metrics__rosidl_typesupport_introspection_cpp.hpp\n'}
[0.724779] (stack_msgs) StdoutLine: {'line': b'-- Up-to-date: /ws/install/stack_msgs/include/stack_msgs/stack_msgs/msg/detail/system_metrics__type_support.cpp\n'}
[0.724902] (stack_msgs) StdoutLine: {'line': b'-- Up-to-date: /ws/install/stack_msgs/include/stack_msgs/stack_msgs/msg/detail/network_health__rosidl_typesupport_introspection_cpp.hpp\n'}
[0.725022] (stack_msgs) StdoutLine: {'line': b'-- Up-to-date: /ws/install/stack_msgs/lib/libstack_msgs__rosidl_typesupport_introspection_cpp.so\n'}
[0.725142] (stack_msgs) StdoutLine: {'line': b'-- Up-to-date: /ws/install/stack_msgs/lib/libstack_msgs__rosidl_typesupport_cpp.so\n'}
[0.725264] (stack_msgs) StdoutLine: {'line': b'-- Up-to-date: /ws/install/stack_msgs/share/stack_msgs/environment/pythonpath.sh\n'}
[0.725384] (stack_msgs) StdoutLine: {'line': b'-- Up-to-date: /ws/install/stack_msgs/share/stack_msgs/environment/pythonpath.dsv\n'}
[0.725503] (stack_msgs) StdoutLine: {'line': b'-- Up-to-date: /ws/install/stack_msgs/local/lib/python3.10/dist-packages/stack_msgs-0.0.1-py3.10.egg-info\n'}
[0.725623] (stack_msgs) StdoutLine: {'line': b'-- Installing: /ws/install/stack_msgs/local/lib/python3.10/dist-packages/stack_msgs-0.0.1-py3.10.egg-info/PKG-INFO\n'}
[0.725744] (stack_msgs) StdoutLine: {'line': b'-- Installing: /ws/install/stack_msgs/local/lib/python3.10/dist-packages/stack_msgs-0.0.1-py3.10.egg-info/top_level.txt\n'}
[0.725899] (stack_msgs) StdoutLine: {'line': b'-- Installing: /ws/install/stack_msgs/local/lib/python3.10/dist-packages/stack_msgs-0.0.1-py3.10.egg-info/dependency_links.txt\n'}
[0.726036] (stack_msgs) StdoutLine: {'line': b'-- Installing: /ws/install/stack_msgs/local/lib/python3.10/dist-packages/stack_msgs-0.0.1-py3.10.egg-info/SOURCES.txt\n'}
[0.726157] (stack_msgs) StdoutLine: {'line': b'-- Up-to-date: /ws/install/stack_msgs/local/lib/python3.10/dist-packages/stack_msgs\n'}
[0.726277] (stack_msgs) StdoutLine: {'line': b'-- Up-to-date: /ws/install/stack_msgs/local/lib/python3.10/dist-packages/stack_msgs/_stack_msgs_s.ep.rosidl_typesupport_c.c\n'}
[0.726398] (stack_msgs) StdoutLine: {'line': b'-- Up-to-date: /ws/install/stack_msgs/local/lib/python3.10/dist-packages/stack_msgs/_stack_msgs_s.ep.rosidl_typesupport_fastrtps_c.c\n'}
[0.726518] (stack_msgs) StdoutLine: {'line': b'-- Up-to-date: /ws/install/stack_msgs/local/lib/python3.10/dist-packages/stack_msgs/msg\n'}
[0.726637] (stack_msgs) StdoutLine: {'line': b'-- Up-to-date: /ws/install/stack_msgs/local/lib/python3.10/dist-packages/stack_msgs/msg/_system_metrics_s.c\n'}
[0.726758] (stack_msgs) StdoutLine: {'line': b'-- Up-to-date: /ws/install/stack_msgs/local/lib/python3.10/dist-packages/stack_msgs/msg/_network_health.py\n'}
[0.726879] (stack_msgs) StdoutLine: {'line': b'-- Up-to-date: /ws/install/stack_msgs/local/lib/python3.10/dist-packages/stack_msgs/msg/_network_health_s.c\n'}
[0.726999] (stack_msgs) StdoutLine: {'line': b'-- Up-to-date: /ws/install/stack_msgs/local/lib/python3.10/dist-packages/stack_msgs/msg/_system_metrics.py\n'}
[0.727118] (stack_msgs) StdoutLine: {'line': b'-- Up-to-date: /ws/install/stack_msgs/local/lib/python3.10/dist-packages/stack_msgs/msg/__init__.py\n'}
[0.727238] (stack_msgs) StdoutLine: {'line': b'-- Up-to-date: /ws/install/stack_msgs/local/lib/python3.10/dist-packages/stack_msgs/stack_msgs_s__rosidl_typesupport_introspection_c.cpython-310-aarch64-linux-gnu.so\n'}
[0.727359] (stack_msgs) StdoutLine: {'line': b'-- Up-to-date: /ws/install/stack_msgs/local/lib/python3.10/dist-packages/stack_msgs/stack_msgs_s__rosidl_typesupport_fastrtps_c.cpython-310-aarch64-linux-gnu.so\n'}
[0.727479] (stack_msgs) StdoutLine: {'line': b'-- Up-to-date: /ws/install/stack_msgs/local/lib/python3.10/dist-packages/stack_msgs/stack_msgs_s__rosidl_typesupport_c.cpython-310-aarch64-linux-gnu.so\n'}
[0.727602] (stack_msgs) StdoutLine: {'line': b'-- Up-to-date: /ws/install/stack_msgs/local/lib/python3.10/dist-packages/stack_msgs/_stack_msgs_s.ep.rosidl_typesupport_introspection_c.c\n'}
[0.727722] (stack_msgs) StdoutLine: {'line': b'-- Up-to-date: /ws/install/stack_msgs/local/lib/python3.10/dist-packages/stack_msgs/__init__.py\n'}
[0.727842] (stack_msgs) StdoutLine: {'line': b'-- Up-to-date: /ws/install/stack_msgs/local/lib/python3.10/dist-packages/stack_msgs/libstack_msgs__rosidl_generator_py.so\n'}
[0.780969] (stack_msgs) StdoutLine: {'line': b"Listing '/ws/install/stack_msgs/local/lib/python3.10/dist-packages/stack_msgs'...\n"}
[0.781401] (stack_msgs) StdoutLine: {'line': b"Listing '/ws/install/stack_msgs/local/lib/python3.10/dist-packages/stack_msgs/msg'...\n"}
[0.790670] (stack_msgs) StdoutLine: {'line': b'-- Up-to-date: /ws/install/stack_msgs/local/lib/python3.10/dist-packages/stack_msgs/stack_msgs_s__rosidl_typesupport_fastrtps_c.cpython-310-aarch64-linux-gnu.so\n'}
[0.791230] (stack_msgs) StdoutLine: {'line': b'-- Up-to-date: /ws/install/stack_msgs/local/lib/python3.10/dist-packages/stack_msgs/stack_msgs_s__rosidl_typesupport_introspection_c.cpython-310-aarch64-linux-gnu.so\n'}
[0.791636] (stack_msgs) StdoutLine: {'line': b'-- Up-to-date: /ws/install/stack_msgs/local/lib/python3.10/dist-packages/stack_msgs/stack_msgs_s__rosidl_typesupport_c.cpython-310-aarch64-linux-gnu.so\n'}
[0.792166] (stack_msgs) StdoutLine: {'line': b'-- Up-to-date: /ws/install/stack_msgs/lib/libstack_msgs__rosidl_generator_py.so\n'}
[0.792598] (stack_msgs) StdoutLine: {'line': b'-- Up-to-date: /ws/install/stack_msgs/share/stack_msgs/msg/NetworkHealth.idl\n'}
[0.793364] (stack_msgs) StdoutLine: {'line': b'-- Up-to-date: /ws/install/stack_msgs/share/stack_msgs/msg/SystemMetrics.idl\n'}
[0.794067] (stack_msgs) StdoutLine: {'line': b'-- Up-to-date: /ws/install/stack_msgs/share/stack_msgs/msg/NetworkHealth.msg\n'}
[0.794244] (stack_msgs) StdoutLine: {'line': b'-- Up-to-date: /ws/install/stack_msgs/share/stack_msgs/msg/SystemMetrics.msg\n'}
[0.794390] (stack_msgs) StdoutLine: {'line': b'-- Up-to-date: /ws/install/stack_msgs/share/ament_index/resource_index/package_run_dependencies/stack_msgs\n'}
[0.794642] (stack_msgs) StdoutLine: {'line': b'-- Up-to-date: /ws/install/stack_msgs/share/ament_index/resource_index/parent_prefix_path/stack_msgs\n'}
[0.794881] (stack_msgs) StdoutLine: {'line': b'-- Up-to-date: /ws/install/stack_msgs/share/stack_msgs/environment/ament_prefix_path.sh\n'}
[0.795128] (stack_msgs) StdoutLine: {'line': b'-- Up-to-date: /ws/install/stack_msgs/share/stack_msgs/environment/ament_prefix_path.dsv\n'}
[0.795449] (stack_msgs) StdoutLine: {'line': b'-- Up-to-date: /ws/install/stack_msgs/share/stack_msgs/environment/path.sh\n'}
[0.795936] (stack_msgs) StdoutLine: {'line': b'-- Up-to-date: /ws/install/stack_msgs/share/stack_msgs/environment/path.dsv\n'}
[0.796187] (stack_msgs) StdoutLine: {'line': b'-- Up-to-date: /ws/install/stack_msgs/share/stack_msgs/local_setup.bash\n'}
[0.796481] (stack_msgs) StdoutLine: {'line': b'-- Up-to-date: /ws/install/stack_msgs/share/stack_msgs/local_setup.sh\n'}
[0.796739] (stack_msgs) StdoutLine: {'line': b'-- Up-to-date: /ws/install/stack_msgs/share/stack_msgs/local_setup.zsh\n'}
[0.797058] (stack_msgs) StdoutLine: {'line': b'-- Up-to-date: /ws/install/stack_msgs/share/stack_msgs/local_setup.dsv\n'}
[0.797459] (stack_msgs) StdoutLine: {'line': b'-- Installing: /ws/install/stack_msgs/share/stack_msgs/package.dsv\n'}
[0.798461] (-) TimerEvent: {}
[0.798510] (stack_msgs) StdoutLine: {'line': b'-- Up-to-date: /ws/install/stack_msgs/share/ament_index/resource_index/packages/stack_msgs\n'}
[0.798657] (stack_msgs) StdoutLine: {'line': b'-- Up-to-date: /ws/install/stack_msgs/share/stack_msgs/cmake/export_stack_msgs__rosidl_generator_cExport.cmake\n'}
[0.798835] (stack_msgs) StdoutLine: {'line': b'-- Up-to-date: /ws/install/stack_msgs/share/stack_msgs/cmake/export_stack_msgs__rosidl_generator_cExport-release.cmake\n'}
[0.798978] (stack_msgs) StdoutLine: {'line': b'-- Up-to-date: /ws/install/stack_msgs/share/stack_msgs/cmake/export_stack_msgs__rosidl_typesupport_fastrtps_cExport.cmake\n'}
[0.799115] (stack_msgs) StdoutLine: {'line': b'-- Up-to-date: /ws/install/stack_msgs/share/stack_msgs/cmake/export_stack_msgs__rosidl_typesupport_fastrtps_cExport-release.cmake\n'}
[0.799251] (stack_msgs) StdoutLine: {'line': b'-- Up-to-date: /ws/install/stack_msgs/share/stack_msgs/cmake/stack_msgs__rosidl_typesupport_introspection_cExport.cmake\n'}
[0.799388] (stack_msgs) StdoutLine: {'line': b'-- Up-to-date: /ws/install/stack_msgs/share/stack_msgs/cmake/stack_msgs__rosidl_typesupport_introspection_cExport-release.cmake\n'}
[0.799523] (stack_msgs) StdoutLine: {'line': b'-- Up-to-date: /ws/install/stack_msgs/share/stack_msgs/cmake/stack_msgs__rosidl_typesupport_cExport.cmake\n'}
[0.799657] (stack_msgs) StdoutLine: {'line': b'-- Up-to-date: /ws/install/stack_msgs/share/stack_msgs/cmake/stack_msgs__rosidl_typesupport_cExport-release.cmake\n'}
[0.799789] (stack_msgs) StdoutLine: {'line': b'-- Up-to-date: /ws/install/stack_msgs/share/stack_msgs/cmake/export_stack_msgs__rosidl_generator_cppExport.cmake\n'}
[0.799920] (stack_msgs) StdoutLine: {'line': b'-- Up-to-date: /ws/install/stack_msgs/share/stack_msgs/cmake/export_stack_msgs__rosidl_typesupport_fastrtps_cppExport.cmake\n'}
[0.800052] (stack_msgs) StdoutLine: {'line': b'-- Up-to-date: /ws/install/stack_msgs/share/stack_msgs/cmake/export_stack_msgs__rosidl_typesupport_fastrtps_cppExport-release.cmake\n'}
[0.800183] (stack_msgs) StdoutLine: {'line': b'-- Up-to-date: /ws/install/stack_msgs/share/stack_msgs/cmake/stack_msgs__rosidl_typesupport_introspection_cppExport.cmake\n'}
[0.800315] (stack_msgs) StdoutLine: {'line': b'-- Up-to-date: /ws/install/stack_msgs/share/stack_msgs/cmake/stack_msgs__rosidl_typesupport_introspection_cppExport-release.cmake\n'}
[0.800489] (stack_msgs) StdoutLine: {'line': b'-- Up-to-date: /ws/install/stack_msgs/share/stack_msgs/cmake/stack_msgs__rosidl_typesupport_cppExport.cmake\n'}
[0.800647] (stack_msgs) StdoutLine: {'line': b'-- Up-to-date: /ws/install/stack_msgs/share/stack_msgs/cmake/stack_msgs__rosidl_typesupport_cppExport-release.cmake\n'}
[0.800784] (stack_msgs) StdoutLine: {'line': b'-- Up-to-date: /ws/install/stack_msgs/share/stack_msgs/cmake/export_stack_msgs__rosidl_generator_pyExport.cmake\n'}
[0.800918] (stack_msgs) StdoutLine: {'line': b'-- Up-to-date: /ws/install/stack_msgs/share/stack_msgs/cmake/export_stack_msgs__rosidl_generator_pyExport-release.cmake\n'}
[0.801049] (stack_msgs) StdoutLine: {'line': b'-- Up-to-date: /ws/install/stack_msgs/share/stack_msgs/cmake/rosidl_cmake-extras.cmake\n'}
[0.801181] (stack_msgs) StdoutLine: {'line': b'-- Up-to-date: /ws/install/stack_msgs/share/stack_msgs/cmake/ament_cmake_export_dependencies-extras.cmake\n'}
[0.801314] (stack_msgs) StdoutLine: {'line': b'-- Up-to-date: /ws/install/stack_msgs/share/stack_msgs/cmake/ament_cmake_export_include_directories-extras.cmake\n'}
[0.801460] (stack_msgs) StdoutLine: {'line': b'-- Up-to-date: /ws/install/stack_msgs/share/stack_msgs/cmake/ament_cmake_export_libraries-extras.cmake\n'}
[0.801597] (stack_msgs) StdoutLine: {'line': b'-- Up-to-date: /ws/install/stack_msgs/share/stack_msgs/cmake/ament_cmake_export_targets-extras.cmake\n'}
[0.801729] (stack_msgs) StdoutLine: {'line': b'-- Up-to-date: /ws/install/stack_msgs/share/stack_msgs/cmake/rosidl_cmake_export_typesupport_targets-extras.cmake\n'}
[0.802268] (stack_msgs) StdoutLine: {'line': b'-- Up-to-date: /ws/install/stack_msgs/share/stack_msgs/cmake/rosidl_cmake_export_typesupport_libraries-extras.cmake\n'}
[0.803637] (stack_msgs) StdoutLine: {'line': b'-- Up-to-date: /ws/install/stack_msgs/share/stack_msgs/cmake/stack_msgsConfig.cmake\n'}
[0.803973] (stack_msgs) StdoutLine: {'line': b'-- Up-to-date: /ws/install/stack_msgs/share/stack_msgs/cmake/stack_msgsConfig-version.cmake\n'}
[0.804559] (stack_msgs) StdoutLine: {'line': b'-- Up-to-date: /ws/install/stack_msgs/share/stack_msgs/package.xml\n'}
[0.805141] (stack_msgs) CommandEnded: {'returncode': 0}
[0.874865] (stack_msgs) JobEnded: {'identifier': 'stack_msgs', 'rc': 0}
[0.876889] (health_monitor) JobStarted: {'identifier': 'health_monitor'}
[0.898634] (-) TimerEvent: {}
[0.998959] (-) TimerEvent: {}
[1.099301] (-) TimerEvent: {}
[1.199629] (-) TimerEvent: {}
[1.300001] (-) TimerEvent: {}
[1.400388] (-) TimerEvent: {}
[1.500723] (-) TimerEvent: {}
[1.601062] (-) TimerEvent: {}
[1.701386] (-) TimerEvent: {}
[1.801732] (-) TimerEvent: {}
[1.902104] (-) TimerEvent: {}
[1.925554] (health_monitor) Command: {'cmd': ['/usr/bin/python3', '-W', 'ignore:setup.py install is deprecated', '-W', 'ignore:easy_install command is deprecated', 'setup.py', 'egg_info', '--egg-base', '../../build/health_monitor', 'build', '--build-base', '/ws/build/health_monitor/build', 'install', '--record', '/ws/build/health_monitor/install.log', '--single-version-externally-managed', 'install_data'], 'cwd': '/ws/src/health_monitor', 'env': {'HOSTNAME': 'RedJetson', 'SHLVL': '1', 'LD_LIBRARY_PATH': '/ws/install/stack_msgs/lib:/opt/ros/humble/lib/aarch64-linux-gnu:/opt/ros/humble/lib:/usr/local/cuda/lib64', 'HOME': '/root', 'OLDPWD': '/ws', 'ROS_PYTHON_VERSION': '3', 'LC_CTYPE': 'C.UTF-8', 'ROS_DISTRO': 'humble', '_': '/usr/bin/colcon', 'ROS_VERSION': '2', 'NVIDIA_DRIVER_CAPABILITIES': 'all', 'ROS_LOCALHOST_ONLY': '0', 'PATH': '/opt/ros/humble/bin:/usr/local/cuda/bin:/usr/local/sbin:/usr/local/bin:/usr/sbin:/usr/bin:/sbin:/bin', 'FASTRTPS_DEFAULT_PROFILES_FILE': '/ws/fastdds/jetson_fastdds.xml', 'RMW_IMPLEMENTATION': 'rmw_fastrtps_cpp', 'ROS_DOMAIN_ID': '42', 'AMENT_PREFIX_PATH': '/ws/install/stack_msgs:/opt/ros/humble', 'DEBIAN_FRONTEND': 'noninteractive', 'PWD': '/ws/build/health_monitor', 'CUDA_HOME': '/usr/local/cuda', 'PYTHONPATH': '/ws/build/health_monitor/prefix_override:/usr/lib/python3/dist-packages/colcon_core/task/python/colcon_distutils_commands:/ws/install/health_monitor/lib/python3.10/site-packages:/ws/install/stack_msgs/local/lib/python3.10/dist-packages:/opt/ros/humble/lib/python3.10/site-packages:/opt/ros/humble/local/lib/python3.10/dist-packages', 'NVIDIA_VISIBLE_DEVICES': 'all', 'COLCON': '1', 'CMAKE_PREFIX_PATH': '/ws/install/stack_msgs'}, 'shell': False}
[2.002231] (-) TimerEvent: {}
[2.102575] (-) TimerEvent: {}
[2.202927] (-) TimerEvent: {}
[2.303274] (-) TimerEvent: {}
[2.307181] (health_monitor) StdoutLine: {'line': b'running egg_info\n'}
[2.308516] (health_monitor) StdoutLine: {'line': b'writing ../../build/health_monitor/health_monitor.egg-info/PKG-INFO\n'}
[2.309213] (health_monitor) StdoutLine: {'line': b'writing dependency_links to ../../build/health_monitor/health_monitor.egg-info/dependency_links.txt\n'}
[2.309635] (health_monitor) StdoutLine: {'line': b'writing entry points to ../../build/health_monitor/health_monitor.egg-info/entry_points.txt\n'}
[2.309877] (health_monitor) StdoutLine: {'line': b'writing requirements to ../../build/health_monitor/health_monitor.egg-info/requires.txt\n'}
[2.310009] (health_monitor) StdoutLine: {'line': b'writing top-level names to ../../build/health_monitor/health_monitor.egg-info/top_level.txt\n'}
[2.313151] (health_monitor) StdoutLine: {'line': b"reading manifest file '../../build/health_monitor/health_monitor.egg-info/SOURCES.txt'\n"}
[2.313598] (health_monitor) StdoutLine: {'line': b"adding license file 'LICENSE'\n"}
[2.314756] (health_monitor) StdoutLine: {'line': b"writing manifest file '../../build/health_monitor/health_monitor.egg-info/SOURCES.txt'\n"}
[2.315058] (health_monitor) StdoutLine: {'line': b'running build\n'}
[2.315185] (health_monitor) StdoutLine: {'line': b'running build_py\n'}
[2.316218] (health_monitor) StdoutLine: {'line': b'running install\n'}
[2.316883] (health_monitor) StdoutLine: {'line': b'running install_lib\n'}
[2.319507] (health_monitor) StdoutLine: {'line': b'running install_data\n'}
[2.319762] (health_monitor) StdoutLine: {'line': b'running install_egg_info\n'}
[2.323389] (health_monitor) StdoutLine: {'line': b"removing '/ws/install/health_monitor/lib/python3.10/site-packages/health_monitor-0.1.0-py3.10.egg-info' (and everything under it)\n"}
[2.324096] (health_monitor) StdoutLine: {'line': b'Copying ../../build/health_monitor/health_monitor.egg-info to /ws/install/health_monitor/lib/python3.10/site-packages/health_monitor-0.1.0-py3.10.egg-info\n'}
[2.326113] (health_monitor) StdoutLine: {'line': b'running install_scripts\n'}
[2.369054] (health_monitor) StdoutLine: {'line': b'Installing network_monitor script to /ws/install/health_monitor/lib/health_monitor\n'}
[2.369588] (health_monitor) StdoutLine: {'line': b'Installing system_metrics script to /ws/install/health_monitor/lib/health_monitor\n'}
[2.369850] (health_monitor) StdoutLine: {'line': b'Installing watchdog script to /ws/install/health_monitor/lib/health_monitor\n'}
[2.370481] (health_monitor) StdoutLine: {'line': b"writing list of installed files to '/ws/build/health_monitor/install.log'\n"}
[2.403369] (-) TimerEvent: {}
[2.434701] (health_monitor) CommandEnded: {'returncode': 0}
[2.459567] (health_monitor) JobEnded: {'identifier': 'health_monitor', 'rc': 0}
[2.461451] (-) EventReactorShutdown: {}
