/ws/install/health_monitor/lib/python3.10/site-packages/health_monitor/system_metrics_node.py
/ws/install/health_monitor/lib/python3.10/site-packages/health_monitor/network_monitor_node.py
/ws/install/health_monitor/lib/python3.10/site-packages/health_monitor/__init__.py
/ws/install/health_monitor/lib/python3.10/site-packages/health_monitor/watchdog_node.py
/ws/install/health_monitor/lib/python3.10/site-packages/health_monitor/__pycache__/system_metrics_node.cpython-310.pyc
/ws/install/health_monitor/lib/python3.10/site-packages/health_monitor/__pycache__/network_monitor_node.cpython-310.pyc
/ws/install/health_monitor/lib/python3.10/site-packages/health_monitor/__pycache__/__init__.cpython-310.pyc
/ws/install/health_monitor/lib/python3.10/site-packages/health_monitor/__pycache__/watchdog_node.cpython-310.pyc
/ws/install/health_monitor/share/ament_index/resource_index/packages/health_monitor
/ws/install/health_monitor/share/health_monitor/package.xml
/ws/install/health_monitor/share/health_monitor/config
/ws/install/health_monitor/lib/python3.10/site-packages/health_monitor-0.1.0-py3.10.egg-info/entry_points.txt
/ws/install/health_monitor/lib/python3.10/site-packages/health_monitor-0.1.0-py3.10.egg-info/PKG-INFO
/ws/install/health_monitor/lib/python3.10/site-packages/health_monitor-0.1.0-py3.10.egg-info/zip-safe
/ws/install/health_monitor/lib/python3.10/site-packages/health_monitor-0.1.0-py3.10.egg-info/top_level.txt
/ws/install/health_monitor/lib/python3.10/site-packages/health_monitor-0.1.0-py3.10.egg-info/dependency_links.txt
/ws/install/health_monitor/lib/python3.10/site-packages/health_monitor-0.1.0-py3.10.egg-info/SOURCES.txt
/ws/install/health_monitor/lib/python3.10/site-packages/health_monitor-0.1.0-py3.10.egg-info/requires.txt
/ws/install/health_monitor/lib/health_monitor/network_monitor
/ws/install/health_monitor/lib/health_monitor/system_metrics
/ws/install/health_monitor/lib/health_monitor/watchdog
