[1.091s] Invoking command in '/ws/src/health_monitor': AMENT_PREFIX_PATH=/ws/install/stack_msgs:${AMENT_PREFIX_PATH} CMAKE_PREFIX_PATH=/ws/install/stack_msgs LD_LIBRARY_PATH=/ws/install/stack_msgs/lib:/opt/ros/humble/lib/aarch64-linux-gnu:/opt/ros/humble/lib:/usr/local/cuda/lib64 PYTHONPATH=/ws/build/health_monitor/prefix_override:/usr/lib/python3/dist-packages/colcon_core/task/python/colcon_distutils_commands:/ws/install/health_monitor/lib/python3.10/site-packages:/ws/install/stack_msgs/local/lib/python3.10/dist-packages:${PYTHONPATH} /usr/bin/python3 -W ignore:setup.py install is deprecated -W ignore:easy_install command is deprecated setup.py egg_info --egg-base ../../build/health_monitor build --build-base /ws/build/health_monitor/build install --record /ws/build/health_monitor/install.log --single-version-externally-managed install_data
[1.491s] running egg_info
[1.493s] writing ../../build/health_monitor/health_monitor.egg-info/PKG-INFO
[1.494s] writing dependency_links to ../../build/health_monitor/health_monitor.egg-info/dependency_links.txt
[1.495s] writing entry points to ../../build/health_monitor/health_monitor.egg-info/entry_points.txt
[1.496s] writing requirements to ../../build/health_monitor/health_monitor.egg-info/requires.txt
[1.496s] writing top-level names to ../../build/health_monitor/health_monitor.egg-info/top_level.txt
[1.501s] reading manifest file '../../build/health_monitor/health_monitor.egg-info/SOURCES.txt'
[1.502s] adding license file 'LICENSE'
[1.504s] writing manifest file '../../build/health_monitor/health_monitor.egg-info/SOURCES.txt'
[1.504s] running build
[1.505s] running build_py
[1.506s] running install
[1.507s] running install_lib
[1.510s] running install_data
[1.511s] running install_egg_info
[1.515s] removing '/ws/install/health_monitor/lib/python3.10/site-packages/health_monitor-0.1.0-py3.10.egg-info' (and everything under it)
[1.516s] Copying ../../build/health_monitor/health_monitor.egg-info to /ws/install/health_monitor/lib/python3.10/site-packages/health_monitor-0.1.0-py3.10.egg-info
[1.519s] running install_scripts
[1.563s] Installing network_monitor script to /ws/install/health_monitor/lib/health_monitor
[1.564s] Installing system_metrics script to /ws/install/health_monitor/lib/health_monitor
[1.565s] Installing watchdog script to /ws/install/health_monitor/lib/health_monitor
[1.566s] writing list of installed files to '/ws/build/health_monitor/install.log'
[1.639s] Invoked command in '/ws/src/health_monitor' returned '0': AMENT_PREFIX_PATH=/ws/install/stack_msgs:${AMENT_PREFIX_PATH} CMAKE_PREFIX_PATH=/ws/install/stack_msgs LD_LIBRARY_PATH=/ws/install/stack_msgs/lib:/opt/ros/humble/lib/aarch64-linux-gnu:/opt/ros/humble/lib:/usr/local/cuda/lib64 PYTHONPATH=/ws/build/health_monitor/prefix_override:/usr/lib/python3/dist-packages/colcon_core/task/python/colcon_distutils_commands:/ws/install/health_monitor/lib/python3.10/site-packages:/ws/install/stack_msgs/local/lib/python3.10/dist-packages:${PYTHONPATH} /usr/bin/python3 -W ignore:setup.py install is deprecated -W ignore:easy_install command is deprecated setup.py egg_info --egg-base ../../build/health_monitor build --build-base /ws/build/health_monitor/build install --record /ws/build/health_monitor/install.log --single-version-externally-managed install_data
