[0.000000] (-) TimerEvent: {}
[0.000406] (stack_msgs) JobQueued: {'identifier': 'stack_msgs', 'dependencies': OrderedDict()}
[0.000950] (bandwidth_manager) JobQueued: {'identifier': 'bandwidth_manager', 'dependencies': OrderedDict([('stack_msgs', '/ws/install/stack_msgs')])}
[0.001246] (health_monitor) JobQueued: {'identifier': 'health_monitor', 'dependencies': OrderedDict([('stack_msgs', '/ws/install/stack_msgs')])}
[0.001553] (stack_msgs) JobStarted: {'identifier': 'stack_msgs'}
[0.017363] (stack_msgs) JobProgress: {'identifier': 'stack_msgs', 'progress': 'cmake'}
[0.018650] (stack_msgs) JobProgress: {'identifier': 'stack_msgs', 'progress': 'build'}
[0.019846] (stack_msgs) Command: {'cmd': ['/usr/bin/cmake', '--build', '/ws/build/stack_msgs', '--', '-j6', '-l6'], 'cwd': '/ws/build/stack_msgs', 'env': OrderedDict([('HOSTNAME', 'RedJetson'), ('SHLVL', '1'), ('LD_LIBRARY_PATH', '/opt/ros/humble/lib/aarch64-linux-gnu:/opt/ros/humble/lib:/usr/local/cuda/lib64:'), ('HOME', '/root'), ('OLDPWD', '/ws'), ('ROS_PYTHON_VERSION', '3'), ('LC_CTYPE', 'C.UTF-8'), ('ROS_DISTRO', 'humble'), ('_', '/usr/bin/colcon'), ('ROS_VERSION', '2'), ('NVIDIA_DRIVER_CAPABILITIES', 'all'), ('ROS_LOCALHOST_ONLY', '0'), ('PATH', '/opt/ros/humble/bin:/usr/local/cuda/bin:/usr/local/sbin:/usr/local/bin:/usr/sbin:/usr/bin:/sbin:/bin'), ('FASTRTPS_DEFAULT_PROFILES_FILE', '/ws/fastdds/jetson_fastdds.xml'), ('RMW_IMPLEMENTATION', 'rmw_fastrtps_cpp'), ('ROS_DOMAIN_ID', '42'), ('AMENT_PREFIX_PATH', '/opt/ros/humble'), ('DEBIAN_FRONTEND', 'noninteractive'), ('PWD', '/ws/build/stack_msgs'), ('CUDA_HOME', '/usr/local/cuda'), ('PYTHONPATH', '/opt/ros/humble/lib/python3.10/site-packages:/opt/ros/humble/local/lib/python3.10/dist-packages'), ('NVIDIA_VISIBLE_DEVICES', 'all'), ('COLCON', '1'), ('CMAKE_PREFIX_PATH', '/opt/ros/humble')]), 'shell': False}
[0.096827] (-) TimerEvent: {}
[0.125098] (stack_msgs) StdoutLine: {'line': b'[  2%] Built target stack_msgs__cpp\n'}
[0.132459] (stack_msgs) StdoutLine: {'line': b'[ 12%] Built target stack_msgs__rosidl_generator_c\n'}
[0.147272] (stack_msgs) StdoutLine: {'line': b'[ 12%] Built target ament_cmake_python_copy_stack_msgs\n'}
[0.174368] (stack_msgs) StdoutLine: {'line': b'[ 23%] Built target stack_msgs__rosidl_typesupport_fastrtps_cpp\n'}
[0.175647] (stack_msgs) StdoutLine: {'line': b'[ 33%] Built target stack_msgs__rosidl_typesupport_cpp\n'}
[0.177085] (stack_msgs) StdoutLine: {'line': b'[ 43%] Built target stack_msgs__rosidl_typesupport_introspection_cpp\n'}
[0.178789] (stack_msgs) StdoutLine: {'line': b'[ 53%] Built target stack_msgs__rosidl_typesupport_introspection_c\n'}
[0.181522] (stack_msgs) StdoutLine: {'line': b'[ 64%] Built target stack_msgs__rosidl_typesupport_fastrtps_c\n'}
[0.196968] (-) TimerEvent: {}
[0.198966] (stack_msgs) StdoutLine: {'line': b'[ 74%] Built target stack_msgs__rosidl_typesupport_c\n'}
[0.238940] (stack_msgs) StdoutLine: {'line': b'[ 74%] Built target stack_msgs\n'}
[0.283123] (stack_msgs) StdoutLine: {'line': b'[ 76%] Built target stack_msgs__py\n'}
[0.297110] (-) TimerEvent: {}
[0.335747] (stack_msgs) StdoutLine: {'line': b'[ 84%] Built target stack_msgs__rosidl_generator_py\n'}
[0.383033] (stack_msgs) StdoutLine: {'line': b'[ 94%] Built target stack_msgs__rosidl_typesupport_introspection_c__pyext\n'}
[0.383425] (stack_msgs) StdoutLine: {'line': b'[ 94%] Built target stack_msgs__rosidl_typesupport_fastrtps_c__pyext\n'}
[0.384840] (stack_msgs) StdoutLine: {'line': b'[100%] Built target stack_msgs__rosidl_typesupport_c__pyext\n'}
[0.397282] (-) TimerEvent: {}
[0.497740] (-) TimerEvent: {}
[0.563955] (stack_msgs) StdoutLine: {'line': b'running egg_info\n'}
[0.565117] (stack_msgs) StdoutLine: {'line': b'writing stack_msgs.egg-info/PKG-INFO\n'}
[0.565695] (stack_msgs) StdoutLine: {'line': b'writing dependency_links to stack_msgs.egg-info/dependency_links.txt\n'}
[0.566177] (stack_msgs) StdoutLine: {'line': b'writing top-level names to stack_msgs.egg-info/top_level.txt\n'}
[0.570041] (stack_msgs) StdoutLine: {'line': b"reading manifest file 'stack_msgs.egg-info/SOURCES.txt'\n"}
[0.571180] (stack_msgs) StdoutLine: {'line': b"writing manifest file 'stack_msgs.egg-info/SOURCES.txt'\n"}
[0.597913] (-) TimerEvent: {}
[0.639195] (stack_msgs) StdoutLine: {'line': b'[100%] Built target ament_cmake_python_build_stack_msgs_egg\n'}
[0.665528] (stack_msgs) CommandEnded: {'returncode': 0}
[0.667488] (stack_msgs) JobProgress: {'identifier': 'stack_msgs', 'progress': 'install'}
[0.687819] (stack_msgs) Command: {'cmd': ['/usr/bin/cmake', '--install', '/ws/build/stack_msgs'], 'cwd': '/ws/build/stack_msgs', 'env': OrderedDict([('HOSTNAME', 'RedJetson'), ('SHLVL', '1'), ('LD_LIBRARY_PATH', '/opt/ros/humble/lib/aarch64-linux-gnu:/opt/ros/humble/lib:/usr/local/cuda/lib64:'), ('HOME', '/root'), ('OLDPWD', '/ws'), ('ROS_PYTHON_VERSION', '3'), ('LC_CTYPE', 'C.UTF-8'), ('ROS_DISTRO', 'humble'), ('_', '/usr/bin/colcon'), ('ROS_VERSION', '2'), ('NVIDIA_DRIVER_CAPABILITIES', 'all'), ('ROS_LOCALHOST_ONLY', '0'), ('PATH', '/opt/ros/humble/bin:/usr/local/cuda/bin:/usr/local/sbin:/usr/local/bin:/usr/sbin:/usr/bin:/sbin:/bin'), ('FASTRTPS_DEFAULT_PROFILES_FILE', '/ws/fastdds/jetson_fastdds.xml'), ('RMW_IMPLEMENTATION', 'rmw_fastrtps_cpp'), ('ROS_DOMAIN_ID', '42'), ('AMENT_PREFIX_PATH', '/opt/ros/humble'), ('DEBIAN_FRONTEND', 'noninteractive'), ('PWD', '/ws/build/stack_msgs'), ('CUDA_HOME', '/usr/local/cuda'), ('PYTHONPATH', '/opt/ros/humble/lib/python3.10/site-packages:/opt/ros/humble/local/lib/python3.10/dist-packages'), ('NVIDIA_VISIBLE_DEVICES', 'all'), ('COLCON', '1'), ('CMAKE_PREFIX_PATH', '/opt/ros/humble')]), 'shell': False}
[0.698032] (-) TimerEvent: {}
[0.705776] (stack_msgs) StdoutLine: {'line': b'-- Install configuration: "Release"\n'}
[0.706753] (stack_msgs) StdoutLine: {'line': b'-- Up-to-date: /ws/install/stack_msgs/share/ament_index/resource_index/rosidl_interfaces/stack_msgs\n'}
[0.706918] (stack_msgs) StdoutLine: {'line': b'-- Up-to-date: /ws/install/stack_msgs/include/stack_msgs/stack_msgs\n'}
[0.707154] (stack_msgs) StdoutLine: {'line': b'-- Up-to-date: /ws/install/stack_msgs/include/stack_msgs/stack_msgs/msg\n'}
[0.707616] (stack_msgs) StdoutLine: {'line': b'-- Up-to-date: /ws/install/stack_msgs/include/stack_msgs/stack_msgs/msg/detail\n'}
[0.707757] (stack_msgs) StdoutLine: {'line': b'-- Up-to-date: /ws/install/stack_msgs/include/stack_msgs/stack_msgs/msg/detail/network_health__struct.h\n'}
[0.708053] (stack_msgs) StdoutLine: {'line': b'-- Up-to-date: /ws/install/stack_msgs/include/stack_msgs/stack_msgs/msg/detail/system_metrics__functions.c\n'}
[0.708632] (stack_msgs) StdoutLine: {'line': b'-- Up-to-date: /ws/install/stack_msgs/include/stack_msgs/stack_msgs/msg/detail/system_metrics__functions.h\n'}
[0.708868] (stack_msgs) StdoutLine: {'line': b'-- Up-to-date: /ws/install/stack_msgs/include/stack_msgs/stack_msgs/msg/detail/network_health__functions.h\n'}
[0.708996] (stack_msgs) StdoutLine: {'line': b'-- Up-to-date: /ws/install/stack_msgs/include/stack_msgs/stack_msgs/msg/detail/network_health__type_support.h\n'}
[0.709118] (stack_msgs) StdoutLine: {'line': b'-- Up-to-date: /ws/install/stack_msgs/include/stack_msgs/stack_msgs/msg/detail/system_metrics__type_support.h\n'}
[0.709334] (stack_msgs) StdoutLine: {'line': b'-- Up-to-date: /ws/install/stack_msgs/include/stack_msgs/stack_msgs/msg/detail/network_health__functions.c\n'}
[0.710370] (stack_msgs) StdoutLine: {'line': b'-- Up-to-date: /ws/install/stack_msgs/include/stack_msgs/stack_msgs/msg/detail/system_metrics__struct.h\n'}
[0.710605] (stack_msgs) StdoutLine: {'line': b'-- Up-to-date: /ws/install/stack_msgs/include/stack_msgs/stack_msgs/msg/network_health.h\n'}
[0.710812] (stack_msgs) StdoutLine: {'line': b'-- Up-to-date: /ws/install/stack_msgs/include/stack_msgs/stack_msgs/msg/system_metrics.h\n'}
[0.711551] (stack_msgs) StdoutLine: {'line': b'-- Up-to-date: /ws/install/stack_msgs/include/stack_msgs/stack_msgs/msg/rosidl_generator_c__visibility_control.h\n'}
[0.711774] (stack_msgs) StdoutLine: {'line': b'-- Up-to-date: /ws/install/stack_msgs/share/stack_msgs/environment/library_path.sh\n'}
[0.711904] (stack_msgs) StdoutLine: {'line': b'-- Up-to-date: /ws/install/stack_msgs/share/stack_msgs/environment/library_path.dsv\n'}
[0.712058] (stack_msgs) StdoutLine: {'line': b'-- Up-to-date: /ws/install/stack_msgs/lib/libstack_msgs__rosidl_generator_c.so\n'}
[0.712262] (stack_msgs) StdoutLine: {'line': b'-- Up-to-date: /ws/install/stack_msgs/include/stack_msgs/stack_msgs\n'}
[0.712599] (stack_msgs) StdoutLine: {'line': b'-- Up-to-date: /ws/install/stack_msgs/include/stack_msgs/stack_msgs/msg\n'}
[0.712799] (stack_msgs) StdoutLine: {'line': b'-- Up-to-date: /ws/install/stack_msgs/include/stack_msgs/stack_msgs/msg/detail\n'}
[0.712913] (stack_msgs) StdoutLine: {'line': b'-- Up-to-date: /ws/install/stack_msgs/include/stack_msgs/stack_msgs/msg/detail/system_metrics__rosidl_typesupport_fastrtps_c.h\n'}
[0.713128] (stack_msgs) StdoutLine: {'line': b'-- Up-to-date: /ws/install/stack_msgs/include/stack_msgs/stack_msgs/msg/detail/network_health__rosidl_typesupport_fastrtps_c.h\n'}
[0.713323] (stack_msgs) StdoutLine: {'line': b'-- Up-to-date: /ws/install/stack_msgs/include/stack_msgs/stack_msgs/msg/rosidl_typesupport_fastrtps_c__visibility_control.h\n'}
[0.713446] (stack_msgs) StdoutLine: {'line': b'-- Up-to-date: /ws/install/stack_msgs/lib/libstack_msgs__rosidl_typesupport_fastrtps_c.so\n'}
[0.713683] (stack_msgs) StdoutLine: {'line': b'-- Up-to-date: /ws/install/stack_msgs/include/stack_msgs/stack_msgs\n'}
[0.714410] (stack_msgs) StdoutLine: {'line': b'-- Up-to-date: /ws/install/stack_msgs/include/stack_msgs/stack_msgs/msg\n'}
[0.714617] (stack_msgs) StdoutLine: {'line': b'-- Up-to-date: /ws/install/stack_msgs/include/stack_msgs/stack_msgs/msg/detail\n'}
[0.714733] (stack_msgs) StdoutLine: {'line': b'-- Up-to-date: /ws/install/stack_msgs/include/stack_msgs/stack_msgs/msg/detail/network_health__type_support.c\n'}
[0.714847] (stack_msgs) StdoutLine: {'line': b'-- Up-to-date: /ws/install/stack_msgs/include/stack_msgs/stack_msgs/msg/detail/system_metrics__type_support.c\n'}
[0.714959] (stack_msgs) StdoutLine: {'line': b'-- Up-to-date: /ws/install/stack_msgs/include/stack_msgs/stack_msgs/msg/detail/system_metrics__rosidl_typesupport_introspection_c.h\n'}
[0.715107] (stack_msgs) StdoutLine: {'line': b'-- Up-to-date: /ws/install/stack_msgs/include/stack_msgs/stack_msgs/msg/detail/network_health__rosidl_typesupport_introspection_c.h\n'}
[0.715222] (stack_msgs) StdoutLine: {'line': b'-- Up-to-date: /ws/install/stack_msgs/include/stack_msgs/stack_msgs/msg/rosidl_typesupport_introspection_c__visibility_control.h\n'}
[0.715332] (stack_msgs) StdoutLine: {'line': b'-- Up-to-date: /ws/install/stack_msgs/lib/libstack_msgs__rosidl_typesupport_introspection_c.so\n'}
[0.715441] (stack_msgs) StdoutLine: {'line': b'-- Up-to-date: /ws/install/stack_msgs/lib/libstack_msgs__rosidl_typesupport_c.so\n'}
[0.715549] (stack_msgs) StdoutLine: {'line': b'-- Up-to-date: /ws/install/stack_msgs/include/stack_msgs/stack_msgs\n'}
[0.715656] (stack_msgs) StdoutLine: {'line': b'-- Up-to-date: /ws/install/stack_msgs/include/stack_msgs/stack_msgs/msg\n'}
[0.715763] (stack_msgs) StdoutLine: {'line': b'-- Up-to-date: /ws/install/stack_msgs/include/stack_msgs/stack_msgs/msg/rosidl_generator_cpp__visibility_control.hpp\n'}
[0.715873] (stack_msgs) StdoutLine: {'line': b'-- Up-to-date: /ws/install/stack_msgs/include/stack_msgs/stack_msgs/msg/detail\n'}
[0.715981] (stack_msgs) StdoutLine: {'line': b'-- Up-to-date: /ws/install/stack_msgs/include/stack_msgs/stack_msgs/msg/detail/system_metrics__builder.hpp\n'}
[0.716089] (stack_msgs) StdoutLine: {'line': b'-- Up-to-date: /ws/install/stack_msgs/include/stack_msgs/stack_msgs/msg/detail/network_health__type_support.hpp\n'}
[0.716196] (stack_msgs) StdoutLine: {'line': b'-- Up-to-date: /ws/install/stack_msgs/include/stack_msgs/stack_msgs/msg/detail/network_health__struct.hpp\n'}
[0.716304] (stack_msgs) StdoutLine: {'line': b'-- Up-to-date: /ws/install/stack_msgs/include/stack_msgs/stack_msgs/msg/detail/network_health__traits.hpp\n'}
[0.716411] (stack_msgs) StdoutLine: {'line': b'-- Up-to-date: /ws/install/stack_msgs/include/stack_msgs/stack_msgs/msg/detail/system_metrics__struct.hpp\n'}
[0.716517] (stack_msgs) StdoutLine: {'line': b'-- Up-to-date: /ws/install/stack_msgs/include/stack_msgs/stack_msgs/msg/detail/system_metrics__type_support.hpp\n'}
[0.716640] (stack_msgs) StdoutLine: {'line': b'-- Up-to-date: /ws/install/stack_msgs/include/stack_msgs/stack_msgs/msg/detail/network_health__builder.hpp\n'}
[0.716749] (stack_msgs) StdoutLine: {'line': b'-- Up-to-date: /ws/install/stack_msgs/include/stack_msgs/stack_msgs/msg/detail/system_metrics__traits.hpp\n'}
[0.716857] (stack_msgs) StdoutLine: {'line': b'-- Up-to-date: /ws/install/stack_msgs/include/stack_msgs/stack_msgs/msg/system_metrics.hpp\n'}
[0.716964] (stack_msgs) StdoutLine: {'line': b'-- Up-to-date: /ws/install/stack_msgs/include/stack_msgs/stack_msgs/msg/network_health.hpp\n'}
[0.717069] (stack_msgs) StdoutLine: {'line': b'-- Up-to-date: /ws/install/stack_msgs/include/stack_msgs/stack_msgs\n'}
[0.717176] (stack_msgs) StdoutLine: {'line': b'-- Up-to-date: /ws/install/stack_msgs/include/stack_msgs/stack_msgs/msg\n'}
[0.717280] (stack_msgs) StdoutLine: {'line': b'-- Up-to-date: /ws/install/stack_msgs/include/stack_msgs/stack_msgs/msg/rosidl_typesupport_fastrtps_cpp__visibility_control.h\n'}
[0.717386] (stack_msgs) StdoutLine: {'line': b'-- Up-to-date: /ws/install/stack_msgs/include/stack_msgs/stack_msgs/msg/detail\n'}
[0.717495] (stack_msgs) StdoutLine: {'line': b'-- Up-to-date: /ws/install/stack_msgs/include/stack_msgs/stack_msgs/msg/detail/dds_fastrtps\n'}
[0.717657] (stack_msgs) StdoutLine: {'line': b'-- Up-to-date: /ws/install/stack_msgs/include/stack_msgs/stack_msgs/msg/detail/network_health__rosidl_typesupport_fastrtps_cpp.hpp\n'}
[0.717824] (stack_msgs) StdoutLine: {'line': b'-- Up-to-date: /ws/install/stack_msgs/include/stack_msgs/stack_msgs/msg/detail/system_metrics__rosidl_typesupport_fastrtps_cpp.hpp\n'}
[0.717952] (stack_msgs) StdoutLine: {'line': b'-- Up-to-date: /ws/install/stack_msgs/lib/libstack_msgs__rosidl_typesupport_fastrtps_cpp.so\n'}
[0.718075] (stack_msgs) StdoutLine: {'line': b'-- Up-to-date: /ws/install/stack_msgs/include/stack_msgs/stack_msgs\n'}
[0.718196] (stack_msgs) StdoutLine: {'line': b'-- Up-to-date: /ws/install/stack_msgs/include/stack_msgs/stack_msgs/msg\n'}
[0.718316] (stack_msgs) StdoutLine: {'line': b'-- Up-to-date: /ws/install/stack_msgs/include/stack_msgs/stack_msgs/msg/detail\n'}
[0.718457] (stack_msgs) StdoutLine: {'line': b'-- Up-to-date: /ws/install/stack_msgs/include/stack_msgs/stack_msgs/msg/detail/network_health__type_support.cpp\n'}
[0.718584] (stack_msgs) StdoutLine: {'line': b'-- Up-to-date: /ws/install/stack_msgs/include/stack_msgs/stack_msgs/msg/detail/system_metrics__rosidl_typesupport_introspection_cpp.hpp\n'}
[0.718707] (stack_msgs) StdoutLine: {'line': b'-- Up-to-date: /ws/install/stack_msgs/include/stack_msgs/stack_msgs/msg/detail/system_metrics__type_support.cpp\n'}
[0.718828] (stack_msgs) StdoutLine: {'line': b'-- Up-to-date: /ws/install/stack_msgs/include/stack_msgs/stack_msgs/msg/detail/network_health__rosidl_typesupport_introspection_cpp.hpp\n'}
[0.718947] (stack_msgs) StdoutLine: {'line': b'-- Up-to-date: /ws/install/stack_msgs/lib/libstack_msgs__rosidl_typesupport_introspection_cpp.so\n'}
[0.719066] (stack_msgs) StdoutLine: {'line': b'-- Up-to-date: /ws/install/stack_msgs/lib/libstack_msgs__rosidl_typesupport_cpp.so\n'}
[0.719183] (stack_msgs) StdoutLine: {'line': b'-- Up-to-date: /ws/install/stack_msgs/share/stack_msgs/environment/pythonpath.sh\n'}
[0.719303] (stack_msgs) StdoutLine: {'line': b'-- Up-to-date: /ws/install/stack_msgs/share/stack_msgs/environment/pythonpath.dsv\n'}
[0.719424] (stack_msgs) StdoutLine: {'line': b'-- Up-to-date: /ws/install/stack_msgs/local/lib/python3.10/dist-packages/stack_msgs-0.0.1-py3.10.egg-info\n'}
[0.719544] (stack_msgs) StdoutLine: {'line': b'-- Installing: /ws/install/stack_msgs/local/lib/python3.10/dist-packages/stack_msgs-0.0.1-py3.10.egg-info/PKG-INFO\n'}
[0.719665] (stack_msgs) StdoutLine: {'line': b'-- Installing: /ws/install/stack_msgs/local/lib/python3.10/dist-packages/stack_msgs-0.0.1-py3.10.egg-info/top_level.txt\n'}
[0.719823] (stack_msgs) StdoutLine: {'line': b'-- Installing: /ws/install/stack_msgs/local/lib/python3.10/dist-packages/stack_msgs-0.0.1-py3.10.egg-info/dependency_links.txt\n'}
[0.719960] (stack_msgs) StdoutLine: {'line': b'-- Installing: /ws/install/stack_msgs/local/lib/python3.10/dist-packages/stack_msgs-0.0.1-py3.10.egg-info/SOURCES.txt\n'}
[0.720084] (stack_msgs) StdoutLine: {'line': b'-- Up-to-date: /ws/install/stack_msgs/local/lib/python3.10/dist-packages/stack_msgs\n'}
[0.720206] (stack_msgs) StdoutLine: {'line': b'-- Up-to-date: /ws/install/stack_msgs/local/lib/python3.10/dist-packages/stack_msgs/_stack_msgs_s.ep.rosidl_typesupport_c.c\n'}
[0.720330] (stack_msgs) StdoutLine: {'line': b'-- Up-to-date: /ws/install/stack_msgs/local/lib/python3.10/dist-packages/stack_msgs/_stack_msgs_s.ep.rosidl_typesupport_fastrtps_c.c\n'}
[0.720458] (stack_msgs) StdoutLine: {'line': b'-- Up-to-date: /ws/install/stack_msgs/local/lib/python3.10/dist-packages/stack_msgs/msg\n'}
[0.720584] (stack_msgs) StdoutLine: {'line': b'-- Up-to-date: /ws/install/stack_msgs/local/lib/python3.10/dist-packages/stack_msgs/msg/_system_metrics_s.c\n'}
[0.720707] (stack_msgs) StdoutLine: {'line': b'-- Up-to-date: /ws/install/stack_msgs/local/lib/python3.10/dist-packages/stack_msgs/msg/_network_health.py\n'}
[0.720831] (stack_msgs) StdoutLine: {'line': b'-- Up-to-date: /ws/install/stack_msgs/local/lib/python3.10/dist-packages/stack_msgs/msg/_network_health_s.c\n'}
[0.720962] (stack_msgs) StdoutLine: {'line': b'-- Up-to-date: /ws/install/stack_msgs/local/lib/python3.10/dist-packages/stack_msgs/msg/_system_metrics.py\n'}
[0.721085] (stack_msgs) StdoutLine: {'line': b'-- Up-to-date: /ws/install/stack_msgs/local/lib/python3.10/dist-packages/stack_msgs/msg/__init__.py\n'}
[0.721214] (stack_msgs) StdoutLine: {'line': b'-- Up-to-date: /ws/install/stack_msgs/local/lib/python3.10/dist-packages/stack_msgs/stack_msgs_s__rosidl_typesupport_introspection_c.cpython-310-aarch64-linux-gnu.so\n'}
[0.721353] (stack_msgs) StdoutLine: {'line': b'-- Up-to-date: /ws/install/stack_msgs/local/lib/python3.10/dist-packages/stack_msgs/stack_msgs_s__rosidl_typesupport_fastrtps_c.cpython-310-aarch64-linux-gnu.so\n'}
[0.721479] (stack_msgs) StdoutLine: {'line': b'-- Up-to-date: /ws/install/stack_msgs/local/lib/python3.10/dist-packages/stack_msgs/stack_msgs_s__rosidl_typesupport_c.cpython-310-aarch64-linux-gnu.so\n'}
[0.721817] (stack_msgs) StdoutLine: {'line': b'-- Up-to-date: /ws/install/stack_msgs/local/lib/python3.10/dist-packages/stack_msgs/_stack_msgs_s.ep.rosidl_typesupport_introspection_c.c\n'}
[0.722321] (stack_msgs) StdoutLine: {'line': b'-- Up-to-date: /ws/install/stack_msgs/local/lib/python3.10/dist-packages/stack_msgs/__init__.py\n'}
[0.722592] (stack_msgs) StdoutLine: {'line': b'-- Up-to-date: /ws/install/stack_msgs/local/lib/python3.10/dist-packages/stack_msgs/libstack_msgs__rosidl_generator_py.so\n'}
[0.773702] (stack_msgs) StdoutLine: {'line': b"Listing '/ws/install/stack_msgs/local/lib/python3.10/dist-packages/stack_msgs'...\n"}
[0.774196] (stack_msgs) StdoutLine: {'line': b"Listing '/ws/install/stack_msgs/local/lib/python3.10/dist-packages/stack_msgs/msg'...\n"}
[0.784214] (stack_msgs) StdoutLine: {'line': b'-- Up-to-date: /ws/install/stack_msgs/local/lib/python3.10/dist-packages/stack_msgs/stack_msgs_s__rosidl_typesupport_fastrtps_c.cpython-310-aarch64-linux-gnu.so\n'}
[0.784503] (stack_msgs) StdoutLine: {'line': b'-- Up-to-date: /ws/install/stack_msgs/local/lib/python3.10/dist-packages/stack_msgs/stack_msgs_s__rosidl_typesupport_introspection_c.cpython-310-aarch64-linux-gnu.so\n'}
[0.784927] (stack_msgs) StdoutLine: {'line': b'-- Up-to-date: /ws/install/stack_msgs/local/lib/python3.10/dist-packages/stack_msgs/stack_msgs_s__rosidl_typesupport_c.cpython-310-aarch64-linux-gnu.so\n'}
[0.785394] (stack_msgs) StdoutLine: {'line': b'-- Up-to-date: /ws/install/stack_msgs/lib/libstack_msgs__rosidl_generator_py.so\n'}
[0.786469] (stack_msgs) StdoutLine: {'line': b'-- Up-to-date: /ws/install/stack_msgs/share/stack_msgs/msg/NetworkHealth.idl\n'}
[0.787221] (stack_msgs) StdoutLine: {'line': b'-- Up-to-date: /ws/install/stack_msgs/share/stack_msgs/msg/SystemMetrics.idl\n'}
[0.787489] (stack_msgs) StdoutLine: {'line': b'-- Up-to-date: /ws/install/stack_msgs/share/stack_msgs/msg/NetworkHealth.msg\n'}
[0.787991] (stack_msgs) StdoutLine: {'line': b'-- Up-to-date: /ws/install/stack_msgs/share/stack_msgs/msg/SystemMetrics.msg\n'}
[0.788759] (stack_msgs) StdoutLine: {'line': b'-- Up-to-date: /ws/install/stack_msgs/share/ament_index/resource_index/package_run_dependencies/stack_msgs\n'}
[0.789233] (stack_msgs) StdoutLine: {'line': b'-- Up-to-date: /ws/install/stack_msgs/share/ament_index/resource_index/parent_prefix_path/stack_msgs\n'}
[0.789916] (stack_msgs) StdoutLine: {'line': b'-- Up-to-date: /ws/install/stack_msgs/share/stack_msgs/environment/ament_prefix_path.sh\n'}
[0.790530] (stack_msgs) StdoutLine: {'line': b'-- Up-to-date: /ws/install/stack_msgs/share/stack_msgs/environment/ament_prefix_path.dsv\n'}
[0.791512] (stack_msgs) StdoutLine: {'line': b'-- Up-to-date: /ws/install/stack_msgs/share/stack_msgs/environment/path.sh\n'}
[0.791736] (stack_msgs) StdoutLine: {'line': b'-- Up-to-date: /ws/install/stack_msgs/share/stack_msgs/environment/path.dsv\n'}
[0.791951] (stack_msgs) StdoutLine: {'line': b'-- Up-to-date: /ws/install/stack_msgs/share/stack_msgs/local_setup.bash\n'}
[0.792162] (stack_msgs) StdoutLine: {'line': b'-- Up-to-date: /ws/install/stack_msgs/share/stack_msgs/local_setup.sh\n'}
[0.792372] (stack_msgs) StdoutLine: {'line': b'-- Up-to-date: /ws/install/stack_msgs/share/stack_msgs/local_setup.zsh\n'}
[0.792579] (stack_msgs) StdoutLine: {'line': b'-- Up-to-date: /ws/install/stack_msgs/share/stack_msgs/local_setup.dsv\n'}
[0.792786] (stack_msgs) StdoutLine: {'line': b'-- Installing: /ws/install/stack_msgs/share/stack_msgs/package.dsv\n'}
[0.792991] (stack_msgs) StdoutLine: {'line': b'-- Up-to-date: /ws/install/stack_msgs/share/ament_index/resource_index/packages/stack_msgs\n'}
[0.793197] (stack_msgs) StdoutLine: {'line': b'-- Up-to-date: /ws/install/stack_msgs/share/stack_msgs/cmake/export_stack_msgs__rosidl_generator_cExport.cmake\n'}
[0.793460] (stack_msgs) StdoutLine: {'line': b'-- Up-to-date: /ws/install/stack_msgs/share/stack_msgs/cmake/export_stack_msgs__rosidl_generator_cExport-release.cmake\n'}
[0.793756] (stack_msgs) StdoutLine: {'line': b'-- Up-to-date: /ws/install/stack_msgs/share/stack_msgs/cmake/export_stack_msgs__rosidl_typesupport_fastrtps_cExport.cmake\n'}
[0.793979] (stack_msgs) StdoutLine: {'line': b'-- Up-to-date: /ws/install/stack_msgs/share/stack_msgs/cmake/export_stack_msgs__rosidl_typesupport_fastrtps_cExport-release.cmake\n'}
[0.794192] (stack_msgs) StdoutLine: {'line': b'-- Up-to-date: /ws/install/stack_msgs/share/stack_msgs/cmake/stack_msgs__rosidl_typesupport_introspection_cExport.cmake\n'}
[0.794404] (stack_msgs) StdoutLine: {'line': b'-- Up-to-date: /ws/install/stack_msgs/share/stack_msgs/cmake/stack_msgs__rosidl_typesupport_introspection_cExport-release.cmake\n'}
[0.794939] (stack_msgs) StdoutLine: {'line': b'-- Up-to-date: /ws/install/stack_msgs/share/stack_msgs/cmake/stack_msgs__rosidl_typesupport_cExport.cmake\n'}
[0.795463] (stack_msgs) StdoutLine: {'line': b'-- Up-to-date: /ws/install/stack_msgs/share/stack_msgs/cmake/stack_msgs__rosidl_typesupport_cExport-release.cmake\n'}
[0.797216] (stack_msgs) StdoutLine: {'line': b'-- Up-to-date: /ws/install/stack_msgs/share/stack_msgs/cmake/export_stack_msgs__rosidl_generator_cppExport.cmake\n'}
[0.797886] (stack_msgs) StdoutLine: {'line': b'-- Up-to-date: /ws/install/stack_msgs/share/stack_msgs/cmake/export_stack_msgs__rosidl_typesupport_fastrtps_cppExport.cmake\n'}
[0.798308] (-) TimerEvent: {}
[0.798384] (stack_msgs) StdoutLine: {'line': b'-- Up-to-date: /ws/install/stack_msgs/share/stack_msgs/cmake/export_stack_msgs__rosidl_typesupport_fastrtps_cppExport-release.cmake\n'}
[0.798996] (stack_msgs) StdoutLine: {'line': b'-- Up-to-date: /ws/install/stack_msgs/share/stack_msgs/cmake/stack_msgs__rosidl_typesupport_introspection_cppExport.cmake\n'}
[0.799399] (stack_msgs) StdoutLine: {'line': b'-- Up-to-date: /ws/install/stack_msgs/share/stack_msgs/cmake/stack_msgs__rosidl_typesupport_introspection_cppExport-release.cmake\n'}
[0.800022] (stack_msgs) StdoutLine: {'line': b'-- Up-to-date: /ws/install/stack_msgs/share/stack_msgs/cmake/stack_msgs__rosidl_typesupport_cppExport.cmake\n'}
[0.800293] (stack_msgs) StdoutLine: {'line': b'-- Up-to-date: /ws/install/stack_msgs/share/stack_msgs/cmake/stack_msgs__rosidl_typesupport_cppExport-release.cmake\n'}
[0.800731] (stack_msgs) StdoutLine: {'line': b'-- Up-to-date: /ws/install/stack_msgs/share/stack_msgs/cmake/export_stack_msgs__rosidl_generator_pyExport.cmake\n'}
[0.801227] (stack_msgs) StdoutLine: {'line': b'-- Up-to-date: /ws/install/stack_msgs/share/stack_msgs/cmake/export_stack_msgs__rosidl_generator_pyExport-release.cmake\n'}
[0.801754] (stack_msgs) StdoutLine: {'line': b'-- Up-to-date: /ws/install/stack_msgs/share/stack_msgs/cmake/rosidl_cmake-extras.cmake\n'}
[0.802137] (stack_msgs) StdoutLine: {'line': b'-- Up-to-date: /ws/install/stack_msgs/share/stack_msgs/cmake/ament_cmake_export_dependencies-extras.cmake\n'}
[0.802609] (stack_msgs) StdoutLine: {'line': b'-- Up-to-date: /ws/install/stack_msgs/share/stack_msgs/cmake/ament_cmake_export_include_directories-extras.cmake\n'}
[0.803404] (stack_msgs) StdoutLine: {'line': b'-- Up-to-date: /ws/install/stack_msgs/share/stack_msgs/cmake/ament_cmake_export_libraries-extras.cmake\n'}
[0.803841] (stack_msgs) StdoutLine: {'line': b'-- Up-to-date: /ws/install/stack_msgs/share/stack_msgs/cmake/ament_cmake_export_targets-extras.cmake\n'}
[0.804315] (stack_msgs) StdoutLine: {'line': b'-- Up-to-date: /ws/install/stack_msgs/share/stack_msgs/cmake/rosidl_cmake_export_typesupport_targets-extras.cmake\n'}
[0.804687] (stack_msgs) StdoutLine: {'line': b'-- Up-to-date: /ws/install/stack_msgs/share/stack_msgs/cmake/rosidl_cmake_export_typesupport_libraries-extras.cmake\n'}
[0.805668] (stack_msgs) StdoutLine: {'line': b'-- Up-to-date: /ws/install/stack_msgs/share/stack_msgs/cmake/stack_msgsConfig.cmake\n'}
[0.805985] (stack_msgs) StdoutLine: {'line': b'-- Up-to-date: /ws/install/stack_msgs/share/stack_msgs/cmake/stack_msgsConfig-version.cmake\n'}
[0.806818] (stack_msgs) StdoutLine: {'line': b'-- Up-to-date: /ws/install/stack_msgs/share/stack_msgs/package.xml\n'}
[0.807319] (stack_msgs) CommandEnded: {'returncode': 0}
[0.877079] (stack_msgs) JobEnded: {'identifier': 'stack_msgs', 'rc': 0}
[0.879883] (bandwidth_manager) JobStarted: {'identifier': 'bandwidth_manager'}
[0.890606] (health_monitor) JobStarted: {'identifier': 'health_monitor'}
[0.898823] (-) TimerEvent: {}
[0.999109] (-) TimerEvent: {}
[1.099435] (-) TimerEvent: {}
[1.199750] (-) TimerEvent: {}
[1.300122] (-) TimerEvent: {}
[1.400492] (-) TimerEvent: {}
[1.500813] (-) TimerEvent: {}
[1.601110] (-) TimerEvent: {}
[1.701683] (-) TimerEvent: {}
[1.801947] (-) TimerEvent: {}
[1.902544] (-) TimerEvent: {}
[2.002906] (-) TimerEvent: {}
[2.103272] (-) TimerEvent: {}
[2.203698] (-) TimerEvent: {}
[2.304061] (-) TimerEvent: {}
[2.368031] (bandwidth_manager) Command: {'cmd': ['/usr/bin/python3', '-W', 'ignore:setup.py install is deprecated', '-W', 'ignore:easy_install command is deprecated', 'setup.py', 'egg_info', '--egg-base', '../../build/bandwidth_manager', 'build', '--build-base', '/ws/build/bandwidth_manager/build', 'install', '--record', '/ws/build/bandwidth_manager/install.log', '--single-version-externally-managed', 'install_data'], 'cwd': '/ws/src/bandwidth_manager', 'env': {'HOSTNAME': 'RedJetson', 'SHLVL': '1', 'LD_LIBRARY_PATH': '/ws/install/stack_msgs/lib:/opt/ros/humble/lib/aarch64-linux-gnu:/opt/ros/humble/lib:/usr/local/cuda/lib64', 'HOME': '/root', 'OLDPWD': '/ws', 'ROS_PYTHON_VERSION': '3', 'LC_CTYPE': 'C.UTF-8', 'ROS_DISTRO': 'humble', '_': '/usr/bin/colcon', 'ROS_VERSION': '2', 'NVIDIA_DRIVER_CAPABILITIES': 'all', 'ROS_LOCALHOST_ONLY': '0', 'PATH': '/opt/ros/humble/bin:/usr/local/cuda/bin:/usr/local/sbin:/usr/local/bin:/usr/sbin:/usr/bin:/sbin:/bin', 'FASTRTPS_DEFAULT_PROFILES_FILE': '/ws/fastdds/jetson_fastdds.xml', 'RMW_IMPLEMENTATION': 'rmw_fastrtps_cpp', 'ROS_DOMAIN_ID': '42', 'AMENT_PREFIX_PATH': '/ws/install/stack_msgs:/opt/ros/humble', 'DEBIAN_FRONTEND': 'noninteractive', 'PWD': '/ws/build/bandwidth_manager', 'CUDA_HOME': '/usr/local/cuda', 'PYTHONPATH': '/ws/build/bandwidth_manager/prefix_override:/usr/lib/python3/dist-packages/colcon_core/task/python/colcon_distutils_commands:/ws/install/bandwidth_manager/lib/python3.10/site-packages:/ws/install/stack_msgs/local/lib/python3.10/dist-packages:/opt/ros/humble/lib/python3.10/site-packages:/opt/ros/humble/local/lib/python3.10/dist-packages', 'NVIDIA_VISIBLE_DEVICES': 'all', 'COLCON': '1', 'CMAKE_PREFIX_PATH': '/ws/install/stack_msgs'}, 'shell': False}
[2.404156] (-) TimerEvent: {}
[2.413045] (health_monitor) Command: {'cmd': ['/usr/bin/python3', '-W', 'ignore:setup.py install is deprecated', '-W', 'ignore:easy_install command is deprecated', 'setup.py', 'egg_info', '--egg-base', '../../build/health_monitor', 'build', '--build-base', '/ws/build/health_monitor/build', 'install', '--record', '/ws/build/health_monitor/install.log', '--single-version-externally-managed', 'install_data'], 'cwd': '/ws/src/health_monitor', 'env': {'HOSTNAME': 'RedJetson', 'SHLVL': '1', 'LD_LIBRARY_PATH': '/ws/install/stack_msgs/lib:/opt/ros/humble/lib/aarch64-linux-gnu:/opt/ros/humble/lib:/usr/local/cuda/lib64', 'HOME': '/root', 'OLDPWD': '/ws', 'ROS_PYTHON_VERSION': '3', 'LC_CTYPE': 'C.UTF-8', 'ROS_DISTRO': 'humble', '_': '/usr/bin/colcon', 'ROS_VERSION': '2', 'NVIDIA_DRIVER_CAPABILITIES': 'all', 'ROS_LOCALHOST_ONLY': '0', 'PATH': '/opt/ros/humble/bin:/usr/local/cuda/bin:/usr/local/sbin:/usr/local/bin:/usr/sbin:/usr/bin:/sbin:/bin', 'FASTRTPS_DEFAULT_PROFILES_FILE': '/ws/fastdds/jetson_fastdds.xml', 'RMW_IMPLEMENTATION': 'rmw_fastrtps_cpp', 'ROS_DOMAIN_ID': '42', 'AMENT_PREFIX_PATH': '/ws/install/stack_msgs:/opt/ros/humble', 'DEBIAN_FRONTEND': 'noninteractive', 'PWD': '/ws/build/health_monitor', 'CUDA_HOME': '/usr/local/cuda', 'PYTHONPATH': '/ws/build/health_monitor/prefix_override:/usr/lib/python3/dist-packages/colcon_core/task/python/colcon_distutils_commands:/ws/install/health_monitor/lib/python3.10/site-packages:/ws/install/stack_msgs/local/lib/python3.10/dist-packages:/opt/ros/humble/lib/python3.10/site-packages:/opt/ros/humble/local/lib/python3.10/dist-packages', 'NVIDIA_VISIBLE_DEVICES': 'all', 'COLCON': '1', 'CMAKE_PREFIX_PATH': '/ws/install/stack_msgs'}, 'shell': False}
[2.504589] (-) TimerEvent: {}
[2.604962] (-) TimerEvent: {}
[2.705338] (-) TimerEvent: {}
[2.760986] (bandwidth_manager) StdoutLine: {'line': b'running egg_info\n'}
[2.762219] (bandwidth_manager) StdoutLine: {'line': b'writing ../../build/bandwidth_manager/bandwidth_manager.egg-info/PKG-INFO\n'}
[2.762772] (bandwidth_manager) StdoutLine: {'line': b'writing dependency_links to ../../build/bandwidth_manager/bandwidth_manager.egg-info/dependency_links.txt\n'}
[2.763079] (bandwidth_manager) StdoutLine: {'line': b'writing entry points to ../../build/bandwidth_manager/bandwidth_manager.egg-info/entry_points.txt\n'}
[2.763361] (bandwidth_manager) StdoutLine: {'line': b'writing requirements to ../../build/bandwidth_manager/bandwidth_manager.egg-info/requires.txt\n'}
[2.763644] (bandwidth_manager) StdoutLine: {'line': b'writing top-level names to ../../build/bandwidth_manager/bandwidth_manager.egg-info/top_level.txt\n'}
[2.766888] (bandwidth_manager) StdoutLine: {'line': b"reading manifest file '../../build/bandwidth_manager/bandwidth_manager.egg-info/SOURCES.txt'\n"}
[2.767341] (bandwidth_manager) StdoutLine: {'line': b"adding license file 'LICENSE'\n"}
[2.768492] (bandwidth_manager) StdoutLine: {'line': b"writing manifest file '../../build/bandwidth_manager/bandwidth_manager.egg-info/SOURCES.txt'\n"}
[2.768783] (bandwidth_manager) StdoutLine: {'line': b'running build\n'}
[2.768924] (bandwidth_manager) StdoutLine: {'line': b'running build_py\n'}
[2.769751] (bandwidth_manager) StdoutLine: {'line': b'running install\n'}
[2.770373] (bandwidth_manager) StdoutLine: {'line': b'running install_lib\n'}
[2.772821] (bandwidth_manager) StdoutLine: {'line': b'running install_data\n'}
[2.773121] (bandwidth_manager) StdoutLine: {'line': b'running install_egg_info\n'}
[2.776687] (bandwidth_manager) StdoutLine: {'line': b"removing '/ws/install/bandwidth_manager/lib/python3.10/site-packages/bandwidth_manager-0.1.0-py3.10.egg-info' (and everything under it)\n"}
[2.777401] (bandwidth_manager) StdoutLine: {'line': b'Copying ../../build/bandwidth_manager/bandwidth_manager.egg-info to /ws/install/bandwidth_manager/lib/python3.10/site-packages/bandwidth_manager-0.1.0-py3.10.egg-info\n'}
[2.779359] (bandwidth_manager) StdoutLine: {'line': b'running install_scripts\n'}
[2.801405] (health_monitor) StdoutLine: {'line': b'running egg_info\n'}
[2.802921] (health_monitor) StdoutLine: {'line': b'writing ../../build/health_monitor/health_monitor.egg-info/PKG-INFO\n'}
[2.803503] (health_monitor) StdoutLine: {'line': b'writing dependency_links to ../../build/health_monitor/health_monitor.egg-info/dependency_links.txt\n'}
[2.803904] (health_monitor) StdoutLine: {'line': b'writing entry points to ../../build/health_monitor/health_monitor.egg-info/entry_points.txt\n'}
[2.804208] (health_monitor) StdoutLine: {'line': b'writing requirements to ../../build/health_monitor/health_monitor.egg-info/requires.txt\n'}
[2.804478] (health_monitor) StdoutLine: {'line': b'writing top-level names to ../../build/health_monitor/health_monitor.egg-info/top_level.txt\n'}
[2.805385] (-) TimerEvent: {}
[2.808112] (health_monitor) StdoutLine: {'line': b"reading manifest file '../../build/health_monitor/health_monitor.egg-info/SOURCES.txt'\n"}
[2.808541] (health_monitor) StdoutLine: {'line': b"adding license file 'LICENSE'\n"}
[2.809730] (health_monitor) StdoutLine: {'line': b"writing manifest file '../../build/health_monitor/health_monitor.egg-info/SOURCES.txt'\n"}
[2.810024] (health_monitor) StdoutLine: {'line': b'running build\n'}
[2.810168] (health_monitor) StdoutLine: {'line': b'running build_py\n'}
[2.811212] (health_monitor) StdoutLine: {'line': b'running install\n'}
[2.811838] (health_monitor) StdoutLine: {'line': b'running install_lib\n'}
[2.814575] (health_monitor) StdoutLine: {'line': b'running install_data\n'}
[2.814863] (health_monitor) StdoutLine: {'line': b'running install_egg_info\n'}
[2.818498] (health_monitor) StdoutLine: {'line': b"removing '/ws/install/health_monitor/lib/python3.10/site-packages/health_monitor-0.1.0-py3.10.egg-info' (and everything under it)\n"}
[2.819212] (health_monitor) StdoutLine: {'line': b'Copying ../../build/health_monitor/health_monitor.egg-info to /ws/install/health_monitor/lib/python3.10/site-packages/health_monitor-0.1.0-py3.10.egg-info\n'}
[2.821154] (health_monitor) StdoutLine: {'line': b'running install_scripts\n'}
[2.825117] (bandwidth_manager) StdoutLine: {'line': b'Installing bandwidth_manager script to /ws/install/bandwidth_manager/lib/bandwidth_manager\n'}
[2.825994] (bandwidth_manager) StdoutLine: {'line': b"writing list of installed files to '/ws/build/bandwidth_manager/install.log'\n"}
[2.865093] (health_monitor) StdoutLine: {'line': b'Installing network_monitor script to /ws/install/health_monitor/lib/health_monitor\n'}
[2.865574] (health_monitor) StdoutLine: {'line': b'Installing system_metrics script to /ws/install/health_monitor/lib/health_monitor\n'}
[2.865950] (health_monitor) StdoutLine: {'line': b'Installing watchdog script to /ws/install/health_monitor/lib/health_monitor\n'}
[2.866816] (health_monitor) StdoutLine: {'line': b"writing list of installed files to '/ws/build/health_monitor/install.log'\n"}
[2.893553] (bandwidth_manager) CommandEnded: {'returncode': 0}
[2.905902] (-) TimerEvent: {}
[2.908589] (bandwidth_manager) JobEnded: {'identifier': 'bandwidth_manager', 'rc': 0}
[2.933119] (health_monitor) CommandEnded: {'returncode': 0}
[2.956889] (health_monitor) JobEnded: {'identifier': 'health_monitor', 'rc': 0}
[2.958807] (-) EventReactorShutdown: {}
