[  2%] Building C object CMakeFiles/stack_msgs__rosidl_generator_c.dir/rosidl_generator_c/stack_msgs/msg/detail/network_health__functions.c.o
[  5%] Building C object CMakeFiles/stack_msgs__rosidl_generator_c.dir/rosidl_generator_c/stack_msgs/msg/detail/system_metrics__functions.c.o
[  7%] Built target stack_msgs__cpp
[ 12%] Generating C++ type support dispatch for ROS interfaces
[ 12%] Generating C++ type support for eProsima Fast-RTPS
[ 12%] Built target ament_cmake_python_copy_stack_msgs
[ 15%] Generating C++ introspection for ROS interfaces
[ 30%] Linking C shared library libstack_msgs__rosidl_generator_c.so
[ 30%] Built target stack_msgs__rosidl_generator_c
[ 30%] Generating C type support for eProsima Fast-RTPS
[ 30%] Generating C introspection for ROS interfaces
running egg_info
writing stack_msgs.egg-info/PKG-INFO
writing dependency_links to stack_msgs.egg-info/dependency_links.txt
writing top-level names to stack_msgs.egg-info/top_level.txt
reading manifest file 'stack_msgs.egg-info/SOURCES.txt'
writing manifest file 'stack_msgs.egg-info/SOURCES.txt'
[ 35%] Built target ament_cmake_python_build_stack_msgs_egg
[ 35%] Generating C type support dispatch for ROS interfaces
[ 38%] Building CXX object CMakeFiles/stack_msgs__rosidl_typesupport_introspection_cpp.dir/rosidl_typesupport_introspection_cpp/stack_msgs/msg/detail/network_health__type_support.cpp.o
Consolidate compiler generated dependencies of target stack_msgs__rosidl_typesupport_cpp
[ 51%] Building CXX object CMakeFiles/stack_msgs__rosidl_typesupport_cpp.dir/rosidl_typesupport_cpp/stack_msgs/msg/system_metrics__type_support.cpp.o
[ 51%] Building CXX object CMakeFiles/stack_msgs__rosidl_typesupport_fastrtps_cpp.dir/rosidl_typesupport_fastrtps_cpp/stack_msgs/msg/detail/dds_fastrtps/network_health__type_support.cpp.o
[ 53%] Building CXX object CMakeFiles/stack_msgs__rosidl_typesupport_c.dir/rosidl_typesupport_c/stack_msgs/msg/network_health__type_support.cpp.o
[ 53%] Building CXX object CMakeFiles/stack_msgs__rosidl_typesupport_introspection_cpp.dir/rosidl_typesupport_introspection_cpp/stack_msgs/msg/detail/system_metrics__type_support.cpp.o
[ 56%] Building CXX object CMakeFiles/stack_msgs__rosidl_typesupport_c.dir/rosidl_typesupport_c/stack_msgs/msg/system_metrics__type_support.cpp.o
[ 58%] Linking CXX shared library libstack_msgs__rosidl_typesupport_c.so
[ 58%] Building CXX object CMakeFiles/stack_msgs__rosidl_typesupport_fastrtps_c.dir/rosidl_typesupport_fastrtps_c/stack_msgs/msg/detail/network_health__type_support_c.cpp.o
[ 66%] Built target stack_msgs__rosidl_typesupport_c
[ 66%] Building CXX object CMakeFiles/stack_msgs__rosidl_typesupport_fastrtps_c.dir/rosidl_typesupport_fastrtps_c/stack_msgs/msg/detail/system_metrics__type_support_c.cpp.o
Consolidate compiler generated dependencies of target stack_msgs__rosidl_typesupport_introspection_c
[ 66%] Building C object CMakeFiles/stack_msgs__rosidl_typesupport_introspection_c.dir/rosidl_typesupport_introspection_c/stack_msgs/msg/detail/network_health__type_support.c.o
[ 69%] Linking CXX shared library libstack_msgs__rosidl_typesupport_introspection_cpp.so
[ 69%] Building C object CMakeFiles/stack_msgs__rosidl_typesupport_introspection_c.dir/rosidl_typesupport_introspection_c/stack_msgs/msg/detail/system_metrics__type_support.c.o
[ 69%] Built target stack_msgs__rosidl_typesupport_introspection_cpp
[ 69%] Linking C shared library libstack_msgs__rosidl_typesupport_introspection_c.so
[ 69%] Building CXX object CMakeFiles/stack_msgs__rosidl_typesupport_fastrtps_cpp.dir/rosidl_typesupport_fastrtps_cpp/stack_msgs/msg/detail/dds_fastrtps/system_metrics__type_support.cpp.o
[ 69%] Built target stack_msgs__rosidl_typesupport_introspection_c
[ 69%] Linking CXX shared library libstack_msgs__rosidl_typesupport_cpp.so
[ 69%] Built target stack_msgs__rosidl_typesupport_cpp
[ 74%] Linking CXX shared library libstack_msgs__rosidl_typesupport_fastrtps_c.so
[ 76%] Built target stack_msgs__rosidl_typesupport_fastrtps_c
[ 76%] Linking CXX shared library libstack_msgs__rosidl_typesupport_fastrtps_cpp.so
[ 76%] Built target stack_msgs__rosidl_typesupport_fastrtps_cpp
[ 76%] Built target stack_msgs
[ 76%] Generating Python code for ROS interfaces
[ 84%] Built target stack_msgs__py
Consolidate compiler generated dependencies of target stack_msgs__rosidl_generator_py
[ 84%] Building C object CMakeFiles/stack_msgs__rosidl_generator_py.dir/rosidl_generator_py/stack_msgs/msg/_network_health_s.c.o
[ 84%] Building C object CMakeFiles/stack_msgs__rosidl_generator_py.dir/rosidl_generator_py/stack_msgs/msg/_system_metrics_s.c.o
[ 92%] Linking C shared library rosidl_generator_py/stack_msgs/libstack_msgs__rosidl_generator_py.so
[ 97%] Built target stack_msgs__rosidl_generator_py
Consolidate compiler generated dependencies of target stack_msgs__rosidl_typesupport_c__pyext
Consolidate compiler generated dependencies of target stack_msgs__rosidl_typesupport_fastrtps_c__pyext
Consolidate compiler generated dependencies of target stack_msgs__rosidl_typesupport_introspection_c__pyext
[100%] Linking C shared library rosidl_generator_py/stack_msgs/stack_msgs_s__rosidl_typesupport_fastrtps_c.cpython-310-aarch64-linux-gnu.so
[100%] Linking C shared library rosidl_generator_py/stack_msgs/stack_msgs_s__rosidl_typesupport_c.cpython-310-aarch64-linux-gnu.so
[100%] Built target stack_msgs__rosidl_typesupport_introspection_c__pyext
Built target stack_msgs__rosidl_typesupport_fastrtps_c__pyext
Built target stack_msgs__rosidl_typesupport_c__pyext
-- Install configuration: "Release"
-- Up-to-date: /ws/install/stack_msgs/share/ament_index/resource_index/rosidl_interfaces/stack_msgs
-- Up-to-date: /ws/install/stack_msgs/include/stack_msgs/stack_msgs
-- Up-to-date: /ws/install/stack_msgs/include/stack_msgs/stack_msgs/msg
-- Up-to-date: /ws/install/stack_msgs/include/stack_msgs/stack_msgs/msg/detail
-- Up-to-date: /ws/install/stack_msgs/include/stack_msgs/stack_msgs/msg/detail/network_health__struct.h
-- Up-to-date: /ws/install/stack_msgs/include/stack_msgs/stack_msgs/msg/detail/system_metrics__functions.c
-- Up-to-date: /ws/install/stack_msgs/include/stack_msgs/stack_msgs/msg/detail/system_metrics__functions.h
-- Up-to-date: /ws/install/stack_msgs/include/stack_msgs/stack_msgs/msg/detail/network_health__functions.h
-- Up-to-date: /ws/install/stack_msgs/include/stack_msgs/stack_msgs/msg/detail/network_health__type_support.h
-- Up-to-date: /ws/install/stack_msgs/include/stack_msgs/stack_msgs/msg/detail/system_metrics__type_support.h
-- Up-to-date: /ws/install/stack_msgs/include/stack_msgs/stack_msgs/msg/detail/network_health__functions.c
-- Up-to-date: /ws/install/stack_msgs/include/stack_msgs/stack_msgs/msg/detail/system_metrics__struct.h
-- Up-to-date: /ws/install/stack_msgs/include/stack_msgs/stack_msgs/msg/network_health.h
-- Up-to-date: /ws/install/stack_msgs/include/stack_msgs/stack_msgs/msg/system_metrics.h
-- Up-to-date: /ws/install/stack_msgs/include/stack_msgs/stack_msgs/msg/rosidl_generator_c__visibility_control.h
-- Up-to-date: /ws/install/stack_msgs/share/stack_msgs/environment/library_path.sh
-- Up-to-date: /ws/install/stack_msgs/share/stack_msgs/environment/library_path.dsv
-- Up-to-date: /ws/install/stack_msgs/lib/libstack_msgs__rosidl_generator_c.so
-- Up-to-date: /ws/install/stack_msgs/include/stack_msgs/stack_msgs
-- Up-to-date: /ws/install/stack_msgs/include/stack_msgs/stack_msgs/msg
-- Up-to-date: /ws/install/stack_msgs/include/stack_msgs/stack_msgs/msg/detail
-- Up-to-date: /ws/install/stack_msgs/include/stack_msgs/stack_msgs/msg/detail/system_metrics__rosidl_typesupport_fastrtps_c.h
-- Up-to-date: /ws/install/stack_msgs/include/stack_msgs/stack_msgs/msg/detail/network_health__rosidl_typesupport_fastrtps_c.h
-- Up-to-date: /ws/install/stack_msgs/include/stack_msgs/stack_msgs/msg/rosidl_typesupport_fastrtps_c__visibility_control.h
-- Up-to-date: /ws/install/stack_msgs/lib/libstack_msgs__rosidl_typesupport_fastrtps_c.so
-- Up-to-date: /ws/install/stack_msgs/include/stack_msgs/stack_msgs
-- Up-to-date: /ws/install/stack_msgs/include/stack_msgs/stack_msgs/msg
-- Up-to-date: /ws/install/stack_msgs/include/stack_msgs/stack_msgs/msg/detail
-- Up-to-date: /ws/install/stack_msgs/include/stack_msgs/stack_msgs/msg/detail/network_health__type_support.c
-- Up-to-date: /ws/install/stack_msgs/include/stack_msgs/stack_msgs/msg/detail/system_metrics__type_support.c
-- Up-to-date: /ws/install/stack_msgs/include/stack_msgs/stack_msgs/msg/detail/system_metrics__rosidl_typesupport_introspection_c.h
-- Up-to-date: /ws/install/stack_msgs/include/stack_msgs/stack_msgs/msg/detail/network_health__rosidl_typesupport_introspection_c.h
-- Up-to-date: /ws/install/stack_msgs/include/stack_msgs/stack_msgs/msg/rosidl_typesupport_introspection_c__visibility_control.h
-- Up-to-date: /ws/install/stack_msgs/lib/libstack_msgs__rosidl_typesupport_introspection_c.so
-- Up-to-date: /ws/install/stack_msgs/lib/libstack_msgs__rosidl_typesupport_c.so
-- Up-to-date: /ws/install/stack_msgs/include/stack_msgs/stack_msgs
-- Up-to-date: /ws/install/stack_msgs/include/stack_msgs/stack_msgs/msg
-- Up-to-date: /ws/install/stack_msgs/include/stack_msgs/stack_msgs/msg/rosidl_generator_cpp__visibility_control.hpp
-- Up-to-date: /ws/install/stack_msgs/include/stack_msgs/stack_msgs/msg/detail
-- Up-to-date: /ws/install/stack_msgs/include/stack_msgs/stack_msgs/msg/detail/system_metrics__builder.hpp
-- Up-to-date: /ws/install/stack_msgs/include/stack_msgs/stack_msgs/msg/detail/network_health__type_support.hpp
-- Up-to-date: /ws/install/stack_msgs/include/stack_msgs/stack_msgs/msg/detail/network_health__struct.hpp
-- Up-to-date: /ws/install/stack_msgs/include/stack_msgs/stack_msgs/msg/detail/network_health__traits.hpp
-- Up-to-date: /ws/install/stack_msgs/include/stack_msgs/stack_msgs/msg/detail/system_metrics__struct.hpp
-- Up-to-date: /ws/install/stack_msgs/include/stack_msgs/stack_msgs/msg/detail/system_metrics__type_support.hpp
-- Up-to-date: /ws/install/stack_msgs/include/stack_msgs/stack_msgs/msg/detail/network_health__builder.hpp
-- Up-to-date: /ws/install/stack_msgs/include/stack_msgs/stack_msgs/msg/detail/system_metrics__traits.hpp
-- Up-to-date: /ws/install/stack_msgs/include/stack_msgs/stack_msgs/msg/system_metrics.hpp
-- Up-to-date: /ws/install/stack_msgs/include/stack_msgs/stack_msgs/msg/network_health.hpp
-- Up-to-date: /ws/install/stack_msgs/include/stack_msgs/stack_msgs
-- Up-to-date: /ws/install/stack_msgs/include/stack_msgs/stack_msgs/msg
-- Up-to-date: /ws/install/stack_msgs/include/stack_msgs/stack_msgs/msg/rosidl_typesupport_fastrtps_cpp__visibility_control.h
-- Up-to-date: /ws/install/stack_msgs/include/stack_msgs/stack_msgs/msg/detail
-- Up-to-date: /ws/install/stack_msgs/include/stack_msgs/stack_msgs/msg/detail/dds_fastrtps
-- Up-to-date: /ws/install/stack_msgs/include/stack_msgs/stack_msgs/msg/detail/network_health__rosidl_typesupport_fastrtps_cpp.hpp
-- Up-to-date: /ws/install/stack_msgs/include/stack_msgs/stack_msgs/msg/detail/system_metrics__rosidl_typesupport_fastrtps_cpp.hpp
-- Up-to-date: /ws/install/stack_msgs/lib/libstack_msgs__rosidl_typesupport_fastrtps_cpp.so
-- Up-to-date: /ws/install/stack_msgs/include/stack_msgs/stack_msgs
-- Up-to-date: /ws/install/stack_msgs/include/stack_msgs/stack_msgs/msg
-- Up-to-date: /ws/install/stack_msgs/include/stack_msgs/stack_msgs/msg/detail
-- Up-to-date: /ws/install/stack_msgs/include/stack_msgs/stack_msgs/msg/detail/network_health__type_support.cpp
-- Up-to-date: /ws/install/stack_msgs/include/stack_msgs/stack_msgs/msg/detail/system_metrics__rosidl_typesupport_introspection_cpp.hpp
-- Up-to-date: /ws/install/stack_msgs/include/stack_msgs/stack_msgs/msg/detail/system_metrics__type_support.cpp
-- Up-to-date: /ws/install/stack_msgs/include/stack_msgs/stack_msgs/msg/detail/network_health__rosidl_typesupport_introspection_cpp.hpp
-- Up-to-date: /ws/install/stack_msgs/lib/libstack_msgs__rosidl_typesupport_introspection_cpp.so
-- Up-to-date: /ws/install/stack_msgs/lib/libstack_msgs__rosidl_typesupport_cpp.so
-- Up-to-date: /ws/install/stack_msgs/share/stack_msgs/environment/pythonpath.sh
-- Up-to-date: /ws/install/stack_msgs/share/stack_msgs/environment/pythonpath.dsv
-- Up-to-date: /ws/install/stack_msgs/local/lib/python3.10/dist-packages/stack_msgs-0.0.1-py3.10.egg-info
-- Up-to-date: /ws/install/stack_msgs/local/lib/python3.10/dist-packages/stack_msgs-0.0.1-py3.10.egg-info/PKG-INFO
-- Up-to-date: /ws/install/stack_msgs/local/lib/python3.10/dist-packages/stack_msgs-0.0.1-py3.10.egg-info/top_level.txt
-- Up-to-date: /ws/install/stack_msgs/local/lib/python3.10/dist-packages/stack_msgs-0.0.1-py3.10.egg-info/dependency_links.txt
-- Up-to-date: /ws/install/stack_msgs/local/lib/python3.10/dist-packages/stack_msgs-0.0.1-py3.10.egg-info/SOURCES.txt
-- Up-to-date: /ws/install/stack_msgs/local/lib/python3.10/dist-packages/stack_msgs
-- Up-to-date: /ws/install/stack_msgs/local/lib/python3.10/dist-packages/stack_msgs/_stack_msgs_s.ep.rosidl_typesupport_c.c
-- Up-to-date: /ws/install/stack_msgs/local/lib/python3.10/dist-packages/stack_msgs/_stack_msgs_s.ep.rosidl_typesupport_fastrtps_c.c
-- Up-to-date: /ws/install/stack_msgs/local/lib/python3.10/dist-packages/stack_msgs/msg
-- Up-to-date: /ws/install/stack_msgs/local/lib/python3.10/dist-packages/stack_msgs/msg/_system_metrics_s.c
-- Up-to-date: /ws/install/stack_msgs/local/lib/python3.10/dist-packages/stack_msgs/msg/_network_health.py
-- Up-to-date: /ws/install/stack_msgs/local/lib/python3.10/dist-packages/stack_msgs/msg/_network_health_s.c
-- Up-to-date: /ws/install/stack_msgs/local/lib/python3.10/dist-packages/stack_msgs/msg/_system_metrics.py
-- Up-to-date: /ws/install/stack_msgs/local/lib/python3.10/dist-packages/stack_msgs/msg/__init__.py
-- Up-to-date: /ws/install/stack_msgs/local/lib/python3.10/dist-packages/stack_msgs/stack_msgs_s__rosidl_typesupport_introspection_c.cpython-310-aarch64-linux-gnu.so
-- Up-to-date: /ws/install/stack_msgs/local/lib/python3.10/dist-packages/stack_msgs/stack_msgs_s__rosidl_typesupport_fastrtps_c.cpython-310-aarch64-linux-gnu.so
-- Up-to-date: /ws/install/stack_msgs/local/lib/python3.10/dist-packages/stack_msgs/stack_msgs_s__rosidl_typesupport_c.cpython-310-aarch64-linux-gnu.so
-- Up-to-date: /ws/install/stack_msgs/local/lib/python3.10/dist-packages/stack_msgs/_stack_msgs_s.ep.rosidl_typesupport_introspection_c.c
-- Up-to-date: /ws/install/stack_msgs/local/lib/python3.10/dist-packages/stack_msgs/__init__.py
-- Up-to-date: /ws/install/stack_msgs/local/lib/python3.10/dist-packages/stack_msgs/libstack_msgs__rosidl_generator_py.so
Listing '/ws/install/stack_msgs/local/lib/python3.10/dist-packages/stack_msgs'...
Listing '/ws/install/stack_msgs/local/lib/python3.10/dist-packages/stack_msgs/msg'...
-- Up-to-date: /ws/install/stack_msgs/local/lib/python3.10/dist-packages/stack_msgs/stack_msgs_s__rosidl_typesupport_fastrtps_c.cpython-310-aarch64-linux-gnu.so
-- Up-to-date: /ws/install/stack_msgs/local/lib/python3.10/dist-packages/stack_msgs/stack_msgs_s__rosidl_typesupport_introspection_c.cpython-310-aarch64-linux-gnu.so
-- Up-to-date: /ws/install/stack_msgs/local/lib/python3.10/dist-packages/stack_msgs/stack_msgs_s__rosidl_typesupport_c.cpython-310-aarch64-linux-gnu.so
-- Up-to-date: /ws/install/stack_msgs/lib/libstack_msgs__rosidl_generator_py.so
-- Up-to-date: /ws/install/stack_msgs/share/stack_msgs/msg/NetworkHealth.idl
-- Up-to-date: /ws/install/stack_msgs/share/stack_msgs/msg/SystemMetrics.idl
-- Up-to-date: /ws/install/stack_msgs/share/stack_msgs/msg/NetworkHealth.msg
-- Up-to-date: /ws/install/stack_msgs/share/stack_msgs/msg/SystemMetrics.msg
-- Up-to-date: /ws/install/stack_msgs/share/ament_index/resource_index/package_run_dependencies/stack_msgs
-- Up-to-date: /ws/install/stack_msgs/share/ament_index/resource_index/parent_prefix_path/stack_msgs
-- Up-to-date: /ws/install/stack_msgs/share/stack_msgs/environment/ament_prefix_path.sh
-- Up-to-date: /ws/install/stack_msgs/share/stack_msgs/environment/ament_prefix_path.dsv
-- Up-to-date: /ws/install/stack_msgs/share/stack_msgs/environment/path.sh
-- Up-to-date: /ws/install/stack_msgs/share/stack_msgs/environment/path.dsv
-- Up-to-date: /ws/install/stack_msgs/share/stack_msgs/local_setup.bash
-- Up-to-date: /ws/install/stack_msgs/share/stack_msgs/local_setup.sh
-- Up-to-date: /ws/install/stack_msgs/share/stack_msgs/local_setup.zsh
-- Up-to-date: /ws/install/stack_msgs/share/stack_msgs/local_setup.dsv
-- Up-to-date: /ws/install/stack_msgs/share/stack_msgs/package.dsv
-- Up-to-date: /ws/install/stack_msgs/share/ament_index/resource_index/packages/stack_msgs
-- Up-to-date: /ws/install/stack_msgs/share/stack_msgs/cmake/export_stack_msgs__rosidl_generator_cExport.cmake
-- Up-to-date: /ws/install/stack_msgs/share/stack_msgs/cmake/export_stack_msgs__rosidl_generator_cExport-release.cmake
-- Up-to-date: /ws/install/stack_msgs/share/stack_msgs/cmake/export_stack_msgs__rosidl_typesupport_fastrtps_cExport.cmake
-- Up-to-date: /ws/install/stack_msgs/share/stack_msgs/cmake/export_stack_msgs__rosidl_typesupport_fastrtps_cExport-release.cmake
-- Up-to-date: /ws/install/stack_msgs/share/stack_msgs/cmake/stack_msgs__rosidl_typesupport_introspection_cExport.cmake
-- Up-to-date: /ws/install/stack_msgs/share/stack_msgs/cmake/stack_msgs__rosidl_typesupport_introspection_cExport-release.cmake
-- Up-to-date: /ws/install/stack_msgs/share/stack_msgs/cmake/stack_msgs__rosidl_typesupport_cExport.cmake
-- Up-to-date: /ws/install/stack_msgs/share/stack_msgs/cmake/stack_msgs__rosidl_typesupport_cExport-release.cmake
-- Up-to-date: /ws/install/stack_msgs/share/stack_msgs/cmake/export_stack_msgs__rosidl_generator_cppExport.cmake
-- Up-to-date: /ws/install/stack_msgs/share/stack_msgs/cmake/export_stack_msgs__rosidl_typesupport_fastrtps_cppExport.cmake
-- Up-to-date: /ws/install/stack_msgs/share/stack_msgs/cmake/export_stack_msgs__rosidl_typesupport_fastrtps_cppExport-release.cmake
-- Up-to-date: /ws/install/stack_msgs/share/stack_msgs/cmake/stack_msgs__rosidl_typesupport_introspection_cppExport.cmake
-- Up-to-date: /ws/install/stack_msgs/share/stack_msgs/cmake/stack_msgs__rosidl_typesupport_introspection_cppExport-release.cmake
-- Up-to-date: /ws/install/stack_msgs/share/stack_msgs/cmake/stack_msgs__rosidl_typesupport_cppExport.cmake
-- Up-to-date: /ws/install/stack_msgs/share/stack_msgs/cmake/stack_msgs__rosidl_typesupport_cppExport-release.cmake
-- Up-to-date: /ws/install/stack_msgs/share/stack_msgs/cmake/export_stack_msgs__rosidl_generator_pyExport.cmake
-- Up-to-date: /ws/install/stack_msgs/share/stack_msgs/cmake/export_stack_msgs__rosidl_generator_pyExport-release.cmake
-- Up-to-date: /ws/install/stack_msgs/share/stack_msgs/cmake/rosidl_cmake-extras.cmake
-- Up-to-date: /ws/install/stack_msgs/share/stack_msgs/cmake/ament_cmake_export_dependencies-extras.cmake
-- Up-to-date: /ws/install/stack_msgs/share/stack_msgs/cmake/ament_cmake_export_include_directories-extras.cmake
-- Up-to-date: /ws/install/stack_msgs/share/stack_msgs/cmake/ament_cmake_export_libraries-extras.cmake
-- Up-to-date: /ws/install/stack_msgs/share/stack_msgs/cmake/ament_cmake_export_targets-extras.cmake
-- Up-to-date: /ws/install/stack_msgs/share/stack_msgs/cmake/rosidl_cmake_export_typesupport_targets-extras.cmake
-- Up-to-date: /ws/install/stack_msgs/share/stack_msgs/cmake/rosidl_cmake_export_typesupport_libraries-extras.cmake
-- Up-to-date: /ws/install/stack_msgs/share/stack_msgs/cmake/stack_msgsConfig.cmake
-- Up-to-date: /ws/install/stack_msgs/share/stack_msgs/cmake/stack_msgsConfig-version.cmake
-- Up-to-date: /ws/install/stack_msgs/share/stack_msgs/package.xml
