running egg_info
writing ../../build/health_monitor/health_monitor.egg-info/PKG-INFO
writing dependency_links to ../../build/health_monitor/health_monitor.egg-info/dependency_links.txt
writing entry points to ../../build/health_monitor/health_monitor.egg-info/entry_points.txt
writing requirements to ../../build/health_monitor/health_monitor.egg-info/requires.txt
writing top-level names to ../../build/health_monitor/health_monitor.egg-info/top_level.txt
reading manifest file '../../build/health_monitor/health_monitor.egg-info/SOURCES.txt'
adding license file 'LICENSE'
writing manifest file '../../build/health_monitor/health_monitor.egg-info/SOURCES.txt'
running build
running build_py
copying health_monitor/system_metrics_node.py -> /ws/build/health_monitor/build/lib/health_monitor
running install
running install_lib
copying /ws/build/health_monitor/build/lib/health_monitor/system_metrics_node.py -> /ws/install/health_monitor/lib/python3.10/site-packages/health_monitor
byte-compiling /ws/install/health_monitor/lib/python3.10/site-packages/health_monitor/system_metrics_node.py to system_metrics_node.cpython-310.pyc
running install_data
running install_egg_info
removing '/ws/install/health_monitor/lib/python3.10/site-packages/health_monitor-0.1.0-py3.10.egg-info' (and everything under it)
Copying ../../build/health_monitor/health_monitor.egg-info to /ws/install/health_monitor/lib/python3.10/site-packages/health_monitor-0.1.0-py3.10.egg-info
running install_scripts
Installing network_monitor script to /ws/install/health_monitor/lib/health_monitor
Installing system_metrics script to /ws/install/health_monitor/lib/health_monitor
Installing watchdog script to /ws/install/health_monitor/lib/health_monitor
writing list of installed files to '/ws/build/health_monitor/install.log'
