[1.485s] Invoking command in '/ws/src/health_monitor': AMENT_PREFIX_PATH=/ws/install/stack_msgs:${AMENT_PREFIX_PATH} CMAKE_PREFIX_PATH=/ws/install/stack_msgs LD_LIBRARY_PATH=/ws/install/stack_msgs/lib:/opt/ros/humble/lib/aarch64-linux-gnu:/opt/ros/humble/lib:/usr/local/cuda/lib64 PYTHONPATH=/ws/build/health_monitor/prefix_override:/usr/lib/python3/dist-packages/colcon_core/task/python/colcon_distutils_commands:/ws/install/health_monitor/lib/python3.10/site-packages:/ws/install/stack_msgs/local/lib/python3.10/dist-packages:${PYTHONPATH} /usr/bin/python3 -W ignore:setup.py install is deprecated -W ignore:easy_install command is deprecated setup.py egg_info --egg-base ../../build/health_monitor build --build-base /ws/build/health_monitor/build install --record /ws/build/health_monitor/install.log --single-version-externally-managed install_data
[1.867s] running egg_info
[1.868s] writing ../../build/health_monitor/health_monitor.egg-info/PKG-INFO
[1.869s] writing dependency_links to ../../build/health_monitor/health_monitor.egg-info/dependency_links.txt
[1.870s] writing entry points to ../../build/health_monitor/health_monitor.egg-info/entry_points.txt
[1.870s] writing requirements to ../../build/health_monitor/health_monitor.egg-info/requires.txt
[1.870s] writing top-level names to ../../build/health_monitor/health_monitor.egg-info/top_level.txt
[1.873s] reading manifest file '../../build/health_monitor/health_monitor.egg-info/SOURCES.txt'
[1.874s] adding license file 'LICENSE'
[1.875s] writing manifest file '../../build/health_monitor/health_monitor.egg-info/SOURCES.txt'
[1.875s] running build
[1.875s] running build_py
[1.876s] running install
[1.877s] running install_lib
[1.879s] running install_data
[1.880s] running install_egg_info
[1.883s] removing '/ws/install/health_monitor/lib/python3.10/site-packages/health_monitor-0.1.0-py3.10.egg-info' (and everything under it)
[1.884s] Copying ../../build/health_monitor/health_monitor.egg-info to /ws/install/health_monitor/lib/python3.10/site-packages/health_monitor-0.1.0-py3.10.egg-info
[1.886s] running install_scripts
[1.929s] Installing network_monitor script to /ws/install/health_monitor/lib/health_monitor
[1.930s] Installing system_metrics script to /ws/install/health_monitor/lib/health_monitor
[1.930s] Installing watchdog script to /ws/install/health_monitor/lib/health_monitor
[1.931s] writing list of installed files to '/ws/build/health_monitor/install.log'
[2.021s] Invoked command in '/ws/src/health_monitor' returned '0': AMENT_PREFIX_PATH=/ws/install/stack_msgs:${AMENT_PREFIX_PATH} CMAKE_PREFIX_PATH=/ws/install/stack_msgs LD_LIBRARY_PATH=/ws/install/stack_msgs/lib:/opt/ros/humble/lib/aarch64-linux-gnu:/opt/ros/humble/lib:/usr/local/cuda/lib64 PYTHONPATH=/ws/build/health_monitor/prefix_override:/usr/lib/python3/dist-packages/colcon_core/task/python/colcon_distutils_commands:/ws/install/health_monitor/lib/python3.10/site-packages:/ws/install/stack_msgs/local/lib/python3.10/dist-packages:${PYTHONPATH} /usr/bin/python3 -W ignore:setup.py install is deprecated -W ignore:easy_install command is deprecated setup.py egg_info --egg-base ../../build/health_monitor build --build-base /ws/build/health_monitor/build install --record /ws/build/health_monitor/install.log --single-version-externally-managed install_data
