[0.000000] (-) TimerEvent: {}
[0.000276] (-) JobUnselected: {'identifier': 'bandwidth_manager'}
[0.000644] (stack_msgs) JobQueued: {'identifier': 'stack_msgs', 'dependencies': OrderedDict()}
[0.001163] (health_monitor) JobQueued: {'identifier': 'health_monitor', 'dependencies': OrderedDict([('stack_msgs', '/ws/install/stack_msgs')])}
[0.001466] (stack_msgs) JobStarted: {'identifier': 'stack_msgs'}
[0.017458] (stack_msgs) JobProgress: {'identifier': 'stack_msgs', 'progress': 'cmake'}
[0.018735] (stack_msgs) JobProgress: {'identifier': 'stack_msgs', 'progress': 'build'}
[0.019998] (stack_msgs) Command: {'cmd': ['/usr/bin/cmake', '--build', '/ws/build/stack_msgs', '--', '-j6', '-l6'], 'cwd': '/ws/build/stack_msgs', 'env': OrderedDict([('HOSTNAME', 'RedJetson'), ('SHLVL', '1'), ('LD_LIBRARY_PATH', '/opt/ros/humble/lib/aarch64-linux-gnu:/opt/ros/humble/lib:/usr/local/cuda/lib64:'), ('HOME', '/root'), ('OLDPWD', '/ws'), ('ROS_PYTHON_VERSION', '3'), ('LC_CTYPE', 'C.UTF-8'), ('ROS_DISTRO', 'humble'), ('_', '/usr/bin/colcon'), ('ROS_VERSION', '2'), ('NVIDIA_DRIVER_CAPABILITIES', 'all'), ('ROS_LOCALHOST_ONLY', '0'), ('PATH', '/opt/ros/humble/bin:/usr/local/cuda/bin:/usr/local/sbin:/usr/local/bin:/usr/sbin:/usr/bin:/sbin:/bin'), ('FASTRTPS_DEFAULT_PROFILES_FILE', '/ws/fastdds/jetson_fastdds.xml'), ('RMW_IMPLEMENTATION', 'rmw_fastrtps_cpp'), ('ROS_DOMAIN_ID', '42'), ('AMENT_PREFIX_PATH', '/opt/ros/humble'), ('DEBIAN_FRONTEND', 'noninteractive'), ('PWD', '/ws/build/stack_msgs'), ('CUDA_HOME', '/usr/local/cuda'), ('PYTHONPATH', '/opt/ros/humble/lib/python3.10/site-packages:/opt/ros/humble/local/lib/python3.10/dist-packages'), ('NVIDIA_VISIBLE_DEVICES', 'all'), ('COLCON', '1'), ('CMAKE_PREFIX_PATH', '/opt/ros/humble')]), 'shell': False}
[0.097142] (-) TimerEvent: {}
[0.118082] (stack_msgs) StdoutLine: {'line': b'[  2%] Built target stack_msgs__cpp\n'}
[0.122979] (stack_msgs) StdoutLine: {'line': b'[ 12%] Built target stack_msgs__rosidl_generator_c\n'}
[0.140807] (stack_msgs) StdoutLine: {'line': b'[ 12%] Built target ament_cmake_python_copy_stack_msgs\n'}
[0.164842] (stack_msgs) StdoutLine: {'line': b'[ 23%] Built target stack_msgs__rosidl_typesupport_cpp\n'}
[0.167923] (stack_msgs) StdoutLine: {'line': b'[ 33%] Built target stack_msgs__rosidl_typesupport_introspection_c\n'}
[0.168854] (stack_msgs) StdoutLine: {'line': b'[ 53%] Built target stack_msgs__rosidl_typesupport_fastrtps_c\n'}
[0.170265] (stack_msgs) StdoutLine: {'line': b'[ 64%] Built target stack_msgs__rosidl_typesupport_introspection_cpp\n'}
[0.173176] (stack_msgs) StdoutLine: {'line': b'[ 53%] Built target stack_msgs__rosidl_typesupport_fastrtps_cpp\n'}
[0.189439] (stack_msgs) StdoutLine: {'line': b'[ 74%] Built target stack_msgs__rosidl_typesupport_c\n'}
[0.197211] (-) TimerEvent: {}
[0.229201] (stack_msgs) StdoutLine: {'line': b'[ 74%] Built target stack_msgs\n'}
[0.270238] (stack_msgs) StdoutLine: {'line': b'[ 76%] Built target stack_msgs__py\n'}
[0.297451] (-) TimerEvent: {}
[0.320819] (stack_msgs) StdoutLine: {'line': b'[ 84%] Built target stack_msgs__rosidl_generator_py\n'}
[0.367854] (stack_msgs) StdoutLine: {'line': b'[ 94%] Built target stack_msgs__rosidl_typesupport_c__pyext\n'}
[0.368267] (stack_msgs) StdoutLine: {'line': b'[ 94%] Built target stack_msgs__rosidl_typesupport_fastrtps_c__pyext\n'}
[0.368647] (stack_msgs) StdoutLine: {'line': b'[100%] Built target stack_msgs__rosidl_typesupport_introspection_c__pyext\n'}
[0.397569] (-) TimerEvent: {}
[0.498090] (-) TimerEvent: {}
[0.575963] (stack_msgs) StdoutLine: {'line': b'running egg_info\n'}
[0.577212] (stack_msgs) StdoutLine: {'line': b'writing stack_msgs.egg-info/PKG-INFO\n'}
[0.577910] (stack_msgs) StdoutLine: {'line': b'writing dependency_links to stack_msgs.egg-info/dependency_links.txt\n'}
[0.578367] (stack_msgs) StdoutLine: {'line': b'writing top-level names to stack_msgs.egg-info/top_level.txt\n'}
[0.584089] (stack_msgs) StdoutLine: {'line': b"reading manifest file 'stack_msgs.egg-info/SOURCES.txt'\n"}
[0.585141] (stack_msgs) StdoutLine: {'line': b"writing manifest file 'stack_msgs.egg-info/SOURCES.txt'\n"}
[0.598182] (-) TimerEvent: {}
[0.654761] (stack_msgs) StdoutLine: {'line': b'[100%] Built target ament_cmake_python_build_stack_msgs_egg\n'}
[0.679693] (stack_msgs) CommandEnded: {'returncode': 0}
[0.681615] (stack_msgs) JobProgress: {'identifier': 'stack_msgs', 'progress': 'install'}
[0.698280] (-) TimerEvent: {}
[0.700974] (stack_msgs) Command: {'cmd': ['/usr/bin/cmake', '--install', '/ws/build/stack_msgs'], 'cwd': '/ws/build/stack_msgs', 'env': OrderedDict([('HOSTNAME', 'RedJetson'), ('SHLVL', '1'), ('LD_LIBRARY_PATH', '/opt/ros/humble/lib/aarch64-linux-gnu:/opt/ros/humble/lib:/usr/local/cuda/lib64:'), ('HOME', '/root'), ('OLDPWD', '/ws'), ('ROS_PYTHON_VERSION', '3'), ('LC_CTYPE', 'C.UTF-8'), ('ROS_DISTRO', 'humble'), ('_', '/usr/bin/colcon'), ('ROS_VERSION', '2'), ('NVIDIA_DRIVER_CAPABILITIES', 'all'), ('ROS_LOCALHOST_ONLY', '0'), ('PATH', '/opt/ros/humble/bin:/usr/local/cuda/bin:/usr/local/sbin:/usr/local/bin:/usr/sbin:/usr/bin:/sbin:/bin'), ('FASTRTPS_DEFAULT_PROFILES_FILE', '/ws/fastdds/jetson_fastdds.xml'), ('RMW_IMPLEMENTATION', 'rmw_fastrtps_cpp'), ('ROS_DOMAIN_ID', '42'), ('AMENT_PREFIX_PATH', '/opt/ros/humble'), ('DEBIAN_FRONTEND', 'noninteractive'), ('PWD', '/ws/build/stack_msgs'), ('CUDA_HOME', '/usr/local/cuda'), ('PYTHONPATH', '/opt/ros/humble/lib/python3.10/site-packages:/opt/ros/humble/local/lib/python3.10/dist-packages'), ('NVIDIA_VISIBLE_DEVICES', 'all'), ('COLCON', '1'), ('CMAKE_PREFIX_PATH', '/opt/ros/humble')]), 'shell': False}
[0.724485] (stack_msgs) StdoutLine: {'line': b'-- Install configuration: "Release"\n'}
[0.724986] (stack_msgs) StdoutLine: {'line': b'-- Up-to-date: /ws/install/stack_msgs/share/ament_index/resource_index/rosidl_interfaces/stack_msgs\n'}
[0.725390] (stack_msgs) StdoutLine: {'line': b'-- Up-to-date: /ws/install/stack_msgs/include/stack_msgs/stack_msgs\n'}
[0.725774] (stack_msgs) StdoutLine: {'line': b'-- Up-to-date: /ws/install/stack_msgs/include/stack_msgs/stack_msgs/msg\n'}
[0.726286] (stack_msgs) StdoutLine: {'line': b'-- Up-to-date: /ws/install/stack_msgs/include/stack_msgs/stack_msgs/msg/detail\n'}
[0.726687] (stack_msgs) StdoutLine: {'line': b'-- Up-to-date: /ws/install/stack_msgs/include/stack_msgs/stack_msgs/msg/detail/network_health__struct.h\n'}
[0.727222] (stack_msgs) StdoutLine: {'line': b'-- Up-to-date: /ws/install/stack_msgs/include/stack_msgs/stack_msgs/msg/detail/system_metrics__functions.c\n'}
[0.727585] (stack_msgs) StdoutLine: {'line': b'-- Up-to-date: /ws/install/stack_msgs/include/stack_msgs/stack_msgs/msg/detail/system_metrics__functions.h\n'}
[0.727971] (stack_msgs) StdoutLine: {'line': b'-- Up-to-date: /ws/install/stack_msgs/include/stack_msgs/stack_msgs/msg/detail/network_health__functions.h\n'}
[0.729183] (stack_msgs) StdoutLine: {'line': b'-- Up-to-date: /ws/install/stack_msgs/include/stack_msgs/stack_msgs/msg/detail/network_health__type_support.h\n'}
[0.729553] (stack_msgs) StdoutLine: {'line': b'-- Up-to-date: /ws/install/stack_msgs/include/stack_msgs/stack_msgs/msg/detail/system_metrics__type_support.h\n'}
[0.729842] (stack_msgs) StdoutLine: {'line': b'-- Up-to-date: /ws/install/stack_msgs/include/stack_msgs/stack_msgs/msg/detail/network_health__functions.c\n'}
[0.730339] (stack_msgs) StdoutLine: {'line': b'-- Up-to-date: /ws/install/stack_msgs/include/stack_msgs/stack_msgs/msg/detail/system_metrics__struct.h\n'}
[0.730687] (stack_msgs) StdoutLine: {'line': b'-- Up-to-date: /ws/install/stack_msgs/include/stack_msgs/stack_msgs/msg/network_health.h\n'}
[0.731071] (stack_msgs) StdoutLine: {'line': b'-- Up-to-date: /ws/install/stack_msgs/include/stack_msgs/stack_msgs/msg/system_metrics.h\n'}
[0.731548] (stack_msgs) StdoutLine: {'line': b'-- Up-to-date: /ws/install/stack_msgs/include/stack_msgs/stack_msgs/msg/rosidl_generator_c__visibility_control.h\n'}
[0.731892] (stack_msgs) StdoutLine: {'line': b'-- Up-to-date: /ws/install/stack_msgs/share/stack_msgs/environment/library_path.sh\n'}
[0.732324] (stack_msgs) StdoutLine: {'line': b'-- Up-to-date: /ws/install/stack_msgs/share/stack_msgs/environment/library_path.dsv\n'}
[0.732766] (stack_msgs) StdoutLine: {'line': b'-- Up-to-date: /ws/install/stack_msgs/lib/libstack_msgs__rosidl_generator_c.so\n'}
[0.733373] (stack_msgs) StdoutLine: {'line': b'-- Up-to-date: /ws/install/stack_msgs/include/stack_msgs/stack_msgs\n'}
[0.733625] (stack_msgs) StdoutLine: {'line': b'-- Up-to-date: /ws/install/stack_msgs/include/stack_msgs/stack_msgs/msg\n'}
[0.733843] (stack_msgs) StdoutLine: {'line': b'-- Up-to-date: /ws/install/stack_msgs/include/stack_msgs/stack_msgs/msg/detail\n'}
[0.734058] (stack_msgs) StdoutLine: {'line': b'-- Up-to-date: /ws/install/stack_msgs/include/stack_msgs/stack_msgs/msg/detail/system_metrics__rosidl_typesupport_fastrtps_c.h\n'}
[0.734299] (stack_msgs) StdoutLine: {'line': b'-- Up-to-date: /ws/install/stack_msgs/include/stack_msgs/stack_msgs/msg/detail/network_health__rosidl_typesupport_fastrtps_c.h\n'}
[0.734520] (stack_msgs) StdoutLine: {'line': b'-- Up-to-date: /ws/install/stack_msgs/include/stack_msgs/stack_msgs/msg/rosidl_typesupport_fastrtps_c__visibility_control.h\n'}
[0.734733] (stack_msgs) StdoutLine: {'line': b'-- Up-to-date: /ws/install/stack_msgs/lib/libstack_msgs__rosidl_typesupport_fastrtps_c.so\n'}
[0.734944] (stack_msgs) StdoutLine: {'line': b'-- Up-to-date: /ws/install/stack_msgs/include/stack_msgs/stack_msgs\n'}
[0.735150] (stack_msgs) StdoutLine: {'line': b'-- Up-to-date: /ws/install/stack_msgs/include/stack_msgs/stack_msgs/msg\n'}
[0.735354] (stack_msgs) StdoutLine: {'line': b'-- Up-to-date: /ws/install/stack_msgs/include/stack_msgs/stack_msgs/msg/detail\n'}
[0.735559] (stack_msgs) StdoutLine: {'line': b'-- Up-to-date: /ws/install/stack_msgs/include/stack_msgs/stack_msgs/msg/detail/network_health__type_support.c\n'}
[0.735764] (stack_msgs) StdoutLine: {'line': b'-- Up-to-date: /ws/install/stack_msgs/include/stack_msgs/stack_msgs/msg/detail/system_metrics__type_support.c\n'}
[0.735972] (stack_msgs) StdoutLine: {'line': b'-- Up-to-date: /ws/install/stack_msgs/include/stack_msgs/stack_msgs/msg/detail/system_metrics__rosidl_typesupport_introspection_c.h\n'}
[0.736231] (stack_msgs) StdoutLine: {'line': b'-- Up-to-date: /ws/install/stack_msgs/include/stack_msgs/stack_msgs/msg/detail/network_health__rosidl_typesupport_introspection_c.h\n'}
[0.736444] (stack_msgs) StdoutLine: {'line': b'-- Up-to-date: /ws/install/stack_msgs/include/stack_msgs/stack_msgs/msg/rosidl_typesupport_introspection_c__visibility_control.h\n'}
[0.736653] (stack_msgs) StdoutLine: {'line': b'-- Up-to-date: /ws/install/stack_msgs/lib/libstack_msgs__rosidl_typesupport_introspection_c.so\n'}
[0.736862] (stack_msgs) StdoutLine: {'line': b'-- Up-to-date: /ws/install/stack_msgs/lib/libstack_msgs__rosidl_typesupport_c.so\n'}
[0.737070] (stack_msgs) StdoutLine: {'line': b'-- Up-to-date: /ws/install/stack_msgs/include/stack_msgs/stack_msgs\n'}
[0.737276] (stack_msgs) StdoutLine: {'line': b'-- Up-to-date: /ws/install/stack_msgs/include/stack_msgs/stack_msgs/msg\n'}
[0.737519] (stack_msgs) StdoutLine: {'line': b'-- Up-to-date: /ws/install/stack_msgs/include/stack_msgs/stack_msgs/msg/rosidl_generator_cpp__visibility_control.hpp\n'}
[0.737732] (stack_msgs) StdoutLine: {'line': b'-- Up-to-date: /ws/install/stack_msgs/include/stack_msgs/stack_msgs/msg/detail\n'}
[0.737940] (stack_msgs) StdoutLine: {'line': b'-- Up-to-date: /ws/install/stack_msgs/include/stack_msgs/stack_msgs/msg/detail/system_metrics__builder.hpp\n'}
[0.738147] (stack_msgs) StdoutLine: {'line': b'-- Up-to-date: /ws/install/stack_msgs/include/stack_msgs/stack_msgs/msg/detail/network_health__type_support.hpp\n'}
[0.738353] (stack_msgs) StdoutLine: {'line': b'-- Up-to-date: /ws/install/stack_msgs/include/stack_msgs/stack_msgs/msg/detail/network_health__struct.hpp\n'}
[0.738557] (stack_msgs) StdoutLine: {'line': b'-- Up-to-date: /ws/install/stack_msgs/include/stack_msgs/stack_msgs/msg/detail/network_health__traits.hpp\n'}
[0.738762] (stack_msgs) StdoutLine: {'line': b'-- Up-to-date: /ws/install/stack_msgs/include/stack_msgs/stack_msgs/msg/detail/system_metrics__struct.hpp\n'}
[0.738967] (stack_msgs) StdoutLine: {'line': b'-- Up-to-date: /ws/install/stack_msgs/include/stack_msgs/stack_msgs/msg/detail/system_metrics__type_support.hpp\n'}
[0.739198] (stack_msgs) StdoutLine: {'line': b'-- Up-to-date: /ws/install/stack_msgs/include/stack_msgs/stack_msgs/msg/detail/network_health__builder.hpp\n'}
[0.739405] (stack_msgs) StdoutLine: {'line': b'-- Up-to-date: /ws/install/stack_msgs/include/stack_msgs/stack_msgs/msg/detail/system_metrics__traits.hpp\n'}
[0.739612] (stack_msgs) StdoutLine: {'line': b'-- Up-to-date: /ws/install/stack_msgs/include/stack_msgs/stack_msgs/msg/system_metrics.hpp\n'}
[0.739820] (stack_msgs) StdoutLine: {'line': b'-- Up-to-date: /ws/install/stack_msgs/include/stack_msgs/stack_msgs/msg/network_health.hpp\n'}
[0.740028] (stack_msgs) StdoutLine: {'line': b'-- Up-to-date: /ws/install/stack_msgs/include/stack_msgs/stack_msgs\n'}
[0.740234] (stack_msgs) StdoutLine: {'line': b'-- Up-to-date: /ws/install/stack_msgs/include/stack_msgs/stack_msgs/msg\n'}
[0.740438] (stack_msgs) StdoutLine: {'line': b'-- Up-to-date: /ws/install/stack_msgs/include/stack_msgs/stack_msgs/msg/rosidl_typesupport_fastrtps_cpp__visibility_control.h\n'}
[0.740644] (stack_msgs) StdoutLine: {'line': b'-- Up-to-date: /ws/install/stack_msgs/include/stack_msgs/stack_msgs/msg/detail\n'}
[0.740854] (stack_msgs) StdoutLine: {'line': b'-- Up-to-date: /ws/install/stack_msgs/include/stack_msgs/stack_msgs/msg/detail/dds_fastrtps\n'}
[0.741074] (stack_msgs) StdoutLine: {'line': b'-- Up-to-date: /ws/install/stack_msgs/include/stack_msgs/stack_msgs/msg/detail/network_health__rosidl_typesupport_fastrtps_cpp.hpp\n'}
[0.741282] (stack_msgs) StdoutLine: {'line': b'-- Up-to-date: /ws/install/stack_msgs/include/stack_msgs/stack_msgs/msg/detail/system_metrics__rosidl_typesupport_fastrtps_cpp.hpp\n'}
[0.741526] (stack_msgs) StdoutLine: {'line': b'-- Up-to-date: /ws/install/stack_msgs/lib/libstack_msgs__rosidl_typesupport_fastrtps_cpp.so\n'}
[0.741739] (stack_msgs) StdoutLine: {'line': b'-- Up-to-date: /ws/install/stack_msgs/include/stack_msgs/stack_msgs\n'}
[0.741944] (stack_msgs) StdoutLine: {'line': b'-- Up-to-date: /ws/install/stack_msgs/include/stack_msgs/stack_msgs/msg\n'}
[0.742147] (stack_msgs) StdoutLine: {'line': b'-- Up-to-date: /ws/install/stack_msgs/include/stack_msgs/stack_msgs/msg/detail\n'}
[0.742375] (stack_msgs) StdoutLine: {'line': b'-- Up-to-date: /ws/install/stack_msgs/include/stack_msgs/stack_msgs/msg/detail/network_health__type_support.cpp\n'}
[0.742593] (stack_msgs) StdoutLine: {'line': b'-- Up-to-date: /ws/install/stack_msgs/include/stack_msgs/stack_msgs/msg/detail/system_metrics__rosidl_typesupport_introspection_cpp.hpp\n'}
[0.742803] (stack_msgs) StdoutLine: {'line': b'-- Up-to-date: /ws/install/stack_msgs/include/stack_msgs/stack_msgs/msg/detail/system_metrics__type_support.cpp\n'}
[0.743011] (stack_msgs) StdoutLine: {'line': b'-- Up-to-date: /ws/install/stack_msgs/include/stack_msgs/stack_msgs/msg/detail/network_health__rosidl_typesupport_introspection_cpp.hpp\n'}
[0.743215] (stack_msgs) StdoutLine: {'line': b'-- Up-to-date: /ws/install/stack_msgs/lib/libstack_msgs__rosidl_typesupport_introspection_cpp.so\n'}
[0.743418] (stack_msgs) StdoutLine: {'line': b'-- Up-to-date: /ws/install/stack_msgs/lib/libstack_msgs__rosidl_typesupport_cpp.so\n'}
[0.743624] (stack_msgs) StdoutLine: {'line': b'-- Up-to-date: /ws/install/stack_msgs/share/stack_msgs/environment/pythonpath.sh\n'}
[0.743828] (stack_msgs) StdoutLine: {'line': b'-- Up-to-date: /ws/install/stack_msgs/share/stack_msgs/environment/pythonpath.dsv\n'}
[0.744035] (stack_msgs) StdoutLine: {'line': b'-- Up-to-date: /ws/install/stack_msgs/local/lib/python3.10/dist-packages/stack_msgs-0.0.1-py3.10.egg-info\n'}
[0.744242] (stack_msgs) StdoutLine: {'line': b'-- Installing: /ws/install/stack_msgs/local/lib/python3.10/dist-packages/stack_msgs-0.0.1-py3.10.egg-info/PKG-INFO\n'}
[0.744450] (stack_msgs) StdoutLine: {'line': b'-- Installing: /ws/install/stack_msgs/local/lib/python3.10/dist-packages/stack_msgs-0.0.1-py3.10.egg-info/top_level.txt\n'}
[0.744700] (stack_msgs) StdoutLine: {'line': b'-- Installing: /ws/install/stack_msgs/local/lib/python3.10/dist-packages/stack_msgs-0.0.1-py3.10.egg-info/dependency_links.txt\n'}
[0.744937] (stack_msgs) StdoutLine: {'line': b'-- Installing: /ws/install/stack_msgs/local/lib/python3.10/dist-packages/stack_msgs-0.0.1-py3.10.egg-info/SOURCES.txt\n'}
[0.745145] (stack_msgs) StdoutLine: {'line': b'-- Up-to-date: /ws/install/stack_msgs/local/lib/python3.10/dist-packages/stack_msgs\n'}
[0.745372] (stack_msgs) StdoutLine: {'line': b'-- Up-to-date: /ws/install/stack_msgs/local/lib/python3.10/dist-packages/stack_msgs/_stack_msgs_s.ep.rosidl_typesupport_c.c\n'}
[0.745595] (stack_msgs) StdoutLine: {'line': b'-- Up-to-date: /ws/install/stack_msgs/local/lib/python3.10/dist-packages/stack_msgs/_stack_msgs_s.ep.rosidl_typesupport_fastrtps_c.c\n'}
[0.745807] (stack_msgs) StdoutLine: {'line': b'-- Up-to-date: /ws/install/stack_msgs/local/lib/python3.10/dist-packages/stack_msgs/msg\n'}
[0.746014] (stack_msgs) StdoutLine: {'line': b'-- Up-to-date: /ws/install/stack_msgs/local/lib/python3.10/dist-packages/stack_msgs/msg/_system_metrics_s.c\n'}
[0.746217] (stack_msgs) StdoutLine: {'line': b'-- Up-to-date: /ws/install/stack_msgs/local/lib/python3.10/dist-packages/stack_msgs/msg/_network_health.py\n'}
[0.746420] (stack_msgs) StdoutLine: {'line': b'-- Up-to-date: /ws/install/stack_msgs/local/lib/python3.10/dist-packages/stack_msgs/msg/_network_health_s.c\n'}
[0.746622] (stack_msgs) StdoutLine: {'line': b'-- Up-to-date: /ws/install/stack_msgs/local/lib/python3.10/dist-packages/stack_msgs/msg/_system_metrics.py\n'}
[0.746825] (stack_msgs) StdoutLine: {'line': b'-- Up-to-date: /ws/install/stack_msgs/local/lib/python3.10/dist-packages/stack_msgs/msg/__init__.py\n'}
[0.747026] (stack_msgs) StdoutLine: {'line': b'-- Up-to-date: /ws/install/stack_msgs/local/lib/python3.10/dist-packages/stack_msgs/stack_msgs_s__rosidl_typesupport_introspection_c.cpython-310-aarch64-linux-gnu.so\n'}
[0.747234] (stack_msgs) StdoutLine: {'line': b'-- Up-to-date: /ws/install/stack_msgs/local/lib/python3.10/dist-packages/stack_msgs/stack_msgs_s__rosidl_typesupport_fastrtps_c.cpython-310-aarch64-linux-gnu.so\n'}
[0.747440] (stack_msgs) StdoutLine: {'line': b'-- Up-to-date: /ws/install/stack_msgs/local/lib/python3.10/dist-packages/stack_msgs/stack_msgs_s__rosidl_typesupport_c.cpython-310-aarch64-linux-gnu.so\n'}
[0.747645] (stack_msgs) StdoutLine: {'line': b'-- Up-to-date: /ws/install/stack_msgs/local/lib/python3.10/dist-packages/stack_msgs/_stack_msgs_s.ep.rosidl_typesupport_introspection_c.c\n'}
[0.747846] (stack_msgs) StdoutLine: {'line': b'-- Up-to-date: /ws/install/stack_msgs/local/lib/python3.10/dist-packages/stack_msgs/__init__.py\n'}
[0.748047] (stack_msgs) StdoutLine: {'line': b'-- Up-to-date: /ws/install/stack_msgs/local/lib/python3.10/dist-packages/stack_msgs/libstack_msgs__rosidl_generator_py.so\n'}
[0.793001] (stack_msgs) StdoutLine: {'line': b"Listing '/ws/install/stack_msgs/local/lib/python3.10/dist-packages/stack_msgs'...\n"}
[0.793274] (stack_msgs) StdoutLine: {'line': b"Listing '/ws/install/stack_msgs/local/lib/python3.10/dist-packages/stack_msgs/msg'...\n"}
[0.798374] (-) TimerEvent: {}
[0.803084] (stack_msgs) StdoutLine: {'line': b'-- Up-to-date: /ws/install/stack_msgs/local/lib/python3.10/dist-packages/stack_msgs/stack_msgs_s__rosidl_typesupport_fastrtps_c.cpython-310-aarch64-linux-gnu.so\n'}
[0.803475] (stack_msgs) StdoutLine: {'line': b'-- Up-to-date: /ws/install/stack_msgs/local/lib/python3.10/dist-packages/stack_msgs/stack_msgs_s__rosidl_typesupport_introspection_c.cpython-310-aarch64-linux-gnu.so\n'}
[0.803826] (stack_msgs) StdoutLine: {'line': b'-- Up-to-date: /ws/install/stack_msgs/local/lib/python3.10/dist-packages/stack_msgs/stack_msgs_s__rosidl_typesupport_c.cpython-310-aarch64-linux-gnu.so\n'}
[0.804192] (stack_msgs) StdoutLine: {'line': b'-- Up-to-date: /ws/install/stack_msgs/lib/libstack_msgs__rosidl_generator_py.so\n'}
[0.804701] (stack_msgs) StdoutLine: {'line': b'-- Up-to-date: /ws/install/stack_msgs/share/stack_msgs/msg/NetworkHealth.idl\n'}
[0.805460] (stack_msgs) StdoutLine: {'line': b'-- Up-to-date: /ws/install/stack_msgs/share/stack_msgs/msg/SystemMetrics.idl\n'}
[0.805728] (stack_msgs) StdoutLine: {'line': b'-- Up-to-date: /ws/install/stack_msgs/share/stack_msgs/msg/NetworkHealth.msg\n'}
[0.806114] (stack_msgs) StdoutLine: {'line': b'-- Up-to-date: /ws/install/stack_msgs/share/stack_msgs/msg/SystemMetrics.msg\n'}
[0.806342] (stack_msgs) StdoutLine: {'line': b'-- Up-to-date: /ws/install/stack_msgs/share/ament_index/resource_index/package_run_dependencies/stack_msgs\n'}
[0.806814] (stack_msgs) StdoutLine: {'line': b'-- Up-to-date: /ws/install/stack_msgs/share/ament_index/resource_index/parent_prefix_path/stack_msgs\n'}
[0.807348] (stack_msgs) StdoutLine: {'line': b'-- Up-to-date: /ws/install/stack_msgs/share/stack_msgs/environment/ament_prefix_path.sh\n'}
[0.807971] (stack_msgs) StdoutLine: {'line': b'-- Up-to-date: /ws/install/stack_msgs/share/stack_msgs/environment/ament_prefix_path.dsv\n'}
[0.808492] (stack_msgs) StdoutLine: {'line': b'-- Up-to-date: /ws/install/stack_msgs/share/stack_msgs/environment/path.sh\n'}
[0.809122] (stack_msgs) StdoutLine: {'line': b'-- Up-to-date: /ws/install/stack_msgs/share/stack_msgs/environment/path.dsv\n'}
[0.810308] (stack_msgs) StdoutLine: {'line': b'-- Up-to-date: /ws/install/stack_msgs/share/stack_msgs/local_setup.bash\n'}
[0.810544] (stack_msgs) StdoutLine: {'line': b'-- Up-to-date: /ws/install/stack_msgs/share/stack_msgs/local_setup.sh\n'}
[0.810762] (stack_msgs) StdoutLine: {'line': b'-- Up-to-date: /ws/install/stack_msgs/share/stack_msgs/local_setup.zsh\n'}
[0.810975] (stack_msgs) StdoutLine: {'line': b'-- Up-to-date: /ws/install/stack_msgs/share/stack_msgs/local_setup.dsv\n'}
[0.811187] (stack_msgs) StdoutLine: {'line': b'-- Installing: /ws/install/stack_msgs/share/stack_msgs/package.dsv\n'}
[0.811398] (stack_msgs) StdoutLine: {'line': b'-- Up-to-date: /ws/install/stack_msgs/share/ament_index/resource_index/packages/stack_msgs\n'}
[0.811609] (stack_msgs) StdoutLine: {'line': b'-- Up-to-date: /ws/install/stack_msgs/share/stack_msgs/cmake/export_stack_msgs__rosidl_generator_cExport.cmake\n'}
[0.811883] (stack_msgs) StdoutLine: {'line': b'-- Up-to-date: /ws/install/stack_msgs/share/stack_msgs/cmake/export_stack_msgs__rosidl_generator_cExport-release.cmake\n'}
[0.812103] (stack_msgs) StdoutLine: {'line': b'-- Up-to-date: /ws/install/stack_msgs/share/stack_msgs/cmake/export_stack_msgs__rosidl_typesupport_fastrtps_cExport.cmake\n'}
[0.812315] (stack_msgs) StdoutLine: {'line': b'-- Up-to-date: /ws/install/stack_msgs/share/stack_msgs/cmake/export_stack_msgs__rosidl_typesupport_fastrtps_cExport-release.cmake\n'}
[0.812528] (stack_msgs) StdoutLine: {'line': b'-- Up-to-date: /ws/install/stack_msgs/share/stack_msgs/cmake/stack_msgs__rosidl_typesupport_introspection_cExport.cmake\n'}
[0.812742] (stack_msgs) StdoutLine: {'line': b'-- Up-to-date: /ws/install/stack_msgs/share/stack_msgs/cmake/stack_msgs__rosidl_typesupport_introspection_cExport-release.cmake\n'}
[0.812954] (stack_msgs) StdoutLine: {'line': b'-- Up-to-date: /ws/install/stack_msgs/share/stack_msgs/cmake/stack_msgs__rosidl_typesupport_cExport.cmake\n'}
[0.813167] (stack_msgs) StdoutLine: {'line': b'-- Up-to-date: /ws/install/stack_msgs/share/stack_msgs/cmake/stack_msgs__rosidl_typesupport_cExport-release.cmake\n'}
[0.813455] (stack_msgs) StdoutLine: {'line': b'-- Up-to-date: /ws/install/stack_msgs/share/stack_msgs/cmake/export_stack_msgs__rosidl_generator_cppExport.cmake\n'}
[0.814146] (stack_msgs) StdoutLine: {'line': b'-- Up-to-date: /ws/install/stack_msgs/share/stack_msgs/cmake/export_stack_msgs__rosidl_typesupport_fastrtps_cppExport.cmake\n'}
[0.815362] (stack_msgs) StdoutLine: {'line': b'-- Up-to-date: /ws/install/stack_msgs/share/stack_msgs/cmake/export_stack_msgs__rosidl_typesupport_fastrtps_cppExport-release.cmake\n'}
[0.816380] (stack_msgs) StdoutLine: {'line': b'-- Up-to-date: /ws/install/stack_msgs/share/stack_msgs/cmake/stack_msgs__rosidl_typesupport_introspection_cppExport.cmake\n'}
[0.816870] (stack_msgs) StdoutLine: {'line': b'-- Up-to-date: /ws/install/stack_msgs/share/stack_msgs/cmake/stack_msgs__rosidl_typesupport_introspection_cppExport-release.cmake\n'}
[0.817526] (stack_msgs) StdoutLine: {'line': b'-- Up-to-date: /ws/install/stack_msgs/share/stack_msgs/cmake/stack_msgs__rosidl_typesupport_cppExport.cmake\n'}
[0.818109] (stack_msgs) StdoutLine: {'line': b'-- Up-to-date: /ws/install/stack_msgs/share/stack_msgs/cmake/stack_msgs__rosidl_typesupport_cppExport-release.cmake\n'}
[0.818500] (stack_msgs) StdoutLine: {'line': b'-- Up-to-date: /ws/install/stack_msgs/share/stack_msgs/cmake/export_stack_msgs__rosidl_generator_pyExport.cmake\n'}
[0.818763] (stack_msgs) StdoutLine: {'line': b'-- Up-to-date: /ws/install/stack_msgs/share/stack_msgs/cmake/export_stack_msgs__rosidl_generator_pyExport-release.cmake\n'}
[0.819325] (stack_msgs) StdoutLine: {'line': b'-- Up-to-date: /ws/install/stack_msgs/share/stack_msgs/cmake/rosidl_cmake-extras.cmake\n'}
[0.819672] (stack_msgs) StdoutLine: {'line': b'-- Up-to-date: /ws/install/stack_msgs/share/stack_msgs/cmake/ament_cmake_export_dependencies-extras.cmake\n'}
[0.820136] (stack_msgs) StdoutLine: {'line': b'-- Up-to-date: /ws/install/stack_msgs/share/stack_msgs/cmake/ament_cmake_export_include_directories-extras.cmake\n'}
[0.820582] (stack_msgs) StdoutLine: {'line': b'-- Up-to-date: /ws/install/stack_msgs/share/stack_msgs/cmake/ament_cmake_export_libraries-extras.cmake\n'}
[0.821062] (stack_msgs) StdoutLine: {'line': b'-- Up-to-date: /ws/install/stack_msgs/share/stack_msgs/cmake/ament_cmake_export_targets-extras.cmake\n'}
[0.821801] (stack_msgs) StdoutLine: {'line': b'-- Up-to-date: /ws/install/stack_msgs/share/stack_msgs/cmake/rosidl_cmake_export_typesupport_targets-extras.cmake\n'}
[0.822234] (stack_msgs) StdoutLine: {'line': b'-- Up-to-date: /ws/install/stack_msgs/share/stack_msgs/cmake/rosidl_cmake_export_typesupport_libraries-extras.cmake\n'}
[0.822759] (stack_msgs) StdoutLine: {'line': b'-- Up-to-date: /ws/install/stack_msgs/share/stack_msgs/cmake/stack_msgsConfig.cmake\n'}
[0.823078] (stack_msgs) StdoutLine: {'line': b'-- Up-to-date: /ws/install/stack_msgs/share/stack_msgs/cmake/stack_msgsConfig-version.cmake\n'}
[0.824038] (stack_msgs) StdoutLine: {'line': b'-- Up-to-date: /ws/install/stack_msgs/share/stack_msgs/package.xml\n'}
[0.824349] (stack_msgs) CommandEnded: {'returncode': 0}
[0.896573] (stack_msgs) JobEnded: {'identifier': 'stack_msgs', 'rc': 0}
[0.898473] (-) TimerEvent: {}
[0.898745] (health_monitor) JobStarted: {'identifier': 'health_monitor'}
[0.998652] (-) TimerEvent: {}
[1.098956] (-) TimerEvent: {}
[1.199202] (-) TimerEvent: {}
[1.299477] (-) TimerEvent: {}
[1.399735] (-) TimerEvent: {}
[1.499977] (-) TimerEvent: {}
[1.600185] (-) TimerEvent: {}
[1.700410] (-) TimerEvent: {}
[1.800642] (-) TimerEvent: {}
[1.900895] (-) TimerEvent: {}
[1.933714] (health_monitor) Command: {'cmd': ['/usr/bin/python3', '-W', 'ignore:setup.py install is deprecated', '-W', 'ignore:easy_install command is deprecated', 'setup.py', 'egg_info', '--egg-base', '../../build/health_monitor', 'build', '--build-base', '/ws/build/health_monitor/build', 'install', '--record', '/ws/build/health_monitor/install.log', '--single-version-externally-managed', 'install_data'], 'cwd': '/ws/src/health_monitor', 'env': {'HOSTNAME': 'RedJetson', 'SHLVL': '1', 'LD_LIBRARY_PATH': '/ws/install/stack_msgs/lib:/opt/ros/humble/lib/aarch64-linux-gnu:/opt/ros/humble/lib:/usr/local/cuda/lib64', 'HOME': '/root', 'OLDPWD': '/ws', 'ROS_PYTHON_VERSION': '3', 'LC_CTYPE': 'C.UTF-8', 'ROS_DISTRO': 'humble', '_': '/usr/bin/colcon', 'ROS_VERSION': '2', 'NVIDIA_DRIVER_CAPABILITIES': 'all', 'ROS_LOCALHOST_ONLY': '0', 'PATH': '/opt/ros/humble/bin:/usr/local/cuda/bin:/usr/local/sbin:/usr/local/bin:/usr/sbin:/usr/bin:/sbin:/bin', 'FASTRTPS_DEFAULT_PROFILES_FILE': '/ws/fastdds/jetson_fastdds.xml', 'RMW_IMPLEMENTATION': 'rmw_fastrtps_cpp', 'ROS_DOMAIN_ID': '42', 'AMENT_PREFIX_PATH': '/ws/install/stack_msgs:/opt/ros/humble', 'DEBIAN_FRONTEND': 'noninteractive', 'PWD': '/ws/build/health_monitor', 'CUDA_HOME': '/usr/local/cuda', 'PYTHONPATH': '/ws/build/health_monitor/prefix_override:/usr/lib/python3/dist-packages/colcon_core/task/python/colcon_distutils_commands:/ws/install/health_monitor/lib/python3.10/site-packages:/ws/install/stack_msgs/local/lib/python3.10/dist-packages:/opt/ros/humble/lib/python3.10/site-packages:/opt/ros/humble/local/lib/python3.10/dist-packages', 'NVIDIA_VISIBLE_DEVICES': 'all', 'COLCON': '1', 'CMAKE_PREFIX_PATH': '/ws/install/stack_msgs'}, 'shell': False}
[2.001051] (-) TimerEvent: {}
[2.101317] (-) TimerEvent: {}
[2.201844] (-) TimerEvent: {}
[2.302120] (-) TimerEvent: {}
[2.321072] (health_monitor) StdoutLine: {'line': b'running egg_info\n'}
[2.322882] (health_monitor) StdoutLine: {'line': b'writing ../../build/health_monitor/health_monitor.egg-info/PKG-INFO\n'}
[2.323444] (health_monitor) StdoutLine: {'line': b'writing dependency_links to ../../build/health_monitor/health_monitor.egg-info/dependency_links.txt\n'}
[2.323874] (health_monitor) StdoutLine: {'line': b'writing entry points to ../../build/health_monitor/health_monitor.egg-info/entry_points.txt\n'}
[2.324380] (health_monitor) StdoutLine: {'line': b'writing requirements to ../../build/health_monitor/health_monitor.egg-info/requires.txt\n'}
[2.324615] (health_monitor) StdoutLine: {'line': b'writing top-level names to ../../build/health_monitor/health_monitor.egg-info/top_level.txt\n'}
[2.328693] (health_monitor) StdoutLine: {'line': b"reading manifest file '../../build/health_monitor/health_monitor.egg-info/SOURCES.txt'\n"}
[2.329093] (health_monitor) StdoutLine: {'line': b"adding license file 'LICENSE'\n"}
[2.330375] (health_monitor) StdoutLine: {'line': b"writing manifest file '../../build/health_monitor/health_monitor.egg-info/SOURCES.txt'\n"}
[2.330773] (health_monitor) StdoutLine: {'line': b'running build\n'}
[2.331116] (health_monitor) StdoutLine: {'line': b'running build_py\n'}
[2.331346] (health_monitor) StdoutLine: {'line': b'copying health_monitor/system_metrics_node.py -> /ws/build/health_monitor/build/lib/health_monitor\n'}
[2.332270] (health_monitor) StdoutLine: {'line': b'running install\n'}
[2.332933] (health_monitor) StdoutLine: {'line': b'running install_lib\n'}
[2.334426] (health_monitor) StdoutLine: {'line': b'copying /ws/build/health_monitor/build/lib/health_monitor/system_metrics_node.py -> /ws/install/health_monitor/lib/python3.10/site-packages/health_monitor\n'}
[2.335857] (health_monitor) StdoutLine: {'line': b'byte-compiling /ws/install/health_monitor/lib/python3.10/site-packages/health_monitor/system_metrics_node.py to system_metrics_node.cpython-310.pyc\n'}
[2.336896] (health_monitor) StderrLine: {'line': b'Sorry: TabError: inconsistent use of tabs and spaces in indentation (system_metrics_node.py, line 121)\n'}
[2.337329] (health_monitor) StdoutLine: {'line': b'running install_data\n'}
[2.337671] (health_monitor) StdoutLine: {'line': b'running install_egg_info\n'}
[2.341043] (health_monitor) StdoutLine: {'line': b"removing '/ws/install/health_monitor/lib/python3.10/site-packages/health_monitor-0.1.0-py3.10.egg-info' (and everything under it)\n"}
[2.341744] (health_monitor) StdoutLine: {'line': b'Copying ../../build/health_monitor/health_monitor.egg-info to /ws/install/health_monitor/lib/python3.10/site-packages/health_monitor-0.1.0-py3.10.egg-info\n'}
[2.343624] (health_monitor) StdoutLine: {'line': b'running install_scripts\n'}
[2.385593] (health_monitor) StdoutLine: {'line': b'Installing network_monitor script to /ws/install/health_monitor/lib/health_monitor\n'}
[2.385974] (health_monitor) StdoutLine: {'line': b'Installing system_metrics script to /ws/install/health_monitor/lib/health_monitor\n'}
[2.386313] (health_monitor) StdoutLine: {'line': b'Installing watchdog script to /ws/install/health_monitor/lib/health_monitor\n'}
[2.386894] (health_monitor) StdoutLine: {'line': b"writing list of installed files to '/ws/build/health_monitor/install.log'\n"}
[2.402198] (-) TimerEvent: {}
[2.451220] (health_monitor) CommandEnded: {'returncode': 0}
[2.475726] (health_monitor) JobEnded: {'identifier': 'health_monitor', 'rc': 0}
[2.477736] (-) EventReactorShutdown: {}
