[1.512s] Invoking command in '/ws/src/bandwidth_manager': AMENT_PREFIX_PATH=/ws/install/stack_msgs:${AMENT_PREFIX_PATH} CMAKE_PREFIX_PATH=/ws/install/stack_msgs LD_LIBRARY_PATH=/ws/install/stack_msgs/lib:/opt/ros/humble/lib/aarch64-linux-gnu:/opt/ros/humble/lib:/usr/local/cuda/lib64 PYTHONPATH=/ws/build/bandwidth_manager/prefix_override:/usr/lib/python3/dist-packages/colcon_core/task/python/colcon_distutils_commands:/ws/install/bandwidth_manager/lib/python3.10/site-packages:/ws/install/stack_msgs/local/lib/python3.10/dist-packages:${PYTHONPATH} /usr/bin/python3 -W ignore:setup.py install is deprecated -W ignore:easy_install command is deprecated setup.py egg_info --egg-base ../../build/bandwidth_manager build --build-base /ws/build/bandwidth_manager/build install --record /ws/build/bandwidth_manager/install.log --single-version-externally-managed install_data
[1.900s] running egg_info
[1.901s] writing ../../build/bandwidth_manager/bandwidth_manager.egg-info/PKG-INFO
[1.902s] writing dependency_links to ../../build/bandwidth_manager/bandwidth_manager.egg-info/dependency_links.txt
[1.902s] writing entry points to ../../build/bandwidth_manager/bandwidth_manager.egg-info/entry_points.txt
[1.902s] writing requirements to ../../build/bandwidth_manager/bandwidth_manager.egg-info/requires.txt
[1.903s] writing top-level names to ../../build/bandwidth_manager/bandwidth_manager.egg-info/top_level.txt
[1.906s] reading manifest file '../../build/bandwidth_manager/bandwidth_manager.egg-info/SOURCES.txt'
[1.906s] adding license file 'LICENSE'
[1.908s] writing manifest file '../../build/bandwidth_manager/bandwidth_manager.egg-info/SOURCES.txt'
[1.908s] running build
[1.908s] running build_py
[1.909s] running install
[1.910s] running install_lib
[1.912s] running install_data
[1.913s] running install_egg_info
[1.916s] removing '/ws/install/bandwidth_manager/lib/python3.10/site-packages/bandwidth_manager-0.1.0-py3.10.egg-info' (and everything under it)
[1.917s] Copying ../../build/bandwidth_manager/bandwidth_manager.egg-info to /ws/install/bandwidth_manager/lib/python3.10/site-packages/bandwidth_manager-0.1.0-py3.10.egg-info
[1.919s] running install_scripts
[1.964s] Installing bandwidth_manager script to /ws/install/bandwidth_manager/lib/bandwidth_manager
[1.965s] writing list of installed files to '/ws/build/bandwidth_manager/install.log'
[2.046s] Invoked command in '/ws/src/bandwidth_manager' returned '0': AMENT_PREFIX_PATH=/ws/install/stack_msgs:${AMENT_PREFIX_PATH} CMAKE_PREFIX_PATH=/ws/install/stack_msgs LD_LIBRARY_PATH=/ws/install/stack_msgs/lib:/opt/ros/humble/lib/aarch64-linux-gnu:/opt/ros/humble/lib:/usr/local/cuda/lib64 PYTHONPATH=/ws/build/bandwidth_manager/prefix_override:/usr/lib/python3/dist-packages/colcon_core/task/python/colcon_distutils_commands:/ws/install/bandwidth_manager/lib/python3.10/site-packages:/ws/install/stack_msgs/local/lib/python3.10/dist-packages:${PYTHONPATH} /usr/bin/python3 -W ignore:setup.py install is deprecated -W ignore:easy_install command is deprecated setup.py egg_info --egg-base ../../build/bandwidth_manager build --build-base /ws/build/bandwidth_manager/build install --record /ws/build/bandwidth_manager/install.log --single-version-externally-managed install_data
