[0.220s] DEBUG:colcon:Command line arguments: ['/usr/bin/colcon', 'build', '--packages-select', 'stack_msgs', 'health_monitor', 'bandwidth_manager', '--cmake-args', '-DCMAKE_BUILD_TYPE=Release']
[0.221s] DEBUG:colcon:Parsed command line arguments: Namespace(log_base=None, log_level=None, verb_name='build', build_base='build', install_base='install', merge_install=False, symlink_install=False, test_result_base=None, continue_on_error=False, executor='parallel', parallel_workers=6, event_handlers=None, ignore_user_meta=False, metas=['./colcon.meta'], base_paths=['.'], packages_ignore=None, packages_ignore_regex=None, paths=None, packages_up_to=None, packages_up_to_regex=None, packages_above=None, packages_above_and_dependencies=None, packages_above_depth=None, packages_select_by_dep=None, packages_skip_by_dep=None, packages_skip_up_to=None, packages_select_build_failed=False, packages_skip_build_finished=False, packages_select_test_failures=False, packages_skip_test_passed=False, packages_select=['stack_msgs', 'health_monitor', 'bandwidth_manager'], packages_skip=None, packages_select_regex=None, packages_skip_regex=None, packages_start=None, packages_end=None, cmake_args=['-DCMAKE_BUILD_TYPE=Release'], cmake_target=None, cmake_target_skip_unavailable=False, cmake_clean_cache=False, cmake_clean_first=False, cmake_force_configure=False, ament_cmake_args=None, catkin_cmake_args=None, catkin_skip_building_tests=False, verb_parser=<colcon_defaults.argument_parser.defaults.DefaultArgumentsDecorator object at 0xffff8920d8d0>, verb_extension=<colcon_core.verb.build.BuildVerb object at 0xffff89182560>, main=<bound method BuildVerb.main of <colcon_core.verb.build.BuildVerb object at 0xffff89182560>>)
[0.467s] Level 1:colcon.colcon_core.package_discovery:discover_packages(colcon_meta) check parameters
[0.467s] Level 1:colcon.colcon_core.package_discovery:discover_packages(recursive) check parameters
[0.467s] Level 1:colcon.colcon_core.package_discovery:discover_packages(ignore) check parameters
[0.467s] Level 1:colcon.colcon_core.package_discovery:discover_packages(path) check parameters
[0.468s] Level 1:colcon.colcon_core.package_discovery:discover_packages(colcon_meta) discover
[0.468s] Level 1:colcon.colcon_core.package_discovery:discover_packages(recursive) discover
[0.468s] INFO:colcon.colcon_core.package_discovery:Crawling recursively for packages in '/ws'
[0.468s] Level 1:colcon.colcon_core.package_identification:_identify(.) by extensions ['ignore', 'ignore_ament_install']
[0.468s] Level 1:colcon.colcon_core.package_identification:_identify(.) by extension 'ignore'
[0.468s] Level 1:colcon.colcon_core.package_identification:_identify(.) by extension 'ignore_ament_install'
[0.469s] Level 1:colcon.colcon_core.package_identification:_identify(.) by extensions ['colcon_pkg']
[0.469s] Level 1:colcon.colcon_core.package_identification:_identify(.) by extension 'colcon_pkg'
[0.469s] Level 1:colcon.colcon_core.package_identification:_identify(.) by extensions ['colcon_meta']
[0.469s] Level 1:colcon.colcon_core.package_identification:_identify(.) by extension 'colcon_meta'
[0.469s] Level 1:colcon.colcon_core.package_identification:_identify(.) by extensions ['ros']
[0.469s] Level 1:colcon.colcon_core.package_identification:_identify(.) by extension 'ros'
[0.495s] Level 1:colcon.colcon_core.package_identification:_identify(.) by extensions ['cmake', 'python']
[0.495s] Level 1:colcon.colcon_core.package_identification:_identify(.) by extension 'cmake'
[0.495s] Level 1:colcon.colcon_core.package_identification:_identify(.) by extension 'python'
[0.495s] Level 1:colcon.colcon_core.package_identification:_identify(.) by extensions ['python_setup_py']
[0.495s] Level 1:colcon.colcon_core.package_identification:_identify(.) by extension 'python_setup_py'
[0.496s] Level 1:colcon.colcon_core.package_identification:_identify(build) by extensions ['ignore', 'ignore_ament_install']
[0.496s] Level 1:colcon.colcon_core.package_identification:_identify(build) by extension 'ignore'
[0.496s] Level 1:colcon.colcon_core.package_identification:_identify(build) ignored
[0.496s] Level 1:colcon.colcon_core.package_identification:_identify(docker) by extensions ['ignore', 'ignore_ament_install']
[0.496s] Level 1:colcon.colcon_core.package_identification:_identify(docker) by extension 'ignore'
[0.496s] Level 1:colcon.colcon_core.package_identification:_identify(docker) by extension 'ignore_ament_install'
[0.497s] Level 1:colcon.colcon_core.package_identification:_identify(docker) by extensions ['colcon_pkg']
[0.497s] Level 1:colcon.colcon_core.package_identification:_identify(docker) by extension 'colcon_pkg'
[0.497s] Level 1:colcon.colcon_core.package_identification:_identify(docker) by extensions ['colcon_meta']
[0.497s] Level 1:colcon.colcon_core.package_identification:_identify(docker) by extension 'colcon_meta'
[0.497s] Level 1:colcon.colcon_core.package_identification:_identify(docker) by extensions ['ros']
[0.497s] Level 1:colcon.colcon_core.package_identification:_identify(docker) by extension 'ros'
[0.497s] Level 1:colcon.colcon_core.package_identification:_identify(docker) by extensions ['cmake', 'python']
[0.497s] Level 1:colcon.colcon_core.package_identification:_identify(docker) by extension 'cmake'
[0.497s] Level 1:colcon.colcon_core.package_identification:_identify(docker) by extension 'python'
[0.497s] Level 1:colcon.colcon_core.package_identification:_identify(docker) by extensions ['python_setup_py']
[0.497s] Level 1:colcon.colcon_core.package_identification:_identify(docker) by extension 'python_setup_py'
[0.498s] Level 1:colcon.colcon_core.package_identification:_identify(docker/compose) by extensions ['ignore', 'ignore_ament_install']
[0.498s] Level 1:colcon.colcon_core.package_identification:_identify(docker/compose) by extension 'ignore'
[0.498s] Level 1:colcon.colcon_core.package_identification:_identify(docker/compose) by extension 'ignore_ament_install'
[0.498s] Level 1:colcon.colcon_core.package_identification:_identify(docker/compose) by extensions ['colcon_pkg']
[0.498s] Level 1:colcon.colcon_core.package_identification:_identify(docker/compose) by extension 'colcon_pkg'
[0.498s] Level 1:colcon.colcon_core.package_identification:_identify(docker/compose) by extensions ['colcon_meta']
[0.498s] Level 1:colcon.colcon_core.package_identification:_identify(docker/compose) by extension 'colcon_meta'
[0.498s] Level 1:colcon.colcon_core.package_identification:_identify(docker/compose) by extensions ['ros']
[0.498s] Level 1:colcon.colcon_core.package_identification:_identify(docker/compose) by extension 'ros'
[0.499s] Level 1:colcon.colcon_core.package_identification:_identify(docker/compose) by extensions ['cmake', 'python']
[0.499s] Level 1:colcon.colcon_core.package_identification:_identify(docker/compose) by extension 'cmake'
[0.499s] Level 1:colcon.colcon_core.package_identification:_identify(docker/compose) by extension 'python'
[0.499s] Level 1:colcon.colcon_core.package_identification:_identify(docker/compose) by extensions ['python_setup_py']
[0.499s] Level 1:colcon.colcon_core.package_identification:_identify(docker/compose) by extension 'python_setup_py'
[0.499s] Level 1:colcon.colcon_core.package_identification:_identify(docker/jetson) by extensions ['ignore', 'ignore_ament_install']
[0.499s] Level 1:colcon.colcon_core.package_identification:_identify(docker/jetson) by extension 'ignore'
[0.499s] Level 1:colcon.colcon_core.package_identification:_identify(docker/jetson) by extension 'ignore_ament_install'
[0.500s] Level 1:colcon.colcon_core.package_identification:_identify(docker/jetson) by extensions ['colcon_pkg']
[0.500s] Level 1:colcon.colcon_core.package_identification:_identify(docker/jetson) by extension 'colcon_pkg'
[0.500s] Level 1:colcon.colcon_core.package_identification:_identify(docker/jetson) by extensions ['colcon_meta']
[0.500s] Level 1:colcon.colcon_core.package_identification:_identify(docker/jetson) by extension 'colcon_meta'
[0.500s] Level 1:colcon.colcon_core.package_identification:_identify(docker/jetson) by extensions ['ros']
[0.500s] Level 1:colcon.colcon_core.package_identification:_identify(docker/jetson) by extension 'ros'
[0.500s] Level 1:colcon.colcon_core.package_identification:_identify(docker/jetson) by extensions ['cmake', 'python']
[0.500s] Level 1:colcon.colcon_core.package_identification:_identify(docker/jetson) by extension 'cmake'
[0.500s] Level 1:colcon.colcon_core.package_identification:_identify(docker/jetson) by extension 'python'
[0.500s] Level 1:colcon.colcon_core.package_identification:_identify(docker/jetson) by extensions ['python_setup_py']
[0.500s] Level 1:colcon.colcon_core.package_identification:_identify(docker/jetson) by extension 'python_setup_py'
[0.501s] Level 1:colcon.colcon_core.package_identification:_identify(docker/operator) by extensions ['ignore', 'ignore_ament_install']
[0.501s] Level 1:colcon.colcon_core.package_identification:_identify(docker/operator) by extension 'ignore'
[0.501s] Level 1:colcon.colcon_core.package_identification:_identify(docker/operator) by extension 'ignore_ament_install'
[0.501s] Level 1:colcon.colcon_core.package_identification:_identify(docker/operator) by extensions ['colcon_pkg']
[0.501s] Level 1:colcon.colcon_core.package_identification:_identify(docker/operator) by extension 'colcon_pkg'
[0.501s] Level 1:colcon.colcon_core.package_identification:_identify(docker/operator) by extensions ['colcon_meta']
[0.501s] Level 1:colcon.colcon_core.package_identification:_identify(docker/operator) by extension 'colcon_meta'
[0.501s] Level 1:colcon.colcon_core.package_identification:_identify(docker/operator) by extensions ['ros']
[0.501s] Level 1:colcon.colcon_core.package_identification:_identify(docker/operator) by extension 'ros'
[0.502s] Level 1:colcon.colcon_core.package_identification:_identify(docker/operator) by extensions ['cmake', 'python']
[0.502s] Level 1:colcon.colcon_core.package_identification:_identify(docker/operator) by extension 'cmake'
[0.502s] Level 1:colcon.colcon_core.package_identification:_identify(docker/operator) by extension 'python'
[0.502s] Level 1:colcon.colcon_core.package_identification:_identify(docker/operator) by extensions ['python_setup_py']
[0.502s] Level 1:colcon.colcon_core.package_identification:_identify(docker/operator) by extension 'python_setup_py'
[0.502s] Level 1:colcon.colcon_core.package_identification:_identify(docs) by extensions ['ignore', 'ignore_ament_install']
[0.502s] Level 1:colcon.colcon_core.package_identification:_identify(docs) by extension 'ignore'
[0.502s] Level 1:colcon.colcon_core.package_identification:_identify(docs) by extension 'ignore_ament_install'
[0.502s] Level 1:colcon.colcon_core.package_identification:_identify(docs) by extensions ['colcon_pkg']
[0.502s] Level 1:colcon.colcon_core.package_identification:_identify(docs) by extension 'colcon_pkg'
[0.503s] Level 1:colcon.colcon_core.package_identification:_identify(docs) by extensions ['colcon_meta']
[0.503s] Level 1:colcon.colcon_core.package_identification:_identify(docs) by extension 'colcon_meta'
[0.503s] Level 1:colcon.colcon_core.package_identification:_identify(docs) by extensions ['ros']
[0.503s] Level 1:colcon.colcon_core.package_identification:_identify(docs) by extension 'ros'
[0.503s] Level 1:colcon.colcon_core.package_identification:_identify(docs) by extensions ['cmake', 'python']
[0.503s] Level 1:colcon.colcon_core.package_identification:_identify(docs) by extension 'cmake'
[0.503s] Level 1:colcon.colcon_core.package_identification:_identify(docs) by extension 'python'
[0.503s] Level 1:colcon.colcon_core.package_identification:_identify(docs) by extensions ['python_setup_py']
[0.503s] Level 1:colcon.colcon_core.package_identification:_identify(docs) by extension 'python_setup_py'
[0.503s] Level 1:colcon.colcon_core.package_identification:_identify(fastdds) by extensions ['ignore', 'ignore_ament_install']
[0.504s] Level 1:colcon.colcon_core.package_identification:_identify(fastdds) by extension 'ignore'
[0.504s] Level 1:colcon.colcon_core.package_identification:_identify(fastdds) by extension 'ignore_ament_install'
[0.504s] Level 1:colcon.colcon_core.package_identification:_identify(fastdds) by extensions ['colcon_pkg']
[0.504s] Level 1:colcon.colcon_core.package_identification:_identify(fastdds) by extension 'colcon_pkg'
[0.504s] Level 1:colcon.colcon_core.package_identification:_identify(fastdds) by extensions ['colcon_meta']
[0.504s] Level 1:colcon.colcon_core.package_identification:_identify(fastdds) by extension 'colcon_meta'
[0.504s] Level 1:colcon.colcon_core.package_identification:_identify(fastdds) by extensions ['ros']
[0.504s] Level 1:colcon.colcon_core.package_identification:_identify(fastdds) by extension 'ros'
[0.504s] Level 1:colcon.colcon_core.package_identification:_identify(fastdds) by extensions ['cmake', 'python']
[0.504s] Level 1:colcon.colcon_core.package_identification:_identify(fastdds) by extension 'cmake'
[0.505s] Level 1:colcon.colcon_core.package_identification:_identify(fastdds) by extension 'python'
[0.505s] Level 1:colcon.colcon_core.package_identification:_identify(fastdds) by extensions ['python_setup_py']
[0.505s] Level 1:colcon.colcon_core.package_identification:_identify(fastdds) by extension 'python_setup_py'
[0.505s] Level 1:colcon.colcon_core.package_identification:_identify(install) by extensions ['ignore', 'ignore_ament_install']
[0.505s] Level 1:colcon.colcon_core.package_identification:_identify(install) by extension 'ignore'
[0.505s] Level 1:colcon.colcon_core.package_identification:_identify(install) ignored
[0.505s] Level 1:colcon.colcon_core.package_identification:_identify(log) by extensions ['ignore', 'ignore_ament_install']
[0.505s] Level 1:colcon.colcon_core.package_identification:_identify(log) by extension 'ignore'
[0.506s] Level 1:colcon.colcon_core.package_identification:_identify(log) ignored
[0.506s] Level 1:colcon.colcon_core.package_identification:_identify(src) by extensions ['ignore', 'ignore_ament_install']
[0.506s] Level 1:colcon.colcon_core.package_identification:_identify(src) by extension 'ignore'
[0.506s] Level 1:colcon.colcon_core.package_identification:_identify(src) by extension 'ignore_ament_install'
[0.506s] Level 1:colcon.colcon_core.package_identification:_identify(src) by extensions ['colcon_pkg']
[0.506s] Level 1:colcon.colcon_core.package_identification:_identify(src) by extension 'colcon_pkg'
[0.506s] Level 1:colcon.colcon_core.package_identification:_identify(src) by extensions ['colcon_meta']
[0.506s] Level 1:colcon.colcon_core.package_identification:_identify(src) by extension 'colcon_meta'
[0.506s] Level 1:colcon.colcon_core.package_identification:_identify(src) by extensions ['ros']
[0.507s] Level 1:colcon.colcon_core.package_identification:_identify(src) by extension 'ros'
[0.507s] Level 1:colcon.colcon_core.package_identification:_identify(src) by extensions ['cmake', 'python']
[0.507s] Level 1:colcon.colcon_core.package_identification:_identify(src) by extension 'cmake'
[0.507s] Level 1:colcon.colcon_core.package_identification:_identify(src) by extension 'python'
[0.507s] Level 1:colcon.colcon_core.package_identification:_identify(src) by extensions ['python_setup_py']
[0.507s] Level 1:colcon.colcon_core.package_identification:_identify(src) by extension 'python_setup_py'
[0.507s] Level 1:colcon.colcon_core.package_identification:_identify(src/bandwidth_manager) by extensions ['ignore', 'ignore_ament_install']
[0.507s] Level 1:colcon.colcon_core.package_identification:_identify(src/bandwidth_manager) by extension 'ignore'
[0.507s] Level 1:colcon.colcon_core.package_identification:_identify(src/bandwidth_manager) by extension 'ignore_ament_install'
[0.508s] Level 1:colcon.colcon_core.package_identification:_identify(src/bandwidth_manager) by extensions ['colcon_pkg']
[0.508s] Level 1:colcon.colcon_core.package_identification:_identify(src/bandwidth_manager) by extension 'colcon_pkg'
[0.508s] Level 1:colcon.colcon_core.package_identification:_identify(src/bandwidth_manager) by extensions ['colcon_meta']
[0.508s] Level 1:colcon.colcon_core.package_identification:_identify(src/bandwidth_manager) by extension 'colcon_meta'
[0.508s] Level 1:colcon.colcon_core.package_identification:_identify(src/bandwidth_manager) by extensions ['ros']
[0.508s] Level 1:colcon.colcon_core.package_identification:_identify(src/bandwidth_manager) by extension 'ros'
[0.514s] DEBUG:colcon.colcon_core.package_identification:Package 'src/bandwidth_manager' with type 'ros.ament_python' and name 'bandwidth_manager'
[0.514s] Level 1:colcon.colcon_core.package_identification:_identify(src/health_monitor) by extensions ['ignore', 'ignore_ament_install']
[0.514s] Level 1:colcon.colcon_core.package_identification:_identify(src/health_monitor) by extension 'ignore'
[0.514s] Level 1:colcon.colcon_core.package_identification:_identify(src/health_monitor) by extension 'ignore_ament_install'
[0.515s] Level 1:colcon.colcon_core.package_identification:_identify(src/health_monitor) by extensions ['colcon_pkg']
[0.515s] Level 1:colcon.colcon_core.package_identification:_identify(src/health_monitor) by extension 'colcon_pkg'
[0.515s] Level 1:colcon.colcon_core.package_identification:_identify(src/health_monitor) by extensions ['colcon_meta']
[0.515s] Level 1:colcon.colcon_core.package_identification:_identify(src/health_monitor) by extension 'colcon_meta'
[0.515s] Level 1:colcon.colcon_core.package_identification:_identify(src/health_monitor) by extensions ['ros']
[0.515s] Level 1:colcon.colcon_core.package_identification:_identify(src/health_monitor) by extension 'ros'
[0.516s] DEBUG:colcon.colcon_core.package_identification:Package 'src/health_monitor' with type 'ros.ament_python' and name 'health_monitor'
[0.517s] Level 1:colcon.colcon_core.package_identification:_identify(src/stack_msgs) by extensions ['ignore', 'ignore_ament_install']
[0.517s] Level 1:colcon.colcon_core.package_identification:_identify(src/stack_msgs) by extension 'ignore'
[0.517s] Level 1:colcon.colcon_core.package_identification:_identify(src/stack_msgs) by extension 'ignore_ament_install'
[0.517s] Level 1:colcon.colcon_core.package_identification:_identify(src/stack_msgs) by extensions ['colcon_pkg']
[0.517s] Level 1:colcon.colcon_core.package_identification:_identify(src/stack_msgs) by extension 'colcon_pkg'
[0.517s] Level 1:colcon.colcon_core.package_identification:_identify(src/stack_msgs) by extensions ['colcon_meta']
[0.517s] Level 1:colcon.colcon_core.package_identification:_identify(src/stack_msgs) by extension 'colcon_meta'
[0.517s] Level 1:colcon.colcon_core.package_identification:_identify(src/stack_msgs) by extensions ['ros']
[0.518s] Level 1:colcon.colcon_core.package_identification:_identify(src/stack_msgs) by extension 'ros'
[0.519s] DEBUG:colcon.colcon_core.package_identification:Package 'src/stack_msgs' with type 'ros.ament_cmake' and name 'stack_msgs'
[0.519s] Level 1:colcon.colcon_core.package_discovery:discover_packages(recursive) using defaults
[0.519s] Level 1:colcon.colcon_core.package_discovery:discover_packages(ignore) discover
[0.519s] Level 1:colcon.colcon_core.package_discovery:discover_packages(ignore) using defaults
[0.519s] Level 1:colcon.colcon_core.package_discovery:discover_packages(path) discover
[0.519s] Level 1:colcon.colcon_core.package_discovery:discover_packages(path) using defaults
[0.562s] Level 5:colcon.colcon_core.verb:set package 'stack_msgs' build argument 'cmake_args' from command line to '['-DCMAKE_BUILD_TYPE=Release']'
[0.562s] Level 5:colcon.colcon_core.verb:set package 'stack_msgs' build argument 'cmake_target' from command line to 'None'
[0.562s] Level 5:colcon.colcon_core.verb:set package 'stack_msgs' build argument 'cmake_target_skip_unavailable' from command line to 'False'
[0.562s] Level 5:colcon.colcon_core.verb:set package 'stack_msgs' build argument 'cmake_clean_cache' from command line to 'False'
[0.562s] Level 5:colcon.colcon_core.verb:set package 'stack_msgs' build argument 'cmake_clean_first' from command line to 'False'
[0.562s] Level 5:colcon.colcon_core.verb:set package 'stack_msgs' build argument 'cmake_force_configure' from command line to 'False'
[0.562s] Level 5:colcon.colcon_core.verb:set package 'stack_msgs' build argument 'ament_cmake_args' from command line to 'None'
[0.562s] Level 5:colcon.colcon_core.verb:set package 'stack_msgs' build argument 'catkin_cmake_args' from command line to 'None'
[0.563s] Level 5:colcon.colcon_core.verb:set package 'stack_msgs' build argument 'catkin_skip_building_tests' from command line to 'False'
[0.563s] DEBUG:colcon.colcon_core.verb:Building package 'stack_msgs' with the following arguments: {'ament_cmake_args': None, 'build_base': '/ws/build/stack_msgs', 'catkin_cmake_args': None, 'catkin_skip_building_tests': False, 'cmake_args': ['-DCMAKE_BUILD_TYPE=Release'], 'cmake_clean_cache': False, 'cmake_clean_first': False, 'cmake_force_configure': False, 'cmake_target': None, 'cmake_target_skip_unavailable': False, 'install_base': '/ws/install/stack_msgs', 'merge_install': False, 'path': '/ws/src/stack_msgs', 'symlink_install': False, 'test_result_base': None}
[0.563s] Level 5:colcon.colcon_core.verb:set package 'bandwidth_manager' build argument 'cmake_args' from command line to '['-DCMAKE_BUILD_TYPE=Release']'
[0.563s] Level 5:colcon.colcon_core.verb:set package 'bandwidth_manager' build argument 'cmake_target' from command line to 'None'
[0.563s] Level 5:colcon.colcon_core.verb:set package 'bandwidth_manager' build argument 'cmake_target_skip_unavailable' from command line to 'False'
[0.563s] Level 5:colcon.colcon_core.verb:set package 'bandwidth_manager' build argument 'cmake_clean_cache' from command line to 'False'
[0.563s] Level 5:colcon.colcon_core.verb:set package 'bandwidth_manager' build argument 'cmake_clean_first' from command line to 'False'
[0.564s] Level 5:colcon.colcon_core.verb:set package 'bandwidth_manager' build argument 'cmake_force_configure' from command line to 'False'
[0.564s] Level 5:colcon.colcon_core.verb:set package 'bandwidth_manager' build argument 'ament_cmake_args' from command line to 'None'
[0.564s] Level 5:colcon.colcon_core.verb:set package 'bandwidth_manager' build argument 'catkin_cmake_args' from command line to 'None'
[0.564s] Level 5:colcon.colcon_core.verb:set package 'bandwidth_manager' build argument 'catkin_skip_building_tests' from command line to 'False'
[0.564s] DEBUG:colcon.colcon_core.verb:Building package 'bandwidth_manager' with the following arguments: {'ament_cmake_args': None, 'build_base': '/ws/build/bandwidth_manager', 'catkin_cmake_args': None, 'catkin_skip_building_tests': False, 'cmake_args': ['-DCMAKE_BUILD_TYPE=Release'], 'cmake_clean_cache': False, 'cmake_clean_first': False, 'cmake_force_configure': False, 'cmake_target': None, 'cmake_target_skip_unavailable': False, 'install_base': '/ws/install/bandwidth_manager', 'merge_install': False, 'path': '/ws/src/bandwidth_manager', 'symlink_install': False, 'test_result_base': None}
[0.564s] Level 5:colcon.colcon_core.verb:set package 'health_monitor' build argument 'cmake_args' from command line to '['-DCMAKE_BUILD_TYPE=Release']'
[0.565s] Level 5:colcon.colcon_core.verb:set package 'health_monitor' build argument 'cmake_target' from command line to 'None'
[0.565s] Level 5:colcon.colcon_core.verb:set package 'health_monitor' build argument 'cmake_target_skip_unavailable' from command line to 'False'
[0.565s] Level 5:colcon.colcon_core.verb:set package 'health_monitor' build argument 'cmake_clean_cache' from command line to 'False'
[0.565s] Level 5:colcon.colcon_core.verb:set package 'health_monitor' build argument 'cmake_clean_first' from command line to 'False'
[0.565s] Level 5:colcon.colcon_core.verb:set package 'health_monitor' build argument 'cmake_force_configure' from command line to 'False'
[0.565s] Level 5:colcon.colcon_core.verb:set package 'health_monitor' build argument 'ament_cmake_args' from command line to 'None'
[0.565s] Level 5:colcon.colcon_core.verb:set package 'health_monitor' build argument 'catkin_cmake_args' from command line to 'None'
[0.565s] Level 5:colcon.colcon_core.verb:set package 'health_monitor' build argument 'catkin_skip_building_tests' from command line to 'False'
[0.565s] DEBUG:colcon.colcon_core.verb:Building package 'health_monitor' with the following arguments: {'ament_cmake_args': None, 'build_base': '/ws/build/health_monitor', 'catkin_cmake_args': None, 'catkin_skip_building_tests': False, 'cmake_args': ['-DCMAKE_BUILD_TYPE=Release'], 'cmake_clean_cache': False, 'cmake_clean_first': False, 'cmake_force_configure': False, 'cmake_target': None, 'cmake_target_skip_unavailable': False, 'install_base': '/ws/install/health_monitor', 'merge_install': False, 'path': '/ws/src/health_monitor', 'symlink_install': False, 'test_result_base': None}
[0.565s] INFO:colcon.colcon_core.executor:Executing jobs using 'parallel' executor
[0.570s] DEBUG:colcon.colcon_parallel_executor.executor.parallel:run_until_complete
[0.571s] INFO:colcon.colcon_ros.task.ament_cmake.build:Building ROS package in '/ws/src/stack_msgs' with build type 'ament_cmake'
[0.571s] INFO:colcon.colcon_cmake.task.cmake.build:Building CMake package in '/ws/src/stack_msgs'
[0.576s] INFO:colcon.colcon_core.plugin_system:Skipping extension 'colcon_core.shell.bat': Not used on non-Windows systems
[0.576s] INFO:colcon.colcon_core.shell:Skip shell extension 'powershell' for command environment: Not usable outside of PowerShell
[0.577s] DEBUG:colcon.colcon_core.shell:Skip shell extension 'dsv' for command environment
[0.594s] DEBUG:colcon.colcon_core.event_handler.log_command:Invoking command in '/ws/build/stack_msgs': CMAKE_PREFIX_PATH=/opt/ros/humble /usr/bin/cmake --build /ws/build/stack_msgs -- -j6 -l6
[1.253s] DEBUG:colcon.colcon_core.event_handler.log_command:Invoked command in '/ws/build/stack_msgs' returned '0': CMAKE_PREFIX_PATH=/opt/ros/humble /usr/bin/cmake --build /ws/build/stack_msgs -- -j6 -l6
[1.274s] DEBUG:colcon.colcon_core.event_handler.log_command:Invoking command in '/ws/build/stack_msgs': CMAKE_PREFIX_PATH=/opt/ros/humble /usr/bin/cmake --install /ws/build/stack_msgs
[1.384s] Level 1:colcon.colcon_core.environment:create_environment_scripts_only(stack_msgs)
[1.399s] DEBUG:colcon.colcon_core.event_handler.log_command:Invoked command in '/ws/build/stack_msgs' returned '0': CMAKE_PREFIX_PATH=/opt/ros/humble /usr/bin/cmake --install /ws/build/stack_msgs
[1.401s] Level 1:colcon.colcon_core.environment:checking '/ws/install/stack_msgs' for CMake module files
[1.404s] Level 1:colcon.colcon_core.environment:checking '/ws/install/stack_msgs' for CMake config files
[1.406s] Level 1:colcon.colcon_core.shell:create_environment_hook('stack_msgs', 'cmake_prefix_path')
[1.406s] INFO:colcon.colcon_core.shell:Creating environment hook '/ws/install/stack_msgs/share/stack_msgs/hook/cmake_prefix_path.ps1'
[1.409s] INFO:colcon.colcon_core.shell:Creating environment descriptor '/ws/install/stack_msgs/share/stack_msgs/hook/cmake_prefix_path.dsv'
[1.410s] INFO:colcon.colcon_core.shell:Creating environment hook '/ws/install/stack_msgs/share/stack_msgs/hook/cmake_prefix_path.sh'
[1.414s] Level 1:colcon.colcon_core.environment:checking '/ws/install/stack_msgs/lib'
[1.414s] Level 1:colcon.colcon_core.shell:create_environment_hook('stack_msgs', 'ld_library_path_lib')
[1.415s] INFO:colcon.colcon_core.shell:Creating environment hook '/ws/install/stack_msgs/share/stack_msgs/hook/ld_library_path_lib.ps1'
[1.417s] INFO:colcon.colcon_core.shell:Creating environment descriptor '/ws/install/stack_msgs/share/stack_msgs/hook/ld_library_path_lib.dsv'
[1.418s] INFO:colcon.colcon_core.shell:Creating environment hook '/ws/install/stack_msgs/share/stack_msgs/hook/ld_library_path_lib.sh'
[1.420s] Level 1:colcon.colcon_core.environment:checking '/ws/install/stack_msgs/bin'
[1.420s] Level 1:colcon.colcon_core.environment:checking '/ws/install/stack_msgs/lib/pkgconfig/stack_msgs.pc'
[1.424s] Level 1:colcon.colcon_core.environment:checking '/ws/install/stack_msgs/lib/python3.10/site-packages'
[1.425s] Level 1:colcon.colcon_core.environment:checking '/ws/install/stack_msgs/bin'
[1.426s] INFO:colcon.colcon_core.shell:Creating package script '/ws/install/stack_msgs/share/stack_msgs/package.ps1'
[1.430s] INFO:colcon.colcon_core.shell:Creating package descriptor '/ws/install/stack_msgs/share/stack_msgs/package.dsv'
[1.432s] INFO:colcon.colcon_core.shell:Creating package script '/ws/install/stack_msgs/share/stack_msgs/package.sh'
[1.436s] INFO:colcon.colcon_core.shell:Creating package script '/ws/install/stack_msgs/share/stack_msgs/package.bash'
[1.439s] INFO:colcon.colcon_core.shell:Creating package script '/ws/install/stack_msgs/share/stack_msgs/package.zsh'
[1.441s] Level 1:colcon.colcon_core.environment:create_file_with_runtime_dependencies(/ws/install/stack_msgs/share/colcon-core/packages/stack_msgs)
[1.443s] Level 1:colcon.colcon_core.environment:create_environment_scripts_only(stack_msgs)
[1.444s] Level 1:colcon.colcon_core.environment:checking '/ws/install/stack_msgs' for CMake module files
[1.446s] Level 1:colcon.colcon_core.environment:checking '/ws/install/stack_msgs' for CMake config files
[1.447s] Level 1:colcon.colcon_core.shell:create_environment_hook('stack_msgs', 'cmake_prefix_path')
[1.448s] INFO:colcon.colcon_core.shell:Creating environment hook '/ws/install/stack_msgs/share/stack_msgs/hook/cmake_prefix_path.ps1'
[1.449s] INFO:colcon.colcon_core.shell:Creating environment descriptor '/ws/install/stack_msgs/share/stack_msgs/hook/cmake_prefix_path.dsv'
[1.450s] INFO:colcon.colcon_core.shell:Creating environment hook '/ws/install/stack_msgs/share/stack_msgs/hook/cmake_prefix_path.sh'
[1.452s] Level 1:colcon.colcon_core.environment:checking '/ws/install/stack_msgs/lib'
[1.452s] Level 1:colcon.colcon_core.shell:create_environment_hook('stack_msgs', 'ld_library_path_lib')
[1.453s] INFO:colcon.colcon_core.shell:Creating environment hook '/ws/install/stack_msgs/share/stack_msgs/hook/ld_library_path_lib.ps1'
[1.454s] INFO:colcon.colcon_core.shell:Creating environment descriptor '/ws/install/stack_msgs/share/stack_msgs/hook/ld_library_path_lib.dsv'
[1.455s] INFO:colcon.colcon_core.shell:Creating environment hook '/ws/install/stack_msgs/share/stack_msgs/hook/ld_library_path_lib.sh'
[1.456s] Level 1:colcon.colcon_core.environment:checking '/ws/install/stack_msgs/bin'
[1.456s] Level 1:colcon.colcon_core.environment:checking '/ws/install/stack_msgs/lib/pkgconfig/stack_msgs.pc'
[1.457s] Level 1:colcon.colcon_core.environment:checking '/ws/install/stack_msgs/lib/python3.10/site-packages'
[1.458s] Level 1:colcon.colcon_core.environment:checking '/ws/install/stack_msgs/bin'
[1.458s] INFO:colcon.colcon_core.shell:Creating package script '/ws/install/stack_msgs/share/stack_msgs/package.ps1'
[1.460s] INFO:colcon.colcon_core.shell:Creating package descriptor '/ws/install/stack_msgs/share/stack_msgs/package.dsv'
[1.461s] INFO:colcon.colcon_core.shell:Creating package script '/ws/install/stack_msgs/share/stack_msgs/package.sh'
[1.462s] INFO:colcon.colcon_core.shell:Creating package script '/ws/install/stack_msgs/share/stack_msgs/package.bash'
[1.463s] INFO:colcon.colcon_core.shell:Creating package script '/ws/install/stack_msgs/share/stack_msgs/package.zsh'
[1.464s] Level 1:colcon.colcon_core.environment:create_file_with_runtime_dependencies(/ws/install/stack_msgs/share/colcon-core/packages/stack_msgs)
[1.465s] INFO:colcon.colcon_ros.task.ament_python.build:Building ROS package in '/ws/src/bandwidth_manager' with build type 'ament_python'
[1.466s] Level 1:colcon.colcon_core.shell:create_environment_hook('bandwidth_manager', 'ament_prefix_path')
[1.466s] INFO:colcon.colcon_core.shell:Creating environment hook '/ws/install/bandwidth_manager/share/bandwidth_manager/hook/ament_prefix_path.ps1'
[1.469s] INFO:colcon.colcon_core.shell:Creating environment descriptor '/ws/install/bandwidth_manager/share/bandwidth_manager/hook/ament_prefix_path.dsv'
[1.470s] INFO:colcon.colcon_core.shell:Creating environment hook '/ws/install/bandwidth_manager/share/bandwidth_manager/hook/ament_prefix_path.sh'
[1.472s] INFO:colcon.colcon_core.shell:Skip shell extension 'powershell' for command environment: Not usable outside of PowerShell
[1.472s] DEBUG:colcon.colcon_core.shell:Skip shell extension 'dsv' for command environment
[1.478s] INFO:colcon.colcon_ros.task.ament_python.build:Building ROS package in '/ws/src/health_monitor' with build type 'ament_python'
[1.479s] Level 1:colcon.colcon_core.shell:create_environment_hook('health_monitor', 'ament_prefix_path')
[1.480s] INFO:colcon.colcon_core.shell:Creating environment hook '/ws/install/health_monitor/share/health_monitor/hook/ament_prefix_path.ps1'
[1.482s] INFO:colcon.colcon_core.shell:Creating environment descriptor '/ws/install/health_monitor/share/health_monitor/hook/ament_prefix_path.dsv'
[1.483s] INFO:colcon.colcon_core.shell:Creating environment hook '/ws/install/health_monitor/share/health_monitor/hook/ament_prefix_path.sh'
[1.485s] INFO:colcon.colcon_core.shell:Skip shell extension 'powershell' for command environment: Not usable outside of PowerShell
[1.485s] DEBUG:colcon.colcon_core.shell:Skip shell extension 'dsv' for command environment
[1.931s] INFO:colcon.colcon_core.task.python.build:Building Python package in '/ws/src/bandwidth_manager'
[1.931s] INFO:colcon.colcon_core.shell:Skip shell extension 'powershell' for command environment: Not usable outside of PowerShell
[1.932s] DEBUG:colcon.colcon_core.shell:Skip shell extension 'dsv' for command environment
[2.375s] INFO:colcon.colcon_core.task.python.build:Building Python package in '/ws/src/health_monitor'
[2.375s] INFO:colcon.colcon_core.shell:Skip shell extension 'powershell' for command environment: Not usable outside of PowerShell
[2.376s] DEBUG:colcon.colcon_core.shell:Skip shell extension 'dsv' for command environment
[2.975s] DEBUG:colcon.colcon_core.event_handler.log_command:Invoking command in '/ws/src/health_monitor': AMENT_PREFIX_PATH=/ws/install/stack_msgs:${AMENT_PREFIX_PATH} CMAKE_PREFIX_PATH=/ws/install/stack_msgs LD_LIBRARY_PATH=/ws/install/stack_msgs/lib:/opt/ros/humble/lib/aarch64-linux-gnu:/opt/ros/humble/lib:/usr/local/cuda/lib64 PYTHONPATH=/ws/build/health_monitor/prefix_override:/usr/lib/python3/dist-packages/colcon_core/task/python/colcon_distutils_commands:/ws/install/health_monitor/lib/python3.10/site-packages:/ws/install/stack_msgs/local/lib/python3.10/dist-packages:${PYTHONPATH} /usr/bin/python3 -W ignore:setup.py install is deprecated -W ignore:easy_install command is deprecated setup.py egg_info --egg-base ../../build/health_monitor build --build-base /ws/build/health_monitor/build install --record /ws/build/health_monitor/install.log --single-version-externally-managed install_data
[2.978s] DEBUG:colcon.colcon_core.event_handler.log_command:Invoking command in '/ws/src/bandwidth_manager': AMENT_PREFIX_PATH=/ws/install/stack_msgs:${AMENT_PREFIX_PATH} CMAKE_PREFIX_PATH=/ws/install/stack_msgs LD_LIBRARY_PATH=/ws/install/stack_msgs/lib:/opt/ros/humble/lib/aarch64-linux-gnu:/opt/ros/humble/lib:/usr/local/cuda/lib64 PYTHONPATH=/ws/build/bandwidth_manager/prefix_override:/usr/lib/python3/dist-packages/colcon_core/task/python/colcon_distutils_commands:/ws/install/bandwidth_manager/lib/python3.10/site-packages:/ws/install/stack_msgs/local/lib/python3.10/dist-packages:${PYTHONPATH} /usr/bin/python3 -W ignore:setup.py install is deprecated -W ignore:easy_install command is deprecated setup.py egg_info --egg-base ../../build/bandwidth_manager build --build-base /ws/build/bandwidth_manager/build install --record /ws/build/bandwidth_manager/install.log --single-version-externally-managed install_data
[3.483s] Level 1:colcon.colcon_core.environment:checking '/ws/install/health_monitor' for CMake module files
[3.484s] DEBUG:colcon.colcon_core.event_handler.log_command:Invoked command in '/ws/src/health_monitor' returned '0': AMENT_PREFIX_PATH=/ws/install/stack_msgs:${AMENT_PREFIX_PATH} CMAKE_PREFIX_PATH=/ws/install/stack_msgs LD_LIBRARY_PATH=/ws/install/stack_msgs/lib:/opt/ros/humble/lib/aarch64-linux-gnu:/opt/ros/humble/lib:/usr/local/cuda/lib64 PYTHONPATH=/ws/build/health_monitor/prefix_override:/usr/lib/python3/dist-packages/colcon_core/task/python/colcon_distutils_commands:/ws/install/health_monitor/lib/python3.10/site-packages:/ws/install/stack_msgs/local/lib/python3.10/dist-packages:${PYTHONPATH} /usr/bin/python3 -W ignore:setup.py install is deprecated -W ignore:easy_install command is deprecated setup.py egg_info --egg-base ../../build/health_monitor build --build-base /ws/build/health_monitor/build install --record /ws/build/health_monitor/install.log --single-version-externally-managed install_data
[3.485s] Level 1:colcon.colcon_core.environment:checking '/ws/install/health_monitor' for CMake config files
[3.486s] Level 1:colcon.colcon_core.environment:checking '/ws/install/health_monitor/lib'
[3.487s] Level 1:colcon.colcon_core.environment:checking '/ws/install/health_monitor/bin'
[3.487s] Level 1:colcon.colcon_core.environment:checking '/ws/install/health_monitor/lib/pkgconfig/health_monitor.pc'
[3.487s] Level 1:colcon.colcon_core.environment:checking '/ws/install/health_monitor/lib/python3.10/site-packages'
[3.487s] Level 1:colcon.colcon_core.shell:create_environment_hook('health_monitor', 'pythonpath')
[3.488s] INFO:colcon.colcon_core.shell:Creating environment hook '/ws/install/health_monitor/share/health_monitor/hook/pythonpath.ps1'
[3.489s] INFO:colcon.colcon_core.shell:Creating environment descriptor '/ws/install/health_monitor/share/health_monitor/hook/pythonpath.dsv'
[3.490s] INFO:colcon.colcon_core.shell:Creating environment hook '/ws/install/health_monitor/share/health_monitor/hook/pythonpath.sh'
[3.493s] Level 1:colcon.colcon_core.environment:checking '/ws/install/health_monitor/bin'
[3.493s] Level 1:colcon.colcon_core.environment:create_environment_scripts_only(health_monitor)
[3.494s] INFO:colcon.colcon_core.shell:Creating package script '/ws/install/health_monitor/share/health_monitor/package.ps1'
[3.497s] INFO:colcon.colcon_core.shell:Creating package descriptor '/ws/install/health_monitor/share/health_monitor/package.dsv'
[3.499s] INFO:colcon.colcon_core.shell:Creating package script '/ws/install/health_monitor/share/health_monitor/package.sh'
[3.501s] INFO:colcon.colcon_core.shell:Creating package script '/ws/install/health_monitor/share/health_monitor/package.bash'
[3.503s] INFO:colcon.colcon_core.shell:Creating package script '/ws/install/health_monitor/share/health_monitor/package.zsh'
[3.505s] Level 1:colcon.colcon_core.environment:create_file_with_runtime_dependencies(/ws/install/health_monitor/share/colcon-core/packages/health_monitor)
[3.509s] Level 1:colcon.colcon_core.environment:checking '/ws/install/bandwidth_manager' for CMake module files
[3.511s] DEBUG:colcon.colcon_core.event_handler.log_command:Invoked command in '/ws/src/bandwidth_manager' returned '0': AMENT_PREFIX_PATH=/ws/install/stack_msgs:${AMENT_PREFIX_PATH} CMAKE_PREFIX_PATH=/ws/install/stack_msgs LD_LIBRARY_PATH=/ws/install/stack_msgs/lib:/opt/ros/humble/lib/aarch64-linux-gnu:/opt/ros/humble/lib:/usr/local/cuda/lib64 PYTHONPATH=/ws/build/bandwidth_manager/prefix_override:/usr/lib/python3/dist-packages/colcon_core/task/python/colcon_distutils_commands:/ws/install/bandwidth_manager/lib/python3.10/site-packages:/ws/install/stack_msgs/local/lib/python3.10/dist-packages:${PYTHONPATH} /usr/bin/python3 -W ignore:setup.py install is deprecated -W ignore:easy_install command is deprecated setup.py egg_info --egg-base ../../build/bandwidth_manager build --build-base /ws/build/bandwidth_manager/build install --record /ws/build/bandwidth_manager/install.log --single-version-externally-managed install_data
[3.512s] Level 1:colcon.colcon_core.environment:checking '/ws/install/bandwidth_manager' for CMake config files
[3.514s] Level 1:colcon.colcon_core.environment:checking '/ws/install/bandwidth_manager/lib'
[3.514s] Level 1:colcon.colcon_core.environment:checking '/ws/install/bandwidth_manager/bin'
[3.514s] Level 1:colcon.colcon_core.environment:checking '/ws/install/bandwidth_manager/lib/pkgconfig/bandwidth_manager.pc'
[3.515s] Level 1:colcon.colcon_core.environment:checking '/ws/install/bandwidth_manager/lib/python3.10/site-packages'
[3.515s] Level 1:colcon.colcon_core.shell:create_environment_hook('bandwidth_manager', 'pythonpath')
[3.516s] INFO:colcon.colcon_core.shell:Creating environment hook '/ws/install/bandwidth_manager/share/bandwidth_manager/hook/pythonpath.ps1'
[3.518s] INFO:colcon.colcon_core.shell:Creating environment descriptor '/ws/install/bandwidth_manager/share/bandwidth_manager/hook/pythonpath.dsv'
[3.519s] INFO:colcon.colcon_core.shell:Creating environment hook '/ws/install/bandwidth_manager/share/bandwidth_manager/hook/pythonpath.sh'
[3.522s] Level 1:colcon.colcon_core.environment:checking '/ws/install/bandwidth_manager/bin'
[3.522s] Level 1:colcon.colcon_core.environment:create_environment_scripts_only(bandwidth_manager)
[3.523s] INFO:colcon.colcon_core.shell:Creating package script '/ws/install/bandwidth_manager/share/bandwidth_manager/package.ps1'
[3.525s] INFO:colcon.colcon_core.shell:Creating package descriptor '/ws/install/bandwidth_manager/share/bandwidth_manager/package.dsv'
[3.526s] INFO:colcon.colcon_core.shell:Creating package script '/ws/install/bandwidth_manager/share/bandwidth_manager/package.sh'
[3.528s] INFO:colcon.colcon_core.shell:Creating package script '/ws/install/bandwidth_manager/share/bandwidth_manager/package.bash'
[3.529s] INFO:colcon.colcon_core.shell:Creating package script '/ws/install/bandwidth_manager/share/bandwidth_manager/package.zsh'
[3.531s] Level 1:colcon.colcon_core.environment:create_file_with_runtime_dependencies(/ws/install/bandwidth_manager/share/colcon-core/packages/bandwidth_manager)
[3.531s] DEBUG:colcon.colcon_parallel_executor.executor.parallel:closing loop
[3.532s] DEBUG:colcon.colcon_parallel_executor.executor.parallel:loop closed
[3.533s] DEBUG:colcon.colcon_parallel_executor.executor.parallel:run_until_complete finished with '0'
[3.533s] DEBUG:colcon.colcon_core.event_reactor:joining thread
[3.552s] INFO:colcon.colcon_core.plugin_system:Skipping extension 'colcon_notification.desktop_notification.notify_send': Could not find 'notify-send'
[3.552s] INFO:colcon.colcon_core.plugin_system:Skipping extension 'colcon_notification.desktop_notification.terminal_notifier': Not used on non-Darwin systems
[3.553s] INFO:colcon.colcon_core.plugin_system:Skipping extension 'colcon_notification.desktop_notification.win32': Not used on non-Windows systems
[3.553s] INFO:colcon.colcon_notification.desktop_notification:Sending desktop notification using 'notify2'
[3.553s] DEBUG:colcon.colcon_notification.desktop_notification.notify2:Failed to initialize notify2: org.freedesktop.DBus.Error.NotSupported: Unable to autolaunch a dbus-daemon without a $DISPLAY for X11
[3.553s] DEBUG:colcon.colcon_core.event_reactor:joined thread
[3.554s] INFO:colcon.colcon_core.shell:Creating prefix script '/ws/install/local_setup.ps1'
[3.558s] INFO:colcon.colcon_core.shell:Creating prefix util module '/ws/install/_local_setup_util_ps1.py'
[3.563s] INFO:colcon.colcon_core.shell:Creating prefix chain script '/ws/install/setup.ps1'
[3.567s] INFO:colcon.colcon_core.shell:Creating prefix script '/ws/install/local_setup.sh'
[3.569s] INFO:colcon.colcon_core.shell:Creating prefix util module '/ws/install/_local_setup_util_sh.py'
[3.571s] INFO:colcon.colcon_core.shell:Creating prefix chain script '/ws/install/setup.sh'
[3.575s] INFO:colcon.colcon_core.shell:Creating prefix script '/ws/install/local_setup.bash'
[3.577s] INFO:colcon.colcon_core.shell:Creating prefix chain script '/ws/install/setup.bash'
[3.580s] INFO:colcon.colcon_core.shell:Creating prefix script '/ws/install/local_setup.zsh'
[3.582s] INFO:colcon.colcon_core.shell:Creating prefix chain script '/ws/install/setup.zsh'
