-- Found ament_cmake: 1.3.12 (/opt/ros/humble/share/ament_cmake/cmake)
-- Found Python3: /usr/bin/python3 (found version "3.10.12") found components: Interpreter 
-- Found rosidl_default_generators: 1.2.0 (/opt/ros/humble/share/rosidl_default_generators/cmake)
-- Using all available rosidl_typesupport_c: rosidl_typesupport_fastrtps_c;rosidl_typesupport_introspection_c
-- Found rosidl_adapter: 3.1.8 (/opt/ros/humble/share/rosidl_adapter/cmake)
-- Using all available rosidl_typesupport_cpp: rosidl_typesupport_fastrtps_cpp;rosidl_typesupport_introspection_cpp
-- Found geometry_msgs: 4.9.0 (/opt/ros/humble/share/geometry_msgs/cmake)
-- Found ament_cmake_ros: 0.10.0 (/opt/ros/humble/share/ament_cmake_ros/cmake)
-- Using all available rosidl_typesupport_c: rosidl_typesupport_fastrtps_c;rosidl_typesupport_introspection_c
-- Using all available rosidl_typesupport_cpp: rosidl_typesupport_fastrtps_cpp;rosidl_typesupport_introspection_cpp
-- Found PythonInterp: /usr/bin/python3 (found suitable version "3.10.12", minimum required is "3.6") 
-- Found python_cmake_module: 0.10.0 (/opt/ros/humble/share/python_cmake_module/cmake)
-- Found PythonLibs: /usr/lib/aarch64-linux-gnu/libpython3.10.so (found suitable version "3.10.12", minimum required is "3.5") 
-- Using PYTHON_EXECUTABLE: /usr/bin/python3
-- Using PYTHON_INCLUDE_DIRS: /usr/include/python3.10
-- Using PYTHON_LIBRARIES: /usr/lib/aarch64-linux-gnu/libpython3.10.so
-- Found PythonExtra: .so  
-- Found ament_lint_auto: 0.12.14 (/opt/ros/humble/share/ament_lint_auto/cmake)
-- Added test 'lint_cmake' to check CMake code style
-- Added test 'xmllint' to check XML markup files
-- Configuring done
-- Generating done
-- Build files have been written to: /ws/build/stack_msgs
[  2%] Built target stack_msgs__cpp
[  5%] Generating C++ type support dispatch for ROS interfaces
[  7%] Generating C++ introspection for ROS interfaces
[ 10%] Generating C++ type support for eProsima Fast-RTPS
[ 10%] Built target ament_cmake_python_copy_stack_msgs
[ 12%] Building C object CMakeFiles/stack_msgs__rosidl_generator_c.dir/rosidl_generator_c/stack_msgs/msg/detail/system_metrics__functions.c.o
[ 15%] Building C object CMakeFiles/stack_msgs__rosidl_generator_c.dir/rosidl_generator_c/stack_msgs/msg/detail/network_health__functions.c.o
[ 17%] Linking C shared library libstack_msgs__rosidl_generator_c.so
[ 20%] Built target stack_msgs__rosidl_generator_c
[ 23%] Generating C type support for eProsima Fast-RTPS
[ 25%] Generating C introspection for ROS interfaces
running egg_info
writing stack_msgs.egg-info/PKG-INFO
writing dependency_links to stack_msgs.egg-info/dependency_links.txt
writing top-level names to stack_msgs.egg-info/top_level.txt
reading manifest file 'stack_msgs.egg-info/SOURCES.txt'
writing manifest file 'stack_msgs.egg-info/SOURCES.txt'
[ 30%] Building CXX object CMakeFiles/stack_msgs__rosidl_typesupport_cpp.dir/rosidl_typesupport_cpp/stack_msgs/msg/network_health__type_support.cpp.o
[ 30%] Built target ament_cmake_python_build_stack_msgs_egg
[ 30%] Generating C type support dispatch for ROS interfaces
[ 35%] Building CXX object CMakeFiles/stack_msgs__rosidl_typesupport_fastrtps_c.dir/rosidl_typesupport_fastrtps_c/stack_msgs/msg/detail/network_health__type_support_c.cpp.o
[ 38%] Building CXX object CMakeFiles/stack_msgs__rosidl_typesupport_fastrtps_cpp.dir/rosidl_typesupport_fastrtps_cpp/stack_msgs/msg/detail/dds_fastrtps/network_health__type_support.cpp.o
[ 41%] Building C object CMakeFiles/stack_msgs__rosidl_typesupport_introspection_c.dir/rosidl_typesupport_introspection_c/stack_msgs/msg/detail/network_health__type_support.c.o
[ 41%] Building CXX object CMakeFiles/stack_msgs__rosidl_typesupport_introspection_cpp.dir/rosidl_typesupport_introspection_cpp/stack_msgs/msg/detail/network_health__type_support.cpp.o
[ 43%] Building CXX object CMakeFiles/stack_msgs__rosidl_typesupport_cpp.dir/rosidl_typesupport_cpp/stack_msgs/msg/system_metrics__type_support.cpp.o
[ 46%] Building C object CMakeFiles/stack_msgs__rosidl_typesupport_introspection_c.dir/rosidl_typesupport_introspection_c/stack_msgs/msg/detail/system_metrics__type_support.c.o
[ 51%] Linking C shared library libstack_msgs__rosidl_typesupport_introspection_c.so
[ 51%] Built target stack_msgs__rosidl_typesupport_introspection_c
[ 51%] Building CXX object CMakeFiles/stack_msgs__rosidl_typesupport_introspection_cpp.dir/rosidl_typesupport_introspection_cpp/stack_msgs/msg/detail/system_metrics__type_support.cpp.o
[ 53%] Building CXX object CMakeFiles/stack_msgs__rosidl_typesupport_c.dir/rosidl_typesupport_c/stack_msgs/msg/network_health__type_support.cpp.o
[ 56%] Building CXX object CMakeFiles/stack_msgs__rosidl_typesupport_c.dir/rosidl_typesupport_c/stack_msgs/msg/system_metrics__type_support.cpp.o
[ 58%] Linking CXX shared library libstack_msgs__rosidl_typesupport_c.so
[ 61%] Linking CXX shared library libstack_msgs__rosidl_typesupport_cpp.so
[ 66%] Building CXX object CMakeFiles/stack_msgs__rosidl_typesupport_fastrtps_cpp.dir/rosidl_typesupport_fastrtps_cpp/stack_msgs/msg/detail/dds_fastrtps/system_metrics__type_support.cpp.o
[ 66%] Built target stack_msgs__rosidl_typesupport_c
[ 66%] Built target stack_msgs__rosidl_typesupport_cpp
[ 66%] Building CXX object CMakeFiles/stack_msgs__rosidl_typesupport_fastrtps_c.dir/rosidl_typesupport_fastrtps_c/stack_msgs/msg/detail/system_metrics__type_support_c.cpp.o
[ 69%] Linking CXX shared library libstack_msgs__rosidl_typesupport_introspection_cpp.so
[ 69%] Built target stack_msgs__rosidl_typesupport_introspection_cpp
[ 71%] Linking CXX shared library libstack_msgs__rosidl_typesupport_fastrtps_cpp.so
[ 74%] Linking CXX shared library libstack_msgs__rosidl_typesupport_fastrtps_c.so
[ 74%] Built target stack_msgs__rosidl_typesupport_fastrtps_cpp
[ 74%] Built target stack_msgs__rosidl_typesupport_fastrtps_c
[ 74%] Built target stack_msgs
[ 76%] Generating Python code for ROS interfaces
[ 76%] Built target stack_msgs__py
[ 82%] Building C object CMakeFiles/stack_msgs__rosidl_generator_py.dir/rosidl_generator_py/stack_msgs/msg/_network_health_s.c.o
[ 82%] Building C object CMakeFiles/stack_msgs__rosidl_generator_py.dir/rosidl_generator_py/stack_msgs/msg/_system_metrics_s.c.o
[ 84%] Linking C shared library rosidl_generator_py/stack_msgs/libstack_msgs__rosidl_generator_py.so
[ 84%] Built target stack_msgs__rosidl_generator_py
[ 89%] Building C object CMakeFiles/stack_msgs__rosidl_typesupport_fastrtps_c__pyext.dir/rosidl_generator_py/stack_msgs/_stack_msgs_s.ep.rosidl_typesupport_fastrtps_c.c.o
[ 89%] Building C object CMakeFiles/stack_msgs__rosidl_typesupport_c__pyext.dir/rosidl_generator_py/stack_msgs/_stack_msgs_s.ep.rosidl_typesupport_c.c.o
[ 92%] Building C object CMakeFiles/stack_msgs__rosidl_typesupport_introspection_c__pyext.dir/rosidl_generator_py/stack_msgs/_stack_msgs_s.ep.rosidl_typesupport_introspection_c.c.o
[ 94%] Linking C shared library rosidl_generator_py/stack_msgs/stack_msgs_s__rosidl_typesupport_c.cpython-310-aarch64-linux-gnu.so
[ 97%] Linking C shared library rosidl_generator_py/stack_msgs/stack_msgs_s__rosidl_typesupport_fastrtps_c.cpython-310-aarch64-linux-gnu.so
[ 97%] Built target stack_msgs__rosidl_typesupport_c__pyext
[ 97%] Built target stack_msgs__rosidl_typesupport_fastrtps_c__pyext
[100%] Linking C shared library rosidl_generator_py/stack_msgs/stack_msgs_s__rosidl_typesupport_introspection_c.cpython-310-aarch64-linux-gnu.so
[100%] Built target stack_msgs__rosidl_typesupport_introspection_c__pyext
-- Install configuration: "Release"
-- Installing: /ws/install/stack_msgs/share/ament_index/resource_index/rosidl_interfaces/stack_msgs
-- Installing: /ws/install/stack_msgs/include/stack_msgs/stack_msgs
-- Installing: /ws/install/stack_msgs/include/stack_msgs/stack_msgs/msg
-- Installing: /ws/install/stack_msgs/include/stack_msgs/stack_msgs/msg/detail
-- Installing: /ws/install/stack_msgs/include/stack_msgs/stack_msgs/msg/detail/network_health__struct.h
-- Installing: /ws/install/stack_msgs/include/stack_msgs/stack_msgs/msg/detail/system_metrics__functions.c
-- Installing: /ws/install/stack_msgs/include/stack_msgs/stack_msgs/msg/detail/system_metrics__functions.h
-- Installing: /ws/install/stack_msgs/include/stack_msgs/stack_msgs/msg/detail/network_health__functions.h
-- Installing: /ws/install/stack_msgs/include/stack_msgs/stack_msgs/msg/detail/network_health__type_support.h
-- Installing: /ws/install/stack_msgs/include/stack_msgs/stack_msgs/msg/detail/system_metrics__type_support.h
-- Installing: /ws/install/stack_msgs/include/stack_msgs/stack_msgs/msg/detail/network_health__functions.c
-- Installing: /ws/install/stack_msgs/include/stack_msgs/stack_msgs/msg/detail/system_metrics__struct.h
-- Installing: /ws/install/stack_msgs/include/stack_msgs/stack_msgs/msg/network_health.h
-- Installing: /ws/install/stack_msgs/include/stack_msgs/stack_msgs/msg/system_metrics.h
-- Installing: /ws/install/stack_msgs/include/stack_msgs/stack_msgs/msg/rosidl_generator_c__visibility_control.h
-- Installing: /ws/install/stack_msgs/share/stack_msgs/environment/library_path.sh
-- Installing: /ws/install/stack_msgs/share/stack_msgs/environment/library_path.dsv
-- Installing: /ws/install/stack_msgs/lib/libstack_msgs__rosidl_generator_c.so
-- Set runtime path of "/ws/install/stack_msgs/lib/libstack_msgs__rosidl_generator_c.so" to ""
-- Up-to-date: /ws/install/stack_msgs/include/stack_msgs/stack_msgs
-- Up-to-date: /ws/install/stack_msgs/include/stack_msgs/stack_msgs/msg
-- Up-to-date: /ws/install/stack_msgs/include/stack_msgs/stack_msgs/msg/detail
-- Installing: /ws/install/stack_msgs/include/stack_msgs/stack_msgs/msg/detail/system_metrics__rosidl_typesupport_fastrtps_c.h
-- Installing: /ws/install/stack_msgs/include/stack_msgs/stack_msgs/msg/detail/network_health__rosidl_typesupport_fastrtps_c.h
-- Installing: /ws/install/stack_msgs/include/stack_msgs/stack_msgs/msg/rosidl_typesupport_fastrtps_c__visibility_control.h
-- Installing: /ws/install/stack_msgs/lib/libstack_msgs__rosidl_typesupport_fastrtps_c.so
-- Set runtime path of "/ws/install/stack_msgs/lib/libstack_msgs__rosidl_typesupport_fastrtps_c.so" to ""
-- Up-to-date: /ws/install/stack_msgs/include/stack_msgs/stack_msgs
-- Up-to-date: /ws/install/stack_msgs/include/stack_msgs/stack_msgs/msg
-- Up-to-date: /ws/install/stack_msgs/include/stack_msgs/stack_msgs/msg/detail
-- Installing: /ws/install/stack_msgs/include/stack_msgs/stack_msgs/msg/detail/network_health__type_support.c
-- Installing: /ws/install/stack_msgs/include/stack_msgs/stack_msgs/msg/detail/system_metrics__type_support.c
-- Installing: /ws/install/stack_msgs/include/stack_msgs/stack_msgs/msg/detail/system_metrics__rosidl_typesupport_introspection_c.h
-- Installing: /ws/install/stack_msgs/include/stack_msgs/stack_msgs/msg/detail/network_health__rosidl_typesupport_introspection_c.h
-- Installing: /ws/install/stack_msgs/include/stack_msgs/stack_msgs/msg/rosidl_typesupport_introspection_c__visibility_control.h
-- Installing: /ws/install/stack_msgs/lib/libstack_msgs__rosidl_typesupport_introspection_c.so
-- Set runtime path of "/ws/install/stack_msgs/lib/libstack_msgs__rosidl_typesupport_introspection_c.so" to ""
-- Installing: /ws/install/stack_msgs/lib/libstack_msgs__rosidl_typesupport_c.so
-- Set runtime path of "/ws/install/stack_msgs/lib/libstack_msgs__rosidl_typesupport_c.so" to ""
-- Up-to-date: /ws/install/stack_msgs/include/stack_msgs/stack_msgs
-- Up-to-date: /ws/install/stack_msgs/include/stack_msgs/stack_msgs/msg
-- Installing: /ws/install/stack_msgs/include/stack_msgs/stack_msgs/msg/rosidl_generator_cpp__visibility_control.hpp
-- Up-to-date: /ws/install/stack_msgs/include/stack_msgs/stack_msgs/msg/detail
-- Installing: /ws/install/stack_msgs/include/stack_msgs/stack_msgs/msg/detail/system_metrics__builder.hpp
-- Installing: /ws/install/stack_msgs/include/stack_msgs/stack_msgs/msg/detail/network_health__type_support.hpp
-- Installing: /ws/install/stack_msgs/include/stack_msgs/stack_msgs/msg/detail/network_health__struct.hpp
-- Installing: /ws/install/stack_msgs/include/stack_msgs/stack_msgs/msg/detail/network_health__traits.hpp
-- Installing: /ws/install/stack_msgs/include/stack_msgs/stack_msgs/msg/detail/system_metrics__struct.hpp
-- Installing: /ws/install/stack_msgs/include/stack_msgs/stack_msgs/msg/detail/system_metrics__type_support.hpp
-- Installing: /ws/install/stack_msgs/include/stack_msgs/stack_msgs/msg/detail/network_health__builder.hpp
-- Installing: /ws/install/stack_msgs/include/stack_msgs/stack_msgs/msg/detail/system_metrics__traits.hpp
-- Installing: /ws/install/stack_msgs/include/stack_msgs/stack_msgs/msg/system_metrics.hpp
-- Installing: /ws/install/stack_msgs/include/stack_msgs/stack_msgs/msg/network_health.hpp
-- Up-to-date: /ws/install/stack_msgs/include/stack_msgs/stack_msgs
-- Up-to-date: /ws/install/stack_msgs/include/stack_msgs/stack_msgs/msg
-- Installing: /ws/install/stack_msgs/include/stack_msgs/stack_msgs/msg/rosidl_typesupport_fastrtps_cpp__visibility_control.h
-- Up-to-date: /ws/install/stack_msgs/include/stack_msgs/stack_msgs/msg/detail
-- Installing: /ws/install/stack_msgs/include/stack_msgs/stack_msgs/msg/detail/dds_fastrtps
-- Installing: /ws/install/stack_msgs/include/stack_msgs/stack_msgs/msg/detail/network_health__rosidl_typesupport_fastrtps_cpp.hpp
-- Installing: /ws/install/stack_msgs/include/stack_msgs/stack_msgs/msg/detail/system_metrics__rosidl_typesupport_fastrtps_cpp.hpp
-- Installing: /ws/install/stack_msgs/lib/libstack_msgs__rosidl_typesupport_fastrtps_cpp.so
-- Set runtime path of "/ws/install/stack_msgs/lib/libstack_msgs__rosidl_typesupport_fastrtps_cpp.so" to ""
-- Up-to-date: /ws/install/stack_msgs/include/stack_msgs/stack_msgs
-- Up-to-date: /ws/install/stack_msgs/include/stack_msgs/stack_msgs/msg
-- Up-to-date: /ws/install/stack_msgs/include/stack_msgs/stack_msgs/msg/detail
-- Installing: /ws/install/stack_msgs/include/stack_msgs/stack_msgs/msg/detail/network_health__type_support.cpp
-- Installing: /ws/install/stack_msgs/include/stack_msgs/stack_msgs/msg/detail/system_metrics__rosidl_typesupport_introspection_cpp.hpp
-- Installing: /ws/install/stack_msgs/include/stack_msgs/stack_msgs/msg/detail/system_metrics__type_support.cpp
-- Installing: /ws/install/stack_msgs/include/stack_msgs/stack_msgs/msg/detail/network_health__rosidl_typesupport_introspection_cpp.hpp
-- Installing: /ws/install/stack_msgs/lib/libstack_msgs__rosidl_typesupport_introspection_cpp.so
-- Set runtime path of "/ws/install/stack_msgs/lib/libstack_msgs__rosidl_typesupport_introspection_cpp.so" to ""
-- Installing: /ws/install/stack_msgs/lib/libstack_msgs__rosidl_typesupport_cpp.so
-- Set runtime path of "/ws/install/stack_msgs/lib/libstack_msgs__rosidl_typesupport_cpp.so" to ""
-- Installing: /ws/install/stack_msgs/share/stack_msgs/environment/pythonpath.sh
-- Installing: /ws/install/stack_msgs/share/stack_msgs/environment/pythonpath.dsv
-- Installing: /ws/install/stack_msgs/local/lib/python3.10/dist-packages/stack_msgs-0.0.1-py3.10.egg-info
-- Installing: /ws/install/stack_msgs/local/lib/python3.10/dist-packages/stack_msgs-0.0.1-py3.10.egg-info/PKG-INFO
-- Installing: /ws/install/stack_msgs/local/lib/python3.10/dist-packages/stack_msgs-0.0.1-py3.10.egg-info/top_level.txt
-- Installing: /ws/install/stack_msgs/local/lib/python3.10/dist-packages/stack_msgs-0.0.1-py3.10.egg-info/dependency_links.txt
-- Installing: /ws/install/stack_msgs/local/lib/python3.10/dist-packages/stack_msgs-0.0.1-py3.10.egg-info/SOURCES.txt
-- Installing: /ws/install/stack_msgs/local/lib/python3.10/dist-packages/stack_msgs
-- Installing: /ws/install/stack_msgs/local/lib/python3.10/dist-packages/stack_msgs/_stack_msgs_s.ep.rosidl_typesupport_c.c
-- Installing: /ws/install/stack_msgs/local/lib/python3.10/dist-packages/stack_msgs/_stack_msgs_s.ep.rosidl_typesupport_fastrtps_c.c
-- Installing: /ws/install/stack_msgs/local/lib/python3.10/dist-packages/stack_msgs/msg
-- Installing: /ws/install/stack_msgs/local/lib/python3.10/dist-packages/stack_msgs/msg/_system_metrics_s.c
-- Installing: /ws/install/stack_msgs/local/lib/python3.10/dist-packages/stack_msgs/msg/_network_health.py
-- Installing: /ws/install/stack_msgs/local/lib/python3.10/dist-packages/stack_msgs/msg/_network_health_s.c
-- Installing: /ws/install/stack_msgs/local/lib/python3.10/dist-packages/stack_msgs/msg/_system_metrics.py
-- Installing: /ws/install/stack_msgs/local/lib/python3.10/dist-packages/stack_msgs/msg/__init__.py
-- Installing: /ws/install/stack_msgs/local/lib/python3.10/dist-packages/stack_msgs/stack_msgs_s__rosidl_typesupport_introspection_c.cpython-310-aarch64-linux-gnu.so
-- Installing: /ws/install/stack_msgs/local/lib/python3.10/dist-packages/stack_msgs/stack_msgs_s__rosidl_typesupport_fastrtps_c.cpython-310-aarch64-linux-gnu.so
-- Installing: /ws/install/stack_msgs/local/lib/python3.10/dist-packages/stack_msgs/stack_msgs_s__rosidl_typesupport_c.cpython-310-aarch64-linux-gnu.so
-- Installing: /ws/install/stack_msgs/local/lib/python3.10/dist-packages/stack_msgs/_stack_msgs_s.ep.rosidl_typesupport_introspection_c.c
-- Installing: /ws/install/stack_msgs/local/lib/python3.10/dist-packages/stack_msgs/__init__.py
-- Installing: /ws/install/stack_msgs/local/lib/python3.10/dist-packages/stack_msgs/libstack_msgs__rosidl_generator_py.so
Listing '/ws/install/stack_msgs/local/lib/python3.10/dist-packages/stack_msgs'...
Compiling '/ws/install/stack_msgs/local/lib/python3.10/dist-packages/stack_msgs/__init__.py'...
Listing '/ws/install/stack_msgs/local/lib/python3.10/dist-packages/stack_msgs/msg'...
Compiling '/ws/install/stack_msgs/local/lib/python3.10/dist-packages/stack_msgs/msg/__init__.py'...
Compiling '/ws/install/stack_msgs/local/lib/python3.10/dist-packages/stack_msgs/msg/_network_health.py'...
Compiling '/ws/install/stack_msgs/local/lib/python3.10/dist-packages/stack_msgs/msg/_system_metrics.py'...
-- Up-to-date: /ws/install/stack_msgs/local/lib/python3.10/dist-packages/stack_msgs/stack_msgs_s__rosidl_typesupport_fastrtps_c.cpython-310-aarch64-linux-gnu.so
-- Up-to-date: /ws/install/stack_msgs/local/lib/python3.10/dist-packages/stack_msgs/stack_msgs_s__rosidl_typesupport_introspection_c.cpython-310-aarch64-linux-gnu.so
-- Installing: /ws/install/stack_msgs/local/lib/python3.10/dist-packages/stack_msgs/stack_msgs_s__rosidl_typesupport_c.cpython-310-aarch64-linux-gnu.so
-- Set runtime path of "/ws/install/stack_msgs/local/lib/python3.10/dist-packages/stack_msgs/stack_msgs_s__rosidl_typesupport_c.cpython-310-aarch64-linux-gnu.so" to ""
-- Installing: /ws/install/stack_msgs/lib/libstack_msgs__rosidl_generator_py.so
-- Set runtime path of "/ws/install/stack_msgs/lib/libstack_msgs__rosidl_generator_py.so" to ""
-- Installing: /ws/install/stack_msgs/share/stack_msgs/msg/NetworkHealth.idl
-- Installing: /ws/install/stack_msgs/share/stack_msgs/msg/SystemMetrics.idl
-- Installing: /ws/install/stack_msgs/share/stack_msgs/msg/NetworkHealth.msg
-- Installing: /ws/install/stack_msgs/share/stack_msgs/msg/SystemMetrics.msg
-- Installing: /ws/install/stack_msgs/share/ament_index/resource_index/package_run_dependencies/stack_msgs
-- Installing: /ws/install/stack_msgs/share/ament_index/resource_index/parent_prefix_path/stack_msgs
-- Installing: /ws/install/stack_msgs/share/stack_msgs/environment/ament_prefix_path.sh
-- Installing: /ws/install/stack_msgs/share/stack_msgs/environment/ament_prefix_path.dsv
-- Installing: /ws/install/stack_msgs/share/stack_msgs/environment/path.sh
-- Installing: /ws/install/stack_msgs/share/stack_msgs/environment/path.dsv
-- Installing: /ws/install/stack_msgs/share/stack_msgs/local_setup.bash
-- Installing: /ws/install/stack_msgs/share/stack_msgs/local_setup.sh
-- Installing: /ws/install/stack_msgs/share/stack_msgs/local_setup.zsh
-- Installing: /ws/install/stack_msgs/share/stack_msgs/local_setup.dsv
-- Installing: /ws/install/stack_msgs/share/stack_msgs/package.dsv
-- Installing: /ws/install/stack_msgs/share/ament_index/resource_index/packages/stack_msgs
-- Installing: /ws/install/stack_msgs/share/stack_msgs/cmake/export_stack_msgs__rosidl_generator_cExport.cmake
-- Installing: /ws/install/stack_msgs/share/stack_msgs/cmake/export_stack_msgs__rosidl_generator_cExport-release.cmake
-- Installing: /ws/install/stack_msgs/share/stack_msgs/cmake/export_stack_msgs__rosidl_typesupport_fastrtps_cExport.cmake
-- Installing: /ws/install/stack_msgs/share/stack_msgs/cmake/export_stack_msgs__rosidl_typesupport_fastrtps_cExport-release.cmake
-- Installing: /ws/install/stack_msgs/share/stack_msgs/cmake/stack_msgs__rosidl_typesupport_introspection_cExport.cmake
-- Installing: /ws/install/stack_msgs/share/stack_msgs/cmake/stack_msgs__rosidl_typesupport_introspection_cExport-release.cmake
-- Installing: /ws/install/stack_msgs/share/stack_msgs/cmake/stack_msgs__rosidl_typesupport_cExport.cmake
-- Installing: /ws/install/stack_msgs/share/stack_msgs/cmake/stack_msgs__rosidl_typesupport_cExport-release.cmake
-- Installing: /ws/install/stack_msgs/share/stack_msgs/cmake/export_stack_msgs__rosidl_generator_cppExport.cmake
-- Installing: /ws/install/stack_msgs/share/stack_msgs/cmake/export_stack_msgs__rosidl_typesupport_fastrtps_cppExport.cmake
-- Installing: /ws/install/stack_msgs/share/stack_msgs/cmake/export_stack_msgs__rosidl_typesupport_fastrtps_cppExport-release.cmake
-- Installing: /ws/install/stack_msgs/share/stack_msgs/cmake/stack_msgs__rosidl_typesupport_introspection_cppExport.cmake
-- Installing: /ws/install/stack_msgs/share/stack_msgs/cmake/stack_msgs__rosidl_typesupport_introspection_cppExport-release.cmake
-- Installing: /ws/install/stack_msgs/share/stack_msgs/cmake/stack_msgs__rosidl_typesupport_cppExport.cmake
-- Installing: /ws/install/stack_msgs/share/stack_msgs/cmake/stack_msgs__rosidl_typesupport_cppExport-release.cmake
-- Installing: /ws/install/stack_msgs/share/stack_msgs/cmake/export_stack_msgs__rosidl_generator_pyExport.cmake
-- Installing: /ws/install/stack_msgs/share/stack_msgs/cmake/export_stack_msgs__rosidl_generator_pyExport-release.cmake
-- Installing: /ws/install/stack_msgs/share/stack_msgs/cmake/rosidl_cmake-extras.cmake
-- Installing: /ws/install/stack_msgs/share/stack_msgs/cmake/ament_cmake_export_dependencies-extras.cmake
-- Installing: /ws/install/stack_msgs/share/stack_msgs/cmake/ament_cmake_export_include_directories-extras.cmake
-- Installing: /ws/install/stack_msgs/share/stack_msgs/cmake/ament_cmake_export_libraries-extras.cmake
-- Installing: /ws/install/stack_msgs/share/stack_msgs/cmake/ament_cmake_export_targets-extras.cmake
-- Installing: /ws/install/stack_msgs/share/stack_msgs/cmake/rosidl_cmake_export_typesupport_targets-extras.cmake
-- Installing: /ws/install/stack_msgs/share/stack_msgs/cmake/rosidl_cmake_export_typesupport_libraries-extras.cmake
-- Installing: /ws/install/stack_msgs/share/stack_msgs/cmake/stack_msgsConfig.cmake
-- Installing: /ws/install/stack_msgs/share/stack_msgs/cmake/stack_msgsConfig-version.cmake
-- Installing: /ws/install/stack_msgs/share/stack_msgs/package.xml
