[0.022s] Invoking command in '/ws/build/stack_msgs': CMAKE_PREFIX_PATH=/opt/ros/humble /usr/bin/cmake /ws/src/stack_msgs -DCMAKE_BUILD_TYPE=Release -DCMAKE_INSTALL_PREFIX=/ws/install/stack_msgs
[0.050s] -- Found ament_cmake: 1.3.12 (/opt/ros/humble/share/ament_cmake/cmake)
[0.308s] -- Found Python3: /usr/bin/python3 (found version "3.10.12") found components: Interpreter 
[0.491s] -- Found rosidl_default_generators: 1.2.0 (/opt/ros/humble/share/rosidl_default_generators/cmake)
[0.494s] -- Using all available rosidl_typesupport_c: rosidl_typesupport_fastrtps_c;rosidl_typesupport_introspection_c
[0.507s] -- Found rosidl_adapter: 3.1.8 (/opt/ros/humble/share/rosidl_adapter/cmake)
[0.573s] -- Using all available rosidl_typesupport_cpp: rosidl_typesupport_fastrtps_cpp;rosidl_typesupport_introspection_cpp
[0.631s] -- Found geometry_msgs: 4.9.0 (/opt/ros/humble/share/geometry_msgs/cmake)
[1.275s] -- Found ament_cmake_ros: 0.10.0 (/opt/ros/humble/share/ament_cmake_ros/cmake)
[1.689s] -- Using all available rosidl_typesupport_c: rosidl_typesupport_fastrtps_c;rosidl_typesupport_introspection_c
[2.223s] -- Using all available rosidl_typesupport_cpp: rosidl_typesupport_fastrtps_cpp;rosidl_typesupport_introspection_cpp
[2.261s] -- Found PythonInterp: /usr/bin/python3 (found suitable version "3.10.12", minimum required is "3.6") 
[2.263s] -- Found python_cmake_module: 0.10.0 (/opt/ros/humble/share/python_cmake_module/cmake)
[2.302s] -- Found PythonLibs: /usr/lib/aarch64-linux-gnu/libpython3.10.so (found suitable version "3.10.12", minimum required is "3.5") 
[2.303s] -- Using PYTHON_EXECUTABLE: /usr/bin/python3
[2.303s] -- Using PYTHON_INCLUDE_DIRS: /usr/include/python3.10
[2.303s] -- Using PYTHON_LIBRARIES: /usr/lib/aarch64-linux-gnu/libpython3.10.so
[2.342s] -- Found PythonExtra: .so  
[2.410s] -- Found ament_lint_auto: 0.12.14 (/opt/ros/humble/share/ament_lint_auto/cmake)
[2.440s] -- Added test 'lint_cmake' to check CMake code style
[2.441s] -- Added test 'xmllint' to check XML markup files
[2.445s] -- Configuring done
[2.518s] -- Generating done
[2.543s] -- Build files have been written to: /ws/build/stack_msgs
[2.563s] Invoked command in '/ws/build/stack_msgs' returned '0': CMAKE_PREFIX_PATH=/opt/ros/humble /usr/bin/cmake /ws/src/stack_msgs -DCMAKE_BUILD_TYPE=Release -DCMAKE_INSTALL_PREFIX=/ws/install/stack_msgs
[2.564s] Invoking command in '/ws/build/stack_msgs': CMAKE_PREFIX_PATH=/opt/ros/humble /usr/bin/cmake --build /ws/build/stack_msgs -- -j6 -l6
[2.683s] [  2%] Built target stack_msgs__cpp
[2.713s] [  5%] Generating C++ type support dispatch for ROS interfaces
[2.723s] [  7%] Generating C++ introspection for ROS interfaces
[2.734s] [ 10%] Generating C++ type support for eProsima Fast-RTPS
[2.735s] [ 10%] Built target ament_cmake_python_copy_stack_msgs
[2.753s] [ 12%] Building C object CMakeFiles/stack_msgs__rosidl_generator_c.dir/rosidl_generator_c/stack_msgs/msg/detail/system_metrics__functions.c.o
[2.761s] [ 15%] Building C object CMakeFiles/stack_msgs__rosidl_generator_c.dir/rosidl_generator_c/stack_msgs/msg/detail/network_health__functions.c.o
[3.490s] [ 17%] Linking C shared library libstack_msgs__rosidl_generator_c.so
[3.820s] [ 20%] Built target stack_msgs__rosidl_generator_c
[3.894s] [ 23%] Generating C type support for eProsima Fast-RTPS
[3.914s] [ 25%] Generating C introspection for ROS interfaces
[4.162s] running egg_info
[4.162s] writing stack_msgs.egg-info/PKG-INFO
[4.162s] writing dependency_links to stack_msgs.egg-info/dependency_links.txt
[4.166s] writing top-level names to stack_msgs.egg-info/top_level.txt
[4.178s] reading manifest file 'stack_msgs.egg-info/SOURCES.txt'
[4.180s] writing manifest file 'stack_msgs.egg-info/SOURCES.txt'
[4.226s] [ 30%] Building CXX object CMakeFiles/stack_msgs__rosidl_typesupport_cpp.dir/rosidl_typesupport_cpp/stack_msgs/msg/network_health__type_support.cpp.o
[4.473s] [ 30%] Built target ament_cmake_python_build_stack_msgs_egg
[4.560s] [ 30%] Generating C type support dispatch for ROS interfaces
[5.366s] [ 35%] Building CXX object CMakeFiles/stack_msgs__rosidl_typesupport_fastrtps_c.dir/rosidl_typesupport_fastrtps_c/stack_msgs/msg/detail/network_health__type_support_c.cpp.o
[5.721s] [ 38%] Building CXX object CMakeFiles/stack_msgs__rosidl_typesupport_fastrtps_cpp.dir/rosidl_typesupport_fastrtps_cpp/stack_msgs/msg/detail/dds_fastrtps/network_health__type_support.cpp.o
[6.082s] [ 41%] Building C object CMakeFiles/stack_msgs__rosidl_typesupport_introspection_c.dir/rosidl_typesupport_introspection_c/stack_msgs/msg/detail/network_health__type_support.c.o
[6.158s] [ 41%] Building CXX object CMakeFiles/stack_msgs__rosidl_typesupport_introspection_cpp.dir/rosidl_typesupport_introspection_cpp/stack_msgs/msg/detail/network_health__type_support.cpp.o
[6.286s] [ 43%] Building CXX object CMakeFiles/stack_msgs__rosidl_typesupport_cpp.dir/rosidl_typesupport_cpp/stack_msgs/msg/system_metrics__type_support.cpp.o
[6.550s] [ 46%] Building C object CMakeFiles/stack_msgs__rosidl_typesupport_introspection_c.dir/rosidl_typesupport_introspection_c/stack_msgs/msg/detail/system_metrics__type_support.c.o
[6.966s] [ 51%] Linking C shared library libstack_msgs__rosidl_typesupport_introspection_c.so
[7.218s] [ 51%] Built target stack_msgs__rosidl_typesupport_introspection_c
[7.311s] [ 51%] Building CXX object CMakeFiles/stack_msgs__rosidl_typesupport_introspection_cpp.dir/rosidl_typesupport_introspection_cpp/stack_msgs/msg/detail/system_metrics__type_support.cpp.o
[7.746s] [ 53%] Building CXX object CMakeFiles/stack_msgs__rosidl_typesupport_c.dir/rosidl_typesupport_c/stack_msgs/msg/network_health__type_support.cpp.o
[8.066s] [ 56%] Building CXX object CMakeFiles/stack_msgs__rosidl_typesupport_c.dir/rosidl_typesupport_c/stack_msgs/msg/system_metrics__type_support.cpp.o
[8.306s] [ 58%] Linking CXX shared library libstack_msgs__rosidl_typesupport_c.so
[8.394s] [ 61%] Linking CXX shared library libstack_msgs__rosidl_typesupport_cpp.so
[8.550s] [ 66%] Building CXX object CMakeFiles/stack_msgs__rosidl_typesupport_fastrtps_cpp.dir/rosidl_typesupport_fastrtps_cpp/stack_msgs/msg/detail/dds_fastrtps/system_metrics__type_support.cpp.o
[8.570s] [ 66%] Built target stack_msgs__rosidl_typesupport_c
[8.571s] [ 66%] Built target stack_msgs__rosidl_typesupport_cpp
[8.671s] [ 66%] Building CXX object CMakeFiles/stack_msgs__rosidl_typesupport_fastrtps_c.dir/rosidl_typesupport_fastrtps_c/stack_msgs/msg/detail/system_metrics__type_support_c.cpp.o
[9.722s] [ 69%] Linking CXX shared library libstack_msgs__rosidl_typesupport_introspection_cpp.so
[9.950s] [ 69%] Built target stack_msgs__rosidl_typesupport_introspection_cpp
[10.288s] [ 71%] Linking CXX shared library libstack_msgs__rosidl_typesupport_fastrtps_cpp.so
[10.474s] [ 74%] Linking CXX shared library libstack_msgs__rosidl_typesupport_fastrtps_c.so
[10.575s] [ 74%] Built target stack_msgs__rosidl_typesupport_fastrtps_cpp
[10.669s] [ 74%] Built target stack_msgs__rosidl_typesupport_fastrtps_c
[10.715s] [ 74%] Built target stack_msgs
[10.760s] [ 76%] Generating Python code for ROS interfaces
[12.337s] [ 76%] Built target stack_msgs__py
[12.379s] [ 82%] Building C object CMakeFiles/stack_msgs__rosidl_generator_py.dir/rosidl_generator_py/stack_msgs/msg/_network_health_s.c.o
[12.379s] [ 82%] Building C object CMakeFiles/stack_msgs__rosidl_generator_py.dir/rosidl_generator_py/stack_msgs/msg/_system_metrics_s.c.o
[12.742s] [ 84%] Linking C shared library rosidl_generator_py/stack_msgs/libstack_msgs__rosidl_generator_py.so
[12.827s] [ 84%] Built target stack_msgs__rosidl_generator_py
[12.882s] [ 89%] Building C object CMakeFiles/stack_msgs__rosidl_typesupport_fastrtps_c__pyext.dir/rosidl_generator_py/stack_msgs/_stack_msgs_s.ep.rosidl_typesupport_fastrtps_c.c.o
[12.883s] [ 89%] Building C object CMakeFiles/stack_msgs__rosidl_typesupport_c__pyext.dir/rosidl_generator_py/stack_msgs/_stack_msgs_s.ep.rosidl_typesupport_c.c.o
[12.955s] [ 92%] Building C object CMakeFiles/stack_msgs__rosidl_typesupport_introspection_c__pyext.dir/rosidl_generator_py/stack_msgs/_stack_msgs_s.ep.rosidl_typesupport_introspection_c.c.o
[13.196s] [ 94%] Linking C shared library rosidl_generator_py/stack_msgs/stack_msgs_s__rosidl_typesupport_c.cpython-310-aarch64-linux-gnu.so
[13.229s] [ 97%] Linking C shared library rosidl_generator_py/stack_msgs/stack_msgs_s__rosidl_typesupport_fastrtps_c.cpython-310-aarch64-linux-gnu.so
[13.309s] [ 97%] Built target stack_msgs__rosidl_typesupport_c__pyext
[13.319s] [ 97%] Built target stack_msgs__rosidl_typesupport_fastrtps_c__pyext
[13.330s] [100%] Linking C shared library rosidl_generator_py/stack_msgs/stack_msgs_s__rosidl_typesupport_introspection_c.cpython-310-aarch64-linux-gnu.so
[13.423s] [100%] Built target stack_msgs__rosidl_typesupport_introspection_c__pyext
[13.450s] Invoked command in '/ws/build/stack_msgs' returned '0': CMAKE_PREFIX_PATH=/opt/ros/humble /usr/bin/cmake --build /ws/build/stack_msgs -- -j6 -l6
[13.472s] Invoking command in '/ws/build/stack_msgs': CMAKE_PREFIX_PATH=/opt/ros/humble /usr/bin/cmake --install /ws/build/stack_msgs
[13.490s] -- Install configuration: "Release"
[13.491s] -- Installing: /ws/install/stack_msgs/share/ament_index/resource_index/rosidl_interfaces/stack_msgs
[13.492s] -- Installing: /ws/install/stack_msgs/include/stack_msgs/stack_msgs
[13.492s] -- Installing: /ws/install/stack_msgs/include/stack_msgs/stack_msgs/msg
[13.492s] -- Installing: /ws/install/stack_msgs/include/stack_msgs/stack_msgs/msg/detail
[13.493s] -- Installing: /ws/install/stack_msgs/include/stack_msgs/stack_msgs/msg/detail/network_health__struct.h
[13.493s] -- Installing: /ws/install/stack_msgs/include/stack_msgs/stack_msgs/msg/detail/system_metrics__functions.c
[13.493s] -- Installing: /ws/install/stack_msgs/include/stack_msgs/stack_msgs/msg/detail/system_metrics__functions.h
[13.494s] -- Installing: /ws/install/stack_msgs/include/stack_msgs/stack_msgs/msg/detail/network_health__functions.h
[13.494s] -- Installing: /ws/install/stack_msgs/include/stack_msgs/stack_msgs/msg/detail/network_health__type_support.h
[13.494s] -- Installing: /ws/install/stack_msgs/include/stack_msgs/stack_msgs/msg/detail/system_metrics__type_support.h
[13.494s] -- Installing: /ws/install/stack_msgs/include/stack_msgs/stack_msgs/msg/detail/network_health__functions.c
[13.495s] -- Installing: /ws/install/stack_msgs/include/stack_msgs/stack_msgs/msg/detail/system_metrics__struct.h
[13.495s] -- Installing: /ws/install/stack_msgs/include/stack_msgs/stack_msgs/msg/network_health.h
[13.495s] -- Installing: /ws/install/stack_msgs/include/stack_msgs/stack_msgs/msg/system_metrics.h
[13.495s] -- Installing: /ws/install/stack_msgs/include/stack_msgs/stack_msgs/msg/rosidl_generator_c__visibility_control.h
[13.496s] -- Installing: /ws/install/stack_msgs/share/stack_msgs/environment/library_path.sh
[13.496s] -- Installing: /ws/install/stack_msgs/share/stack_msgs/environment/library_path.dsv
[13.497s] -- Installing: /ws/install/stack_msgs/lib/libstack_msgs__rosidl_generator_c.so
[13.498s] -- Set runtime path of "/ws/install/stack_msgs/lib/libstack_msgs__rosidl_generator_c.so" to ""
[13.498s] -- Up-to-date: /ws/install/stack_msgs/include/stack_msgs/stack_msgs
[13.498s] -- Up-to-date: /ws/install/stack_msgs/include/stack_msgs/stack_msgs/msg
[13.498s] -- Up-to-date: /ws/install/stack_msgs/include/stack_msgs/stack_msgs/msg/detail
[13.499s] -- Installing: /ws/install/stack_msgs/include/stack_msgs/stack_msgs/msg/detail/system_metrics__rosidl_typesupport_fastrtps_c.h
[13.499s] -- Installing: /ws/install/stack_msgs/include/stack_msgs/stack_msgs/msg/detail/network_health__rosidl_typesupport_fastrtps_c.h
[13.499s] -- Installing: /ws/install/stack_msgs/include/stack_msgs/stack_msgs/msg/rosidl_typesupport_fastrtps_c__visibility_control.h
[13.499s] -- Installing: /ws/install/stack_msgs/lib/libstack_msgs__rosidl_typesupport_fastrtps_c.so
[13.500s] -- Set runtime path of "/ws/install/stack_msgs/lib/libstack_msgs__rosidl_typesupport_fastrtps_c.so" to ""
[13.500s] -- Up-to-date: /ws/install/stack_msgs/include/stack_msgs/stack_msgs
[13.501s] -- Up-to-date: /ws/install/stack_msgs/include/stack_msgs/stack_msgs/msg
[13.501s] -- Up-to-date: /ws/install/stack_msgs/include/stack_msgs/stack_msgs/msg/detail
[13.501s] -- Installing: /ws/install/stack_msgs/include/stack_msgs/stack_msgs/msg/detail/network_health__type_support.c
[13.501s] -- Installing: /ws/install/stack_msgs/include/stack_msgs/stack_msgs/msg/detail/system_metrics__type_support.c
[13.501s] -- Installing: /ws/install/stack_msgs/include/stack_msgs/stack_msgs/msg/detail/system_metrics__rosidl_typesupport_introspection_c.h
[13.502s] -- Installing: /ws/install/stack_msgs/include/stack_msgs/stack_msgs/msg/detail/network_health__rosidl_typesupport_introspection_c.h
[13.502s] -- Installing: /ws/install/stack_msgs/include/stack_msgs/stack_msgs/msg/rosidl_typesupport_introspection_c__visibility_control.h
[13.503s] -- Installing: /ws/install/stack_msgs/lib/libstack_msgs__rosidl_typesupport_introspection_c.so
[13.503s] -- Set runtime path of "/ws/install/stack_msgs/lib/libstack_msgs__rosidl_typesupport_introspection_c.so" to ""
[13.503s] -- Installing: /ws/install/stack_msgs/lib/libstack_msgs__rosidl_typesupport_c.so
[13.508s] -- Set runtime path of "/ws/install/stack_msgs/lib/libstack_msgs__rosidl_typesupport_c.so" to ""
[13.508s] -- Up-to-date: /ws/install/stack_msgs/include/stack_msgs/stack_msgs
[13.508s] -- Up-to-date: /ws/install/stack_msgs/include/stack_msgs/stack_msgs/msg
[13.508s] -- Installing: /ws/install/stack_msgs/include/stack_msgs/stack_msgs/msg/rosidl_generator_cpp__visibility_control.hpp
[13.509s] -- Up-to-date: /ws/install/stack_msgs/include/stack_msgs/stack_msgs/msg/detail
[13.509s] -- Installing: /ws/install/stack_msgs/include/stack_msgs/stack_msgs/msg/detail/system_metrics__builder.hpp
[13.509s] -- Installing: /ws/install/stack_msgs/include/stack_msgs/stack_msgs/msg/detail/network_health__type_support.hpp
[13.509s] -- Installing: /ws/install/stack_msgs/include/stack_msgs/stack_msgs/msg/detail/network_health__struct.hpp
[13.510s] -- Installing: /ws/install/stack_msgs/include/stack_msgs/stack_msgs/msg/detail/network_health__traits.hpp
[13.510s] -- Installing: /ws/install/stack_msgs/include/stack_msgs/stack_msgs/msg/detail/system_metrics__struct.hpp
[13.511s] -- Installing: /ws/install/stack_msgs/include/stack_msgs/stack_msgs/msg/detail/system_metrics__type_support.hpp
[13.511s] -- Installing: /ws/install/stack_msgs/include/stack_msgs/stack_msgs/msg/detail/network_health__builder.hpp
[13.511s] -- Installing: /ws/install/stack_msgs/include/stack_msgs/stack_msgs/msg/detail/system_metrics__traits.hpp
[13.511s] -- Installing: /ws/install/stack_msgs/include/stack_msgs/stack_msgs/msg/system_metrics.hpp
[13.512s] -- Installing: /ws/install/stack_msgs/include/stack_msgs/stack_msgs/msg/network_health.hpp
[13.512s] -- Up-to-date: /ws/install/stack_msgs/include/stack_msgs/stack_msgs
[13.512s] -- Up-to-date: /ws/install/stack_msgs/include/stack_msgs/stack_msgs/msg
[13.512s] -- Installing: /ws/install/stack_msgs/include/stack_msgs/stack_msgs/msg/rosidl_typesupport_fastrtps_cpp__visibility_control.h
[13.512s] -- Up-to-date: /ws/install/stack_msgs/include/stack_msgs/stack_msgs/msg/detail
[13.513s] -- Installing: /ws/install/stack_msgs/include/stack_msgs/stack_msgs/msg/detail/dds_fastrtps
[13.513s] -- Installing: /ws/install/stack_msgs/include/stack_msgs/stack_msgs/msg/detail/network_health__rosidl_typesupport_fastrtps_cpp.hpp
[13.513s] -- Installing: /ws/install/stack_msgs/include/stack_msgs/stack_msgs/msg/detail/system_metrics__rosidl_typesupport_fastrtps_cpp.hpp
[13.513s] -- Installing: /ws/install/stack_msgs/lib/libstack_msgs__rosidl_typesupport_fastrtps_cpp.so
[13.514s] -- Set runtime path of "/ws/install/stack_msgs/lib/libstack_msgs__rosidl_typesupport_fastrtps_cpp.so" to ""
[13.514s] -- Up-to-date: /ws/install/stack_msgs/include/stack_msgs/stack_msgs
[13.514s] -- Up-to-date: /ws/install/stack_msgs/include/stack_msgs/stack_msgs/msg
[13.515s] -- Up-to-date: /ws/install/stack_msgs/include/stack_msgs/stack_msgs/msg/detail
[13.515s] -- Installing: /ws/install/stack_msgs/include/stack_msgs/stack_msgs/msg/detail/network_health__type_support.cpp
[13.515s] -- Installing: /ws/install/stack_msgs/include/stack_msgs/stack_msgs/msg/detail/system_metrics__rosidl_typesupport_introspection_cpp.hpp
[13.515s] -- Installing: /ws/install/stack_msgs/include/stack_msgs/stack_msgs/msg/detail/system_metrics__type_support.cpp
[13.516s] -- Installing: /ws/install/stack_msgs/include/stack_msgs/stack_msgs/msg/detail/network_health__rosidl_typesupport_introspection_cpp.hpp
[13.516s] -- Installing: /ws/install/stack_msgs/lib/libstack_msgs__rosidl_typesupport_introspection_cpp.so
[13.516s] -- Set runtime path of "/ws/install/stack_msgs/lib/libstack_msgs__rosidl_typesupport_introspection_cpp.so" to ""
[13.516s] -- Installing: /ws/install/stack_msgs/lib/libstack_msgs__rosidl_typesupport_cpp.so
[13.517s] -- Set runtime path of "/ws/install/stack_msgs/lib/libstack_msgs__rosidl_typesupport_cpp.so" to ""
[13.517s] -- Installing: /ws/install/stack_msgs/share/stack_msgs/environment/pythonpath.sh
[13.517s] -- Installing: /ws/install/stack_msgs/share/stack_msgs/environment/pythonpath.dsv
[13.517s] -- Installing: /ws/install/stack_msgs/local/lib/python3.10/dist-packages/stack_msgs-0.0.1-py3.10.egg-info
[13.518s] -- Installing: /ws/install/stack_msgs/local/lib/python3.10/dist-packages/stack_msgs-0.0.1-py3.10.egg-info/PKG-INFO
[13.518s] -- Installing: /ws/install/stack_msgs/local/lib/python3.10/dist-packages/stack_msgs-0.0.1-py3.10.egg-info/top_level.txt
[13.518s] -- Installing: /ws/install/stack_msgs/local/lib/python3.10/dist-packages/stack_msgs-0.0.1-py3.10.egg-info/dependency_links.txt
[13.518s] -- Installing: /ws/install/stack_msgs/local/lib/python3.10/dist-packages/stack_msgs-0.0.1-py3.10.egg-info/SOURCES.txt
[13.519s] -- Installing: /ws/install/stack_msgs/local/lib/python3.10/dist-packages/stack_msgs
[13.519s] -- Installing: /ws/install/stack_msgs/local/lib/python3.10/dist-packages/stack_msgs/_stack_msgs_s.ep.rosidl_typesupport_c.c
[13.519s] -- Installing: /ws/install/stack_msgs/local/lib/python3.10/dist-packages/stack_msgs/_stack_msgs_s.ep.rosidl_typesupport_fastrtps_c.c
[13.519s] -- Installing: /ws/install/stack_msgs/local/lib/python3.10/dist-packages/stack_msgs/msg
[13.520s] -- Installing: /ws/install/stack_msgs/local/lib/python3.10/dist-packages/stack_msgs/msg/_system_metrics_s.c
[13.520s] -- Installing: /ws/install/stack_msgs/local/lib/python3.10/dist-packages/stack_msgs/msg/_network_health.py
[13.520s] -- Installing: /ws/install/stack_msgs/local/lib/python3.10/dist-packages/stack_msgs/msg/_network_health_s.c
[13.521s] -- Installing: /ws/install/stack_msgs/local/lib/python3.10/dist-packages/stack_msgs/msg/_system_metrics.py
[13.521s] -- Installing: /ws/install/stack_msgs/local/lib/python3.10/dist-packages/stack_msgs/msg/__init__.py
[13.521s] -- Installing: /ws/install/stack_msgs/local/lib/python3.10/dist-packages/stack_msgs/stack_msgs_s__rosidl_typesupport_introspection_c.cpython-310-aarch64-linux-gnu.so
[13.521s] -- Installing: /ws/install/stack_msgs/local/lib/python3.10/dist-packages/stack_msgs/stack_msgs_s__rosidl_typesupport_fastrtps_c.cpython-310-aarch64-linux-gnu.so
[13.521s] -- Installing: /ws/install/stack_msgs/local/lib/python3.10/dist-packages/stack_msgs/stack_msgs_s__rosidl_typesupport_c.cpython-310-aarch64-linux-gnu.so
[13.521s] -- Installing: /ws/install/stack_msgs/local/lib/python3.10/dist-packages/stack_msgs/_stack_msgs_s.ep.rosidl_typesupport_introspection_c.c
[13.521s] -- Installing: /ws/install/stack_msgs/local/lib/python3.10/dist-packages/stack_msgs/__init__.py
[13.522s] -- Installing: /ws/install/stack_msgs/local/lib/python3.10/dist-packages/stack_msgs/libstack_msgs__rosidl_generator_py.so
[13.598s] Listing '/ws/install/stack_msgs/local/lib/python3.10/dist-packages/stack_msgs'...
[13.599s] Compiling '/ws/install/stack_msgs/local/lib/python3.10/dist-packages/stack_msgs/__init__.py'...
[13.599s] Listing '/ws/install/stack_msgs/local/lib/python3.10/dist-packages/stack_msgs/msg'...
[13.599s] Compiling '/ws/install/stack_msgs/local/lib/python3.10/dist-packages/stack_msgs/msg/__init__.py'...
[13.599s] Compiling '/ws/install/stack_msgs/local/lib/python3.10/dist-packages/stack_msgs/msg/_network_health.py'...
[13.599s] Compiling '/ws/install/stack_msgs/local/lib/python3.10/dist-packages/stack_msgs/msg/_system_metrics.py'...
[13.611s] -- Up-to-date: /ws/install/stack_msgs/local/lib/python3.10/dist-packages/stack_msgs/stack_msgs_s__rosidl_typesupport_fastrtps_c.cpython-310-aarch64-linux-gnu.so
[13.611s] -- Up-to-date: /ws/install/stack_msgs/local/lib/python3.10/dist-packages/stack_msgs/stack_msgs_s__rosidl_typesupport_introspection_c.cpython-310-aarch64-linux-gnu.so
[13.611s] -- Installing: /ws/install/stack_msgs/local/lib/python3.10/dist-packages/stack_msgs/stack_msgs_s__rosidl_typesupport_c.cpython-310-aarch64-linux-gnu.so
[13.612s] -- Set runtime path of "/ws/install/stack_msgs/local/lib/python3.10/dist-packages/stack_msgs/stack_msgs_s__rosidl_typesupport_c.cpython-310-aarch64-linux-gnu.so" to ""
[13.612s] -- Installing: /ws/install/stack_msgs/lib/libstack_msgs__rosidl_generator_py.so
[13.612s] -- Set runtime path of "/ws/install/stack_msgs/lib/libstack_msgs__rosidl_generator_py.so" to ""
[13.613s] -- Installing: /ws/install/stack_msgs/share/stack_msgs/msg/NetworkHealth.idl
[13.613s] -- Installing: /ws/install/stack_msgs/share/stack_msgs/msg/SystemMetrics.idl
[13.613s] -- Installing: /ws/install/stack_msgs/share/stack_msgs/msg/NetworkHealth.msg
[13.614s] -- Installing: /ws/install/stack_msgs/share/stack_msgs/msg/SystemMetrics.msg
[13.614s] -- Installing: /ws/install/stack_msgs/share/ament_index/resource_index/package_run_dependencies/stack_msgs
[13.615s] -- Installing: /ws/install/stack_msgs/share/ament_index/resource_index/parent_prefix_path/stack_msgs
[13.615s] -- Installing: /ws/install/stack_msgs/share/stack_msgs/environment/ament_prefix_path.sh
[13.615s] -- Installing: /ws/install/stack_msgs/share/stack_msgs/environment/ament_prefix_path.dsv
[13.616s] -- Installing: /ws/install/stack_msgs/share/stack_msgs/environment/path.sh
[13.616s] -- Installing: /ws/install/stack_msgs/share/stack_msgs/environment/path.dsv
[13.616s] -- Installing: /ws/install/stack_msgs/share/stack_msgs/local_setup.bash
[13.616s] -- Installing: /ws/install/stack_msgs/share/stack_msgs/local_setup.sh
[13.617s] -- Installing: /ws/install/stack_msgs/share/stack_msgs/local_setup.zsh
[13.617s] -- Installing: /ws/install/stack_msgs/share/stack_msgs/local_setup.dsv
[13.617s] -- Installing: /ws/install/stack_msgs/share/stack_msgs/package.dsv
[13.617s] -- Installing: /ws/install/stack_msgs/share/ament_index/resource_index/packages/stack_msgs
[13.618s] -- Installing: /ws/install/stack_msgs/share/stack_msgs/cmake/export_stack_msgs__rosidl_generator_cExport.cmake
[13.618s] -- Installing: /ws/install/stack_msgs/share/stack_msgs/cmake/export_stack_msgs__rosidl_generator_cExport-release.cmake
[13.619s] -- Installing: /ws/install/stack_msgs/share/stack_msgs/cmake/export_stack_msgs__rosidl_typesupport_fastrtps_cExport.cmake
[13.619s] -- Installing: /ws/install/stack_msgs/share/stack_msgs/cmake/export_stack_msgs__rosidl_typesupport_fastrtps_cExport-release.cmake
[13.619s] -- Installing: /ws/install/stack_msgs/share/stack_msgs/cmake/stack_msgs__rosidl_typesupport_introspection_cExport.cmake
[13.619s] -- Installing: /ws/install/stack_msgs/share/stack_msgs/cmake/stack_msgs__rosidl_typesupport_introspection_cExport-release.cmake
[13.620s] -- Installing: /ws/install/stack_msgs/share/stack_msgs/cmake/stack_msgs__rosidl_typesupport_cExport.cmake
[13.620s] -- Installing: /ws/install/stack_msgs/share/stack_msgs/cmake/stack_msgs__rosidl_typesupport_cExport-release.cmake
[13.620s] -- Installing: /ws/install/stack_msgs/share/stack_msgs/cmake/export_stack_msgs__rosidl_generator_cppExport.cmake
[13.621s] -- Installing: /ws/install/stack_msgs/share/stack_msgs/cmake/export_stack_msgs__rosidl_typesupport_fastrtps_cppExport.cmake
[13.621s] -- Installing: /ws/install/stack_msgs/share/stack_msgs/cmake/export_stack_msgs__rosidl_typesupport_fastrtps_cppExport-release.cmake
[13.621s] -- Installing: /ws/install/stack_msgs/share/stack_msgs/cmake/stack_msgs__rosidl_typesupport_introspection_cppExport.cmake
[13.621s] -- Installing: /ws/install/stack_msgs/share/stack_msgs/cmake/stack_msgs__rosidl_typesupport_introspection_cppExport-release.cmake
[13.622s] -- Installing: /ws/install/stack_msgs/share/stack_msgs/cmake/stack_msgs__rosidl_typesupport_cppExport.cmake
[13.622s] -- Installing: /ws/install/stack_msgs/share/stack_msgs/cmake/stack_msgs__rosidl_typesupport_cppExport-release.cmake
[13.622s] -- Installing: /ws/install/stack_msgs/share/stack_msgs/cmake/export_stack_msgs__rosidl_generator_pyExport.cmake
[13.623s] -- Installing: /ws/install/stack_msgs/share/stack_msgs/cmake/export_stack_msgs__rosidl_generator_pyExport-release.cmake
[13.623s] -- Installing: /ws/install/stack_msgs/share/stack_msgs/cmake/rosidl_cmake-extras.cmake
[13.623s] -- Installing: /ws/install/stack_msgs/share/stack_msgs/cmake/ament_cmake_export_dependencies-extras.cmake
[13.623s] -- Installing: /ws/install/stack_msgs/share/stack_msgs/cmake/ament_cmake_export_include_directories-extras.cmake
[13.624s] -- Installing: /ws/install/stack_msgs/share/stack_msgs/cmake/ament_cmake_export_libraries-extras.cmake
[13.624s] -- Installing: /ws/install/stack_msgs/share/stack_msgs/cmake/ament_cmake_export_targets-extras.cmake
[13.624s] -- Installing: /ws/install/stack_msgs/share/stack_msgs/cmake/rosidl_cmake_export_typesupport_targets-extras.cmake
[13.624s] -- Installing: /ws/install/stack_msgs/share/stack_msgs/cmake/rosidl_cmake_export_typesupport_libraries-extras.cmake
[13.625s] -- Installing: /ws/install/stack_msgs/share/stack_msgs/cmake/stack_msgsConfig.cmake
[13.625s] -- Installing: /ws/install/stack_msgs/share/stack_msgs/cmake/stack_msgsConfig-version.cmake
[13.625s] -- Installing: /ws/install/stack_msgs/share/stack_msgs/package.xml
[13.630s] Invoked command in '/ws/build/stack_msgs' returned '0': CMAKE_PREFIX_PATH=/opt/ros/humble /usr/bin/cmake --install /ws/build/stack_msgs
