[0.000000] (-) TimerEvent: {}
[0.000593] (-) JobUnselected: {'identifier': 'bandwidth_manager'}
[0.001156] (stack_msgs) JobQueued: {'identifier': 'stack_msgs', 'dependencies': OrderedDict()}
[0.001462] (health_monitor) JobQueued: {'identifier': 'health_monitor', 'dependencies': OrderedDict([('stack_msgs', '/ws/install/stack_msgs')])}
[0.001734] (stack_msgs) JobStarted: {'identifier': 'stack_msgs'}
[0.020673] (stack_msgs) JobProgress: {'identifier': 'stack_msgs', 'progress': 'cmake'}
[0.021210] (stack_msgs) Command: {'cmd': ['/usr/bin/cmake', '/ws/src/stack_msgs', '-DCMAKE_BUILD_TYPE=Release', '-DCMAKE_INSTALL_PREFIX=/ws/install/stack_msgs'], 'cwd': '/ws/build/stack_msgs', 'env': OrderedDict([('HOSTNAME', 'RedJetson'), ('SHLVL', '1'), ('LD_LIBRARY_PATH', '/opt/ros/humble/lib/aarch64-linux-gnu:/opt/ros/humble/lib:/usr/local/cuda/lib64:'), ('HOME', '/root'), ('OLDPWD', '/ws'), ('ROS_PYTHON_VERSION', '3'), ('LC_CTYPE', 'C.UTF-8'), ('ROS_DISTRO', 'humble'), ('_', '/usr/bin/colcon'), ('ROS_VERSION', '2'), ('NVIDIA_DRIVER_CAPABILITIES', 'all'), ('ROS_LOCALHOST_ONLY', '0'), ('PATH', '/opt/ros/humble/bin:/usr/local/cuda/bin:/usr/local/sbin:/usr/local/bin:/usr/sbin:/usr/bin:/sbin:/bin'), ('FASTRTPS_DEFAULT_PROFILES_FILE', '/ws/fastdds/jetson_fastdds.xml'), ('RMW_IMPLEMENTATION', 'rmw_fastrtps_cpp'), ('ROS_DOMAIN_ID', '42'), ('AMENT_PREFIX_PATH', '/opt/ros/humble'), ('DEBIAN_FRONTEND', 'noninteractive'), ('PWD', '/ws/build/stack_msgs'), ('CUDA_HOME', '/usr/local/cuda'), ('PYTHONPATH', '/opt/ros/humble/lib/python3.10/site-packages:/opt/ros/humble/local/lib/python3.10/dist-packages'), ('NVIDIA_VISIBLE_DEVICES', 'all'), ('COLCON', '1'), ('CMAKE_PREFIX_PATH', '/opt/ros/humble')]), 'shell': False}
[0.096950] (-) TimerEvent: {}
[0.197358] (-) TimerEvent: {}
[0.207343] (stack_msgs) StdoutLine: {'line': b'-- The CXX compiler identification is GNU 11.4.0\n'}
[0.226216] (stack_msgs) StdoutLine: {'line': b'-- Check for working CXX compiler: /usr/bin/c++\n'}
[0.297512] (-) TimerEvent: {}
[0.385400] (stack_msgs) StdoutLine: {'line': b'-- Check for working CXX compiler: /usr/bin/c++ - works\n'}
[0.385976] (stack_msgs) StdoutLine: {'line': b'-- Detecting CXX compile features\n'}
[0.386703] (stack_msgs) StdoutLine: {'line': b'-- Detecting CXX compile features - done\n'}
[0.393136] (stack_msgs) StdoutLine: {'line': b'-- Found ament_cmake: 1.3.12 (/opt/ros/humble/share/ament_cmake/cmake)\n'}
[0.397622] (-) TimerEvent: {}
[0.497955] (-) TimerEvent: {}
[0.598301] (-) TimerEvent: {}
[0.688969] (stack_msgs) StdoutLine: {'line': b'-- Found Python3: /usr/bin/python3 (found version "3.10.12") found components: Interpreter \n'}
[0.698398] (-) TimerEvent: {}
[0.798673] (-) TimerEvent: {}
[0.879315] (stack_msgs) StdoutLine: {'line': b'-- Found rosidl_default_generators: 1.2.0 (/opt/ros/humble/share/rosidl_default_generators/cmake)\n'}
[0.886046] (stack_msgs) StdoutLine: {'line': b'-- Using all available rosidl_typesupport_c: rosidl_typesupport_fastrtps_c;rosidl_typesupport_introspection_c\n'}
[0.898074] (stack_msgs) StdoutLine: {'line': b'-- Found rosidl_adapter: 3.1.8 (/opt/ros/humble/share/rosidl_adapter/cmake)\n'}
[0.898734] (-) TimerEvent: {}
[0.933559] (stack_msgs) StderrLine: {'line': b'CMake Warning at /opt/ros/humble/share/rcutils/cmake/ament_cmake_export_libraries-extras.cmake:116 (message):\n'}
[0.934043] (stack_msgs) StderrLine: {'line': b"  Package 'rcutils' exports library 'dl' which couldn't be found\n"}
[0.934213] (stack_msgs) StderrLine: {'line': b'Call Stack (most recent call first):\n'}
[0.934359] (stack_msgs) StderrLine: {'line': b'  /opt/ros/humble/share/rcutils/cmake/rcutilsConfig.cmake:41 (include)\n'}
[0.934488] (stack_msgs) StderrLine: {'line': b'  /opt/ros/humble/share/rosidl_runtime_c/cmake/ament_cmake_export_dependencies-extras.cmake:21 (find_package)\n'}
[0.934612] (stack_msgs) StderrLine: {'line': b'  /opt/ros/humble/share/rosidl_runtime_c/cmake/rosidl_runtime_cConfig.cmake:41 (include)\n'}
[0.934736] (stack_msgs) StderrLine: {'line': b'  /opt/ros/humble/share/rosidl_typesupport_fastrtps_c/cmake/ament_cmake_export_dependencies-extras.cmake:21 (find_package)\n'}
[0.934885] (stack_msgs) StderrLine: {'line': b'  /opt/ros/humble/share/rosidl_typesupport_fastrtps_c/cmake/rosidl_typesupport_fastrtps_cConfig.cmake:41 (include)\n'}
[0.935003] (stack_msgs) StderrLine: {'line': b'  /opt/ros/humble/share/rosidl_typesupport_c/cmake/rosidl_typesupport_c-extras.cmake:13 (find_package)\n'}
[0.935123] (stack_msgs) StderrLine: {'line': b'  /opt/ros/humble/share/rosidl_typesupport_c/cmake/rosidl_typesupport_cConfig.cmake:41 (include)\n'}
[0.935241] (stack_msgs) StderrLine: {'line': b'  /opt/ros/humble/share/rosidl_default_generators/cmake/rosidl_default_generators-extras.cmake:21 (find_package)\n'}
[0.935358] (stack_msgs) StderrLine: {'line': b'  /opt/ros/humble/share/rosidl_default_generators/cmake/rosidl_default_generatorsConfig.cmake:41 (include)\n'}
[0.935474] (stack_msgs) StderrLine: {'line': b'  CMakeLists.txt:10 (find_package)\n'}
[0.935584] (stack_msgs) StderrLine: {'line': b'\n'}
[0.935695] (stack_msgs) StderrLine: {'line': b'\n'}
[0.977460] (stack_msgs) StdoutLine: {'line': b'-- Using all available rosidl_typesupport_cpp: rosidl_typesupport_fastrtps_cpp;rosidl_typesupport_introspection_cpp\n'}
[0.998913] (-) TimerEvent: {}
[1.050101] (stack_msgs) StdoutLine: {'line': b'-- Found geometry_msgs: 4.9.0 (/opt/ros/humble/share/geometry_msgs/cmake)\n'}
[1.099134] (-) TimerEvent: {}
[1.199497] (-) TimerEvent: {}
[1.299859] (-) TimerEvent: {}
[1.400228] (-) TimerEvent: {}
[1.500574] (-) TimerEvent: {}
[1.600932] (-) TimerEvent: {}
[1.667820] (stack_msgs) StdoutLine: {'line': b'-- Found ament_cmake_ros: 0.10.0 (/opt/ros/humble/share/ament_cmake_ros/cmake)\n'}
[1.701063] (-) TimerEvent: {}
[1.801506] (-) TimerEvent: {}
[1.901862] (-) TimerEvent: {}
[2.002230] (-) TimerEvent: {}
[2.093903] (stack_msgs) StdoutLine: {'line': b'-- Using all available rosidl_typesupport_c: rosidl_typesupport_fastrtps_c;rosidl_typesupport_introspection_c\n'}
[2.102343] (-) TimerEvent: {}
[2.202712] (-) TimerEvent: {}
[2.303078] (-) TimerEvent: {}
[2.403454] (-) TimerEvent: {}
[2.503866] (-) TimerEvent: {}
[2.604273] (-) TimerEvent: {}
[2.671410] (stack_msgs) StdoutLine: {'line': b'-- Using all available rosidl_typesupport_cpp: rosidl_typesupport_fastrtps_cpp;rosidl_typesupport_introspection_cpp\n'}
[2.704495] (-) TimerEvent: {}
[2.705683] (stack_msgs) StdoutLine: {'line': b'-- Found PythonInterp: /usr/bin/python3 (found suitable version "3.10.12", minimum required is "3.6") \n'}
[2.708161] (stack_msgs) StdoutLine: {'line': b'-- Found python_cmake_module: 0.10.0 (/opt/ros/humble/share/python_cmake_module/cmake)\n'}
[2.804692] (-) TimerEvent: {}
[2.818065] (stack_msgs) StderrLine: {'line': b'CMake Error at /usr/share/cmake-3.22/Modules/FindPackageHandleStandardArgs.cmake:230 (message):\n'}
[2.818547] (stack_msgs) StderrLine: {'line': b'  Could NOT find PythonLibs (missing: PYTHON_LIBRARIES PYTHON_INCLUDE_DIRS)\n'}
[2.818768] (stack_msgs) StderrLine: {'line': b'  (Required is at least version "3.5")\n'}
[2.818958] (stack_msgs) StderrLine: {'line': b'Call Stack (most recent call first):\n'}
[2.819137] (stack_msgs) StderrLine: {'line': b'  /usr/share/cmake-3.22/Modules/FindPackageHandleStandardArgs.cmake:594 (_FPHSA_FAILURE_MESSAGE)\n'}
[2.819310] (stack_msgs) StderrLine: {'line': b'  /usr/share/cmake-3.22/Modules/FindPythonLibs.cmake:310 (FIND_PACKAGE_HANDLE_STANDARD_ARGS)\n'}
[2.819479] (stack_msgs) StderrLine: {'line': b'  /opt/ros/humble/share/python_cmake_module/cmake/Modules/FindPythonExtra.cmake:140 (find_package)\n'}
[2.819645] (stack_msgs) StderrLine: {'line': b'  /opt/ros/humble/share/rosidl_generator_py/cmake/rosidl_generator_py_generate_interfaces.cmake:23 (find_package)\n'}
[2.819900] (stack_msgs) StderrLine: {'line': b'  /opt/ros/humble/share/ament_cmake_core/cmake/core/ament_execute_extensions.cmake:48 (include)\n'}
[2.820107] (stack_msgs) StderrLine: {'line': b'  /opt/ros/humble/share/rosidl_cmake/cmake/rosidl_generate_interfaces.cmake:286 (ament_execute_extensions)\n'}
[2.820282] (stack_msgs) StderrLine: {'line': b'  CMakeLists.txt:14 (rosidl_generate_interfaces)\n'}
[2.820483] (stack_msgs) StderrLine: {'line': b'\n'}
[2.820700] (stack_msgs) StderrLine: {'line': b'\n'}
[2.821191] (stack_msgs) StdoutLine: {'line': b'-- Configuring incomplete, errors occurred!\n'}
[2.821417] (stack_msgs) StdoutLine: {'line': b'See also "/ws/build/stack_msgs/CMakeFiles/CMakeOutput.log".\n'}
[2.821628] (stack_msgs) StdoutLine: {'line': b'See also "/ws/build/stack_msgs/CMakeFiles/CMakeError.log".\n'}
[2.844851] (stack_msgs) CommandEnded: {'returncode': 1}
[2.893731] (stack_msgs) JobEnded: {'identifier': 'stack_msgs', 'rc': 1}
[2.904913] (-) TimerEvent: {}
[2.905286] (health_monitor) JobSkipped: {'identifier': 'health_monitor'}
[2.905442] (-) EventReactorShutdown: {}
