running egg_info
writing ../../build/bandwidth_manager/bandwidth_manager.egg-info/PKG-INFO
writing dependency_links to ../../build/bandwidth_manager/bandwidth_manager.egg-info/dependency_links.txt
writing entry points to ../../build/bandwidth_manager/bandwidth_manager.egg-info/entry_points.txt
writing requirements to ../../build/bandwidth_manager/bandwidth_manager.egg-info/requires.txt
writing top-level names to ../../build/bandwidth_manager/bandwidth_manager.egg-info/top_level.txt
reading manifest file '../../build/bandwidth_manager/bandwidth_manager.egg-info/SOURCES.txt'
adding license file 'LICENSE'
writing manifest file '../../build/bandwidth_manager/bandwidth_manager.egg-info/SOURCES.txt'
running build
running build_py
running install
running install_lib
running install_data
running install_egg_info
removing '/ws/install/bandwidth_manager/lib/python3.10/site-packages/bandwidth_manager-0.1.0-py3.10.egg-info' (and everything under it)
Copying ../../build/bandwidth_manager/bandwidth_manager.egg-info to /ws/install/bandwidth_manager/lib/python3.10/site-packages/bandwidth_manager-0.1.0-py3.10.egg-info
running install_scripts
Installing bandwidth_manager script to /ws/install/bandwidth_manager/lib/bandwidth_manager
writing list of installed files to '/ws/build/bandwidth_manager/install.log'
