[0.020s] Invoking command in '/ws/build/stack_msgs': CMAKE_PREFIX_PATH=/opt/ros/humble /usr/bin/cmake /ws/src/stack_msgs -DCMAKE_BUILD_TYPE=Release -DCMAKE_INSTALL_PREFIX=/ws/install/stack_msgs
[0.196s] -- The C compiler identification is GNU 11.4.0
[0.357s] -- The CXX compiler identification is GNU 11.4.0
[0.380s] -- Detecting C compiler ABI info
[0.540s] -- Detecting C compiler ABI info - done
[0.555s] -- Check for working C compiler: /usr/bin/cc - skipped
[0.556s] -- Detecting C compile features
[0.558s] -- Detecting C compile features - done
[0.571s] -- Detecting CXX compiler ABI info
[0.579s] CMake Error: CMAKE_CXX_COMPILER not set, after EnableLanguage
[0.580s] CMake Error at /usr/share/cmake-3.22/Modules/CMakeDetermineCompilerABI.cmake:49 (try_compile):
[0.580s]   Failed to configure test project build system.
[0.580s] Call Stack (most recent call first):
[0.580s]   /usr/share/cmake-3.22/Modules/CMakeTestCXXCompiler.cmake:26 (CMAKE_DETERMINE_COMPILER_ABI)
[0.580s]   CMakeLists.txt:2 (project)
[0.580s] 
[0.581s] 
[0.581s] -- Configuring incomplete, errors occurred!
[0.581s] See also "/ws/build/stack_msgs/CMakeFiles/CMakeOutput.log".
[0.592s] Invoked command in '/ws/build/stack_msgs' returned '1': CMAKE_PREFIX_PATH=/opt/ros/humble /usr/bin/cmake /ws/src/stack_msgs -DCMAKE_BUILD_TYPE=Release -DCMAKE_INSTALL_PREFIX=/ws/install/stack_msgs
