[0.253s] DEBUG:colcon:Command line arguments: ['/usr/bin/colcon', 'build', '--packages-select', 'stack_msgs', 'health_monitor', 'bandwidth_manager', '--cmake-args', '-DCMAKE_BUILD_TYPE=Release']
[0.253s] DEBUG:colcon:Parsed command line arguments: Namespace(log_base=None, log_level=None, verb_name='build', build_base='build', install_base='install', merge_install=False, symlink_install=False, test_result_base=None, continue_on_error=False, executor='parallel', parallel_workers=6, event_handlers=None, ignore_user_meta=False, metas=['./colcon.meta'], base_paths=['.'], packages_ignore=None, packages_ignore_regex=None, paths=None, packages_up_to=None, packages_up_to_regex=None, packages_above=None, packages_above_and_dependencies=None, packages_above_depth=None, packages_select_by_dep=None, packages_skip_by_dep=None, packages_skip_up_to=None, packages_select_build_failed=False, packages_skip_build_finished=False, packages_select_test_failures=False, packages_skip_test_passed=False, packages_select=['stack_msgs', 'health_monitor', 'bandwidth_manager'], packages_skip=None, packages_select_regex=None, packages_skip_regex=None, packages_start=None, packages_end=None, cmake_args=['-DCMAKE_BUILD_TYPE=Release'], cmake_target=None, cmake_target_skip_unavailable=False, cmake_clean_cache=False, cmake_clean_first=False, cmake_force_configure=False, ament_cmake_args=None, catkin_cmake_args=None, catkin_skip_building_tests=False, verb_parser=<colcon_defaults.argument_parser.defaults.DefaultArgumentsDecorator object at 0xffffbc44d8d0>, verb_extension=<colcon_core.verb.build.BuildVerb object at 0xffffbc3c2560>, main=<bound method BuildVerb.main of <colcon_core.verb.build.BuildVerb object at 0xffffbc3c2560>>)
[0.242s] DEBUG:colcon:Command line arguments: ['/usr/bin/colcon', 'build', '--packages-select', 'stack_msgs', 'health_monitor', '--cmake-args', '-DCMAKE_BUILD_TYPE=Release']
[0.242s] DEBUG:colcon:Parsed command line arguments: Namespace(log_base=None, log_level=None, verb_name='build', build_base='build', install_base='install', merge_install=False, symlink_install=False, test_result_base=None, continue_on_error=False, executor='parallel', parallel_workers=6, event_handlers=None, ignore_user_meta=False, metas=['./colcon.meta'], base_paths=['.'], packages_ignore=None, packages_ignore_regex=None, paths=None, packages_up_to=None, packages_up_to_regex=None, packages_above=None, packages_above_and_dependencies=None, packages_above_depth=None, packages_select_by_dep=None, packages_skip_by_dep=None, packages_skip_up_to=None, packages_select_build_failed=False, packages_skip_build_finished=False, packages_select_test_failures=False, packages_skip_test_passed=False, packages_select=['stack_msgs', 'health_monitor'], packages_skip=None, packages_select_regex=None, packages_skip_regex=None, packages_start=None, packages_end=None, cmake_args=['-DCMAKE_BUILD_TYPE=Release'], cmake_target=None, cmake_target_skip_unavailable=False, cmake_clean_cache=False, cmake_clean_first=False, cmake_force_configure=False, ament_cmake_args=None, catkin_cmake_args=None, catkin_skip_building_tests=False, verb_parser=<colcon_defaults.argument_parser.defaults.DefaultArgumentsDecorator object at 0xffff9a65d8d0>, verb_extension=<colcon_core.verb.build.BuildVerb object at 0xffff9a5d2560>, main=<bound method BuildVerb.main of <colcon_core.verb.build.BuildVerb object at 0xffff9a5d2560>>)
[0.518s] Level 1:colcon.colcon_core.package_discovery:discover_packages(colcon_meta) check parameters
[0.518s] Level 1:colcon.colcon_core.package_discovery:discover_packages(recursive) check parameters
[0.519s] Level 1:colcon.colcon_core.package_discovery:discover_packages(ignore) check parameters
[0.519s] Level 1:colcon.colcon_core.package_discovery:discover_packages(path) check parameters
[0.519s] Level 1:colcon.colcon_core.package_discovery:discover_packages(colcon_meta) discover
[0.519s] Level 1:colcon.colcon_core.package_discovery:discover_packages(recursive) discover
[0.519s] INFO:colcon.colcon_core.package_discovery:Crawling recursively for packages in '/ws'
[0.519s] Level 1:colcon.colcon_core.package_identification:_identify(.) by extensions ['ignore', 'ignore_ament_install']
[0.520s] Level 1:colcon.colcon_core.package_identification:_identify(.) by extension 'ignore'
[0.520s] Level 1:colcon.colcon_core.package_identification:_identify(.) by extension 'ignore_ament_install'
[0.520s] Level 1:colcon.colcon_core.package_identification:_identify(.) by extensions ['colcon_pkg']
[0.520s] Level 1:colcon.colcon_core.package_identification:_identify(.) by extension 'colcon_pkg'
[0.520s] Level 1:colcon.colcon_core.package_identification:_identify(.) by extensions ['colcon_meta']
[0.520s] Level 1:colcon.colcon_core.package_identification:_identify(.) by extension 'colcon_meta'
[0.520s] Level 1:colcon.colcon_core.package_identification:_identify(.) by extensions ['ros']
[0.520s] Level 1:colcon.colcon_core.package_identification:_identify(.) by extension 'ros'
[0.546s] Level 1:colcon.colcon_core.package_identification:_identify(.) by extensions ['cmake', 'python']
[0.546s] Level 1:colcon.colcon_core.package_identification:_identify(.) by extension 'cmake'
[0.546s] Level 1:colcon.colcon_core.package_identification:_identify(.) by extension 'python'
[0.547s] Level 1:colcon.colcon_core.package_identification:_identify(.) by extensions ['python_setup_py']
[0.547s] Level 1:colcon.colcon_core.package_identification:_identify(.) by extension 'python_setup_py'
[0.547s] Level 1:colcon.colcon_core.package_identification:_identify(build) by extensions ['ignore', 'ignore_ament_install']
[0.547s] Level 1:colcon.colcon_core.package_identification:_identify(build) by extension 'ignore'
[0.547s] Level 1:colcon.colcon_core.package_identification:_identify(build) ignored
[0.548s] Level 1:colcon.colcon_core.package_identification:_identify(docker) by extensions ['ignore', 'ignore_ament_install']
[0.548s] Level 1:colcon.colcon_core.package_identification:_identify(docker) by extension 'ignore'
[0.548s] Level 1:colcon.colcon_core.package_identification:_identify(docker) by extension 'ignore_ament_install'
[0.548s] Level 1:colcon.colcon_core.package_identification:_identify(docker) by extensions ['colcon_pkg']
[0.548s] Level 1:colcon.colcon_core.package_identification:_identify(docker) by extension 'colcon_pkg'
[0.548s] Level 1:colcon.colcon_core.package_identification:_identify(docker) by extensions ['colcon_meta']
[0.548s] Level 1:colcon.colcon_core.package_identification:_identify(docker) by extension 'colcon_meta'
[0.548s] Level 1:colcon.colcon_core.package_identification:_identify(docker) by extensions ['ros']
[0.548s] Level 1:colcon.colcon_core.package_identification:_identify(docker) by extension 'ros'
[0.549s] Level 1:colcon.colcon_core.package_identification:_identify(docker) by extensions ['cmake', 'python']
[0.549s] Level 1:colcon.colcon_core.package_identification:_identify(docker) by extension 'cmake'
[0.549s] Level 1:colcon.colcon_core.package_identification:_identify(docker) by extension 'python'
[0.549s] Level 1:colcon.colcon_core.package_identification:_identify(docker) by extensions ['python_setup_py']
[0.549s] Level 1:colcon.colcon_core.package_identification:_identify(docker) by extension 'python_setup_py'
[0.549s] Level 1:colcon.colcon_core.package_identification:_identify(docker/compose) by extensions ['ignore', 'ignore_ament_install']
[0.549s] Level 1:colcon.colcon_core.package_identification:_identify(docker/compose) by extension 'ignore'
[0.549s] Level 1:colcon.colcon_core.package_identification:_identify(docker/compose) by extension 'ignore_ament_install'
[0.550s] Level 1:colcon.colcon_core.package_identification:_identify(docker/compose) by extensions ['colcon_pkg']
[0.550s] Level 1:colcon.colcon_core.package_identification:_identify(docker/compose) by extension 'colcon_pkg'
[0.550s] Level 1:colcon.colcon_core.package_identification:_identify(docker/compose) by extensions ['colcon_meta']
[0.550s] Level 1:colcon.colcon_core.package_identification:_identify(docker/compose) by extension 'colcon_meta'
[0.550s] Level 1:colcon.colcon_core.package_identification:_identify(docker/compose) by extensions ['ros']
[0.550s] Level 1:colcon.colcon_core.package_identification:_identify(docker/compose) by extension 'ros'
[0.550s] Level 1:colcon.colcon_core.package_identification:_identify(docker/compose) by extensions ['cmake', 'python']
[0.550s] Level 1:colcon.colcon_core.package_identification:_identify(docker/compose) by extension 'cmake'
[0.550s] Level 1:colcon.colcon_core.package_identification:_identify(docker/compose) by extension 'python'
[0.550s] Level 1:colcon.colcon_core.package_identification:_identify(docker/compose) by extensions ['python_setup_py']
[0.551s] Level 1:colcon.colcon_core.package_identification:_identify(docker/compose) by extension 'python_setup_py'
[0.551s] Level 1:colcon.colcon_core.package_identification:_identify(docker/jetson) by extensions ['ignore', 'ignore_ament_install']
[0.551s] Level 1:colcon.colcon_core.package_identification:_identify(docker/jetson) by extension 'ignore'
[0.551s] Level 1:colcon.colcon_core.package_identification:_identify(docker/jetson) by extension 'ignore_ament_install'
[0.551s] Level 1:colcon.colcon_core.package_identification:_identify(docker/jetson) by extensions ['colcon_pkg']
[0.551s] Level 1:colcon.colcon_core.package_identification:_identify(docker/jetson) by extension 'colcon_pkg'
[0.551s] Level 1:colcon.colcon_core.package_identification:_identify(docker/jetson) by extensions ['colcon_meta']
[0.551s] Level 1:colcon.colcon_core.package_identification:_identify(docker/jetson) by extension 'colcon_meta'
[0.552s] Level 1:colcon.colcon_core.package_identification:_identify(docker/jetson) by extensions ['ros']
[0.552s] Level 1:colcon.colcon_core.package_identification:_identify(docker/jetson) by extension 'ros'
[0.552s] Level 1:colcon.colcon_core.package_identification:_identify(docker/jetson) by extensions ['cmake', 'python']
[0.552s] Level 1:colcon.colcon_core.package_identification:_identify(docker/jetson) by extension 'cmake'
[0.552s] Level 1:colcon.colcon_core.package_identification:_identify(docker/jetson) by extension 'python'
[0.552s] Level 1:colcon.colcon_core.package_identification:_identify(docker/jetson) by extensions ['python_setup_py']
[0.552s] Level 1:colcon.colcon_core.package_identification:_identify(docker/jetson) by extension 'python_setup_py'
[0.552s] Level 1:colcon.colcon_core.package_identification:_identify(docker/operator) by extensions ['ignore', 'ignore_ament_install']
[0.552s] Level 1:colcon.colcon_core.package_identification:_identify(docker/operator) by extension 'ignore'
[0.553s] Level 1:colcon.colcon_core.package_identification:_identify(docker/operator) by extension 'ignore_ament_install'
[0.553s] Level 1:colcon.colcon_core.package_identification:_identify(docker/operator) by extensions ['colcon_pkg']
[0.553s] Level 1:colcon.colcon_core.package_identification:_identify(docker/operator) by extension 'colcon_pkg'
[0.553s] Level 1:colcon.colcon_core.package_identification:_identify(docker/operator) by extensions ['colcon_meta']
[0.553s] Level 1:colcon.colcon_core.package_identification:_identify(docker/operator) by extension 'colcon_meta'
[0.553s] Level 1:colcon.colcon_core.package_identification:_identify(docker/operator) by extensions ['ros']
[0.553s] Level 1:colcon.colcon_core.package_identification:_identify(docker/operator) by extension 'ros'
[0.553s] Level 1:colcon.colcon_core.package_identification:_identify(docker/operator) by extensions ['cmake', 'python']
[0.553s] Level 1:colcon.colcon_core.package_identification:_identify(docker/operator) by extension 'cmake'
[0.553s] Level 1:colcon.colcon_core.package_identification:_identify(docker/operator) by extension 'python'
[0.553s] Level 1:colcon.colcon_core.package_identification:_identify(docker/operator) by extensions ['python_setup_py']
[0.554s] Level 1:colcon.colcon_core.package_identification:_identify(docker/operator) by extension 'python_setup_py'
[0.554s] Level 1:colcon.colcon_core.package_identification:_identify(docs) by extensions ['ignore', 'ignore_ament_install']
[0.554s] Level 1:colcon.colcon_core.package_identification:_identify(docs) by extension 'ignore'
[0.554s] Level 1:colcon.colcon_core.package_identification:_identify(docs) by extension 'ignore_ament_install'
[0.554s] Level 1:colcon.colcon_core.package_identification:_identify(docs) by extensions ['colcon_pkg']
[0.554s] Level 1:colcon.colcon_core.package_identification:_identify(docs) by extension 'colcon_pkg'
[0.554s] Level 1:colcon.colcon_core.package_identification:_identify(docs) by extensions ['colcon_meta']
[0.554s] Level 1:colcon.colcon_core.package_identification:_identify(docs) by extension 'colcon_meta'
[0.554s] Level 1:colcon.colcon_core.package_identification:_identify(docs) by extensions ['ros']
[0.555s] Level 1:colcon.colcon_core.package_identification:_identify(docs) by extension 'ros'
[0.555s] Level 1:colcon.colcon_core.package_identification:_identify(docs) by extensions ['cmake', 'python']
[0.555s] Level 1:colcon.colcon_core.package_identification:_identify(docs) by extension 'cmake'
[0.555s] Level 1:colcon.colcon_core.package_identification:_identify(docs) by extension 'python'
[0.555s] Level 1:colcon.colcon_core.package_identification:_identify(docs) by extensions ['python_setup_py']
[0.555s] Level 1:colcon.colcon_core.package_identification:_identify(docs) by extension 'python_setup_py'
[0.555s] Level 1:colcon.colcon_core.package_identification:_identify(fastdds) by extensions ['ignore', 'ignore_ament_install']
[0.555s] Level 1:colcon.colcon_core.package_identification:_identify(fastdds) by extension 'ignore'
[0.556s] Level 1:colcon.colcon_core.package_identification:_identify(fastdds) by extension 'ignore_ament_install'
[0.556s] Level 1:colcon.colcon_core.package_identification:_identify(fastdds) by extensions ['colcon_pkg']
[0.556s] Level 1:colcon.colcon_core.package_identification:_identify(fastdds) by extension 'colcon_pkg'
[0.556s] Level 1:colcon.colcon_core.package_identification:_identify(fastdds) by extensions ['colcon_meta']
[0.556s] Level 1:colcon.colcon_core.package_identification:_identify(fastdds) by extension 'colcon_meta'
[0.556s] Level 1:colcon.colcon_core.package_identification:_identify(fastdds) by extensions ['ros']
[0.556s] Level 1:colcon.colcon_core.package_identification:_identify(fastdds) by extension 'ros'
[0.556s] Level 1:colcon.colcon_core.package_identification:_identify(fastdds) by extensions ['cmake', 'python']
[0.556s] Level 1:colcon.colcon_core.package_identification:_identify(fastdds) by extension 'cmake'
[0.556s] Level 1:colcon.colcon_core.package_identification:_identify(fastdds) by extension 'python'
[0.556s] Level 1:colcon.colcon_core.package_identification:_identify(fastdds) by extensions ['python_setup_py']
[0.556s] Level 1:colcon.colcon_core.package_identification:_identify(fastdds) by extension 'python_setup_py'
[0.557s] Level 1:colcon.colcon_core.package_identification:_identify(install) by extensions ['ignore', 'ignore_ament_install']
[0.557s] Level 1:colcon.colcon_core.package_identification:_identify(install) by extension 'ignore'
[0.557s] Level 1:colcon.colcon_core.package_identification:_identify(install) ignored
[0.557s] Level 1:colcon.colcon_core.package_identification:_identify(log) by extensions ['ignore', 'ignore_ament_install']
[0.557s] Level 1:colcon.colcon_core.package_identification:_identify(log) by extension 'ignore'
[0.558s] Level 1:colcon.colcon_core.package_identification:_identify(log) ignored
[0.558s] Level 1:colcon.colcon_core.package_identification:_identify(src) by extensions ['ignore', 'ignore_ament_install']
[0.558s] Level 1:colcon.colcon_core.package_identification:_identify(src) by extension 'ignore'
[0.558s] Level 1:colcon.colcon_core.package_identification:_identify(src) by extension 'ignore_ament_install'
[0.558s] Level 1:colcon.colcon_core.package_identification:_identify(src) by extensions ['colcon_pkg']
[0.558s] Level 1:colcon.colcon_core.package_identification:_identify(src) by extension 'colcon_pkg'
[0.558s] Level 1:colcon.colcon_core.package_identification:_identify(src) by extensions ['colcon_meta']
[0.558s] Level 1:colcon.colcon_core.package_identification:_identify(src) by extension 'colcon_meta'
[0.558s] Level 1:colcon.colcon_core.package_identification:_identify(src) by extensions ['ros']
[0.559s] Level 1:colcon.colcon_core.package_identification:_identify(src) by extension 'ros'
[0.559s] Level 1:colcon.colcon_core.package_identification:_identify(src) by extensions ['cmake', 'python']
[0.559s] Level 1:colcon.colcon_core.package_identification:_identify(src) by extension 'cmake'
[0.559s] Level 1:colcon.colcon_core.package_identification:_identify(src) by extension 'python'
[0.559s] Level 1:colcon.colcon_core.package_identification:_identify(src) by extensions ['python_setup_py']
[0.559s] Level 1:colcon.colcon_core.package_identification:_identify(src) by extension 'python_setup_py'
[0.559s] Level 1:colcon.colcon_core.package_identification:_identify(src/bandwidth_manager) by extensions ['ignore', 'ignore_ament_install']
[0.559s] Level 1:colcon.colcon_core.package_identification:_identify(src/bandwidth_manager) by extension 'ignore'
[0.560s] Level 1:colcon.colcon_core.package_identification:_identify(src/bandwidth_manager) by extension 'ignore_ament_install'
[0.560s] Level 1:colcon.colcon_core.package_identification:_identify(src/bandwidth_manager) by extensions ['colcon_pkg']
[0.560s] Level 1:colcon.colcon_core.package_identification:_identify(src/bandwidth_manager) by extension 'colcon_pkg'
[0.560s] Level 1:colcon.colcon_core.package_identification:_identify(src/bandwidth_manager) by extensions ['colcon_meta']
[0.560s] Level 1:colcon.colcon_core.package_identification:_identify(src/bandwidth_manager) by extension 'colcon_meta'
[0.560s] Level 1:colcon.colcon_core.package_identification:_identify(src/bandwidth_manager) by extensions ['ros']
[0.560s] Level 1:colcon.colcon_core.package_identification:_identify(src/bandwidth_manager) by extension 'ros'
[0.566s] DEBUG:colcon.colcon_core.package_identification:Package 'src/bandwidth_manager' with type 'ros.ament_python' and name 'bandwidth_manager'
[0.567s] Level 1:colcon.colcon_core.package_identification:_identify(src/health_monitor) by extensions ['ignore', 'ignore_ament_install']
[0.567s] Level 1:colcon.colcon_core.package_identification:_identify(src/health_monitor) by extension 'ignore'
[0.567s] Level 1:colcon.colcon_core.package_identification:_identify(src/health_monitor) by extension 'ignore_ament_install'
[0.567s] Level 1:colcon.colcon_core.package_identification:_identify(src/health_monitor) by extensions ['colcon_pkg']
[0.567s] Level 1:colcon.colcon_core.package_identification:_identify(src/health_monitor) by extension 'colcon_pkg'
[0.567s] Level 1:colcon.colcon_core.package_identification:_identify(src/health_monitor) by extensions ['colcon_meta']
[0.568s] Level 1:colcon.colcon_core.package_identification:_identify(src/health_monitor) by extension 'colcon_meta'
[0.568s] Level 1:colcon.colcon_core.package_identification:_identify(src/health_monitor) by extensions ['ros']
[0.568s] Level 1:colcon.colcon_core.package_identification:_identify(src/health_monitor) by extension 'ros'
[0.569s] DEBUG:colcon.colcon_core.package_identification:Package 'src/health_monitor' with type 'ros.ament_python' and name 'health_monitor'
[0.570s] Level 1:colcon.colcon_core.package_identification:_identify(src/stack_msgs) by extensions ['ignore', 'ignore_ament_install']
[0.570s] Level 1:colcon.colcon_core.package_identification:_identify(src/stack_msgs) by extension 'ignore'
[0.570s] Level 1:colcon.colcon_core.package_identification:_identify(src/stack_msgs) by extension 'ignore_ament_install'
[0.570s] Level 1:colcon.colcon_core.package_identification:_identify(src/stack_msgs) by extensions ['colcon_pkg']
[0.570s] Level 1:colcon.colcon_core.package_identification:_identify(src/stack_msgs) by extension 'colcon_pkg'
[0.570s] Level 1:colcon.colcon_core.package_identification:_identify(src/stack_msgs) by extensions ['colcon_meta']
[0.570s] Level 1:colcon.colcon_core.package_identification:_identify(src/stack_msgs) by extension 'colcon_meta'
[0.571s] Level 1:colcon.colcon_core.package_identification:_identify(src/stack_msgs) by extensions ['ros']
[0.571s] Level 1:colcon.colcon_core.package_identification:_identify(src/stack_msgs) by extension 'ros'
[0.572s] DEBUG:colcon.colcon_core.package_identification:Package 'src/stack_msgs' with type 'ros.ament_cmake' and name 'stack_msgs'
[0.572s] Level 1:colcon.colcon_core.package_discovery:discover_packages(recursive) using defaults
[0.572s] Level 1:colcon.colcon_core.package_discovery:discover_packages(ignore) discover
[0.572s] Level 1:colcon.colcon_core.package_discovery:discover_packages(ignore) using defaults
[0.572s] Level 1:colcon.colcon_core.package_discovery:discover_packages(path) discover
[0.572s] Level 1:colcon.colcon_core.package_discovery:discover_packages(path) using defaults
[0.504s] Level 1:colcon.colcon_core.package_discovery:discover_packages(colcon_meta) check parameters
[0.504s] Level 1:colcon.colcon_core.package_discovery:discover_packages(recursive) check parameters
[0.504s] Level 1:colcon.colcon_core.package_discovery:discover_packages(ignore) check parameters
[0.504s] Level 1:colcon.colcon_core.package_discovery:discover_packages(path) check parameters
[0.505s] Level 1:colcon.colcon_core.package_discovery:discover_packages(colcon_meta) discover
[0.505s] Level 1:colcon.colcon_core.package_discovery:discover_packages(recursive) discover
[0.505s] INFO:colcon.colcon_core.package_discovery:Crawling recursively for packages in '/ws'
[0.505s] Level 1:colcon.colcon_core.package_identification:_identify(.) by extensions ['ignore', 'ignore_ament_install']
[0.505s] Level 1:colcon.colcon_core.package_identification:_identify(.) by extension 'ignore'
[0.505s] Level 1:colcon.colcon_core.package_identification:_identify(.) by extension 'ignore_ament_install'
[0.506s] Level 1:colcon.colcon_core.package_identification:_identify(.) by extensions ['colcon_pkg']
[0.506s] Level 1:colcon.colcon_core.package_identification:_identify(.) by extension 'colcon_pkg'
[0.506s] Level 1:colcon.colcon_core.package_identification:_identify(.) by extensions ['colcon_meta']
[0.506s] Level 1:colcon.colcon_core.package_identification:_identify(.) by extension 'colcon_meta'
[0.506s] Level 1:colcon.colcon_core.package_identification:_identify(.) by extensions ['ros']
[0.506s] Level 1:colcon.colcon_core.package_identification:_identify(.) by extension 'ros'
[0.532s] Level 1:colcon.colcon_core.package_identification:_identify(.) by extensions ['cmake', 'python']
[0.532s] Level 1:colcon.colcon_core.package_identification:_identify(.) by extension 'cmake'
[0.533s] Level 1:colcon.colcon_core.package_identification:_identify(.) by extension 'python'
[0.533s] Level 1:colcon.colcon_core.package_identification:_identify(.) by extensions ['python_setup_py']
[0.533s] Level 1:colcon.colcon_core.package_identification:_identify(.) by extension 'python_setup_py'
[0.533s] Level 1:colcon.colcon_core.package_identification:_identify(build) by extensions ['ignore', 'ignore_ament_install']
[0.533s] Level 1:colcon.colcon_core.package_identification:_identify(build) by extension 'ignore'
[0.534s] Level 1:colcon.colcon_core.package_identification:_identify(build) ignored
[0.534s] Level 1:colcon.colcon_core.package_identification:_identify(docker) by extensions ['ignore', 'ignore_ament_install']
[0.534s] Level 1:colcon.colcon_core.package_identification:_identify(docker) by extension 'ignore'
[0.534s] Level 1:colcon.colcon_core.package_identification:_identify(docker) by extension 'ignore_ament_install'
[0.534s] Level 1:colcon.colcon_core.package_identification:_identify(docker) by extensions ['colcon_pkg']
[0.534s] Level 1:colcon.colcon_core.package_identification:_identify(docker) by extension 'colcon_pkg'
[0.534s] Level 1:colcon.colcon_core.package_identification:_identify(docker) by extensions ['colcon_meta']
[0.534s] Level 1:colcon.colcon_core.package_identification:_identify(docker) by extension 'colcon_meta'
[0.535s] Level 1:colcon.colcon_core.package_identification:_identify(docker) by extensions ['ros']
[0.535s] Level 1:colcon.colcon_core.package_identification:_identify(docker) by extension 'ros'
[0.535s] Level 1:colcon.colcon_core.package_identification:_identify(docker) by extensions ['cmake', 'python']
[0.535s] Level 1:colcon.colcon_core.package_identification:_identify(docker) by extension 'cmake'
[0.535s] Level 1:colcon.colcon_core.package_identification:_identify(docker) by extension 'python'
[0.535s] Level 1:colcon.colcon_core.package_identification:_identify(docker) by extensions ['python_setup_py']
[0.535s] Level 1:colcon.colcon_core.package_identification:_identify(docker) by extension 'python_setup_py'
[0.535s] Level 1:colcon.colcon_core.package_identification:_identify(docker/compose) by extensions ['ignore', 'ignore_ament_install']
[0.536s] Level 1:colcon.colcon_core.package_identification:_identify(docker/compose) by extension 'ignore'
[0.536s] Level 1:colcon.colcon_core.package_identification:_identify(docker/compose) by extension 'ignore_ament_install'
[0.536s] Level 1:colcon.colcon_core.package_identification:_identify(docker/compose) by extensions ['colcon_pkg']
[0.536s] Level 1:colcon.colcon_core.package_identification:_identify(docker/compose) by extension 'colcon_pkg'
[0.536s] Level 1:colcon.colcon_core.package_identification:_identify(docker/compose) by extensions ['colcon_meta']
[0.536s] Level 1:colcon.colcon_core.package_identification:_identify(docker/compose) by extension 'colcon_meta'
[0.536s] Level 1:colcon.colcon_core.package_identification:_identify(docker/compose) by extensions ['ros']
[0.536s] Level 1:colcon.colcon_core.package_identification:_identify(docker/compose) by extension 'ros'
[0.536s] Level 1:colcon.colcon_core.package_identification:_identify(docker/compose) by extensions ['cmake', 'python']
[0.536s] Level 1:colcon.colcon_core.package_identification:_identify(docker/compose) by extension 'cmake'
[0.537s] Level 1:colcon.colcon_core.package_identification:_identify(docker/compose) by extension 'python'
[0.537s] Level 1:colcon.colcon_core.package_identification:_identify(docker/compose) by extensions ['python_setup_py']
[0.537s] Level 1:colcon.colcon_core.package_identification:_identify(docker/compose) by extension 'python_setup_py'
[0.537s] Level 1:colcon.colcon_core.package_identification:_identify(docker/jetson) by extensions ['ignore', 'ignore_ament_install']
[0.537s] Level 1:colcon.colcon_core.package_identification:_identify(docker/jetson) by extension 'ignore'
[0.537s] Level 1:colcon.colcon_core.package_identification:_identify(docker/jetson) by extension 'ignore_ament_install'
[0.537s] Level 1:colcon.colcon_core.package_identification:_identify(docker/jetson) by extensions ['colcon_pkg']
[0.537s] Level 1:colcon.colcon_core.package_identification:_identify(docker/jetson) by extension 'colcon_pkg'
[0.538s] Level 1:colcon.colcon_core.package_identification:_identify(docker/jetson) by extensions ['colcon_meta']
[0.538s] Level 1:colcon.colcon_core.package_identification:_identify(docker/jetson) by extension 'colcon_meta'
[0.538s] Level 1:colcon.colcon_core.package_identification:_identify(docker/jetson) by extensions ['ros']
[0.538s] Level 1:colcon.colcon_core.package_identification:_identify(docker/jetson) by extension 'ros'
[0.538s] Level 1:colcon.colcon_core.package_identification:_identify(docker/jetson) by extensions ['cmake', 'python']
[0.538s] Level 1:colcon.colcon_core.package_identification:_identify(docker/jetson) by extension 'cmake'
[0.538s] Level 1:colcon.colcon_core.package_identification:_identify(docker/jetson) by extension 'python'
[0.538s] Level 1:colcon.colcon_core.package_identification:_identify(docker/jetson) by extensions ['python_setup_py']
[0.538s] Level 1:colcon.colcon_core.package_identification:_identify(docker/jetson) by extension 'python_setup_py'
[0.538s] Level 1:colcon.colcon_core.package_identification:_identify(docker/operator) by extensions ['ignore', 'ignore_ament_install']
[0.539s] Level 1:colcon.colcon_core.package_identification:_identify(docker/operator) by extension 'ignore'
[0.539s] Level 1:colcon.colcon_core.package_identification:_identify(docker/operator) by extension 'ignore_ament_install'
[0.539s] Level 1:colcon.colcon_core.package_identification:_identify(docker/operator) by extensions ['colcon_pkg']
[0.539s] Level 1:colcon.colcon_core.package_identification:_identify(docker/operator) by extension 'colcon_pkg'
[0.539s] Level 1:colcon.colcon_core.package_identification:_identify(docker/operator) by extensions ['colcon_meta']
[0.539s] Level 1:colcon.colcon_core.package_identification:_identify(docker/operator) by extension 'colcon_meta'
[0.539s] Level 1:colcon.colcon_core.package_identification:_identify(docker/operator) by extensions ['ros']
[0.539s] Level 1:colcon.colcon_core.package_identification:_identify(docker/operator) by extension 'ros'
[0.539s] Level 1:colcon.colcon_core.package_identification:_identify(docker/operator) by extensions ['cmake', 'python']
[0.539s] Level 1:colcon.colcon_core.package_identification:_identify(docker/operator) by extension 'cmake'
[0.540s] Level 1:colcon.colcon_core.package_identification:_identify(docker/operator) by extension 'python'
[0.540s] Level 1:colcon.colcon_core.package_identification:_identify(docker/operator) by extensions ['python_setup_py']
[0.540s] Level 1:colcon.colcon_core.package_identification:_identify(docker/operator) by extension 'python_setup_py'
[0.540s] Level 1:colcon.colcon_core.package_identification:_identify(docs) by extensions ['ignore', 'ignore_ament_install']
[0.540s] Level 1:colcon.colcon_core.package_identification:_identify(docs) by extension 'ignore'
[0.540s] Level 1:colcon.colcon_core.package_identification:_identify(docs) by extension 'ignore_ament_install'
[0.540s] Level 1:colcon.colcon_core.package_identification:_identify(docs) by extensions ['colcon_pkg']
[0.540s] Level 1:colcon.colcon_core.package_identification:_identify(docs) by extension 'colcon_pkg'
[0.541s] Level 1:colcon.colcon_core.package_identification:_identify(docs) by extensions ['colcon_meta']
[0.541s] Level 1:colcon.colcon_core.package_identification:_identify(docs) by extension 'colcon_meta'
[0.541s] Level 1:colcon.colcon_core.package_identification:_identify(docs) by extensions ['ros']
[0.541s] Level 1:colcon.colcon_core.package_identification:_identify(docs) by extension 'ros'
[0.541s] Level 1:colcon.colcon_core.package_identification:_identify(docs) by extensions ['cmake', 'python']
[0.541s] Level 1:colcon.colcon_core.package_identification:_identify(docs) by extension 'cmake'
[0.541s] Level 1:colcon.colcon_core.package_identification:_identify(docs) by extension 'python'
[0.541s] Level 1:colcon.colcon_core.package_identification:_identify(docs) by extensions ['python_setup_py']
[0.541s] Level 1:colcon.colcon_core.package_identification:_identify(docs) by extension 'python_setup_py'
[0.541s] Level 1:colcon.colcon_core.package_identification:_identify(fastdds) by extensions ['ignore', 'ignore_ament_install']
[0.542s] Level 1:colcon.colcon_core.package_identification:_identify(fastdds) by extension 'ignore'
[0.542s] Level 1:colcon.colcon_core.package_identification:_identify(fastdds) by extension 'ignore_ament_install'
[0.542s] Level 1:colcon.colcon_core.package_identification:_identify(fastdds) by extensions ['colcon_pkg']
[0.542s] Level 1:colcon.colcon_core.package_identification:_identify(fastdds) by extension 'colcon_pkg'
[0.542s] Level 1:colcon.colcon_core.package_identification:_identify(fastdds) by extensions ['colcon_meta']
[0.542s] Level 1:colcon.colcon_core.package_identification:_identify(fastdds) by extension 'colcon_meta'
[0.542s] Level 1:colcon.colcon_core.package_identification:_identify(fastdds) by extensions ['ros']
[0.542s] Level 1:colcon.colcon_core.package_identification:_identify(fastdds) by extension 'ros'
[0.542s] Level 1:colcon.colcon_core.package_identification:_identify(fastdds) by extensions ['cmake', 'python']
[0.542s] Level 1:colcon.colcon_core.package_identification:_identify(fastdds) by extension 'cmake'
[0.543s] Level 1:colcon.colcon_core.package_identification:_identify(fastdds) by extension 'python'
[0.543s] Level 1:colcon.colcon_core.package_identification:_identify(fastdds) by extensions ['python_setup_py']
[0.543s] Level 1:colcon.colcon_core.package_identification:_identify(fastdds) by extension 'python_setup_py'
[0.543s] Level 1:colcon.colcon_core.package_identification:_identify(install) by extensions ['ignore', 'ignore_ament_install']
[0.543s] Level 1:colcon.colcon_core.package_identification:_identify(install) by extension 'ignore'
[0.543s] Level 1:colcon.colcon_core.package_identification:_identify(install) ignored
[0.543s] Level 1:colcon.colcon_core.package_identification:_identify(log) by extensions ['ignore', 'ignore_ament_install']
[0.544s] Level 1:colcon.colcon_core.package_identification:_identify(log) by extension 'ignore'
[0.544s] Level 1:colcon.colcon_core.package_identification:_identify(log) ignored
[0.544s] Level 1:colcon.colcon_core.package_identification:_identify(src) by extensions ['ignore', 'ignore_ament_install']
[0.544s] Level 1:colcon.colcon_core.package_identification:_identify(src) by extension 'ignore'
[0.544s] Level 1:colcon.colcon_core.package_identification:_identify(src) by extension 'ignore_ament_install'
[0.544s] Level 1:colcon.colcon_core.package_identification:_identify(src) by extensions ['colcon_pkg']
[0.544s] Level 1:colcon.colcon_core.package_identification:_identify(src) by extension 'colcon_pkg'
[0.544s] Level 1:colcon.colcon_core.package_identification:_identify(src) by extensions ['colcon_meta']
[0.545s] Level 1:colcon.colcon_core.package_identification:_identify(src) by extension 'colcon_meta'
[0.545s] Level 1:colcon.colcon_core.package_identification:_identify(src) by extensions ['ros']
[0.545s] Level 1:colcon.colcon_core.package_identification:_identify(src) by extension 'ros'
[0.545s] Level 1:colcon.colcon_core.package_identification:_identify(src) by extensions ['cmake', 'python']
[0.545s] Level 1:colcon.colcon_core.package_identification:_identify(src) by extension 'cmake'
[0.545s] Level 1:colcon.colcon_core.package_identification:_identify(src) by extension 'python'
[0.545s] Level 1:colcon.colcon_core.package_identification:_identify(src) by extensions ['python_setup_py']
[0.545s] Level 1:colcon.colcon_core.package_identification:_identify(src) by extension 'python_setup_py'
[0.545s] Level 1:colcon.colcon_core.package_identification:_identify(src/bandwidth_manager) by extensions ['ignore', 'ignore_ament_install']
[0.546s] Level 1:colcon.colcon_core.package_identification:_identify(src/bandwidth_manager) by extension 'ignore'
[0.546s] Level 1:colcon.colcon_core.package_identification:_identify(src/bandwidth_manager) by extension 'ignore_ament_install'
[0.546s] Level 1:colcon.colcon_core.package_identification:_identify(src/bandwidth_manager) by extensions ['colcon_pkg']
[0.546s] Level 1:colcon.colcon_core.package_identification:_identify(src/bandwidth_manager) by extension 'colcon_pkg'
[0.546s] Level 1:colcon.colcon_core.package_identification:_identify(src/bandwidth_manager) by extensions ['colcon_meta']
[0.546s] Level 1:colcon.colcon_core.package_identification:_identify(src/bandwidth_manager) by extension 'colcon_meta'
[0.546s] Level 1:colcon.colcon_core.package_identification:_identify(src/bandwidth_manager) by extensions ['ros']
[0.546s] Level 1:colcon.colcon_core.package_identification:_identify(src/bandwidth_manager) by extension 'ros'
[0.617s] Level 5:colcon.colcon_core.verb:set package 'stack_msgs' build argument 'cmake_args' from command line to '['-DCMAKE_BUILD_TYPE=Release']'
[0.618s] Level 5:colcon.colcon_core.verb:set package 'stack_msgs' build argument 'cmake_target' from command line to 'None'
[0.618s] Level 5:colcon.colcon_core.verb:set package 'stack_msgs' build argument 'cmake_target_skip_unavailable' from command line to 'False'
[0.618s] Level 5:colcon.colcon_core.verb:set package 'stack_msgs' build argument 'cmake_clean_cache' from command line to 'False'
[0.618s] Level 5:colcon.colcon_core.verb:set package 'stack_msgs' build argument 'cmake_clean_first' from command line to 'False'
[0.618s] Level 5:colcon.colcon_core.verb:set package 'stack_msgs' build argument 'cmake_force_configure' from command line to 'False'
[0.618s] Level 5:colcon.colcon_core.verb:set package 'stack_msgs' build argument 'ament_cmake_args' from command line to 'None'
[0.618s] Level 5:colcon.colcon_core.verb:set package 'stack_msgs' build argument 'catkin_cmake_args' from command line to 'None'
[0.618s] Level 5:colcon.colcon_core.verb:set package 'stack_msgs' build argument 'catkin_skip_building_tests' from command line to 'False'
[0.618s] DEBUG:colcon.colcon_core.verb:Building package 'stack_msgs' with the following arguments: {'ament_cmake_args': None, 'build_base': '/ws/build/stack_msgs', 'catkin_cmake_args': None, 'catkin_skip_building_tests': False, 'cmake_args': ['-DCMAKE_BUILD_TYPE=Release'], 'cmake_clean_cache': False, 'cmake_clean_first': False, 'cmake_force_configure': False, 'cmake_target': None, 'cmake_target_skip_unavailable': False, 'install_base': '/ws/install/stack_msgs', 'merge_install': False, 'path': '/ws/src/stack_msgs', 'symlink_install': False, 'test_result_base': None}
[0.619s] Level 5:colcon.colcon_core.verb:set package 'bandwidth_manager' build argument 'cmake_args' from command line to '['-DCMAKE_BUILD_TYPE=Release']'
[0.619s] Level 5:colcon.colcon_core.verb:set package 'bandwidth_manager' build argument 'cmake_target' from command line to 'None'
[0.619s] Level 5:colcon.colcon_core.verb:set package 'bandwidth_manager' build argument 'cmake_target_skip_unavailable' from command line to 'False'
[0.619s] Level 5:colcon.colcon_core.verb:set package 'bandwidth_manager' build argument 'cmake_clean_cache' from command line to 'False'
[0.619s] Level 5:colcon.colcon_core.verb:set package 'bandwidth_manager' build argument 'cmake_clean_first' from command line to 'False'
[0.619s] Level 5:colcon.colcon_core.verb:set package 'bandwidth_manager' build argument 'cmake_force_configure' from command line to 'False'
[0.619s] Level 5:colcon.colcon_core.verb:set package 'bandwidth_manager' build argument 'ament_cmake_args' from command line to 'None'
[0.619s] Level 5:colcon.colcon_core.verb:set package 'bandwidth_manager' build argument 'catkin_cmake_args' from command line to 'None'
[0.619s] Level 5:colcon.colcon_core.verb:set package 'bandwidth_manager' build argument 'catkin_skip_building_tests' from command line to 'False'
[0.620s] DEBUG:colcon.colcon_core.verb:Building package 'bandwidth_manager' with the following arguments: {'ament_cmake_args': None, 'build_base': '/ws/build/bandwidth_manager', 'catkin_cmake_args': None, 'catkin_skip_building_tests': False, 'cmake_args': ['-DCMAKE_BUILD_TYPE=Release'], 'cmake_clean_cache': False, 'cmake_clean_first': False, 'cmake_force_configure': False, 'cmake_target': None, 'cmake_target_skip_unavailable': False, 'install_base': '/ws/install/bandwidth_manager', 'merge_install': False, 'path': '/ws/src/bandwidth_manager', 'symlink_install': False, 'test_result_base': None}
[0.620s] Level 5:colcon.colcon_core.verb:set package 'health_monitor' build argument 'cmake_args' from command line to '['-DCMAKE_BUILD_TYPE=Release']'
[0.620s] Level 5:colcon.colcon_core.verb:set package 'health_monitor' build argument 'cmake_target' from command line to 'None'
[0.620s] Level 5:colcon.colcon_core.verb:set package 'health_monitor' build argument 'cmake_target_skip_unavailable' from command line to 'False'
[0.620s] Level 5:colcon.colcon_core.verb:set package 'health_monitor' build argument 'cmake_clean_cache' from command line to 'False'
[0.620s] Level 5:colcon.colcon_core.verb:set package 'health_monitor' build argument 'cmake_clean_first' from command line to 'False'
[0.621s] Level 5:colcon.colcon_core.verb:set package 'health_monitor' build argument 'cmake_force_configure' from command line to 'False'
[0.621s] Level 5:colcon.colcon_core.verb:set package 'health_monitor' build argument 'ament_cmake_args' from command line to 'None'
[0.621s] Level 5:colcon.colcon_core.verb:set package 'health_monitor' build argument 'catkin_cmake_args' from command line to 'None'
[0.621s] Level 5:colcon.colcon_core.verb:set package 'health_monitor' build argument 'catkin_skip_building_tests' from command line to 'False'
[0.621s] DEBUG:colcon.colcon_core.verb:Building package 'health_monitor' with the following arguments: {'ament_cmake_args': None, 'build_base': '/ws/build/health_monitor', 'catkin_cmake_args': None, 'catkin_skip_building_tests': False, 'cmake_args': ['-DCMAKE_BUILD_TYPE=Release'], 'cmake_clean_cache': False, 'cmake_clean_first': False, 'cmake_force_configure': False, 'cmake_target': None, 'cmake_target_skip_unavailable': False, 'install_base': '/ws/install/health_monitor', 'merge_install': False, 'path': '/ws/src/health_monitor', 'symlink_install': False, 'test_result_base': None}
[0.621s] INFO:colcon.colcon_core.executor:Executing jobs using 'parallel' executor
[0.553s] DEBUG:colcon.colcon_core.package_identification:Package 'src/bandwidth_manager' with type 'ros.ament_python' and name 'bandwidth_manager'
[0.553s] Level 1:colcon.colcon_core.package_identification:_identify(src/health_monitor) by extensions ['ignore', 'ignore_ament_install']
[0.553s] Level 1:colcon.colcon_core.package_identification:_identify(src/health_monitor) by extension 'ignore'
[0.553s] Level 1:colcon.colcon_core.package_identification:_identify(src/health_monitor) by extension 'ignore_ament_install'
[0.554s] Level 1:colcon.colcon_core.package_identification:_identify(src/health_monitor) by extensions ['colcon_pkg']
[0.554s] Level 1:colcon.colcon_core.package_identification:_identify(src/health_monitor) by extension 'colcon_pkg'
[0.554s] Level 1:colcon.colcon_core.package_identification:_identify(src/health_monitor) by extensions ['colcon_meta']
[0.554s] Level 1:colcon.colcon_core.package_identification:_identify(src/health_monitor) by extension 'colcon_meta'
[0.554s] Level 1:colcon.colcon_core.package_identification:_identify(src/health_monitor) by extensions ['ros']
[0.554s] Level 1:colcon.colcon_core.package_identification:_identify(src/health_monitor) by extension 'ros'
[0.626s] DEBUG:colcon.colcon_parallel_executor.executor.parallel:run_until_complete
[0.556s] DEBUG:colcon.colcon_core.package_identification:Package 'src/health_monitor' with type 'ros.ament_python' and name 'health_monitor'
[0.627s] INFO:colcon.colcon_ros.task.ament_cmake.build:Building ROS package in '/ws/src/stack_msgs' with build type 'ament_cmake'
[0.556s] Level 1:colcon.colcon_core.package_identification:_identify(src/stack_msgs) by extensions ['ignore', 'ignore_ament_install']
[0.627s] INFO:colcon.colcon_cmake.task.cmake.build:Building CMake package in '/ws/src/stack_msgs'
[0.556s] Level 1:colcon.colcon_core.package_identification:_identify(src/stack_msgs) by extension 'ignore'
[0.556s] Level 1:colcon.colcon_core.package_identification:_identify(src/stack_msgs) by extension 'ignore_ament_install'
[0.557s] Level 1:colcon.colcon_core.package_identification:_identify(src/stack_msgs) by extensions ['colcon_pkg']
[0.557s] Level 1:colcon.colcon_core.package_identification:_identify(src/stack_msgs) by extension 'colcon_pkg'
[0.557s] Level 1:colcon.colcon_core.package_identification:_identify(src/stack_msgs) by extensions ['colcon_meta']
[0.557s] Level 1:colcon.colcon_core.package_identification:_identify(src/stack_msgs) by extension 'colcon_meta'
[0.557s] Level 1:colcon.colcon_core.package_identification:_identify(src/stack_msgs) by extensions ['ros']
[0.557s] Level 1:colcon.colcon_core.package_identification:_identify(src/stack_msgs) by extension 'ros'
[0.558s] DEBUG:colcon.colcon_core.package_identification:Package 'src/stack_msgs' with type 'ros.ament_cmake' and name 'stack_msgs'
[0.558s] Level 1:colcon.colcon_core.package_discovery:discover_packages(recursive) using defaults
[0.559s] Level 1:colcon.colcon_core.package_discovery:discover_packages(ignore) discover
[0.559s] Level 1:colcon.colcon_core.package_discovery:discover_packages(ignore) using defaults
[0.559s] Level 1:colcon.colcon_core.package_discovery:discover_packages(path) discover
[0.559s] Level 1:colcon.colcon_core.package_discovery:discover_packages(path) using defaults
[0.632s] INFO:colcon.colcon_core.plugin_system:Skipping extension 'colcon_core.shell.bat': Not used on non-Windows systems
[0.633s] INFO:colcon.colcon_core.shell:Skip shell extension 'powershell' for command environment: Not usable outside of PowerShell
[0.633s] DEBUG:colcon.colcon_core.shell:Skip shell extension 'dsv' for command environment
[0.651s] DEBUG:colcon.colcon_core.event_handler.log_command:Invoking command in '/ws/build/stack_msgs': CMAKE_PREFIX_PATH=/opt/ros/humble /usr/bin/cmake --build /ws/build/stack_msgs -- -j6 -l6
[0.604s] INFO:colcon.colcon_core.package_selection:Skipping not selected package 'bandwidth_manager' in 'src/bandwidth_manager'
[0.605s] Level 5:colcon.colcon_core.verb:set package 'stack_msgs' build argument 'cmake_args' from command line to '['-DCMAKE_BUILD_TYPE=Release']'
[0.605s] Level 5:colcon.colcon_core.verb:set package 'stack_msgs' build argument 'cmake_target' from command line to 'None'
[0.605s] Level 5:colcon.colcon_core.verb:set package 'stack_msgs' build argument 'cmake_target_skip_unavailable' from command line to 'False'
[0.605s] Level 5:colcon.colcon_core.verb:set package 'stack_msgs' build argument 'cmake_clean_cache' from command line to 'False'
[0.605s] Level 5:colcon.colcon_core.verb:set package 'stack_msgs' build argument 'cmake_clean_first' from command line to 'False'
[0.605s] Level 5:colcon.colcon_core.verb:set package 'stack_msgs' build argument 'cmake_force_configure' from command line to 'False'
[0.605s] Level 5:colcon.colcon_core.verb:set package 'stack_msgs' build argument 'ament_cmake_args' from command line to 'None'
[0.605s] Level 5:colcon.colcon_core.verb:set package 'stack_msgs' build argument 'catkin_cmake_args' from command line to 'None'
[0.605s] Level 5:colcon.colcon_core.verb:set package 'stack_msgs' build argument 'catkin_skip_building_tests' from command line to 'False'
[0.606s] DEBUG:colcon.colcon_core.verb:Building package 'stack_msgs' with the following arguments: {'ament_cmake_args': None, 'build_base': '/ws/build/stack_msgs', 'catkin_cmake_args': None, 'catkin_skip_building_tests': False, 'cmake_args': ['-DCMAKE_BUILD_TYPE=Release'], 'cmake_clean_cache': False, 'cmake_clean_first': False, 'cmake_force_configure': False, 'cmake_target': None, 'cmake_target_skip_unavailable': False, 'install_base': '/ws/install/stack_msgs', 'merge_install': False, 'path': '/ws/src/stack_msgs', 'symlink_install': False, 'test_result_base': None}
[0.606s] Level 5:colcon.colcon_core.verb:set package 'health_monitor' build argument 'cmake_args' from command line to '['-DCMAKE_BUILD_TYPE=Release']'
[0.606s] Level 5:colcon.colcon_core.verb:set package 'health_monitor' build argument 'cmake_target' from command line to 'None'
[0.606s] Level 5:colcon.colcon_core.verb:set package 'health_monitor' build argument 'cmake_target_skip_unavailable' from command line to 'False'
[0.606s] Level 5:colcon.colcon_core.verb:set package 'health_monitor' build argument 'cmake_clean_cache' from command line to 'False'
[0.607s] Level 5:colcon.colcon_core.verb:set package 'health_monitor' build argument 'cmake_clean_first' from command line to 'False'
[0.607s] Level 5:colcon.colcon_core.verb:set package 'health_monitor' build argument 'cmake_force_configure' from command line to 'False'
[0.607s] Level 5:colcon.colcon_core.verb:set package 'health_monitor' build argument 'ament_cmake_args' from command line to 'None'
[0.607s] Level 5:colcon.colcon_core.verb:set package 'health_monitor' build argument 'catkin_cmake_args' from command line to 'None'
[0.607s] Level 5:colcon.colcon_core.verb:set package 'health_monitor' build argument 'catkin_skip_building_tests' from command line to 'False'
[0.607s] DEBUG:colcon.colcon_core.verb:Building package 'health_monitor' with the following arguments: {'ament_cmake_args': None, 'build_base': '/ws/build/health_monitor', 'catkin_cmake_args': None, 'catkin_skip_building_tests': False, 'cmake_args': ['-DCMAKE_BUILD_TYPE=Release'], 'cmake_clean_cache': False, 'cmake_clean_first': False, 'cmake_force_configure': False, 'cmake_target': None, 'cmake_target_skip_unavailable': False, 'install_base': '/ws/install/health_monitor', 'merge_install': False, 'path': '/ws/src/health_monitor', 'symlink_install': False, 'test_result_base': None}
[0.607s] INFO:colcon.colcon_core.executor:Executing jobs using 'parallel' executor
[0.612s] DEBUG:colcon.colcon_parallel_executor.executor.parallel:run_until_complete
[0.612s] INFO:colcon.colcon_ros.task.ament_cmake.build:Building ROS package in '/ws/src/stack_msgs' with build type 'ament_cmake'
[0.613s] INFO:colcon.colcon_cmake.task.cmake.build:Building CMake package in '/ws/src/stack_msgs'
[0.619s] INFO:colcon.colcon_core.plugin_system:Skipping extension 'colcon_core.shell.bat': Not used on non-Windows systems
[0.619s] INFO:colcon.colcon_core.shell:Skip shell extension 'powershell' for command environment: Not usable outside of PowerShell
[0.619s] DEBUG:colcon.colcon_core.shell:Skip shell extension 'dsv' for command environment
[0.636s] DEBUG:colcon.colcon_core.event_handler.log_command:Invoking command in '/ws/build/stack_msgs': CMAKE_PREFIX_PATH=/opt/ros/humble /usr/bin/cmake --build /ws/build/stack_msgs -- -j6 -l6
[1.389s] DEBUG:colcon.colcon_core.event_handler.log_command:Invoked command in '/ws/build/stack_msgs' returned '0': CMAKE_PREFIX_PATH=/opt/ros/humble /usr/bin/cmake --build /ws/build/stack_msgs -- -j6 -l6
[1.413s] DEBUG:colcon.colcon_core.event_handler.log_command:Invoking command in '/ws/build/stack_msgs': CMAKE_PREFIX_PATH=/opt/ros/humble /usr/bin/cmake --install /ws/build/stack_msgs
[1.388s] DEBUG:colcon.colcon_core.event_handler.log_command:Invoked command in '/ws/build/stack_msgs' returned '0': CMAKE_PREFIX_PATH=/opt/ros/humble /usr/bin/cmake --build /ws/build/stack_msgs -- -j6 -l6
[1.409s] DEBUG:colcon.colcon_core.event_handler.log_command:Invoking command in '/ws/build/stack_msgs': CMAKE_PREFIX_PATH=/opt/ros/humble /usr/bin/cmake --install /ws/build/stack_msgs
[1.528s] Level 1:colcon.colcon_core.environment:create_environment_scripts_only(stack_msgs)
[1.532s] DEBUG:colcon.colcon_core.event_handler.log_command:Invoked command in '/ws/build/stack_msgs' returned '0': CMAKE_PREFIX_PATH=/opt/ros/humble /usr/bin/cmake --install /ws/build/stack_msgs
[1.537s] Level 1:colcon.colcon_core.environment:checking '/ws/install/stack_msgs' for CMake module files
[1.538s] Level 1:colcon.colcon_core.environment:checking '/ws/install/stack_msgs' for CMake config files
[1.539s] Level 1:colcon.colcon_core.shell:create_environment_hook('stack_msgs', 'cmake_prefix_path')
[1.540s] INFO:colcon.colcon_core.shell:Creating environment hook '/ws/install/stack_msgs/share/stack_msgs/hook/cmake_prefix_path.ps1'
[1.541s] INFO:colcon.colcon_core.shell:Creating environment descriptor '/ws/install/stack_msgs/share/stack_msgs/hook/cmake_prefix_path.dsv'
[1.542s] INFO:colcon.colcon_core.shell:Creating environment hook '/ws/install/stack_msgs/share/stack_msgs/hook/cmake_prefix_path.sh'
[1.544s] Level 1:colcon.colcon_core.environment:checking '/ws/install/stack_msgs/lib'
[1.545s] Level 1:colcon.colcon_core.shell:create_environment_hook('stack_msgs', 'ld_library_path_lib')
[1.545s] INFO:colcon.colcon_core.shell:Creating environment hook '/ws/install/stack_msgs/share/stack_msgs/hook/ld_library_path_lib.ps1'
[1.546s] INFO:colcon.colcon_core.shell:Creating environment descriptor '/ws/install/stack_msgs/share/stack_msgs/hook/ld_library_path_lib.dsv'
[1.547s] INFO:colcon.colcon_core.shell:Creating environment hook '/ws/install/stack_msgs/share/stack_msgs/hook/ld_library_path_lib.sh'
[1.548s] Level 1:colcon.colcon_core.environment:checking '/ws/install/stack_msgs/bin'
[1.548s] Level 1:colcon.colcon_core.environment:checking '/ws/install/stack_msgs/lib/pkgconfig/stack_msgs.pc'
[1.550s] Level 1:colcon.colcon_core.environment:checking '/ws/install/stack_msgs/lib/python3.10/site-packages'
[1.551s] Level 1:colcon.colcon_core.environment:checking '/ws/install/stack_msgs/bin'
[1.552s] INFO:colcon.colcon_core.shell:Creating package script '/ws/install/stack_msgs/share/stack_msgs/package.ps1'
[1.554s] INFO:colcon.colcon_core.shell:Creating package descriptor '/ws/install/stack_msgs/share/stack_msgs/package.dsv'
[1.555s] INFO:colcon.colcon_core.shell:Creating package script '/ws/install/stack_msgs/share/stack_msgs/package.sh'
[1.558s] INFO:colcon.colcon_core.shell:Creating package script '/ws/install/stack_msgs/share/stack_msgs/package.bash'
[1.560s] INFO:colcon.colcon_core.shell:Creating package script '/ws/install/stack_msgs/share/stack_msgs/package.zsh'
[1.562s] Level 1:colcon.colcon_core.environment:create_file_with_runtime_dependencies(/ws/install/stack_msgs/share/colcon-core/packages/stack_msgs)
[1.563s] Level 1:colcon.colcon_core.environment:create_environment_scripts_only(stack_msgs)
[1.564s] Level 1:colcon.colcon_core.environment:checking '/ws/install/stack_msgs' for CMake module files
[1.565s] Level 1:colcon.colcon_core.environment:checking '/ws/install/stack_msgs' for CMake config files
[1.566s] Level 1:colcon.colcon_core.shell:create_environment_hook('stack_msgs', 'cmake_prefix_path')
[1.567s] INFO:colcon.colcon_core.shell:Creating environment hook '/ws/install/stack_msgs/share/stack_msgs/hook/cmake_prefix_path.ps1'
[1.568s] INFO:colcon.colcon_core.shell:Creating environment descriptor '/ws/install/stack_msgs/share/stack_msgs/hook/cmake_prefix_path.dsv'
[1.569s] INFO:colcon.colcon_core.shell:Creating environment hook '/ws/install/stack_msgs/share/stack_msgs/hook/cmake_prefix_path.sh'
[1.571s] Level 1:colcon.colcon_core.environment:checking '/ws/install/stack_msgs/lib'
[1.571s] Level 1:colcon.colcon_core.shell:create_environment_hook('stack_msgs', 'ld_library_path_lib')
[1.572s] INFO:colcon.colcon_core.shell:Creating environment hook '/ws/install/stack_msgs/share/stack_msgs/hook/ld_library_path_lib.ps1'
[1.573s] INFO:colcon.colcon_core.shell:Creating environment descriptor '/ws/install/stack_msgs/share/stack_msgs/hook/ld_library_path_lib.dsv'
[1.573s] INFO:colcon.colcon_core.shell:Creating environment hook '/ws/install/stack_msgs/share/stack_msgs/hook/ld_library_path_lib.sh'
[1.574s] Level 1:colcon.colcon_core.environment:checking '/ws/install/stack_msgs/bin'
[1.575s] Level 1:colcon.colcon_core.environment:checking '/ws/install/stack_msgs/lib/pkgconfig/stack_msgs.pc'
[1.575s] Level 1:colcon.colcon_core.environment:checking '/ws/install/stack_msgs/lib/python3.10/site-packages'
[1.576s] Level 1:colcon.colcon_core.environment:checking '/ws/install/stack_msgs/bin'
[1.577s] INFO:colcon.colcon_core.shell:Creating package script '/ws/install/stack_msgs/share/stack_msgs/package.ps1'
[1.578s] INFO:colcon.colcon_core.shell:Creating package descriptor '/ws/install/stack_msgs/share/stack_msgs/package.dsv'
[1.579s] INFO:colcon.colcon_core.shell:Creating package script '/ws/install/stack_msgs/share/stack_msgs/package.sh'
[1.580s] INFO:colcon.colcon_core.shell:Creating package script '/ws/install/stack_msgs/share/stack_msgs/package.bash'
[1.581s] INFO:colcon.colcon_core.shell:Creating package script '/ws/install/stack_msgs/share/stack_msgs/package.zsh'
[1.582s] Level 1:colcon.colcon_core.environment:create_file_with_runtime_dependencies(/ws/install/stack_msgs/share/colcon-core/packages/stack_msgs)
[1.583s] INFO:colcon.colcon_ros.task.ament_python.build:Building ROS package in '/ws/src/bandwidth_manager' with build type 'ament_python'
[1.583s] Level 1:colcon.colcon_core.shell:create_environment_hook('bandwidth_manager', 'ament_prefix_path')
[1.584s] INFO:colcon.colcon_core.shell:Creating environment hook '/ws/install/bandwidth_manager/share/bandwidth_manager/hook/ament_prefix_path.ps1'
[1.585s] INFO:colcon.colcon_core.shell:Creating environment descriptor '/ws/install/bandwidth_manager/share/bandwidth_manager/hook/ament_prefix_path.dsv'
[1.586s] INFO:colcon.colcon_core.shell:Creating environment hook '/ws/install/bandwidth_manager/share/bandwidth_manager/hook/ament_prefix_path.sh'
[1.588s] INFO:colcon.colcon_core.shell:Skip shell extension 'powershell' for command environment: Not usable outside of PowerShell
[1.588s] DEBUG:colcon.colcon_core.shell:Skip shell extension 'dsv' for command environment
[1.517s] Level 1:colcon.colcon_core.environment:create_environment_scripts_only(stack_msgs)
[1.520s] DEBUG:colcon.colcon_core.event_handler.log_command:Invoked command in '/ws/build/stack_msgs' returned '0': CMAKE_PREFIX_PATH=/opt/ros/humble /usr/bin/cmake --install /ws/build/stack_msgs
[1.593s] INFO:colcon.colcon_ros.task.ament_python.build:Building ROS package in '/ws/src/health_monitor' with build type 'ament_python'
[1.593s] Level 1:colcon.colcon_core.shell:create_environment_hook('health_monitor', 'ament_prefix_path')
[1.594s] INFO:colcon.colcon_core.shell:Creating environment hook '/ws/install/health_monitor/share/health_monitor/hook/ament_prefix_path.ps1'
[1.524s] Level 1:colcon.colcon_core.environment:checking '/ws/install/stack_msgs' for CMake module files
[1.595s] INFO:colcon.colcon_core.shell:Creating environment descriptor '/ws/install/health_monitor/share/health_monitor/hook/ament_prefix_path.dsv'
[1.596s] INFO:colcon.colcon_core.shell:Creating environment hook '/ws/install/health_monitor/share/health_monitor/hook/ament_prefix_path.sh'
[1.525s] Level 1:colcon.colcon_core.environment:checking '/ws/install/stack_msgs' for CMake config files
[1.597s] INFO:colcon.colcon_core.shell:Skip shell extension 'powershell' for command environment: Not usable outside of PowerShell
[1.597s] DEBUG:colcon.colcon_core.shell:Skip shell extension 'dsv' for command environment
[1.526s] Level 1:colcon.colcon_core.shell:create_environment_hook('stack_msgs', 'cmake_prefix_path')
[1.527s] INFO:colcon.colcon_core.shell:Creating environment hook '/ws/install/stack_msgs/share/stack_msgs/hook/cmake_prefix_path.ps1'
[1.528s] INFO:colcon.colcon_core.shell:Creating environment descriptor '/ws/install/stack_msgs/share/stack_msgs/hook/cmake_prefix_path.dsv'
[1.529s] INFO:colcon.colcon_core.shell:Creating environment hook '/ws/install/stack_msgs/share/stack_msgs/hook/cmake_prefix_path.sh'
[1.531s] Level 1:colcon.colcon_core.environment:checking '/ws/install/stack_msgs/lib'
[1.532s] Level 1:colcon.colcon_core.shell:create_environment_hook('stack_msgs', 'ld_library_path_lib')
[1.532s] INFO:colcon.colcon_core.shell:Creating environment hook '/ws/install/stack_msgs/share/stack_msgs/hook/ld_library_path_lib.ps1'
[1.534s] INFO:colcon.colcon_core.shell:Creating environment descriptor '/ws/install/stack_msgs/share/stack_msgs/hook/ld_library_path_lib.dsv'
[1.534s] INFO:colcon.colcon_core.shell:Creating environment hook '/ws/install/stack_msgs/share/stack_msgs/hook/ld_library_path_lib.sh'
[1.535s] Level 1:colcon.colcon_core.environment:checking '/ws/install/stack_msgs/bin'
[1.536s] Level 1:colcon.colcon_core.environment:checking '/ws/install/stack_msgs/lib/pkgconfig/stack_msgs.pc'
[1.538s] Level 1:colcon.colcon_core.environment:checking '/ws/install/stack_msgs/lib/python3.10/site-packages'
[1.538s] Level 1:colcon.colcon_core.environment:checking '/ws/install/stack_msgs/bin'
[1.539s] INFO:colcon.colcon_core.shell:Creating package script '/ws/install/stack_msgs/share/stack_msgs/package.ps1'
[1.541s] INFO:colcon.colcon_core.shell:Creating package descriptor '/ws/install/stack_msgs/share/stack_msgs/package.dsv'
[1.542s] INFO:colcon.colcon_core.shell:Creating package script '/ws/install/stack_msgs/share/stack_msgs/package.sh'
[1.545s] INFO:colcon.colcon_core.shell:Creating package script '/ws/install/stack_msgs/share/stack_msgs/package.bash'
[1.547s] INFO:colcon.colcon_core.shell:Creating package script '/ws/install/stack_msgs/share/stack_msgs/package.zsh'
[1.549s] Level 1:colcon.colcon_core.environment:create_file_with_runtime_dependencies(/ws/install/stack_msgs/share/colcon-core/packages/stack_msgs)
[1.550s] Level 1:colcon.colcon_core.environment:create_environment_scripts_only(stack_msgs)
[1.550s] Level 1:colcon.colcon_core.environment:checking '/ws/install/stack_msgs' for CMake module files
[1.552s] Level 1:colcon.colcon_core.environment:checking '/ws/install/stack_msgs' for CMake config files
[1.553s] Level 1:colcon.colcon_core.shell:create_environment_hook('stack_msgs', 'cmake_prefix_path')
[1.553s] INFO:colcon.colcon_core.shell:Creating environment hook '/ws/install/stack_msgs/share/stack_msgs/hook/cmake_prefix_path.ps1'
[1.554s] INFO:colcon.colcon_core.shell:Creating environment descriptor '/ws/install/stack_msgs/share/stack_msgs/hook/cmake_prefix_path.dsv'
[1.555s] INFO:colcon.colcon_core.shell:Creating environment hook '/ws/install/stack_msgs/share/stack_msgs/hook/cmake_prefix_path.sh'
[1.556s] Level 1:colcon.colcon_core.environment:checking '/ws/install/stack_msgs/lib'
[1.557s] Level 1:colcon.colcon_core.shell:create_environment_hook('stack_msgs', 'ld_library_path_lib')
[1.557s] INFO:colcon.colcon_core.shell:Creating environment hook '/ws/install/stack_msgs/share/stack_msgs/hook/ld_library_path_lib.ps1'
[1.558s] INFO:colcon.colcon_core.shell:Creating environment descriptor '/ws/install/stack_msgs/share/stack_msgs/hook/ld_library_path_lib.dsv'
[1.559s] INFO:colcon.colcon_core.shell:Creating environment hook '/ws/install/stack_msgs/share/stack_msgs/hook/ld_library_path_lib.sh'
[1.559s] Level 1:colcon.colcon_core.environment:checking '/ws/install/stack_msgs/bin'
[1.560s] Level 1:colcon.colcon_core.environment:checking '/ws/install/stack_msgs/lib/pkgconfig/stack_msgs.pc'
[1.560s] Level 1:colcon.colcon_core.environment:checking '/ws/install/stack_msgs/lib/python3.10/site-packages'
[1.561s] Level 1:colcon.colcon_core.environment:checking '/ws/install/stack_msgs/bin'
[1.561s] INFO:colcon.colcon_core.shell:Creating package script '/ws/install/stack_msgs/share/stack_msgs/package.ps1'
[1.563s] INFO:colcon.colcon_core.shell:Creating package descriptor '/ws/install/stack_msgs/share/stack_msgs/package.dsv'
[1.564s] INFO:colcon.colcon_core.shell:Creating package script '/ws/install/stack_msgs/share/stack_msgs/package.sh'
[1.565s] INFO:colcon.colcon_core.shell:Creating package script '/ws/install/stack_msgs/share/stack_msgs/package.bash'
[1.566s] INFO:colcon.colcon_core.shell:Creating package script '/ws/install/stack_msgs/share/stack_msgs/package.zsh'
[1.567s] Level 1:colcon.colcon_core.environment:create_file_with_runtime_dependencies(/ws/install/stack_msgs/share/colcon-core/packages/stack_msgs)
[1.568s] INFO:colcon.colcon_ros.task.ament_python.build:Building ROS package in '/ws/src/health_monitor' with build type 'ament_python'
[1.568s] Level 1:colcon.colcon_core.shell:create_environment_hook('health_monitor', 'ament_prefix_path')
[1.569s] INFO:colcon.colcon_core.shell:Creating environment hook '/ws/install/health_monitor/share/health_monitor/hook/ament_prefix_path.ps1'
[1.571s] INFO:colcon.colcon_core.shell:Creating environment descriptor '/ws/install/health_monitor/share/health_monitor/hook/ament_prefix_path.dsv'
[1.572s] INFO:colcon.colcon_core.shell:Creating environment hook '/ws/install/health_monitor/share/health_monitor/hook/ament_prefix_path.sh'
[1.573s] INFO:colcon.colcon_core.shell:Skip shell extension 'powershell' for command environment: Not usable outside of PowerShell
[1.573s] DEBUG:colcon.colcon_core.shell:Skip shell extension 'dsv' for command environment
[2.040s] INFO:colcon.colcon_core.task.python.build:Building Python package in '/ws/src/bandwidth_manager'
[2.041s] INFO:colcon.colcon_core.shell:Skip shell extension 'powershell' for command environment: Not usable outside of PowerShell
[2.041s] DEBUG:colcon.colcon_core.shell:Skip shell extension 'dsv' for command environment
[2.030s] INFO:colcon.colcon_core.task.python.build:Building Python package in '/ws/src/health_monitor'
[2.031s] INFO:colcon.colcon_core.shell:Skip shell extension 'powershell' for command environment: Not usable outside of PowerShell
[2.031s] DEBUG:colcon.colcon_core.shell:Skip shell extension 'dsv' for command environment
[2.489s] INFO:colcon.colcon_core.task.python.build:Building Python package in '/ws/src/health_monitor'
[2.490s] INFO:colcon.colcon_core.shell:Skip shell extension 'powershell' for command environment: Not usable outside of PowerShell
[2.490s] DEBUG:colcon.colcon_core.shell:Skip shell extension 'dsv' for command environment
[2.661s] DEBUG:colcon.colcon_core.event_handler.log_command:Invoking command in '/ws/src/health_monitor': AMENT_PREFIX_PATH=/ws/install/stack_msgs:${AMENT_PREFIX_PATH} CMAKE_PREFIX_PATH=/ws/install/stack_msgs LD_LIBRARY_PATH=/ws/install/stack_msgs/lib:/opt/ros/humble/lib/aarch64-linux-gnu:/opt/ros/humble/lib:/usr/local/cuda/lib64 PYTHONPATH=/ws/build/health_monitor/prefix_override:/usr/lib/python3/dist-packages/colcon_core/task/python/colcon_distutils_commands:/ws/install/health_monitor/lib/python3.10/site-packages:/ws/install/stack_msgs/local/lib/python3.10/dist-packages:${PYTHONPATH} /usr/bin/python3 -W ignore:setup.py install is deprecated -W ignore:easy_install command is deprecated setup.py egg_info --egg-base ../../build/health_monitor build --build-base /ws/build/health_monitor/build install --record /ws/build/health_monitor/install.log --single-version-externally-managed install_data
[3.130s] DEBUG:colcon.colcon_core.event_handler.log_command:Invoking command in '/ws/src/bandwidth_manager': AMENT_PREFIX_PATH=/ws/install/stack_msgs:${AMENT_PREFIX_PATH} CMAKE_PREFIX_PATH=/ws/install/stack_msgs LD_LIBRARY_PATH=/ws/install/stack_msgs/lib:/opt/ros/humble/lib/aarch64-linux-gnu:/opt/ros/humble/lib:/usr/local/cuda/lib64 PYTHONPATH=/ws/build/bandwidth_manager/prefix_override:/usr/lib/python3/dist-packages/colcon_core/task/python/colcon_distutils_commands:/ws/install/bandwidth_manager/lib/python3.10/site-packages:/ws/install/stack_msgs/local/lib/python3.10/dist-packages:${PYTHONPATH} /usr/bin/python3 -W ignore:setup.py install is deprecated -W ignore:easy_install command is deprecated setup.py egg_info --egg-base ../../build/bandwidth_manager build --build-base /ws/build/bandwidth_manager/build install --record /ws/build/bandwidth_manager/install.log --single-version-externally-managed install_data
[3.136s] DEBUG:colcon.colcon_core.event_handler.log_command:Invoking command in '/ws/src/health_monitor': AMENT_PREFIX_PATH=/ws/install/stack_msgs:${AMENT_PREFIX_PATH} CMAKE_PREFIX_PATH=/ws/install/stack_msgs LD_LIBRARY_PATH=/ws/install/stack_msgs/lib:/opt/ros/humble/lib/aarch64-linux-gnu:/opt/ros/humble/lib:/usr/local/cuda/lib64 PYTHONPATH=/ws/build/health_monitor/prefix_override:/usr/lib/python3/dist-packages/colcon_core/task/python/colcon_distutils_commands:/ws/install/health_monitor/lib/python3.10/site-packages:/ws/install/stack_msgs/local/lib/python3.10/dist-packages:${PYTHONPATH} /usr/bin/python3 -W ignore:setup.py install is deprecated -W ignore:easy_install command is deprecated setup.py egg_info --egg-base ../../build/health_monitor build --build-base /ws/build/health_monitor/build install --record /ws/build/health_monitor/install.log --single-version-externally-managed install_data
[3.204s] Level 1:colcon.colcon_core.environment:checking '/ws/install/health_monitor' for CMake module files
[3.205s] Level 1:colcon.colcon_core.environment:checking '/ws/install/health_monitor' for CMake config files
[3.207s] Level 1:colcon.colcon_core.environment:checking '/ws/install/health_monitor/lib'
[3.207s] Level 1:colcon.colcon_core.environment:checking '/ws/install/health_monitor/bin'
[3.207s] Level 1:colcon.colcon_core.environment:checking '/ws/install/health_monitor/lib/pkgconfig/health_monitor.pc'
[3.207s] Level 1:colcon.colcon_core.environment:checking '/ws/install/health_monitor/lib/python3.10/site-packages'
[3.208s] Level 1:colcon.colcon_core.shell:create_environment_hook('health_monitor', 'pythonpath')
[3.208s] INFO:colcon.colcon_core.shell:Creating environment hook '/ws/install/health_monitor/share/health_monitor/hook/pythonpath.ps1'
[3.209s] DEBUG:colcon.colcon_core.event_handler.log_command:Invoked command in '/ws/src/health_monitor' returned '0': AMENT_PREFIX_PATH=/ws/install/stack_msgs:${AMENT_PREFIX_PATH} CMAKE_PREFIX_PATH=/ws/install/stack_msgs LD_LIBRARY_PATH=/ws/install/stack_msgs/lib:/opt/ros/humble/lib/aarch64-linux-gnu:/opt/ros/humble/lib:/usr/local/cuda/lib64 PYTHONPATH=/ws/build/health_monitor/prefix_override:/usr/lib/python3/dist-packages/colcon_core/task/python/colcon_distutils_commands:/ws/install/health_monitor/lib/python3.10/site-packages:/ws/install/stack_msgs/local/lib/python3.10/dist-packages:${PYTHONPATH} /usr/bin/python3 -W ignore:setup.py install is deprecated -W ignore:easy_install command is deprecated setup.py egg_info --egg-base ../../build/health_monitor build --build-base /ws/build/health_monitor/build install --record /ws/build/health_monitor/install.log --single-version-externally-managed install_data
[3.210s] INFO:colcon.colcon_core.shell:Creating environment descriptor '/ws/install/health_monitor/share/health_monitor/hook/pythonpath.dsv'
[3.211s] INFO:colcon.colcon_core.shell:Creating environment hook '/ws/install/health_monitor/share/health_monitor/hook/pythonpath.sh'
[3.212s] Level 1:colcon.colcon_core.environment:checking '/ws/install/health_monitor/bin'
[3.213s] Level 1:colcon.colcon_core.environment:create_environment_scripts_only(health_monitor)
[3.213s] INFO:colcon.colcon_core.shell:Creating package script '/ws/install/health_monitor/share/health_monitor/package.ps1'
[3.214s] INFO:colcon.colcon_core.shell:Creating package descriptor '/ws/install/health_monitor/share/health_monitor/package.dsv'
[3.215s] INFO:colcon.colcon_core.shell:Creating package script '/ws/install/health_monitor/share/health_monitor/package.sh'
[3.216s] INFO:colcon.colcon_core.shell:Creating package script '/ws/install/health_monitor/share/health_monitor/package.bash'
[3.217s] INFO:colcon.colcon_core.shell:Creating package script '/ws/install/health_monitor/share/health_monitor/package.zsh'
[3.218s] Level 1:colcon.colcon_core.environment:create_file_with_runtime_dependencies(/ws/install/health_monitor/share/colcon-core/packages/health_monitor)
[3.220s] DEBUG:colcon.colcon_parallel_executor.executor.parallel:closing loop
[3.220s] DEBUG:colcon.colcon_parallel_executor.executor.parallel:loop closed
[3.220s] DEBUG:colcon.colcon_parallel_executor.executor.parallel:run_until_complete finished with '0'
[3.221s] DEBUG:colcon.colcon_core.event_reactor:joining thread
[3.232s] INFO:colcon.colcon_core.plugin_system:Skipping extension 'colcon_notification.desktop_notification.notify_send': Could not find 'notify-send'
[3.232s] INFO:colcon.colcon_core.plugin_system:Skipping extension 'colcon_notification.desktop_notification.terminal_notifier': Not used on non-Darwin systems
[3.233s] INFO:colcon.colcon_core.plugin_system:Skipping extension 'colcon_notification.desktop_notification.win32': Not used on non-Windows systems
[3.233s] INFO:colcon.colcon_notification.desktop_notification:Sending desktop notification using 'notify2'
[3.233s] DEBUG:colcon.colcon_notification.desktop_notification.notify2:Failed to initialize notify2: org.freedesktop.DBus.Error.NotSupported: Unable to autolaunch a dbus-daemon without a $DISPLAY for X11
[3.233s] DEBUG:colcon.colcon_core.event_reactor:joined thread
[3.234s] INFO:colcon.colcon_core.shell:Creating prefix script '/ws/install/local_setup.ps1'
[3.236s] INFO:colcon.colcon_core.shell:Creating prefix util module '/ws/install/_local_setup_util_ps1.py'
[3.239s] INFO:colcon.colcon_core.shell:Creating prefix chain script '/ws/install/setup.ps1'
[3.242s] INFO:colcon.colcon_core.shell:Creating prefix script '/ws/install/local_setup.sh'
[3.243s] INFO:colcon.colcon_core.shell:Creating prefix util module '/ws/install/_local_setup_util_sh.py'
[3.245s] INFO:colcon.colcon_core.shell:Creating prefix chain script '/ws/install/setup.sh'
[3.247s] INFO:colcon.colcon_core.shell:Creating prefix script '/ws/install/local_setup.bash'
[3.248s] INFO:colcon.colcon_core.shell:Creating prefix chain script '/ws/install/setup.bash'
[3.250s] INFO:colcon.colcon_core.shell:Creating prefix script '/ws/install/local_setup.zsh'
[3.251s] INFO:colcon.colcon_core.shell:Creating prefix chain script '/ws/install/setup.zsh'
[3.693s] Level 1:colcon.colcon_core.environment:checking '/ws/install/bandwidth_manager' for CMake module files
[3.694s] DEBUG:colcon.colcon_core.event_handler.log_command:Invoked command in '/ws/src/bandwidth_manager' returned '0': AMENT_PREFIX_PATH=/ws/install/stack_msgs:${AMENT_PREFIX_PATH} CMAKE_PREFIX_PATH=/ws/install/stack_msgs LD_LIBRARY_PATH=/ws/install/stack_msgs/lib:/opt/ros/humble/lib/aarch64-linux-gnu:/opt/ros/humble/lib:/usr/local/cuda/lib64 PYTHONPATH=/ws/build/bandwidth_manager/prefix_override:/usr/lib/python3/dist-packages/colcon_core/task/python/colcon_distutils_commands:/ws/install/bandwidth_manager/lib/python3.10/site-packages:/ws/install/stack_msgs/local/lib/python3.10/dist-packages:${PYTHONPATH} /usr/bin/python3 -W ignore:setup.py install is deprecated -W ignore:easy_install command is deprecated setup.py egg_info --egg-base ../../build/bandwidth_manager build --build-base /ws/build/bandwidth_manager/build install --record /ws/build/bandwidth_manager/install.log --single-version-externally-managed install_data
[3.695s] Level 1:colcon.colcon_core.environment:checking '/ws/install/bandwidth_manager' for CMake config files
[3.696s] Level 1:colcon.colcon_core.environment:checking '/ws/install/bandwidth_manager/lib'
[3.696s] Level 1:colcon.colcon_core.environment:checking '/ws/install/bandwidth_manager/bin'
[3.696s] Level 1:colcon.colcon_core.environment:checking '/ws/install/bandwidth_manager/lib/pkgconfig/bandwidth_manager.pc'
[3.697s] Level 1:colcon.colcon_core.environment:checking '/ws/install/bandwidth_manager/lib/python3.10/site-packages'
[3.697s] Level 1:colcon.colcon_core.shell:create_environment_hook('bandwidth_manager', 'pythonpath')
[3.698s] INFO:colcon.colcon_core.shell:Creating environment hook '/ws/install/bandwidth_manager/share/bandwidth_manager/hook/pythonpath.ps1'
[3.699s] INFO:colcon.colcon_core.shell:Creating environment descriptor '/ws/install/bandwidth_manager/share/bandwidth_manager/hook/pythonpath.dsv'
[3.700s] INFO:colcon.colcon_core.shell:Creating environment hook '/ws/install/bandwidth_manager/share/bandwidth_manager/hook/pythonpath.sh'
[3.701s] Level 1:colcon.colcon_core.environment:checking '/ws/install/bandwidth_manager/bin'
[3.702s] Level 1:colcon.colcon_core.environment:create_environment_scripts_only(bandwidth_manager)
[3.702s] INFO:colcon.colcon_core.shell:Creating package script '/ws/install/bandwidth_manager/share/bandwidth_manager/package.ps1'
[3.704s] INFO:colcon.colcon_core.shell:Creating package descriptor '/ws/install/bandwidth_manager/share/bandwidth_manager/package.dsv'
[3.705s] INFO:colcon.colcon_core.shell:Creating package script '/ws/install/bandwidth_manager/share/bandwidth_manager/package.sh'
[3.706s] INFO:colcon.colcon_core.shell:Creating package script '/ws/install/bandwidth_manager/share/bandwidth_manager/package.bash'
[3.706s] INFO:colcon.colcon_core.shell:Creating package script '/ws/install/bandwidth_manager/share/bandwidth_manager/package.zsh'
[3.707s] Level 1:colcon.colcon_core.environment:create_file_with_runtime_dependencies(/ws/install/bandwidth_manager/share/colcon-core/packages/bandwidth_manager)
[3.708s] Level 1:colcon.colcon_core.environment:checking '/ws/install/health_monitor' for CMake module files
[3.711s] DEBUG:colcon.colcon_core.event_handler.log_command:Invoked command in '/ws/src/health_monitor' returned '0': AMENT_PREFIX_PATH=/ws/install/stack_msgs:${AMENT_PREFIX_PATH} CMAKE_PREFIX_PATH=/ws/install/stack_msgs LD_LIBRARY_PATH=/ws/install/stack_msgs/lib:/opt/ros/humble/lib/aarch64-linux-gnu:/opt/ros/humble/lib:/usr/local/cuda/lib64 PYTHONPATH=/ws/build/health_monitor/prefix_override:/usr/lib/python3/dist-packages/colcon_core/task/python/colcon_distutils_commands:/ws/install/health_monitor/lib/python3.10/site-packages:/ws/install/stack_msgs/local/lib/python3.10/dist-packages:${PYTHONPATH} /usr/bin/python3 -W ignore:setup.py install is deprecated -W ignore:easy_install command is deprecated setup.py egg_info --egg-base ../../build/health_monitor build --build-base /ws/build/health_monitor/build install --record /ws/build/health_monitor/install.log --single-version-externally-managed install_data
[3.711s] Level 1:colcon.colcon_core.environment:checking '/ws/install/health_monitor' for CMake config files
[3.713s] Level 1:colcon.colcon_core.environment:checking '/ws/install/health_monitor/lib'
[3.713s] Level 1:colcon.colcon_core.environment:checking '/ws/install/health_monitor/bin'
[3.713s] Level 1:colcon.colcon_core.environment:checking '/ws/install/health_monitor/lib/pkgconfig/health_monitor.pc'
[3.714s] Level 1:colcon.colcon_core.environment:checking '/ws/install/health_monitor/lib/python3.10/site-packages'
[3.714s] Level 1:colcon.colcon_core.shell:create_environment_hook('health_monitor', 'pythonpath')
[3.715s] INFO:colcon.colcon_core.shell:Creating environment hook '/ws/install/health_monitor/share/health_monitor/hook/pythonpath.ps1'
[3.716s] INFO:colcon.colcon_core.shell:Creating environment descriptor '/ws/install/health_monitor/share/health_monitor/hook/pythonpath.dsv'
[3.717s] INFO:colcon.colcon_core.shell:Creating environment hook '/ws/install/health_monitor/share/health_monitor/hook/pythonpath.sh'
[3.719s] Level 1:colcon.colcon_core.environment:checking '/ws/install/health_monitor/bin'
[3.720s] Level 1:colcon.colcon_core.environment:create_environment_scripts_only(health_monitor)
[3.720s] INFO:colcon.colcon_core.shell:Creating package script '/ws/install/health_monitor/share/health_monitor/package.ps1'
[3.722s] INFO:colcon.colcon_core.shell:Creating package descriptor '/ws/install/health_monitor/share/health_monitor/package.dsv'
[3.723s] INFO:colcon.colcon_core.shell:Creating package script '/ws/install/health_monitor/share/health_monitor/package.sh'
[3.724s] INFO:colcon.colcon_core.shell:Creating package script '/ws/install/health_monitor/share/health_monitor/package.bash'
[3.725s] INFO:colcon.colcon_core.shell:Creating package script '/ws/install/health_monitor/share/health_monitor/package.zsh'
[3.726s] Level 1:colcon.colcon_core.environment:create_file_with_runtime_dependencies(/ws/install/health_monitor/share/colcon-core/packages/health_monitor)
[3.727s] DEBUG:colcon.colcon_parallel_executor.executor.parallel:closing loop
[3.728s] DEBUG:colcon.colcon_parallel_executor.executor.parallel:loop closed
[3.728s] DEBUG:colcon.colcon_parallel_executor.executor.parallel:run_until_complete finished with '0'
[3.728s] DEBUG:colcon.colcon_core.event_reactor:joining thread
[3.741s] INFO:colcon.colcon_core.plugin_system:Skipping extension 'colcon_notification.desktop_notification.notify_send': Could not find 'notify-send'
[3.742s] INFO:colcon.colcon_core.plugin_system:Skipping extension 'colcon_notification.desktop_notification.terminal_notifier': Not used on non-Darwin systems
[3.742s] INFO:colcon.colcon_core.plugin_system:Skipping extension 'colcon_notification.desktop_notification.win32': Not used on non-Windows systems
[3.742s] INFO:colcon.colcon_notification.desktop_notification:Sending desktop notification using 'notify2'
[3.742s] DEBUG:colcon.colcon_notification.desktop_notification.notify2:Failed to initialize notify2: org.freedesktop.DBus.Error.NotSupported: Unable to autolaunch a dbus-daemon without a $DISPLAY for X11
[3.742s] DEBUG:colcon.colcon_core.event_reactor:joined thread
[3.743s] INFO:colcon.colcon_core.shell:Creating prefix script '/ws/install/local_setup.ps1'
[3.745s] INFO:colcon.colcon_core.shell:Creating prefix util module '/ws/install/_local_setup_util_ps1.py'
[3.749s] INFO:colcon.colcon_core.shell:Creating prefix chain script '/ws/install/setup.ps1'
[3.751s] INFO:colcon.colcon_core.shell:Creating prefix script '/ws/install/local_setup.sh'
[3.753s] INFO:colcon.colcon_core.shell:Creating prefix util module '/ws/install/_local_setup_util_sh.py'
[3.754s] INFO:colcon.colcon_core.shell:Creating prefix chain script '/ws/install/setup.sh'
[3.757s] INFO:colcon.colcon_core.shell:Creating prefix script '/ws/install/local_setup.bash'
[3.758s] INFO:colcon.colcon_core.shell:Creating prefix chain script '/ws/install/setup.bash'
[3.760s] INFO:colcon.colcon_core.shell:Creating prefix script '/ws/install/local_setup.zsh'
[3.761s] INFO:colcon.colcon_core.shell:Creating prefix chain script '/ws/install/setup.zsh'
