[0.000000] (-) TimerEvent: {}
[0.000386] (-) JobUnselected: {'identifier': 'bandwidth_manager'}
[0.000923] (stack_msgs) JobQueued: {'identifier': 'stack_msgs', 'dependencies': OrderedDict()}
[0.001222] (health_monitor) JobQueued: {'identifier': 'health_monitor', 'dependencies': OrderedDict([('stack_msgs', '/ws/install/stack_msgs')])}
[0.001485] (stack_msgs) JobStarted: {'identifier': 'stack_msgs'}
[0.017787] (stack_msgs) JobProgress: {'identifier': 'stack_msgs', 'progress': 'cmake'}
[0.019018] (stack_msgs) JobProgress: {'identifier': 'stack_msgs', 'progress': 'build'}
[0.020257] (stack_msgs) Command: {'cmd': ['/usr/bin/cmake', '--build', '/ws/build/stack_msgs', '--', '-j6', '-l6'], 'cwd': '/ws/build/stack_msgs', 'env': OrderedDict([('HOSTNAME', 'RedJetson'), ('SHLVL', '1'), ('LD_LIBRARY_PATH', '/opt/ros/humble/lib/aarch64-linux-gnu:/opt/ros/humble/lib:/usr/local/cuda/lib64:'), ('HOME', '/root'), ('OLDPWD', '/ws'), ('ROS_PYTHON_VERSION', '3'), ('LC_CTYPE', 'C.UTF-8'), ('ROS_DISTRO', 'humble'), ('_', '/usr/bin/colcon'), ('ROS_VERSION', '2'), ('NVIDIA_DRIVER_CAPABILITIES', 'all'), ('ROS_LOCALHOST_ONLY', '0'), ('PATH', '/opt/ros/humble/bin:/usr/local/cuda/bin:/usr/local/sbin:/usr/local/bin:/usr/sbin:/usr/bin:/sbin:/bin'), ('FASTRTPS_DEFAULT_PROFILES_FILE', '/ws/fastdds/jetson_fastdds.xml'), ('RMW_IMPLEMENTATION', 'rmw_fastrtps_cpp'), ('ROS_DOMAIN_ID', '42'), ('AMENT_PREFIX_PATH', '/opt/ros/humble'), ('DEBIAN_FRONTEND', 'noninteractive'), ('PWD', '/ws/build/stack_msgs'), ('CUDA_HOME', '/usr/local/cuda'), ('PYTHONPATH', '/opt/ros/humble/lib/python3.10/site-packages:/opt/ros/humble/local/lib/python3.10/dist-packages'), ('NVIDIA_VISIBLE_DEVICES', 'all'), ('COLCON', '1'), ('CMAKE_PREFIX_PATH', '/opt/ros/humble')]), 'shell': False}
[0.096750] (-) TimerEvent: {}
[0.128473] (stack_msgs) StdoutLine: {'line': b'[  5%] Built target stack_msgs__cpp\n'}
[0.128917] (stack_msgs) StdoutLine: {'line': b'[ 12%] Built target stack_msgs__rosidl_generator_c\n'}
[0.150710] (stack_msgs) StdoutLine: {'line': b'[ 12%] Built target ament_cmake_python_copy_stack_msgs\n'}
[0.179925] (stack_msgs) StdoutLine: {'line': b'[ 33%] Built target stack_msgs__rosidl_typesupport_introspection_c\n'}
[0.180358] (stack_msgs) StdoutLine: {'line': b'[ 33%] Built target stack_msgs__rosidl_typesupport_c\n'}
[0.180510] (stack_msgs) StdoutLine: {'line': b'[ 43%] Built target stack_msgs__rosidl_typesupport_fastrtps_c\n'}
[0.184814] (stack_msgs) StdoutLine: {'line': b'[ 64%] Built target stack_msgs__rosidl_typesupport_fastrtps_cpp\n'}
[0.185187] (stack_msgs) StdoutLine: {'line': b'[ 64%] Built target stack_msgs__rosidl_typesupport_introspection_cpp\n'}
[0.196894] (-) TimerEvent: {}
[0.203099] (stack_msgs) StdoutLine: {'line': b'[ 74%] Built target stack_msgs__rosidl_typesupport_cpp\n'}
[0.245960] (stack_msgs) StdoutLine: {'line': b'[ 74%] Built target stack_msgs\n'}
[0.288127] (stack_msgs) StdoutLine: {'line': b'[ 76%] Built target stack_msgs__py\n'}
[0.297043] (-) TimerEvent: {}
[0.337953] (stack_msgs) StdoutLine: {'line': b'[ 84%] Built target stack_msgs__rosidl_generator_py\n'}
[0.383343] (stack_msgs) StdoutLine: {'line': b'[ 94%] Built target stack_msgs__rosidl_typesupport_fastrtps_c__pyext\n'}
[0.383948] (stack_msgs) StdoutLine: {'line': b'[ 94%] Built target stack_msgs__rosidl_typesupport_c__pyext\n'}
[0.384445] (stack_msgs) StdoutLine: {'line': b'[100%] Built target stack_msgs__rosidl_typesupport_introspection_c__pyext\n'}
[0.397156] (-) TimerEvent: {}
[0.497485] (-) TimerEvent: {}
[0.575789] (stack_msgs) StdoutLine: {'line': b'running egg_info\n'}
[0.576978] (stack_msgs) StdoutLine: {'line': b'writing stack_msgs.egg-info/PKG-INFO\n'}
[0.577507] (stack_msgs) StdoutLine: {'line': b'writing dependency_links to stack_msgs.egg-info/dependency_links.txt\n'}
[0.577921] (stack_msgs) StdoutLine: {'line': b'writing top-level names to stack_msgs.egg-info/top_level.txt\n'}
[0.582140] (stack_msgs) StdoutLine: {'line': b"reading manifest file 'stack_msgs.egg-info/SOURCES.txt'\n"}
[0.583142] (stack_msgs) StdoutLine: {'line': b"writing manifest file 'stack_msgs.egg-info/SOURCES.txt'\n"}
[0.597659] (-) TimerEvent: {}
[0.651089] (stack_msgs) StdoutLine: {'line': b'[100%] Built target ament_cmake_python_build_stack_msgs_egg\n'}
[0.676142] (stack_msgs) CommandEnded: {'returncode': 0}
[0.678134] (stack_msgs) JobProgress: {'identifier': 'stack_msgs', 'progress': 'install'}
[0.697550] (stack_msgs) Command: {'cmd': ['/usr/bin/cmake', '--install', '/ws/build/stack_msgs'], 'cwd': '/ws/build/stack_msgs', 'env': OrderedDict([('HOSTNAME', 'RedJetson'), ('SHLVL', '1'), ('LD_LIBRARY_PATH', '/opt/ros/humble/lib/aarch64-linux-gnu:/opt/ros/humble/lib:/usr/local/cuda/lib64:'), ('HOME', '/root'), ('OLDPWD', '/ws'), ('ROS_PYTHON_VERSION', '3'), ('LC_CTYPE', 'C.UTF-8'), ('ROS_DISTRO', 'humble'), ('_', '/usr/bin/colcon'), ('ROS_VERSION', '2'), ('NVIDIA_DRIVER_CAPABILITIES', 'all'), ('ROS_LOCALHOST_ONLY', '0'), ('PATH', '/opt/ros/humble/bin:/usr/local/cuda/bin:/usr/local/sbin:/usr/local/bin:/usr/sbin:/usr/bin:/sbin:/bin'), ('FASTRTPS_DEFAULT_PROFILES_FILE', '/ws/fastdds/jetson_fastdds.xml'), ('RMW_IMPLEMENTATION', 'rmw_fastrtps_cpp'), ('ROS_DOMAIN_ID', '42'), ('AMENT_PREFIX_PATH', '/opt/ros/humble'), ('DEBIAN_FRONTEND', 'noninteractive'), ('PWD', '/ws/build/stack_msgs'), ('CUDA_HOME', '/usr/local/cuda'), ('PYTHONPATH', '/opt/ros/humble/lib/python3.10/site-packages:/opt/ros/humble/local/lib/python3.10/dist-packages'), ('NVIDIA_VISIBLE_DEVICES', 'all'), ('COLCON', '1'), ('CMAKE_PREFIX_PATH', '/opt/ros/humble')]), 'shell': False}
[0.699835] (-) TimerEvent: {}
[0.717743] (stack_msgs) StdoutLine: {'line': b'-- Install configuration: "Release"\n'}
[0.718663] (stack_msgs) StdoutLine: {'line': b'-- Up-to-date: /ws/install/stack_msgs/share/ament_index/resource_index/rosidl_interfaces/stack_msgs\n'}
[0.719381] (stack_msgs) StdoutLine: {'line': b'-- Up-to-date: /ws/install/stack_msgs/include/stack_msgs/stack_msgs\n'}
[0.719543] (stack_msgs) StdoutLine: {'line': b'-- Up-to-date: /ws/install/stack_msgs/include/stack_msgs/stack_msgs/msg\n'}
[0.720428] (stack_msgs) StdoutLine: {'line': b'-- Up-to-date: /ws/install/stack_msgs/include/stack_msgs/stack_msgs/msg/detail\n'}
[0.720655] (stack_msgs) StdoutLine: {'line': b'-- Up-to-date: /ws/install/stack_msgs/include/stack_msgs/stack_msgs/msg/detail/network_health__struct.h\n'}
[0.720786] (stack_msgs) StdoutLine: {'line': b'-- Up-to-date: /ws/install/stack_msgs/include/stack_msgs/stack_msgs/msg/detail/system_metrics__functions.c\n'}
[0.720909] (stack_msgs) StdoutLine: {'line': b'-- Up-to-date: /ws/install/stack_msgs/include/stack_msgs/stack_msgs/msg/detail/system_metrics__functions.h\n'}
[0.721122] (stack_msgs) StdoutLine: {'line': b'-- Up-to-date: /ws/install/stack_msgs/include/stack_msgs/stack_msgs/msg/detail/network_health__functions.h\n'}
[0.722294] (stack_msgs) StdoutLine: {'line': b'-- Up-to-date: /ws/install/stack_msgs/include/stack_msgs/stack_msgs/msg/detail/network_health__type_support.h\n'}
[0.722419] (stack_msgs) StdoutLine: {'line': b'-- Up-to-date: /ws/install/stack_msgs/include/stack_msgs/stack_msgs/msg/detail/system_metrics__type_support.h\n'}
[0.722627] (stack_msgs) StdoutLine: {'line': b'-- Up-to-date: /ws/install/stack_msgs/include/stack_msgs/stack_msgs/msg/detail/network_health__functions.c\n'}
[0.723013] (stack_msgs) StdoutLine: {'line': b'-- Up-to-date: /ws/install/stack_msgs/include/stack_msgs/stack_msgs/msg/detail/system_metrics__struct.h\n'}
[0.723267] (stack_msgs) StdoutLine: {'line': b'-- Up-to-date: /ws/install/stack_msgs/include/stack_msgs/stack_msgs/msg/network_health.h\n'}
[0.723474] (stack_msgs) StdoutLine: {'line': b'-- Up-to-date: /ws/install/stack_msgs/include/stack_msgs/stack_msgs/msg/system_metrics.h\n'}
[0.723595] (stack_msgs) StdoutLine: {'line': b'-- Up-to-date: /ws/install/stack_msgs/include/stack_msgs/stack_msgs/msg/rosidl_generator_c__visibility_control.h\n'}
[0.724422] (stack_msgs) StdoutLine: {'line': b'-- Up-to-date: /ws/install/stack_msgs/share/stack_msgs/environment/library_path.sh\n'}
[0.724933] (stack_msgs) StdoutLine: {'line': b'-- Up-to-date: /ws/install/stack_msgs/share/stack_msgs/environment/library_path.dsv\n'}
[0.725445] (stack_msgs) StdoutLine: {'line': b'-- Up-to-date: /ws/install/stack_msgs/lib/libstack_msgs__rosidl_generator_c.so\n'}
[0.726451] (stack_msgs) StdoutLine: {'line': b'-- Up-to-date: /ws/install/stack_msgs/include/stack_msgs/stack_msgs\n'}
[0.726694] (stack_msgs) StdoutLine: {'line': b'-- Up-to-date: /ws/install/stack_msgs/include/stack_msgs/stack_msgs/msg\n'}
[0.726926] (stack_msgs) StdoutLine: {'line': b'-- Up-to-date: /ws/install/stack_msgs/include/stack_msgs/stack_msgs/msg/detail\n'}
[0.727151] (stack_msgs) StdoutLine: {'line': b'-- Up-to-date: /ws/install/stack_msgs/include/stack_msgs/stack_msgs/msg/detail/system_metrics__rosidl_typesupport_fastrtps_c.h\n'}
[0.727400] (stack_msgs) StdoutLine: {'line': b'-- Up-to-date: /ws/install/stack_msgs/include/stack_msgs/stack_msgs/msg/detail/network_health__rosidl_typesupport_fastrtps_c.h\n'}
[0.727659] (stack_msgs) StdoutLine: {'line': b'-- Up-to-date: /ws/install/stack_msgs/include/stack_msgs/stack_msgs/msg/rosidl_typesupport_fastrtps_c__visibility_control.h\n'}
[0.727899] (stack_msgs) StdoutLine: {'line': b'-- Up-to-date: /ws/install/stack_msgs/lib/libstack_msgs__rosidl_typesupport_fastrtps_c.so\n'}
[0.728113] (stack_msgs) StdoutLine: {'line': b'-- Up-to-date: /ws/install/stack_msgs/include/stack_msgs/stack_msgs\n'}
[0.728324] (stack_msgs) StdoutLine: {'line': b'-- Up-to-date: /ws/install/stack_msgs/include/stack_msgs/stack_msgs/msg\n'}
[0.728530] (stack_msgs) StdoutLine: {'line': b'-- Up-to-date: /ws/install/stack_msgs/include/stack_msgs/stack_msgs/msg/detail\n'}
[0.728736] (stack_msgs) StdoutLine: {'line': b'-- Up-to-date: /ws/install/stack_msgs/include/stack_msgs/stack_msgs/msg/detail/network_health__type_support.c\n'}
[0.728943] (stack_msgs) StdoutLine: {'line': b'-- Up-to-date: /ws/install/stack_msgs/include/stack_msgs/stack_msgs/msg/detail/system_metrics__type_support.c\n'}
[0.729146] (stack_msgs) StdoutLine: {'line': b'-- Up-to-date: /ws/install/stack_msgs/include/stack_msgs/stack_msgs/msg/detail/system_metrics__rosidl_typesupport_introspection_c.h\n'}
[0.729413] (stack_msgs) StdoutLine: {'line': b'-- Up-to-date: /ws/install/stack_msgs/include/stack_msgs/stack_msgs/msg/detail/network_health__rosidl_typesupport_introspection_c.h\n'}
[0.729622] (stack_msgs) StdoutLine: {'line': b'-- Up-to-date: /ws/install/stack_msgs/include/stack_msgs/stack_msgs/msg/rosidl_typesupport_introspection_c__visibility_control.h\n'}
[0.729830] (stack_msgs) StdoutLine: {'line': b'-- Up-to-date: /ws/install/stack_msgs/lib/libstack_msgs__rosidl_typesupport_introspection_c.so\n'}
[0.730037] (stack_msgs) StdoutLine: {'line': b'-- Up-to-date: /ws/install/stack_msgs/lib/libstack_msgs__rosidl_typesupport_c.so\n'}
[0.730242] (stack_msgs) StdoutLine: {'line': b'-- Up-to-date: /ws/install/stack_msgs/include/stack_msgs/stack_msgs\n'}
[0.730447] (stack_msgs) StdoutLine: {'line': b'-- Up-to-date: /ws/install/stack_msgs/include/stack_msgs/stack_msgs/msg\n'}
[0.730654] (stack_msgs) StdoutLine: {'line': b'-- Up-to-date: /ws/install/stack_msgs/include/stack_msgs/stack_msgs/msg/rosidl_generator_cpp__visibility_control.hpp\n'}
[0.730861] (stack_msgs) StdoutLine: {'line': b'-- Up-to-date: /ws/install/stack_msgs/include/stack_msgs/stack_msgs/msg/detail\n'}
[0.731066] (stack_msgs) StdoutLine: {'line': b'-- Up-to-date: /ws/install/stack_msgs/include/stack_msgs/stack_msgs/msg/detail/system_metrics__builder.hpp\n'}
[0.731271] (stack_msgs) StdoutLine: {'line': b'-- Up-to-date: /ws/install/stack_msgs/include/stack_msgs/stack_msgs/msg/detail/network_health__type_support.hpp\n'}
[0.731475] (stack_msgs) StdoutLine: {'line': b'-- Up-to-date: /ws/install/stack_msgs/include/stack_msgs/stack_msgs/msg/detail/network_health__struct.hpp\n'}
[0.731710] (stack_msgs) StdoutLine: {'line': b'-- Up-to-date: /ws/install/stack_msgs/include/stack_msgs/stack_msgs/msg/detail/network_health__traits.hpp\n'}
[0.731929] (stack_msgs) StdoutLine: {'line': b'-- Up-to-date: /ws/install/stack_msgs/include/stack_msgs/stack_msgs/msg/detail/system_metrics__struct.hpp\n'}
[0.732138] (stack_msgs) StdoutLine: {'line': b'-- Up-to-date: /ws/install/stack_msgs/include/stack_msgs/stack_msgs/msg/detail/system_metrics__type_support.hpp\n'}
[0.732373] (stack_msgs) StdoutLine: {'line': b'-- Up-to-date: /ws/install/stack_msgs/include/stack_msgs/stack_msgs/msg/detail/network_health__builder.hpp\n'}
[0.732582] (stack_msgs) StdoutLine: {'line': b'-- Up-to-date: /ws/install/stack_msgs/include/stack_msgs/stack_msgs/msg/detail/system_metrics__traits.hpp\n'}
[0.732789] (stack_msgs) StdoutLine: {'line': b'-- Up-to-date: /ws/install/stack_msgs/include/stack_msgs/stack_msgs/msg/system_metrics.hpp\n'}
[0.732995] (stack_msgs) StdoutLine: {'line': b'-- Up-to-date: /ws/install/stack_msgs/include/stack_msgs/stack_msgs/msg/network_health.hpp\n'}
[0.733199] (stack_msgs) StdoutLine: {'line': b'-- Up-to-date: /ws/install/stack_msgs/include/stack_msgs/stack_msgs\n'}
[0.733404] (stack_msgs) StdoutLine: {'line': b'-- Up-to-date: /ws/install/stack_msgs/include/stack_msgs/stack_msgs/msg\n'}
[0.733607] (stack_msgs) StdoutLine: {'line': b'-- Up-to-date: /ws/install/stack_msgs/include/stack_msgs/stack_msgs/msg/rosidl_typesupport_fastrtps_cpp__visibility_control.h\n'}
[0.733813] (stack_msgs) StdoutLine: {'line': b'-- Up-to-date: /ws/install/stack_msgs/include/stack_msgs/stack_msgs/msg/detail\n'}
[0.734022] (stack_msgs) StdoutLine: {'line': b'-- Up-to-date: /ws/install/stack_msgs/include/stack_msgs/stack_msgs/msg/detail/dds_fastrtps\n'}
[0.734242] (stack_msgs) StdoutLine: {'line': b'-- Up-to-date: /ws/install/stack_msgs/include/stack_msgs/stack_msgs/msg/detail/network_health__rosidl_typesupport_fastrtps_cpp.hpp\n'}
[0.734450] (stack_msgs) StdoutLine: {'line': b'-- Up-to-date: /ws/install/stack_msgs/include/stack_msgs/stack_msgs/msg/detail/system_metrics__rosidl_typesupport_fastrtps_cpp.hpp\n'}
[0.734653] (stack_msgs) StdoutLine: {'line': b'-- Up-to-date: /ws/install/stack_msgs/lib/libstack_msgs__rosidl_typesupport_fastrtps_cpp.so\n'}
[0.734853] (stack_msgs) StdoutLine: {'line': b'-- Up-to-date: /ws/install/stack_msgs/include/stack_msgs/stack_msgs\n'}
[0.735054] (stack_msgs) StdoutLine: {'line': b'-- Up-to-date: /ws/install/stack_msgs/include/stack_msgs/stack_msgs/msg\n'}
[0.735256] (stack_msgs) StdoutLine: {'line': b'-- Up-to-date: /ws/install/stack_msgs/include/stack_msgs/stack_msgs/msg/detail\n'}
[0.735479] (stack_msgs) StdoutLine: {'line': b'-- Up-to-date: /ws/install/stack_msgs/include/stack_msgs/stack_msgs/msg/detail/network_health__type_support.cpp\n'}
[0.735722] (stack_msgs) StdoutLine: {'line': b'-- Up-to-date: /ws/install/stack_msgs/include/stack_msgs/stack_msgs/msg/detail/system_metrics__rosidl_typesupport_introspection_cpp.hpp\n'}
[0.735942] (stack_msgs) StdoutLine: {'line': b'-- Up-to-date: /ws/install/stack_msgs/include/stack_msgs/stack_msgs/msg/detail/system_metrics__type_support.cpp\n'}
[0.736151] (stack_msgs) StdoutLine: {'line': b'-- Up-to-date: /ws/install/stack_msgs/include/stack_msgs/stack_msgs/msg/detail/network_health__rosidl_typesupport_introspection_cpp.hpp\n'}
[0.736355] (stack_msgs) StdoutLine: {'line': b'-- Up-to-date: /ws/install/stack_msgs/lib/libstack_msgs__rosidl_typesupport_introspection_cpp.so\n'}
[0.736559] (stack_msgs) StdoutLine: {'line': b'-- Up-to-date: /ws/install/stack_msgs/lib/libstack_msgs__rosidl_typesupport_cpp.so\n'}
[0.736760] (stack_msgs) StdoutLine: {'line': b'-- Up-to-date: /ws/install/stack_msgs/share/stack_msgs/environment/pythonpath.sh\n'}
[0.736963] (stack_msgs) StdoutLine: {'line': b'-- Up-to-date: /ws/install/stack_msgs/share/stack_msgs/environment/pythonpath.dsv\n'}
[0.737163] (stack_msgs) StdoutLine: {'line': b'-- Up-to-date: /ws/install/stack_msgs/local/lib/python3.10/dist-packages/stack_msgs-0.0.1-py3.10.egg-info\n'}
[0.737363] (stack_msgs) StdoutLine: {'line': b'-- Installing: /ws/install/stack_msgs/local/lib/python3.10/dist-packages/stack_msgs-0.0.1-py3.10.egg-info/PKG-INFO\n'}
[0.737568] (stack_msgs) StdoutLine: {'line': b'-- Installing: /ws/install/stack_msgs/local/lib/python3.10/dist-packages/stack_msgs-0.0.1-py3.10.egg-info/top_level.txt\n'}
[0.737817] (stack_msgs) StdoutLine: {'line': b'-- Installing: /ws/install/stack_msgs/local/lib/python3.10/dist-packages/stack_msgs-0.0.1-py3.10.egg-info/dependency_links.txt\n'}
[0.738045] (stack_msgs) StdoutLine: {'line': b'-- Installing: /ws/install/stack_msgs/local/lib/python3.10/dist-packages/stack_msgs-0.0.1-py3.10.egg-info/SOURCES.txt\n'}
[0.738252] (stack_msgs) StdoutLine: {'line': b'-- Up-to-date: /ws/install/stack_msgs/local/lib/python3.10/dist-packages/stack_msgs\n'}
[0.738456] (stack_msgs) StdoutLine: {'line': b'-- Up-to-date: /ws/install/stack_msgs/local/lib/python3.10/dist-packages/stack_msgs/_stack_msgs_s.ep.rosidl_typesupport_c.c\n'}
[0.738658] (stack_msgs) StdoutLine: {'line': b'-- Up-to-date: /ws/install/stack_msgs/local/lib/python3.10/dist-packages/stack_msgs/_stack_msgs_s.ep.rosidl_typesupport_fastrtps_c.c\n'}
[0.738864] (stack_msgs) StdoutLine: {'line': b'-- Up-to-date: /ws/install/stack_msgs/local/lib/python3.10/dist-packages/stack_msgs/msg\n'}
[0.739068] (stack_msgs) StdoutLine: {'line': b'-- Up-to-date: /ws/install/stack_msgs/local/lib/python3.10/dist-packages/stack_msgs/msg/_system_metrics_s.c\n'}
[0.739271] (stack_msgs) StdoutLine: {'line': b'-- Up-to-date: /ws/install/stack_msgs/local/lib/python3.10/dist-packages/stack_msgs/msg/_network_health.py\n'}
[0.739475] (stack_msgs) StdoutLine: {'line': b'-- Up-to-date: /ws/install/stack_msgs/local/lib/python3.10/dist-packages/stack_msgs/msg/_network_health_s.c\n'}
[0.739704] (stack_msgs) StdoutLine: {'line': b'-- Up-to-date: /ws/install/stack_msgs/local/lib/python3.10/dist-packages/stack_msgs/msg/_system_metrics.py\n'}
[0.739917] (stack_msgs) StdoutLine: {'line': b'-- Up-to-date: /ws/install/stack_msgs/local/lib/python3.10/dist-packages/stack_msgs/msg/__init__.py\n'}
[0.740120] (stack_msgs) StdoutLine: {'line': b'-- Up-to-date: /ws/install/stack_msgs/local/lib/python3.10/dist-packages/stack_msgs/stack_msgs_s__rosidl_typesupport_introspection_c.cpython-310-aarch64-linux-gnu.so\n'}
[0.740326] (stack_msgs) StdoutLine: {'line': b'-- Up-to-date: /ws/install/stack_msgs/local/lib/python3.10/dist-packages/stack_msgs/stack_msgs_s__rosidl_typesupport_fastrtps_c.cpython-310-aarch64-linux-gnu.so\n'}
[0.740530] (stack_msgs) StdoutLine: {'line': b'-- Up-to-date: /ws/install/stack_msgs/local/lib/python3.10/dist-packages/stack_msgs/stack_msgs_s__rosidl_typesupport_c.cpython-310-aarch64-linux-gnu.so\n'}
[0.740732] (stack_msgs) StdoutLine: {'line': b'-- Up-to-date: /ws/install/stack_msgs/local/lib/python3.10/dist-packages/stack_msgs/_stack_msgs_s.ep.rosidl_typesupport_introspection_c.c\n'}
[0.740933] (stack_msgs) StdoutLine: {'line': b'-- Up-to-date: /ws/install/stack_msgs/local/lib/python3.10/dist-packages/stack_msgs/__init__.py\n'}
[0.741132] (stack_msgs) StdoutLine: {'line': b'-- Up-to-date: /ws/install/stack_msgs/local/lib/python3.10/dist-packages/stack_msgs/libstack_msgs__rosidl_generator_py.so\n'}
[0.788117] (stack_msgs) StdoutLine: {'line': b"Listing '/ws/install/stack_msgs/local/lib/python3.10/dist-packages/stack_msgs'...\n"}
[0.788638] (stack_msgs) StdoutLine: {'line': b"Listing '/ws/install/stack_msgs/local/lib/python3.10/dist-packages/stack_msgs/msg'...\n"}
[0.798240] (stack_msgs) StdoutLine: {'line': b'-- Up-to-date: /ws/install/stack_msgs/local/lib/python3.10/dist-packages/stack_msgs/stack_msgs_s__rosidl_typesupport_fastrtps_c.cpython-310-aarch64-linux-gnu.so\n'}
[0.798642] (stack_msgs) StdoutLine: {'line': b'-- Up-to-date: /ws/install/stack_msgs/local/lib/python3.10/dist-packages/stack_msgs/stack_msgs_s__rosidl_typesupport_introspection_c.cpython-310-aarch64-linux-gnu.so\n'}
[0.798981] (stack_msgs) StdoutLine: {'line': b'-- Up-to-date: /ws/install/stack_msgs/local/lib/python3.10/dist-packages/stack_msgs/stack_msgs_s__rosidl_typesupport_c.cpython-310-aarch64-linux-gnu.so\n'}
[0.799399] (stack_msgs) StdoutLine: {'line': b'-- Up-to-date: /ws/install/stack_msgs/lib/libstack_msgs__rosidl_generator_py.so\n'}
[0.800906] (-) TimerEvent: {}
[0.800985] (stack_msgs) StdoutLine: {'line': b'-- Up-to-date: /ws/install/stack_msgs/share/stack_msgs/msg/NetworkHealth.idl\n'}
[0.801232] (stack_msgs) StdoutLine: {'line': b'-- Up-to-date: /ws/install/stack_msgs/share/stack_msgs/msg/SystemMetrics.idl\n'}
[0.801860] (stack_msgs) StdoutLine: {'line': b'-- Up-to-date: /ws/install/stack_msgs/share/stack_msgs/msg/NetworkHealth.msg\n'}
[0.802467] (stack_msgs) StdoutLine: {'line': b'-- Up-to-date: /ws/install/stack_msgs/share/stack_msgs/msg/SystemMetrics.msg\n'}
[0.803222] (stack_msgs) StdoutLine: {'line': b'-- Up-to-date: /ws/install/stack_msgs/share/ament_index/resource_index/package_run_dependencies/stack_msgs\n'}
[0.803895] (stack_msgs) StdoutLine: {'line': b'-- Up-to-date: /ws/install/stack_msgs/share/ament_index/resource_index/parent_prefix_path/stack_msgs\n'}
[0.805013] (stack_msgs) StdoutLine: {'line': b'-- Up-to-date: /ws/install/stack_msgs/share/stack_msgs/environment/ament_prefix_path.sh\n'}
[0.805250] (stack_msgs) StdoutLine: {'line': b'-- Up-to-date: /ws/install/stack_msgs/share/stack_msgs/environment/ament_prefix_path.dsv\n'}
[0.805471] (stack_msgs) StdoutLine: {'line': b'-- Up-to-date: /ws/install/stack_msgs/share/stack_msgs/environment/path.sh\n'}
[0.805683] (stack_msgs) StdoutLine: {'line': b'-- Up-to-date: /ws/install/stack_msgs/share/stack_msgs/environment/path.dsv\n'}
[0.805895] (stack_msgs) StdoutLine: {'line': b'-- Up-to-date: /ws/install/stack_msgs/share/stack_msgs/local_setup.bash\n'}
[0.806103] (stack_msgs) StdoutLine: {'line': b'-- Up-to-date: /ws/install/stack_msgs/share/stack_msgs/local_setup.sh\n'}
[0.806306] (stack_msgs) StdoutLine: {'line': b'-- Up-to-date: /ws/install/stack_msgs/share/stack_msgs/local_setup.zsh\n'}
[0.806510] (stack_msgs) StdoutLine: {'line': b'-- Up-to-date: /ws/install/stack_msgs/share/stack_msgs/local_setup.dsv\n'}
[0.806714] (stack_msgs) StdoutLine: {'line': b'-- Installing: /ws/install/stack_msgs/share/stack_msgs/package.dsv\n'}
[0.806917] (stack_msgs) StdoutLine: {'line': b'-- Up-to-date: /ws/install/stack_msgs/share/ament_index/resource_index/packages/stack_msgs\n'}
[0.807118] (stack_msgs) StdoutLine: {'line': b'-- Up-to-date: /ws/install/stack_msgs/share/stack_msgs/cmake/export_stack_msgs__rosidl_generator_cExport.cmake\n'}
[0.807373] (stack_msgs) StdoutLine: {'line': b'-- Up-to-date: /ws/install/stack_msgs/share/stack_msgs/cmake/export_stack_msgs__rosidl_generator_cExport-release.cmake\n'}
[0.807582] (stack_msgs) StdoutLine: {'line': b'-- Up-to-date: /ws/install/stack_msgs/share/stack_msgs/cmake/export_stack_msgs__rosidl_typesupport_fastrtps_cExport.cmake\n'}
[0.807833] (stack_msgs) StdoutLine: {'line': b'-- Up-to-date: /ws/install/stack_msgs/share/stack_msgs/cmake/export_stack_msgs__rosidl_typesupport_fastrtps_cExport-release.cmake\n'}
[0.808050] (stack_msgs) StdoutLine: {'line': b'-- Up-to-date: /ws/install/stack_msgs/share/stack_msgs/cmake/stack_msgs__rosidl_typesupport_introspection_cExport.cmake\n'}
[0.808665] (stack_msgs) StdoutLine: {'line': b'-- Up-to-date: /ws/install/stack_msgs/share/stack_msgs/cmake/stack_msgs__rosidl_typesupport_introspection_cExport-release.cmake\n'}
[0.809118] (stack_msgs) StdoutLine: {'line': b'-- Up-to-date: /ws/install/stack_msgs/share/stack_msgs/cmake/stack_msgs__rosidl_typesupport_cExport.cmake\n'}
[0.810902] (stack_msgs) StdoutLine: {'line': b'-- Up-to-date: /ws/install/stack_msgs/share/stack_msgs/cmake/stack_msgs__rosidl_typesupport_cExport-release.cmake\n'}
[0.811416] (stack_msgs) StdoutLine: {'line': b'-- Up-to-date: /ws/install/stack_msgs/share/stack_msgs/cmake/export_stack_msgs__rosidl_generator_cppExport.cmake\n'}
[0.811803] (stack_msgs) StdoutLine: {'line': b'-- Up-to-date: /ws/install/stack_msgs/share/stack_msgs/cmake/export_stack_msgs__rosidl_typesupport_fastrtps_cppExport.cmake\n'}
[0.812336] (stack_msgs) StdoutLine: {'line': b'-- Up-to-date: /ws/install/stack_msgs/share/stack_msgs/cmake/export_stack_msgs__rosidl_typesupport_fastrtps_cppExport-release.cmake\n'}
[0.812646] (stack_msgs) StdoutLine: {'line': b'-- Up-to-date: /ws/install/stack_msgs/share/stack_msgs/cmake/stack_msgs__rosidl_typesupport_introspection_cppExport.cmake\n'}
[0.813238] (stack_msgs) StdoutLine: {'line': b'-- Up-to-date: /ws/install/stack_msgs/share/stack_msgs/cmake/stack_msgs__rosidl_typesupport_introspection_cppExport-release.cmake\n'}
[0.813489] (stack_msgs) StdoutLine: {'line': b'-- Up-to-date: /ws/install/stack_msgs/share/stack_msgs/cmake/stack_msgs__rosidl_typesupport_cppExport.cmake\n'}
[0.813932] (stack_msgs) StdoutLine: {'line': b'-- Up-to-date: /ws/install/stack_msgs/share/stack_msgs/cmake/stack_msgs__rosidl_typesupport_cppExport-release.cmake\n'}
[0.814442] (stack_msgs) StdoutLine: {'line': b'-- Up-to-date: /ws/install/stack_msgs/share/stack_msgs/cmake/export_stack_msgs__rosidl_generator_pyExport.cmake\n'}
[0.814925] (stack_msgs) StdoutLine: {'line': b'-- Up-to-date: /ws/install/stack_msgs/share/stack_msgs/cmake/export_stack_msgs__rosidl_generator_pyExport-release.cmake\n'}
[0.815305] (stack_msgs) StdoutLine: {'line': b'-- Up-to-date: /ws/install/stack_msgs/share/stack_msgs/cmake/rosidl_cmake-extras.cmake\n'}
[0.815809] (stack_msgs) StdoutLine: {'line': b'-- Up-to-date: /ws/install/stack_msgs/share/stack_msgs/cmake/ament_cmake_export_dependencies-extras.cmake\n'}
[0.816162] (stack_msgs) StdoutLine: {'line': b'-- Up-to-date: /ws/install/stack_msgs/share/stack_msgs/cmake/ament_cmake_export_include_directories-extras.cmake\n'}
[0.816893] (stack_msgs) StdoutLine: {'line': b'-- Up-to-date: /ws/install/stack_msgs/share/stack_msgs/cmake/ament_cmake_export_libraries-extras.cmake\n'}
[0.817302] (stack_msgs) StdoutLine: {'line': b'-- Up-to-date: /ws/install/stack_msgs/share/stack_msgs/cmake/ament_cmake_export_targets-extras.cmake\n'}
[0.817796] (stack_msgs) StdoutLine: {'line': b'-- Up-to-date: /ws/install/stack_msgs/share/stack_msgs/cmake/rosidl_cmake_export_typesupport_targets-extras.cmake\n'}
[0.818500] (stack_msgs) StdoutLine: {'line': b'-- Up-to-date: /ws/install/stack_msgs/share/stack_msgs/cmake/rosidl_cmake_export_typesupport_libraries-extras.cmake\n'}
[0.819049] (stack_msgs) StdoutLine: {'line': b'-- Up-to-date: /ws/install/stack_msgs/share/stack_msgs/cmake/stack_msgsConfig.cmake\n'}
[0.819350] (stack_msgs) StdoutLine: {'line': b'-- Up-to-date: /ws/install/stack_msgs/share/stack_msgs/cmake/stack_msgsConfig-version.cmake\n'}
[0.820239] (stack_msgs) StdoutLine: {'line': b'-- Up-to-date: /ws/install/stack_msgs/share/stack_msgs/package.xml\n'}
[0.820779] (stack_msgs) CommandEnded: {'returncode': 0}
[0.892353] (stack_msgs) JobEnded: {'identifier': 'stack_msgs', 'rc': 0}
[0.894731] (health_monitor) JobStarted: {'identifier': 'health_monitor'}
[0.901226] (-) TimerEvent: {}
[1.001615] (-) TimerEvent: {}
[1.101942] (-) TimerEvent: {}
[1.202279] (-) TimerEvent: {}
[1.302609] (-) TimerEvent: {}
[1.402951] (-) TimerEvent: {}
[1.503405] (-) TimerEvent: {}
[1.603736] (-) TimerEvent: {}
[1.704092] (-) TimerEvent: {}
[1.804471] (-) TimerEvent: {}
[1.904843] (-) TimerEvent: {}
[1.969300] (health_monitor) Command: {'cmd': ['/usr/bin/python3', '-W', 'ignore:setup.py install is deprecated', '-W', 'ignore:easy_install command is deprecated', 'setup.py', 'egg_info', '--egg-base', '../../build/health_monitor', 'build', '--build-base', '/ws/build/health_monitor/build', 'install', '--record', '/ws/build/health_monitor/install.log', '--single-version-externally-managed', 'install_data'], 'cwd': '/ws/src/health_monitor', 'env': {'HOSTNAME': 'RedJetson', 'SHLVL': '1', 'LD_LIBRARY_PATH': '/ws/install/stack_msgs/lib:/opt/ros/humble/lib/aarch64-linux-gnu:/opt/ros/humble/lib:/usr/local/cuda/lib64', 'HOME': '/root', 'OLDPWD': '/ws', 'ROS_PYTHON_VERSION': '3', 'LC_CTYPE': 'C.UTF-8', 'ROS_DISTRO': 'humble', '_': '/usr/bin/colcon', 'ROS_VERSION': '2', 'NVIDIA_DRIVER_CAPABILITIES': 'all', 'ROS_LOCALHOST_ONLY': '0', 'PATH': '/opt/ros/humble/bin:/usr/local/cuda/bin:/usr/local/sbin:/usr/local/bin:/usr/sbin:/usr/bin:/sbin:/bin', 'FASTRTPS_DEFAULT_PROFILES_FILE': '/ws/fastdds/jetson_fastdds.xml', 'RMW_IMPLEMENTATION': 'rmw_fastrtps_cpp', 'ROS_DOMAIN_ID': '42', 'AMENT_PREFIX_PATH': '/ws/install/stack_msgs:/opt/ros/humble', 'DEBIAN_FRONTEND': 'noninteractive', 'PWD': '/ws/build/health_monitor', 'CUDA_HOME': '/usr/local/cuda', 'PYTHONPATH': '/ws/build/health_monitor/prefix_override:/usr/lib/python3/dist-packages/colcon_core/task/python/colcon_distutils_commands:/ws/install/health_monitor/lib/python3.10/site-packages:/ws/install/stack_msgs/local/lib/python3.10/dist-packages:/opt/ros/humble/lib/python3.10/site-packages:/opt/ros/humble/local/lib/python3.10/dist-packages', 'NVIDIA_VISIBLE_DEVICES': 'all', 'COLCON': '1', 'CMAKE_PREFIX_PATH': '/ws/install/stack_msgs'}, 'shell': False}
[2.005008] (-) TimerEvent: {}
[2.105395] (-) TimerEvent: {}
[2.205765] (-) TimerEvent: {}
[2.306112] (-) TimerEvent: {}
[2.356326] (health_monitor) StdoutLine: {'line': b'running egg_info\n'}
[2.357334] (health_monitor) StdoutLine: {'line': b'writing ../../build/health_monitor/health_monitor.egg-info/PKG-INFO\n'}
[2.357851] (health_monitor) StdoutLine: {'line': b'writing dependency_links to ../../build/health_monitor/health_monitor.egg-info/dependency_links.txt\n'}
[2.358194] (health_monitor) StdoutLine: {'line': b'writing entry points to ../../build/health_monitor/health_monitor.egg-info/entry_points.txt\n'}
[2.358460] (health_monitor) StdoutLine: {'line': b'writing requirements to ../../build/health_monitor/health_monitor.egg-info/requires.txt\n'}
[2.358678] (health_monitor) StdoutLine: {'line': b'writing top-level names to ../../build/health_monitor/health_monitor.egg-info/top_level.txt\n'}
[2.361978] (health_monitor) StdoutLine: {'line': b"reading manifest file '../../build/health_monitor/health_monitor.egg-info/SOURCES.txt'\n"}
[2.362388] (health_monitor) StdoutLine: {'line': b"adding license file 'LICENSE'\n"}
[2.363511] (health_monitor) StdoutLine: {'line': b"writing manifest file '../../build/health_monitor/health_monitor.egg-info/SOURCES.txt'\n"}
[2.363842] (health_monitor) StdoutLine: {'line': b'running build\n'}
[2.363974] (health_monitor) StdoutLine: {'line': b'running build_py\n'}
[2.364915] (health_monitor) StdoutLine: {'line': b'running install\n'}
[2.365552] (health_monitor) StdoutLine: {'line': b'running install_lib\n'}
[2.368095] (health_monitor) StdoutLine: {'line': b'running install_data\n'}
[2.368367] (health_monitor) StdoutLine: {'line': b'running install_egg_info\n'}
[2.371868] (health_monitor) StdoutLine: {'line': b"removing '/ws/install/health_monitor/lib/python3.10/site-packages/health_monitor-0.1.0-py3.10.egg-info' (and everything under it)\n"}
[2.372540] (health_monitor) StdoutLine: {'line': b'Copying ../../build/health_monitor/health_monitor.egg-info to /ws/install/health_monitor/lib/python3.10/site-packages/health_monitor-0.1.0-py3.10.egg-info\n'}
[2.374451] (health_monitor) StdoutLine: {'line': b'running install_scripts\n'}
[2.406273] (-) TimerEvent: {}
[2.419910] (health_monitor) StdoutLine: {'line': b'Installing network_monitor script to /ws/install/health_monitor/lib/health_monitor\n'}
[2.420480] (health_monitor) StdoutLine: {'line': b'Installing system_metrics script to /ws/install/health_monitor/lib/health_monitor\n'}
[2.420633] (health_monitor) StdoutLine: {'line': b'Installing watchdog script to /ws/install/health_monitor/lib/health_monitor\n'}
[2.421064] (health_monitor) StdoutLine: {'line': b"writing list of installed files to '/ws/build/health_monitor/install.log'\n"}
[2.487173] (health_monitor) CommandEnded: {'returncode': 0}
[2.506527] (-) TimerEvent: {}
[2.510198] (health_monitor) JobEnded: {'identifier': 'health_monitor', 'rc': 0}
[2.512054] (-) EventReactorShutdown: {}
