[0.000000] (-) TimerEvent: {}
[0.000408] (-) JobUnselected: {'identifier': 'bandwidth_manager'}
[0.000993] (stack_msgs) JobQueued: {'identifier': 'stack_msgs', 'dependencies': OrderedDict()}
[0.001307] (health_monitor) JobQueued: {'identifier': 'health_monitor', 'dependencies': OrderedDict([('stack_msgs', '/ws/install/stack_msgs')])}
[0.001579] (stack_msgs) JobStarted: {'identifier': 'stack_msgs'}
[0.018322] (stack_msgs) JobProgress: {'identifier': 'stack_msgs', 'progress': 'cmake'}
[0.019362] (stack_msgs) Command: {'cmd': ['/usr/bin/cmake', '/ws/src/stack_msgs', '-DCMAKE_BUILD_TYPE=Release', '-DCMAKE_INSTALL_PREFIX=/ws/install/stack_msgs'], 'cwd': '/ws/build/stack_msgs', 'env': OrderedDict([('HOSTNAME', 'RedJetson'), ('SHLVL', '1'), ('LD_LIBRARY_PATH', '/opt/ros/humble/lib/aarch64-linux-gnu:/opt/ros/humble/lib:/usr/local/cuda/lib64:'), ('HOME', '/root'), ('OLDPWD', '/ws'), ('ROS_PYTHON_VERSION', '3'), ('LC_CTYPE', 'C.UTF-8'), ('ROS_DISTRO', 'humble'), ('_', '/usr/bin/colcon'), ('ROS_VERSION', '2'), ('NVIDIA_DRIVER_CAPABILITIES', 'all'), ('ROS_LOCALHOST_ONLY', '0'), ('PATH', '/opt/ros/humble/bin:/usr/local/cuda/bin:/usr/local/sbin:/usr/local/bin:/usr/sbin:/usr/bin:/sbin:/bin'), ('FASTRTPS_DEFAULT_PROFILES_FILE', '/ws/fastdds/jetson_fastdds.xml'), ('RMW_IMPLEMENTATION', 'rmw_fastrtps_cpp'), ('ROS_DOMAIN_ID', '42'), ('AMENT_PREFIX_PATH', '/opt/ros/humble'), ('DEBIAN_FRONTEND', 'noninteractive'), ('PWD', '/ws/build/stack_msgs'), ('CUDA_HOME', '/usr/local/cuda'), ('PYTHONPATH', '/opt/ros/humble/lib/python3.10/site-packages:/opt/ros/humble/local/lib/python3.10/dist-packages'), ('NVIDIA_VISIBLE_DEVICES', 'all'), ('COLCON', '1'), ('CMAKE_PREFIX_PATH', '/opt/ros/humble')]), 'shell': False}
[0.096634] (-) TimerEvent: {}
[0.197114] (-) TimerEvent: {}
[0.197712] (stack_msgs) StdoutLine: {'line': b'-- The C compiler identification is GNU 11.4.0\n'}
[0.297362] (-) TimerEvent: {}
[0.358528] (stack_msgs) StdoutLine: {'line': b'-- The CXX compiler identification is GNU 11.4.0\n'}
[0.381466] (stack_msgs) StdoutLine: {'line': b'-- Detecting C compiler ABI info\n'}
[0.397960] (-) TimerEvent: {}
[0.498331] (-) TimerEvent: {}
[0.541220] (stack_msgs) StdoutLine: {'line': b'-- Detecting C compiler ABI info - done\n'}
[0.556501] (stack_msgs) StdoutLine: {'line': b'-- Check for working C compiler: /usr/bin/cc - skipped\n'}
[0.557802] (stack_msgs) StdoutLine: {'line': b'-- Detecting C compile features\n'}
[0.559840] (stack_msgs) StdoutLine: {'line': b'-- Detecting C compile features - done\n'}
[0.572455] (stack_msgs) StdoutLine: {'line': b'-- Detecting CXX compiler ABI info\n'}
[0.580497] (stack_msgs) StderrLine: {'line': b'CMake Error: CMAKE_CXX_COMPILER not set, after EnableLanguage\n'}
[0.581286] (stack_msgs) StderrLine: {'line': b'CMake Error at /usr/share/cmake-3.22/Modules/CMakeDetermineCompilerABI.cmake:49 (try_compile):\n'}
[0.581492] (stack_msgs) StderrLine: {'line': b'  Failed to configure test project build system.\n'}
[0.581639] (stack_msgs) StderrLine: {'line': b'Call Stack (most recent call first):\n'}
[0.581774] (stack_msgs) StderrLine: {'line': b'  /usr/share/cmake-3.22/Modules/CMakeTestCXXCompiler.cmake:26 (CMAKE_DETERMINE_COMPILER_ABI)\n'}
[0.581903] (stack_msgs) StderrLine: {'line': b'  CMakeLists.txt:2 (project)\n'}
[0.582028] (stack_msgs) StderrLine: {'line': b'\n'}
[0.582149] (stack_msgs) StderrLine: {'line': b'\n'}
[0.582431] (stack_msgs) StdoutLine: {'line': b'-- Configuring incomplete, errors occurred!\n'}
[0.582592] (stack_msgs) StdoutLine: {'line': b'See also "/ws/build/stack_msgs/CMakeFiles/CMakeOutput.log".\n'}
[0.593329] (stack_msgs) CommandEnded: {'returncode': 1}
[0.598735] (-) TimerEvent: {}
[0.633077] (stack_msgs) JobEnded: {'identifier': 'stack_msgs', 'rc': 1}
[0.634693] (health_monitor) JobSkipped: {'identifier': 'health_monitor'}
[0.634767] (-) EventReactorShutdown: {}
