[1.066s] Invoking command in '/ws/src/health_monitor': AMENT_PREFIX_PATH=/ws/install/stack_msgs:${AMENT_PREFIX_PATH} CMAKE_PREFIX_PATH=/ws/install/stack_msgs LD_LIBRARY_PATH=/ws/install/stack_msgs/lib:/opt/ros/humble/lib/aarch64-linux-gnu:/opt/ros/humble/lib:/usr/local/cuda/lib64 PYTHONPATH=/ws/build/health_monitor/prefix_override:/usr/lib/python3/dist-packages/colcon_core/task/python/colcon_distutils_commands:/ws/install/health_monitor/lib/python3.10/site-packages:/ws/install/stack_msgs/local/lib/python3.10/dist-packages:${PYTHONPATH} /usr/bin/python3 -W ignore:setup.py install is deprecated -W ignore:easy_install command is deprecated setup.py egg_info --egg-base ../../build/health_monitor build --build-base /ws/build/health_monitor/build install --record /ws/build/health_monitor/install.log --single-version-externally-managed install_data
[1.451s] running egg_info
[1.452s] writing ../../build/health_monitor/health_monitor.egg-info/PKG-INFO
[1.453s] writing dependency_links to ../../build/health_monitor/health_monitor.egg-info/dependency_links.txt
[1.453s] writing entry points to ../../build/health_monitor/health_monitor.egg-info/entry_points.txt
[1.454s] writing requirements to ../../build/health_monitor/health_monitor.egg-info/requires.txt
[1.454s] writing top-level names to ../../build/health_monitor/health_monitor.egg-info/top_level.txt
[1.458s] reading manifest file '../../build/health_monitor/health_monitor.egg-info/SOURCES.txt'
[1.459s] adding license file 'LICENSE'
[1.460s] writing manifest file '../../build/health_monitor/health_monitor.egg-info/SOURCES.txt'
[1.460s] running build
[1.460s] running build_py
[1.461s] running install
[1.462s] running install_lib
[1.464s] byte-compiling /ws/install/health_monitor/lib/python3.10/site-packages/health_monitor/system_metrics_node.py to system_metrics_node.cpython-310.pyc
[1.466s] Sorry: TabError: inconsistent use of tabs and spaces in indentation (system_metrics_node.py, line 121)
[1.466s] running install_data
[1.466s] running install_egg_info
[1.470s] removing '/ws/install/health_monitor/lib/python3.10/site-packages/health_monitor-0.1.0-py3.10.egg-info' (and everything under it)
[1.470s] Copying ../../build/health_monitor/health_monitor.egg-info to /ws/install/health_monitor/lib/python3.10/site-packages/health_monitor-0.1.0-py3.10.egg-info
[1.472s] running install_scripts
[1.515s] Installing network_monitor script to /ws/install/health_monitor/lib/health_monitor
[1.516s] Installing system_metrics script to /ws/install/health_monitor/lib/health_monitor
[1.517s] Installing watchdog script to /ws/install/health_monitor/lib/health_monitor
[1.517s] writing list of installed files to '/ws/build/health_monitor/install.log'
[1.584s] Invoked command in '/ws/src/health_monitor' returned '0': AMENT_PREFIX_PATH=/ws/install/stack_msgs:${AMENT_PREFIX_PATH} CMAKE_PREFIX_PATH=/ws/install/stack_msgs LD_LIBRARY_PATH=/ws/install/stack_msgs/lib:/opt/ros/humble/lib/aarch64-linux-gnu:/opt/ros/humble/lib:/usr/local/cuda/lib64 PYTHONPATH=/ws/build/health_monitor/prefix_override:/usr/lib/python3/dist-packages/colcon_core/task/python/colcon_distutils_commands:/ws/install/health_monitor/lib/python3.10/site-packages:/ws/install/stack_msgs/local/lib/python3.10/dist-packages:${PYTHONPATH} /usr/bin/python3 -W ignore:setup.py install is deprecated -W ignore:easy_install command is deprecated setup.py egg_info --egg-base ../../build/health_monitor build --build-base /ws/build/health_monitor/build install --record /ws/build/health_monitor/install.log --single-version-externally-managed install_data
