[0.000000] (-) TimerEvent: {}
[0.000623] (-) JobUnselected: {'identifier': 'bandwidth_manager'}
[0.001315] (stack_msgs) JobQueued: {'identifier': 'stack_msgs', 'dependencies': OrderedDict()}
[0.001687] (health_monitor) JobQueued: {'identifier': 'health_monitor', 'dependencies': OrderedDict([('stack_msgs', '/ws/install/stack_msgs')])}
[0.002020] (stack_msgs) JobStarted: {'identifier': 'stack_msgs'}
[0.019214] (stack_msgs) JobProgress: {'identifier': 'stack_msgs', 'progress': 'cmake'}
[0.020618] (stack_msgs) JobProgress: {'identifier': 'stack_msgs', 'progress': 'build'}
[0.022052] (stack_msgs) Command: {'cmd': ['/usr/bin/cmake', '--build', '/ws/build/stack_msgs', '--', '-j6', '-l6'], 'cwd': '/ws/build/stack_msgs', 'env': OrderedDict([('HOSTNAME', 'RedJetson'), ('SHLVL', '1'), ('LD_LIBRARY_PATH', '/opt/ros/humble/lib/aarch64-linux-gnu:/opt/ros/humble/lib:/usr/local/cuda/lib64:'), ('HOME', '/root'), ('OLDPWD', '/ws'), ('ROS_PYTHON_VERSION', '3'), ('LC_CTYPE', 'C.UTF-8'), ('ROS_DISTRO', 'humble'), ('_', '/usr/bin/colcon'), ('ROS_VERSION', '2'), ('NVIDIA_DRIVER_CAPABILITIES', 'all'), ('ROS_LOCALHOST_ONLY', '0'), ('PATH', '/opt/ros/humble/bin:/usr/local/cuda/bin:/usr/local/sbin:/usr/local/bin:/usr/sbin:/usr/bin:/sbin:/bin'), ('FASTRTPS_DEFAULT_PROFILES_FILE', '/ws/fastdds/jetson_fastdds.xml'), ('RMW_IMPLEMENTATION', 'rmw_fastrtps_cpp'), ('ROS_DOMAIN_ID', '42'), ('AMENT_PREFIX_PATH', '/opt/ros/humble'), ('DEBIAN_FRONTEND', 'noninteractive'), ('PWD', '/ws/build/stack_msgs'), ('CUDA_HOME', '/usr/local/cuda'), ('PYTHONPATH', '/opt/ros/humble/lib/python3.10/site-packages:/opt/ros/humble/local/lib/python3.10/dist-packages'), ('NVIDIA_VISIBLE_DEVICES', 'all'), ('COLCON', '1'), ('CMAKE_PREFIX_PATH', '/opt/ros/humble')]), 'shell': False}
[0.096882] (-) TimerEvent: {}
[0.133912] (stack_msgs) StdoutLine: {'line': b'[  7%] Built target stack_msgs__cpp\n'}
[0.135001] (stack_msgs) StdoutLine: {'line': b'[ 12%] Built target stack_msgs__rosidl_generator_c\n'}
[0.156584] (stack_msgs) StdoutLine: {'line': b'[ 12%] Built target ament_cmake_python_copy_stack_msgs\n'}
[0.182878] (stack_msgs) StdoutLine: {'line': b'[ 30%] Built target stack_msgs__rosidl_typesupport_cpp\n'}
[0.183289] (stack_msgs) StdoutLine: {'line': b'[ 33%] Built target stack_msgs__rosidl_typesupport_introspection_c\n'}
[0.186601] (stack_msgs) StdoutLine: {'line': b'[ 53%] Built target stack_msgs__rosidl_typesupport_fastrtps_cpp\n'}
[0.186915] (stack_msgs) StdoutLine: {'line': b'[ 53%] Built target stack_msgs__rosidl_typesupport_fastrtps_c\n'}
[0.187239] (stack_msgs) StdoutLine: {'line': b'[ 64%] Built target stack_msgs__rosidl_typesupport_introspection_cpp\n'}
[0.197225] (-) TimerEvent: {}
[0.203676] (stack_msgs) StdoutLine: {'line': b'[ 74%] Built target stack_msgs__rosidl_typesupport_c\n'}
[0.251570] (stack_msgs) StdoutLine: {'line': b'[ 74%] Built target stack_msgs\n'}
[0.297402] (-) TimerEvent: {}
[0.298478] (stack_msgs) StdoutLine: {'line': b'[ 76%] Built target stack_msgs__py\n'}
[0.347376] (stack_msgs) StdoutLine: {'line': b'[ 84%] Built target stack_msgs__rosidl_generator_py\n'}
[0.395717] (stack_msgs) StdoutLine: {'line': b'[ 94%] Built target stack_msgs__rosidl_typesupport_fastrtps_c__pyext\n'}
[0.396121] (stack_msgs) StdoutLine: {'line': b'[ 94%] Built target stack_msgs__rosidl_typesupport_c__pyext\n'}
[0.396293] (stack_msgs) StdoutLine: {'line': b'[100%] Built target stack_msgs__rosidl_typesupport_introspection_c__pyext\n'}
[0.397470] (-) TimerEvent: {}
[0.497690] (-) TimerEvent: {}
[0.580267] (stack_msgs) StdoutLine: {'line': b'running egg_info\n'}
[0.581487] (stack_msgs) StdoutLine: {'line': b'writing stack_msgs.egg-info/PKG-INFO\n'}
[0.582025] (stack_msgs) StdoutLine: {'line': b'writing dependency_links to stack_msgs.egg-info/dependency_links.txt\n'}
[0.582456] (stack_msgs) StdoutLine: {'line': b'writing top-level names to stack_msgs.egg-info/top_level.txt\n'}
[0.586298] (stack_msgs) StdoutLine: {'line': b"reading manifest file 'stack_msgs.egg-info/SOURCES.txt'\n"}
[0.587438] (stack_msgs) StdoutLine: {'line': b"writing manifest file 'stack_msgs.egg-info/SOURCES.txt'\n"}
[0.597798] (-) TimerEvent: {}
[0.657344] (stack_msgs) StdoutLine: {'line': b'[100%] Built target ament_cmake_python_build_stack_msgs_egg\n'}
[0.687288] (stack_msgs) CommandEnded: {'returncode': 0}
[0.689352] (stack_msgs) JobProgress: {'identifier': 'stack_msgs', 'progress': 'install'}
[0.697912] (-) TimerEvent: {}
[0.708182] (stack_msgs) Command: {'cmd': ['/usr/bin/cmake', '--install', '/ws/build/stack_msgs'], 'cwd': '/ws/build/stack_msgs', 'env': OrderedDict([('HOSTNAME', 'RedJetson'), ('SHLVL', '1'), ('LD_LIBRARY_PATH', '/opt/ros/humble/lib/aarch64-linux-gnu:/opt/ros/humble/lib:/usr/local/cuda/lib64:'), ('HOME', '/root'), ('OLDPWD', '/ws'), ('ROS_PYTHON_VERSION', '3'), ('LC_CTYPE', 'C.UTF-8'), ('ROS_DISTRO', 'humble'), ('_', '/usr/bin/colcon'), ('ROS_VERSION', '2'), ('NVIDIA_DRIVER_CAPABILITIES', 'all'), ('ROS_LOCALHOST_ONLY', '0'), ('PATH', '/opt/ros/humble/bin:/usr/local/cuda/bin:/usr/local/sbin:/usr/local/bin:/usr/sbin:/usr/bin:/sbin:/bin'), ('FASTRTPS_DEFAULT_PROFILES_FILE', '/ws/fastdds/jetson_fastdds.xml'), ('RMW_IMPLEMENTATION', 'rmw_fastrtps_cpp'), ('ROS_DOMAIN_ID', '42'), ('AMENT_PREFIX_PATH', '/opt/ros/humble'), ('DEBIAN_FRONTEND', 'noninteractive'), ('PWD', '/ws/build/stack_msgs'), ('CUDA_HOME', '/usr/local/cuda'), ('PYTHONPATH', '/opt/ros/humble/lib/python3.10/site-packages:/opt/ros/humble/local/lib/python3.10/dist-packages'), ('NVIDIA_VISIBLE_DEVICES', 'all'), ('COLCON', '1'), ('CMAKE_PREFIX_PATH', '/opt/ros/humble')]), 'shell': False}
[0.724448] (stack_msgs) StdoutLine: {'line': b'-- Install configuration: "Release"\n'}
[0.725387] (stack_msgs) StdoutLine: {'line': b'-- Up-to-date: /ws/install/stack_msgs/share/ament_index/resource_index/rosidl_interfaces/stack_msgs\n'}
[0.726168] (stack_msgs) StdoutLine: {'line': b'-- Up-to-date: /ws/install/stack_msgs/include/stack_msgs/stack_msgs\n'}
[0.726557] (stack_msgs) StdoutLine: {'line': b'-- Up-to-date: /ws/install/stack_msgs/include/stack_msgs/stack_msgs/msg\n'}
[0.727132] (stack_msgs) StdoutLine: {'line': b'-- Up-to-date: /ws/install/stack_msgs/include/stack_msgs/stack_msgs/msg/detail\n'}
[0.727513] (stack_msgs) StdoutLine: {'line': b'-- Up-to-date: /ws/install/stack_msgs/include/stack_msgs/stack_msgs/msg/detail/network_health__struct.h\n'}
[0.727912] (stack_msgs) StdoutLine: {'line': b'-- Up-to-date: /ws/install/stack_msgs/include/stack_msgs/stack_msgs/msg/detail/system_metrics__functions.c\n'}
[0.728985] (stack_msgs) StdoutLine: {'line': b'-- Up-to-date: /ws/install/stack_msgs/include/stack_msgs/stack_msgs/msg/detail/system_metrics__functions.h\n'}
[0.729360] (stack_msgs) StdoutLine: {'line': b'-- Up-to-date: /ws/install/stack_msgs/include/stack_msgs/stack_msgs/msg/detail/network_health__functions.h\n'}
[0.729976] (stack_msgs) StdoutLine: {'line': b'-- Up-to-date: /ws/install/stack_msgs/include/stack_msgs/stack_msgs/msg/detail/network_health__type_support.h\n'}
[0.730292] (stack_msgs) StdoutLine: {'line': b'-- Up-to-date: /ws/install/stack_msgs/include/stack_msgs/stack_msgs/msg/detail/system_metrics__type_support.h\n'}
[0.730953] (stack_msgs) StdoutLine: {'line': b'-- Up-to-date: /ws/install/stack_msgs/include/stack_msgs/stack_msgs/msg/detail/network_health__functions.c\n'}
[0.731190] (stack_msgs) StdoutLine: {'line': b'-- Up-to-date: /ws/install/stack_msgs/include/stack_msgs/stack_msgs/msg/detail/system_metrics__struct.h\n'}
[0.731626] (stack_msgs) StdoutLine: {'line': b'-- Up-to-date: /ws/install/stack_msgs/include/stack_msgs/stack_msgs/msg/network_health.h\n'}
[0.731963] (stack_msgs) StdoutLine: {'line': b'-- Up-to-date: /ws/install/stack_msgs/include/stack_msgs/stack_msgs/msg/system_metrics.h\n'}
[0.732806] (stack_msgs) StdoutLine: {'line': b'-- Up-to-date: /ws/install/stack_msgs/include/stack_msgs/stack_msgs/msg/rosidl_generator_c__visibility_control.h\n'}
[0.733036] (stack_msgs) StdoutLine: {'line': b'-- Up-to-date: /ws/install/stack_msgs/share/stack_msgs/environment/library_path.sh\n'}
[0.733297] (stack_msgs) StdoutLine: {'line': b'-- Up-to-date: /ws/install/stack_msgs/share/stack_msgs/environment/library_path.dsv\n'}
[0.733520] (stack_msgs) StdoutLine: {'line': b'-- Up-to-date: /ws/install/stack_msgs/lib/libstack_msgs__rosidl_generator_c.so\n'}
[0.733781] (stack_msgs) StdoutLine: {'line': b'-- Up-to-date: /ws/install/stack_msgs/include/stack_msgs/stack_msgs\n'}
[0.733998] (stack_msgs) StdoutLine: {'line': b'-- Up-to-date: /ws/install/stack_msgs/include/stack_msgs/stack_msgs/msg\n'}
[0.734214] (stack_msgs) StdoutLine: {'line': b'-- Up-to-date: /ws/install/stack_msgs/include/stack_msgs/stack_msgs/msg/detail\n'}
[0.734423] (stack_msgs) StdoutLine: {'line': b'-- Up-to-date: /ws/install/stack_msgs/include/stack_msgs/stack_msgs/msg/detail/system_metrics__rosidl_typesupport_fastrtps_c.h\n'}
[0.734662] (stack_msgs) StdoutLine: {'line': b'-- Up-to-date: /ws/install/stack_msgs/include/stack_msgs/stack_msgs/msg/detail/network_health__rosidl_typesupport_fastrtps_c.h\n'}
[0.734874] (stack_msgs) StdoutLine: {'line': b'-- Up-to-date: /ws/install/stack_msgs/include/stack_msgs/stack_msgs/msg/rosidl_typesupport_fastrtps_c__visibility_control.h\n'}
[0.735083] (stack_msgs) StdoutLine: {'line': b'-- Up-to-date: /ws/install/stack_msgs/lib/libstack_msgs__rosidl_typesupport_fastrtps_c.so\n'}
[0.735289] (stack_msgs) StdoutLine: {'line': b'-- Up-to-date: /ws/install/stack_msgs/include/stack_msgs/stack_msgs\n'}
[0.735495] (stack_msgs) StdoutLine: {'line': b'-- Up-to-date: /ws/install/stack_msgs/include/stack_msgs/stack_msgs/msg\n'}
[0.735707] (stack_msgs) StdoutLine: {'line': b'-- Up-to-date: /ws/install/stack_msgs/include/stack_msgs/stack_msgs/msg/detail\n'}
[0.735916] (stack_msgs) StdoutLine: {'line': b'-- Up-to-date: /ws/install/stack_msgs/include/stack_msgs/stack_msgs/msg/detail/network_health__type_support.c\n'}
[0.736125] (stack_msgs) StdoutLine: {'line': b'-- Up-to-date: /ws/install/stack_msgs/include/stack_msgs/stack_msgs/msg/detail/system_metrics__type_support.c\n'}
[0.736333] (stack_msgs) StdoutLine: {'line': b'-- Up-to-date: /ws/install/stack_msgs/include/stack_msgs/stack_msgs/msg/detail/system_metrics__rosidl_typesupport_introspection_c.h\n'}
[0.736593] (stack_msgs) StdoutLine: {'line': b'-- Up-to-date: /ws/install/stack_msgs/include/stack_msgs/stack_msgs/msg/detail/network_health__rosidl_typesupport_introspection_c.h\n'}
[0.736810] (stack_msgs) StdoutLine: {'line': b'-- Up-to-date: /ws/install/stack_msgs/include/stack_msgs/stack_msgs/msg/rosidl_typesupport_introspection_c__visibility_control.h\n'}
[0.737021] (stack_msgs) StdoutLine: {'line': b'-- Up-to-date: /ws/install/stack_msgs/lib/libstack_msgs__rosidl_typesupport_introspection_c.so\n'}
[0.737263] (stack_msgs) StdoutLine: {'line': b'-- Up-to-date: /ws/install/stack_msgs/lib/libstack_msgs__rosidl_typesupport_c.so\n'}
[0.737480] (stack_msgs) StdoutLine: {'line': b'-- Up-to-date: /ws/install/stack_msgs/include/stack_msgs/stack_msgs\n'}
[0.737690] (stack_msgs) StdoutLine: {'line': b'-- Up-to-date: /ws/install/stack_msgs/include/stack_msgs/stack_msgs/msg\n'}
[0.737898] (stack_msgs) StdoutLine: {'line': b'-- Up-to-date: /ws/install/stack_msgs/include/stack_msgs/stack_msgs/msg/rosidl_generator_cpp__visibility_control.hpp\n'}
[0.738108] (stack_msgs) StdoutLine: {'line': b'-- Up-to-date: /ws/install/stack_msgs/include/stack_msgs/stack_msgs/msg/detail\n'}
[0.738316] (stack_msgs) StdoutLine: {'line': b'-- Up-to-date: /ws/install/stack_msgs/include/stack_msgs/stack_msgs/msg/detail/system_metrics__builder.hpp\n'}
[0.738525] (stack_msgs) StdoutLine: {'line': b'-- Up-to-date: /ws/install/stack_msgs/include/stack_msgs/stack_msgs/msg/detail/network_health__type_support.hpp\n'}
[0.738734] (stack_msgs) StdoutLine: {'line': b'-- Up-to-date: /ws/install/stack_msgs/include/stack_msgs/stack_msgs/msg/detail/network_health__struct.hpp\n'}
[0.738944] (stack_msgs) StdoutLine: {'line': b'-- Up-to-date: /ws/install/stack_msgs/include/stack_msgs/stack_msgs/msg/detail/network_health__traits.hpp\n'}
[0.739155] (stack_msgs) StdoutLine: {'line': b'-- Up-to-date: /ws/install/stack_msgs/include/stack_msgs/stack_msgs/msg/detail/system_metrics__struct.hpp\n'}
[0.739364] (stack_msgs) StdoutLine: {'line': b'-- Up-to-date: /ws/install/stack_msgs/include/stack_msgs/stack_msgs/msg/detail/system_metrics__type_support.hpp\n'}
[0.739599] (stack_msgs) StdoutLine: {'line': b'-- Up-to-date: /ws/install/stack_msgs/include/stack_msgs/stack_msgs/msg/detail/network_health__builder.hpp\n'}
[0.739810] (stack_msgs) StdoutLine: {'line': b'-- Up-to-date: /ws/install/stack_msgs/include/stack_msgs/stack_msgs/msg/detail/system_metrics__traits.hpp\n'}
[0.740020] (stack_msgs) StdoutLine: {'line': b'-- Up-to-date: /ws/install/stack_msgs/include/stack_msgs/stack_msgs/msg/system_metrics.hpp\n'}
[0.740230] (stack_msgs) StdoutLine: {'line': b'-- Up-to-date: /ws/install/stack_msgs/include/stack_msgs/stack_msgs/msg/network_health.hpp\n'}
[0.740439] (stack_msgs) StdoutLine: {'line': b'-- Up-to-date: /ws/install/stack_msgs/include/stack_msgs/stack_msgs\n'}
[0.740646] (stack_msgs) StdoutLine: {'line': b'-- Up-to-date: /ws/install/stack_msgs/include/stack_msgs/stack_msgs/msg\n'}
[0.740855] (stack_msgs) StdoutLine: {'line': b'-- Up-to-date: /ws/install/stack_msgs/include/stack_msgs/stack_msgs/msg/rosidl_typesupport_fastrtps_cpp__visibility_control.h\n'}
[0.741064] (stack_msgs) StdoutLine: {'line': b'-- Up-to-date: /ws/install/stack_msgs/include/stack_msgs/stack_msgs/msg/detail\n'}
[0.741317] (stack_msgs) StdoutLine: {'line': b'-- Up-to-date: /ws/install/stack_msgs/include/stack_msgs/stack_msgs/msg/detail/dds_fastrtps\n'}
[0.741551] (stack_msgs) StdoutLine: {'line': b'-- Up-to-date: /ws/install/stack_msgs/include/stack_msgs/stack_msgs/msg/detail/network_health__rosidl_typesupport_fastrtps_cpp.hpp\n'}
[0.741766] (stack_msgs) StdoutLine: {'line': b'-- Up-to-date: /ws/install/stack_msgs/include/stack_msgs/stack_msgs/msg/detail/system_metrics__rosidl_typesupport_fastrtps_cpp.hpp\n'}
[0.741976] (stack_msgs) StdoutLine: {'line': b'-- Up-to-date: /ws/install/stack_msgs/lib/libstack_msgs__rosidl_typesupport_fastrtps_cpp.so\n'}
[0.742185] (stack_msgs) StdoutLine: {'line': b'-- Up-to-date: /ws/install/stack_msgs/include/stack_msgs/stack_msgs\n'}
[0.742391] (stack_msgs) StdoutLine: {'line': b'-- Up-to-date: /ws/install/stack_msgs/include/stack_msgs/stack_msgs/msg\n'}
[0.742597] (stack_msgs) StdoutLine: {'line': b'-- Up-to-date: /ws/install/stack_msgs/include/stack_msgs/stack_msgs/msg/detail\n'}
[0.742826] (stack_msgs) StdoutLine: {'line': b'-- Up-to-date: /ws/install/stack_msgs/include/stack_msgs/stack_msgs/msg/detail/network_health__type_support.cpp\n'}
[0.743045] (stack_msgs) StdoutLine: {'line': b'-- Up-to-date: /ws/install/stack_msgs/include/stack_msgs/stack_msgs/msg/detail/system_metrics__rosidl_typesupport_introspection_cpp.hpp\n'}
[0.743255] (stack_msgs) StdoutLine: {'line': b'-- Up-to-date: /ws/install/stack_msgs/include/stack_msgs/stack_msgs/msg/detail/system_metrics__type_support.cpp\n'}
[0.743463] (stack_msgs) StdoutLine: {'line': b'-- Up-to-date: /ws/install/stack_msgs/include/stack_msgs/stack_msgs/msg/detail/network_health__rosidl_typesupport_introspection_cpp.hpp\n'}
[0.743670] (stack_msgs) StdoutLine: {'line': b'-- Up-to-date: /ws/install/stack_msgs/lib/libstack_msgs__rosidl_typesupport_introspection_cpp.so\n'}
[0.743877] (stack_msgs) StdoutLine: {'line': b'-- Up-to-date: /ws/install/stack_msgs/lib/libstack_msgs__rosidl_typesupport_cpp.so\n'}
[0.744082] (stack_msgs) StdoutLine: {'line': b'-- Up-to-date: /ws/install/stack_msgs/share/stack_msgs/environment/pythonpath.sh\n'}
[0.744288] (stack_msgs) StdoutLine: {'line': b'-- Up-to-date: /ws/install/stack_msgs/share/stack_msgs/environment/pythonpath.dsv\n'}
[0.744493] (stack_msgs) StdoutLine: {'line': b'-- Up-to-date: /ws/install/stack_msgs/local/lib/python3.10/dist-packages/stack_msgs-0.0.1-py3.10.egg-info\n'}
[0.744699] (stack_msgs) StdoutLine: {'line': b'-- Installing: /ws/install/stack_msgs/local/lib/python3.10/dist-packages/stack_msgs-0.0.1-py3.10.egg-info/PKG-INFO\n'}
[0.744905] (stack_msgs) StdoutLine: {'line': b'-- Installing: /ws/install/stack_msgs/local/lib/python3.10/dist-packages/stack_msgs-0.0.1-py3.10.egg-info/top_level.txt\n'}
[0.745181] (stack_msgs) StdoutLine: {'line': b'-- Installing: /ws/install/stack_msgs/local/lib/python3.10/dist-packages/stack_msgs-0.0.1-py3.10.egg-info/dependency_links.txt\n'}
[0.745435] (stack_msgs) StdoutLine: {'line': b'-- Installing: /ws/install/stack_msgs/local/lib/python3.10/dist-packages/stack_msgs-0.0.1-py3.10.egg-info/SOURCES.txt\n'}
[0.745647] (stack_msgs) StdoutLine: {'line': b'-- Up-to-date: /ws/install/stack_msgs/local/lib/python3.10/dist-packages/stack_msgs\n'}
[0.745855] (stack_msgs) StdoutLine: {'line': b'-- Up-to-date: /ws/install/stack_msgs/local/lib/python3.10/dist-packages/stack_msgs/_stack_msgs_s.ep.rosidl_typesupport_c.c\n'}
[0.746061] (stack_msgs) StdoutLine: {'line': b'-- Up-to-date: /ws/install/stack_msgs/local/lib/python3.10/dist-packages/stack_msgs/_stack_msgs_s.ep.rosidl_typesupport_fastrtps_c.c\n'}
[0.746271] (stack_msgs) StdoutLine: {'line': b'-- Up-to-date: /ws/install/stack_msgs/local/lib/python3.10/dist-packages/stack_msgs/msg\n'}
[0.746477] (stack_msgs) StdoutLine: {'line': b'-- Up-to-date: /ws/install/stack_msgs/local/lib/python3.10/dist-packages/stack_msgs/msg/_system_metrics_s.c\n'}
[0.746681] (stack_msgs) StdoutLine: {'line': b'-- Up-to-date: /ws/install/stack_msgs/local/lib/python3.10/dist-packages/stack_msgs/msg/_network_health.py\n'}
[0.746884] (stack_msgs) StdoutLine: {'line': b'-- Up-to-date: /ws/install/stack_msgs/local/lib/python3.10/dist-packages/stack_msgs/msg/_network_health_s.c\n'}
[0.747090] (stack_msgs) StdoutLine: {'line': b'-- Up-to-date: /ws/install/stack_msgs/local/lib/python3.10/dist-packages/stack_msgs/msg/_system_metrics.py\n'}
[0.747293] (stack_msgs) StdoutLine: {'line': b'-- Up-to-date: /ws/install/stack_msgs/local/lib/python3.10/dist-packages/stack_msgs/msg/__init__.py\n'}
[0.747499] (stack_msgs) StdoutLine: {'line': b'-- Up-to-date: /ws/install/stack_msgs/local/lib/python3.10/dist-packages/stack_msgs/stack_msgs_s__rosidl_typesupport_introspection_c.cpython-310-aarch64-linux-gnu.so\n'}
[0.747708] (stack_msgs) StdoutLine: {'line': b'-- Up-to-date: /ws/install/stack_msgs/local/lib/python3.10/dist-packages/stack_msgs/stack_msgs_s__rosidl_typesupport_fastrtps_c.cpython-310-aarch64-linux-gnu.so\n'}
[0.747917] (stack_msgs) StdoutLine: {'line': b'-- Up-to-date: /ws/install/stack_msgs/local/lib/python3.10/dist-packages/stack_msgs/stack_msgs_s__rosidl_typesupport_c.cpython-310-aarch64-linux-gnu.so\n'}
[0.748125] (stack_msgs) StdoutLine: {'line': b'-- Up-to-date: /ws/install/stack_msgs/local/lib/python3.10/dist-packages/stack_msgs/_stack_msgs_s.ep.rosidl_typesupport_introspection_c.c\n'}
[0.748332] (stack_msgs) StdoutLine: {'line': b'-- Up-to-date: /ws/install/stack_msgs/local/lib/python3.10/dist-packages/stack_msgs/__init__.py\n'}
[0.748536] (stack_msgs) StdoutLine: {'line': b'-- Up-to-date: /ws/install/stack_msgs/local/lib/python3.10/dist-packages/stack_msgs/libstack_msgs__rosidl_generator_py.so\n'}
[0.793469] (stack_msgs) StdoutLine: {'line': b"Listing '/ws/install/stack_msgs/local/lib/python3.10/dist-packages/stack_msgs'...\n"}
[0.793738] (stack_msgs) StdoutLine: {'line': b"Listing '/ws/install/stack_msgs/local/lib/python3.10/dist-packages/stack_msgs/msg'...\n"}
[0.798012] (-) TimerEvent: {}
[0.803121] (stack_msgs) StdoutLine: {'line': b'-- Up-to-date: /ws/install/stack_msgs/local/lib/python3.10/dist-packages/stack_msgs/stack_msgs_s__rosidl_typesupport_fastrtps_c.cpython-310-aarch64-linux-gnu.so\n'}
[0.803688] (stack_msgs) StdoutLine: {'line': b'-- Up-to-date: /ws/install/stack_msgs/local/lib/python3.10/dist-packages/stack_msgs/stack_msgs_s__rosidl_typesupport_introspection_c.cpython-310-aarch64-linux-gnu.so\n'}
[0.804574] (stack_msgs) StdoutLine: {'line': b'-- Up-to-date: /ws/install/stack_msgs/local/lib/python3.10/dist-packages/stack_msgs/stack_msgs_s__rosidl_typesupport_c.cpython-310-aarch64-linux-gnu.so\n'}
[0.805577] (stack_msgs) StdoutLine: {'line': b'-- Up-to-date: /ws/install/stack_msgs/lib/libstack_msgs__rosidl_generator_py.so\n'}
[0.806478] (stack_msgs) StdoutLine: {'line': b'-- Up-to-date: /ws/install/stack_msgs/share/stack_msgs/msg/NetworkHealth.idl\n'}
[0.807127] (stack_msgs) StdoutLine: {'line': b'-- Up-to-date: /ws/install/stack_msgs/share/stack_msgs/msg/SystemMetrics.idl\n'}
[0.807881] (stack_msgs) StdoutLine: {'line': b'-- Up-to-date: /ws/install/stack_msgs/share/stack_msgs/msg/NetworkHealth.msg\n'}
[0.808470] (stack_msgs) StdoutLine: {'line': b'-- Up-to-date: /ws/install/stack_msgs/share/stack_msgs/msg/SystemMetrics.msg\n'}
[0.809777] (stack_msgs) StdoutLine: {'line': b'-- Up-to-date: /ws/install/stack_msgs/share/ament_index/resource_index/package_run_dependencies/stack_msgs\n'}
[0.810027] (stack_msgs) StdoutLine: {'line': b'-- Up-to-date: /ws/install/stack_msgs/share/ament_index/resource_index/parent_prefix_path/stack_msgs\n'}
[0.810251] (stack_msgs) StdoutLine: {'line': b'-- Up-to-date: /ws/install/stack_msgs/share/stack_msgs/environment/ament_prefix_path.sh\n'}
[0.810478] (stack_msgs) StdoutLine: {'line': b'-- Up-to-date: /ws/install/stack_msgs/share/stack_msgs/environment/ament_prefix_path.dsv\n'}
[0.810700] (stack_msgs) StdoutLine: {'line': b'-- Up-to-date: /ws/install/stack_msgs/share/stack_msgs/environment/path.sh\n'}
[0.810919] (stack_msgs) StdoutLine: {'line': b'-- Up-to-date: /ws/install/stack_msgs/share/stack_msgs/environment/path.dsv\n'}
[0.811134] (stack_msgs) StdoutLine: {'line': b'-- Up-to-date: /ws/install/stack_msgs/share/stack_msgs/local_setup.bash\n'}
[0.811349] (stack_msgs) StdoutLine: {'line': b'-- Up-to-date: /ws/install/stack_msgs/share/stack_msgs/local_setup.sh\n'}
[0.811561] (stack_msgs) StdoutLine: {'line': b'-- Up-to-date: /ws/install/stack_msgs/share/stack_msgs/local_setup.zsh\n'}
[0.811775] (stack_msgs) StdoutLine: {'line': b'-- Up-to-date: /ws/install/stack_msgs/share/stack_msgs/local_setup.dsv\n'}
[0.811986] (stack_msgs) StdoutLine: {'line': b'-- Installing: /ws/install/stack_msgs/share/stack_msgs/package.dsv\n'}
[0.812195] (stack_msgs) StdoutLine: {'line': b'-- Up-to-date: /ws/install/stack_msgs/share/ament_index/resource_index/packages/stack_msgs\n'}
[0.812405] (stack_msgs) StdoutLine: {'line': b'-- Up-to-date: /ws/install/stack_msgs/share/stack_msgs/cmake/export_stack_msgs__rosidl_generator_cExport.cmake\n'}
[0.812682] (stack_msgs) StdoutLine: {'line': b'-- Up-to-date: /ws/install/stack_msgs/share/stack_msgs/cmake/export_stack_msgs__rosidl_generator_cExport-release.cmake\n'}
[0.813136] (stack_msgs) StdoutLine: {'line': b'-- Up-to-date: /ws/install/stack_msgs/share/stack_msgs/cmake/export_stack_msgs__rosidl_typesupport_fastrtps_cExport.cmake\n'}
[0.813756] (stack_msgs) StdoutLine: {'line': b'-- Up-to-date: /ws/install/stack_msgs/share/stack_msgs/cmake/export_stack_msgs__rosidl_typesupport_fastrtps_cExport-release.cmake\n'}
[0.814116] (stack_msgs) StdoutLine: {'line': b'-- Up-to-date: /ws/install/stack_msgs/share/stack_msgs/cmake/stack_msgs__rosidl_typesupport_introspection_cExport.cmake\n'}
[0.815664] (stack_msgs) StdoutLine: {'line': b'-- Up-to-date: /ws/install/stack_msgs/share/stack_msgs/cmake/stack_msgs__rosidl_typesupport_introspection_cExport-release.cmake\n'}
[0.816207] (stack_msgs) StdoutLine: {'line': b'-- Up-to-date: /ws/install/stack_msgs/share/stack_msgs/cmake/stack_msgs__rosidl_typesupport_cExport.cmake\n'}
[0.816607] (stack_msgs) StdoutLine: {'line': b'-- Up-to-date: /ws/install/stack_msgs/share/stack_msgs/cmake/stack_msgs__rosidl_typesupport_cExport-release.cmake\n'}
[0.817204] (stack_msgs) StdoutLine: {'line': b'-- Up-to-date: /ws/install/stack_msgs/share/stack_msgs/cmake/export_stack_msgs__rosidl_generator_cppExport.cmake\n'}
[0.817589] (stack_msgs) StdoutLine: {'line': b'-- Up-to-date: /ws/install/stack_msgs/share/stack_msgs/cmake/export_stack_msgs__rosidl_typesupport_fastrtps_cppExport.cmake\n'}
[0.818182] (stack_msgs) StdoutLine: {'line': b'-- Up-to-date: /ws/install/stack_msgs/share/stack_msgs/cmake/export_stack_msgs__rosidl_typesupport_fastrtps_cppExport-release.cmake\n'}
[0.818489] (stack_msgs) StdoutLine: {'line': b'-- Up-to-date: /ws/install/stack_msgs/share/stack_msgs/cmake/stack_msgs__rosidl_typesupport_introspection_cppExport.cmake\n'}
[0.818993] (stack_msgs) StdoutLine: {'line': b'-- Up-to-date: /ws/install/stack_msgs/share/stack_msgs/cmake/stack_msgs__rosidl_typesupport_introspection_cppExport-release.cmake\n'}
[0.819308] (stack_msgs) StdoutLine: {'line': b'-- Up-to-date: /ws/install/stack_msgs/share/stack_msgs/cmake/stack_msgs__rosidl_typesupport_cppExport.cmake\n'}
[0.819877] (stack_msgs) StdoutLine: {'line': b'-- Up-to-date: /ws/install/stack_msgs/share/stack_msgs/cmake/stack_msgs__rosidl_typesupport_cppExport-release.cmake\n'}
[0.820192] (stack_msgs) StdoutLine: {'line': b'-- Up-to-date: /ws/install/stack_msgs/share/stack_msgs/cmake/export_stack_msgs__rosidl_generator_pyExport.cmake\n'}
[0.820655] (stack_msgs) StdoutLine: {'line': b'-- Up-to-date: /ws/install/stack_msgs/share/stack_msgs/cmake/export_stack_msgs__rosidl_generator_pyExport-release.cmake\n'}
[0.821404] (stack_msgs) StdoutLine: {'line': b'-- Up-to-date: /ws/install/stack_msgs/share/stack_msgs/cmake/rosidl_cmake-extras.cmake\n'}
[0.821816] (stack_msgs) StdoutLine: {'line': b'-- Up-to-date: /ws/install/stack_msgs/share/stack_msgs/cmake/ament_cmake_export_dependencies-extras.cmake\n'}
[0.822277] (stack_msgs) StdoutLine: {'line': b'-- Up-to-date: /ws/install/stack_msgs/share/stack_msgs/cmake/ament_cmake_export_include_directories-extras.cmake\n'}
[0.822621] (stack_msgs) StdoutLine: {'line': b'-- Up-to-date: /ws/install/stack_msgs/share/stack_msgs/cmake/ament_cmake_export_libraries-extras.cmake\n'}
[0.823523] (stack_msgs) StdoutLine: {'line': b'-- Up-to-date: /ws/install/stack_msgs/share/stack_msgs/cmake/ament_cmake_export_targets-extras.cmake\n'}
[0.823860] (stack_msgs) StdoutLine: {'line': b'-- Up-to-date: /ws/install/stack_msgs/share/stack_msgs/cmake/rosidl_cmake_export_typesupport_targets-extras.cmake\n'}
[0.824648] (stack_msgs) StdoutLine: {'line': b'-- Up-to-date: /ws/install/stack_msgs/share/stack_msgs/cmake/rosidl_cmake_export_typesupport_libraries-extras.cmake\n'}
[0.825192] (stack_msgs) StdoutLine: {'line': b'-- Up-to-date: /ws/install/stack_msgs/share/stack_msgs/cmake/stack_msgsConfig.cmake\n'}
[0.825510] (stack_msgs) StdoutLine: {'line': b'-- Up-to-date: /ws/install/stack_msgs/share/stack_msgs/cmake/stack_msgsConfig-version.cmake\n'}
[0.826042] (stack_msgs) StdoutLine: {'line': b'-- Up-to-date: /ws/install/stack_msgs/share/stack_msgs/package.xml\n'}
[0.826359] (stack_msgs) CommandEnded: {'returncode': 0}
[0.897968] (stack_msgs) JobEnded: {'identifier': 'stack_msgs', 'rc': 0}
[0.900720] (-) TimerEvent: {}
[0.900832] (health_monitor) JobStarted: {'identifier': 'health_monitor'}
[1.000907] (-) TimerEvent: {}
[1.101530] (-) TimerEvent: {}
[1.202097] (-) TimerEvent: {}
[1.302497] (-) TimerEvent: {}
[1.402829] (-) TimerEvent: {}
[1.503469] (-) TimerEvent: {}
[1.604089] (-) TimerEvent: {}
[1.704679] (-) TimerEvent: {}
[1.805301] (-) TimerEvent: {}
[1.905626] (-) TimerEvent: {}
[1.983511] (health_monitor) Command: {'cmd': ['/usr/bin/python3', '-W', 'ignore:setup.py install is deprecated', '-W', 'ignore:easy_install command is deprecated', 'setup.py', 'egg_info', '--egg-base', '../../build/health_monitor', 'build', '--build-base', '/ws/build/health_monitor/build', 'install', '--record', '/ws/build/health_monitor/install.log', '--single-version-externally-managed', 'install_data'], 'cwd': '/ws/src/health_monitor', 'env': {'HOSTNAME': 'RedJetson', 'SHLVL': '1', 'LD_LIBRARY_PATH': '/ws/install/stack_msgs/lib:/opt/ros/humble/lib/aarch64-linux-gnu:/opt/ros/humble/lib:/usr/local/cuda/lib64', 'HOME': '/root', 'OLDPWD': '/ws', 'ROS_PYTHON_VERSION': '3', 'LC_CTYPE': 'C.UTF-8', 'ROS_DISTRO': 'humble', '_': '/usr/bin/colcon', 'ROS_VERSION': '2', 'NVIDIA_DRIVER_CAPABILITIES': 'all', 'ROS_LOCALHOST_ONLY': '0', 'PATH': '/opt/ros/humble/bin:/usr/local/cuda/bin:/usr/local/sbin:/usr/local/bin:/usr/sbin:/usr/bin:/sbin:/bin', 'FASTRTPS_DEFAULT_PROFILES_FILE': '/ws/fastdds/jetson_fastdds.xml', 'RMW_IMPLEMENTATION': 'rmw_fastrtps_cpp', 'ROS_DOMAIN_ID': '42', 'AMENT_PREFIX_PATH': '/ws/install/stack_msgs:/opt/ros/humble', 'DEBIAN_FRONTEND': 'noninteractive', 'PWD': '/ws/build/health_monitor', 'CUDA_HOME': '/usr/local/cuda', 'PYTHONPATH': '/ws/build/health_monitor/prefix_override:/usr/lib/python3/dist-packages/colcon_core/task/python/colcon_distutils_commands:/ws/install/health_monitor/lib/python3.10/site-packages:/ws/install/stack_msgs/local/lib/python3.10/dist-packages:/opt/ros/humble/lib/python3.10/site-packages:/opt/ros/humble/local/lib/python3.10/dist-packages', 'NVIDIA_VISIBLE_DEVICES': 'all', 'COLCON': '1', 'CMAKE_PREFIX_PATH': '/ws/install/stack_msgs'}, 'shell': False}
[2.005733] (-) TimerEvent: {}
[2.106122] (-) TimerEvent: {}
[2.206771] (-) TimerEvent: {}
[2.307146] (-) TimerEvent: {}
[2.367939] (health_monitor) StdoutLine: {'line': b'running egg_info\n'}
[2.368940] (health_monitor) StdoutLine: {'line': b'writing ../../build/health_monitor/health_monitor.egg-info/PKG-INFO\n'}
[2.369538] (health_monitor) StdoutLine: {'line': b'writing dependency_links to ../../build/health_monitor/health_monitor.egg-info/dependency_links.txt\n'}
[2.369907] (health_monitor) StdoutLine: {'line': b'writing entry points to ../../build/health_monitor/health_monitor.egg-info/entry_points.txt\n'}
[2.370392] (health_monitor) StdoutLine: {'line': b'writing requirements to ../../build/health_monitor/health_monitor.egg-info/requires.txt\n'}
[2.370526] (health_monitor) StdoutLine: {'line': b'writing top-level names to ../../build/health_monitor/health_monitor.egg-info/top_level.txt\n'}
[2.373854] (health_monitor) StdoutLine: {'line': b"reading manifest file '../../build/health_monitor/health_monitor.egg-info/SOURCES.txt'\n"}
[2.374286] (health_monitor) StdoutLine: {'line': b"adding license file 'LICENSE'\n"}
[2.375409] (health_monitor) StdoutLine: {'line': b"writing manifest file '../../build/health_monitor/health_monitor.egg-info/SOURCES.txt'\n"}
[2.375746] (health_monitor) StdoutLine: {'line': b'running build\n'}
[2.375881] (health_monitor) StdoutLine: {'line': b'running build_py\n'}
[2.376790] (health_monitor) StdoutLine: {'line': b'running install\n'}
[2.377429] (health_monitor) StdoutLine: {'line': b'running install_lib\n'}
[2.379995] (health_monitor) StdoutLine: {'line': b'running install_data\n'}
[2.380296] (health_monitor) StdoutLine: {'line': b'running install_egg_info\n'}
[2.383782] (health_monitor) StdoutLine: {'line': b"removing '/ws/install/health_monitor/lib/python3.10/site-packages/health_monitor-0.1.0-py3.10.egg-info' (and everything under it)\n"}
[2.384490] (health_monitor) StdoutLine: {'line': b'Copying ../../build/health_monitor/health_monitor.egg-info to /ws/install/health_monitor/lib/python3.10/site-packages/health_monitor-0.1.0-py3.10.egg-info\n'}
[2.386471] (health_monitor) StdoutLine: {'line': b'running install_scripts\n'}
[2.407229] (-) TimerEvent: {}
[2.429638] (health_monitor) StdoutLine: {'line': b'Installing network_monitor script to /ws/install/health_monitor/lib/health_monitor\n'}
[2.430021] (health_monitor) StdoutLine: {'line': b'Installing system_metrics script to /ws/install/health_monitor/lib/health_monitor\n'}
[2.430388] (health_monitor) StdoutLine: {'line': b'Installing watchdog script to /ws/install/health_monitor/lib/health_monitor\n'}
[2.430530] (health_monitor) StdoutLine: {'line': b"writing list of installed files to '/ws/build/health_monitor/install.log'\n"}
[2.491963] (health_monitor) CommandEnded: {'returncode': 0}
[2.507518] (-) TimerEvent: {}
[2.518316] (health_monitor) JobEnded: {'identifier': 'health_monitor', 'rc': 0}
[2.520335] (-) EventReactorShutdown: {}
